Archive member included to satisfy reference by file (symbol)

mode/mode_intf.a(mode_intf.o)
                              Save-Game-Copier/backup-mode.o (MODE_Open)
../../Compiler/COMMON/SGL_302j/LIB_ELF/SEGA_SYS.A(sys_exit.o)
                              ../../jo_engine/core.o (SYS_Exit)
../../Compiler/COMMON/SGL_302j/LIB_ELF/SEGA_SYS.A(sys_sub.o)
                              ../../Compiler/COMMON/SGL_302j/LIB_ELF/SEGA_SYS.A(sys_exit.o) (SYSUB_SetStackptr)
../../Compiler/COMMON/SGL_302j/LIB_ELF/LIBCD.A(CDC_CMN.O)
                              ../../Compiler/COMMON/SGL_302j/LIB_ELF/SEGA_SYS.A(sys_exit.o) (CDC_GetCurStat)
../../Compiler/COMMON/SGL_302j/LIB_ELF/LIBCD.A(CDC_DRV.O)
                              ../../jo_engine/audio.o (CDC_CdPlay)
../../Compiler/COMMON/SGL_302j/LIB_ELF/LIBCD.A(CDC_CFS.O)
                              ../../Compiler/COMMON/SGL_302j/LIB_ELF/SEGA_SYS.A(sys_exit.o) (CDC_ChgDir)
../../Compiler/COMMON/SGL_302j/LIB_ELF/LIBCD.A(CDC_REG.O)
                              ../../Compiler/COMMON/SGL_302j/LIB_ELF/SEGA_SYS.A(sys_exit.o) (CDC_GetHirqReq)
../../Compiler/COMMON/SGL_302j/LIB_ELF/LIBCD.A(CDC_SUB.O)
                              ../../Compiler/COMMON/SGL_302j/LIB_ELF/LIBCD.A(CDC_CMN.O) (CDSUB_UpdStatus)
../../Compiler/COMMON/SGL_302j/LIB_ELF/LIBCD.A(GFS.O)
                              ../../jo_engine/fs.o (GFS_Init)
../../Compiler/COMMON/SGL_302j/LIB_ELF/LIBCD.A(GFS_BUF.O)
                              ../../Compiler/COMMON/SGL_302j/LIB_ELF/LIBCD.A(GFS.O) (GFBF_GetNumData)
../../Compiler/COMMON/SGL_302j/LIB_ELF/LIBCD.A(GFS_CDB.O)
                              ../../Compiler/COMMON/SGL_302j/LIB_ELF/LIBCD.A(GFS.O) (GFCB_Close)
../../Compiler/COMMON/SGL_302j/LIB_ELF/LIBCD.A(GFS_CDC.O)
                              ../../Compiler/COMMON/SGL_302j/LIB_ELF/LIBCD.A(GFS.O) (GFCD_SetCdbfs)
../../Compiler/COMMON/SGL_302j/LIB_ELF/LIBCD.A(GFS_CDF.O)
                              ../../Compiler/COMMON/SGL_302j/LIB_ELF/LIBCD.A(GFS.O) (GFCF_Init)
../../Compiler/COMMON/SGL_302j/LIB_ELF/LIBCD.A(GFS_DIR.O)
                              ../../Compiler/COMMON/SGL_302j/LIB_ELF/LIBCD.A(GFS.O) (GFDR_SetupDirTbl)
../../Compiler/COMMON/SGL_302j/LIB_ELF/LIBCD.A(GFS_TRN.O)
                              ../../Compiler/COMMON/SGL_302j/LIB_ELF/LIBCD.A(GFS.O) (GFTR_Setup)
../../Compiler/COMMON/SGL_302j/LIB_ELF/LIBCD.A(CDC_DEV.O)
                              ../../Compiler/COMMON/SGL_302j/LIB_ELF/LIBCD.A(GFS_CDC.O) (CDC_CdSetCon)
../../Compiler/COMMON/SGL_302j/LIB_ELF/LIBCD.A(CDC_SEL.O)
                              ../../Compiler/COMMON/SGL_302j/LIB_ELF/LIBCD.A(GFS_CDC.O) (CDC_SetFiltRange)
../../Compiler/COMMON/SGL_302j/LIB_ELF/LIBCD.A(CDC_BIF.O)
                              ../../Compiler/COMMON/SGL_302j/LIB_ELF/LIBCD.A(GFS_CDC.O) (CDC_GetBufSiz)
../../Compiler/COMMON/SGL_302j/LIB_ELF/LIBCD.A(CDC_BIO.O)
                              ../../Compiler/COMMON/SGL_302j/LIB_ELF/LIBCD.A(GFS_CDC.O) (CDC_SetSctLen)
../../Compiler/COMMON/SGL_302j/LIB_ELF/LIBSGL.A(sglB001.o)
                              ../../jo_engine/core.o (slTVOn)
../../Compiler/COMMON/SGL_302j/LIB_ELF/LIBSGL.A(sglB011.o)
                              ../../jo_engine/vdp2.o (slBitMapNbg1)
../../Compiler/COMMON/SGL_302j/LIB_ELF/LIBSGL.A(sglB014.o)
                              ../../jo_engine/vdp2.o (slScrTransparent)
../../Compiler/COMMON/SGL_302j/LIB_ELF/LIBSGL.A(sglB015.o)
                              ../../jo_engine/vdp2.o (slScrAutoDisp)
../../Compiler/COMMON/SGL_302j/LIB_ELF/LIBSGL.A(sglB016.o)
                              ../../jo_engine/vdp2.o (slBack1ColSet)
../../Compiler/COMMON/SGL_302j/LIB_ELF/LIBSGL.A(sglB020.o)
                              ../../jo_engine/vdp2.o (slColorCalc)
../../Compiler/COMMON/SGL_302j/LIB_ELF/LIBSGL.A(sglB021.o)
                              ../../jo_engine/vdp2.o (slColorCalcOn)
../../Compiler/COMMON/SGL_302j/LIB_ELF/LIBSGL.A(sglB023.o)
                              ../../jo_engine/vdp2.o (slColRate)
../../Compiler/COMMON/SGL_302j/LIB_ELF/LIBSGL.A(sglB027.o)
                              main.o (slColOffsetA)
../../Compiler/COMMON/SGL_302j/LIB_ELF/LIBSGL.A(sglB032.o)
                              ../../jo_engine/vdp2.o (slMapNbg1)
../../Compiler/COMMON/SGL_302j/LIB_ELF/LIBSGL.A(sglB035.o)
                              ../../jo_engine/vdp2.o (sl1MapRA)
../../Compiler/COMMON/SGL_302j/LIB_ELF/LIBSGL.A(sglB036.o)
                              ../../jo_engine/vdp2.o (sl1MapRB)
../../Compiler/COMMON/SGL_302j/LIB_ELF/LIBSGL.A(sglB038.o)
                              ../../jo_engine/vdp2.o (slRparaInitSet)
../../Compiler/COMMON/SGL_302j/LIB_ELF/LIBSGL.A(sglB039.o)
                              ../../jo_engine/vdp2.o (slMakeKtable)
../../Compiler/COMMON/SGL_302j/LIB_ELF/LIBSGL.A(sglB040.o)
                              ../../jo_engine/vdp2.o (slKtableRA)
../../Compiler/COMMON/SGL_302j/LIB_ELF/LIBSGL.A(sglB041.o)
                              ../../jo_engine/vdp2.o (slKtableRB)
[...]
Memory Configuration

Name             Origin             Length             Attributes
*default*        0x00000000         0xffffffff

Linker script and memory map

TARGET(elf32-sh)

SLSTART         0x06004000       0x30
                0x06004000                ___Start = .
 *(SLSTART)
 SLSTART        0x06004000       0x28 ../../Compiler/COMMON/SGL_302j/LIB_ELF/LIBSGL.A(sglI00.o)
                0x06004000                SGL_Start
                0x06004002                slStartSGL

.text           0x06004040    0x15f70
 *(.text)
 .text          0x06004040        0x0 ../../Compiler/COMMON/SGL_302j/LIB_ELF/SGLAREA.O
 .text          0x06004040      0x6d0 main.o
                0x06004040                my_draw
                0x060041e0                my_gamepad
                0x060044a0                image_file_filter
                0x06004560                image_menu
                0x06004640                my_background
                0x06004680                jo_main
 .text          0x06004710      0x238 filelist.o
                0x060047a0                file_list_create
                0x060048f8                file_list_sort
                0x06004908                file_list_free
 .text          0x06004948       0x68 satiator_functions.o
 .text          0x060049b0      0xd18 Save-Game-Copier/md5/md5.o
                0x060054cc                MD5_Init
                0x060054f4                MD5_Update
                0x060055cc                MD5_Final
 .text          0x060056c8      0x390 Save-Game-Copier/backup-cd.o
                0x06005730                cdIsBackupDeviceAvailable
                0x06005738                cdReadSaveFile
                0x06005808                cdReadBUPHeader
                0x060058d8                cdListSaveFiles
 .text          0x06005a58      0x300 Save-Game-Copier/util.o
                0x06005ac0                jo_core_suspend
                0x06005ba0                __sgc_core_error
                0x06005c60                clearScreen
                0x06005cac                calculateMD5Hash
 .text          0x06005d58      0x53c Save-Game-Copier/backup-saturn.o
                0x06005dc0                saturnIsBackupDeviceAvailable
                0x06005df4                saturnListSaveFiles
                0x06005ffc                saturnReadSaveFile
                0x06006150                saturnWriteSaveFile
                0x06006238                saturnDeleteSaveFile
 .text          0x06006294      0x6d0 Save-Game-Copier/backup-mode.o
                0x060062fc                modeIsBackupDeviceAvailable
                0x0600637c                modeReadSaveFile
                0x060064cc                modeWriteSaveFile
                0x060065ec                modeDeleteSaveFile
                0x06006688                modeEnter
                0x0600669c                modeExit
                0x060066b0                MODE_WaitVSync
                0x060066bc                modeReadBUPHeader
                0x0600677c                modeListSaveFiles
 .text          0x06006964      0x6c0 Save-Game-Copier/backup-satiator.o
                0x060069cc                satiatorEnter
                0x060069fc                satiatorIsBackupDeviceAvailable
                0x06006a1c                satiatorReadSaveFile
                0x06006b68                satiatorWriteSaveFile
                0x06006cac                satiatorDeleteSaveFile
                0x06006d48                satiatorExit
                0x06006d4c                satiatorReadBUPHeader
                0x06006e04                satiatorListSaveFiles
 .text          0x06007024      0x598 Save-Game-Copier/backup.o
                0x0600708c                isBackupDeviceAvailable
                0x06007104                listSaveFiles
                0x06007184                readSaveFile
                0x06007204                writeSaveFile
                0x0600727c                deleteSaveFile
                0x060072f4                getBackupDeviceName
                0x06007394                formatDevice
                0x06007438                isFileBUPExt
                0x060074c0                parseBupHeaderValues
 .text          0x060075bc      0x2a8 Save-Game-Copier/bup_header.o
                0x060075bc                bup_getdate
                0x06007714                bup_setdate
 .text          0x06007864      0x21c ../../jo_engine/cd.o
                0x06007864                interrupt_get_level_mask
                0x06007870                interrupt_set_level_mask
                0x06007884                cd_write_command
                0x060078a4                cd_read_return_status
                0x060078c8                cd_wait_hirq
                0x060078f0                cd_exec_command
                0x060079a4                cd_get_stat
                0x06007a20                cd_stop_drive
 .text          0x06007a80     0x1224 ../../jo_engine/satiator.o
                0x06007a80                exec_cmd
                0x06007bf0                s_open
                0x06007d08                s_close
                0x06007d88                s_seek
                0x06007e20                s_read
                0x06007f54                s_write
                0x06008080                s_sync
                0x0600808c                s_truncate
                0x06008120                s_stat
                0x060082e8                s_rename
                0x06008424                s_mkdir
                0x06008534                s_unlink
                0x06008644                s_opendir
                0x06008754                s_chdir
                0x06008864                s_getcwd
                0x060089c8                s_mode
                0x06008a70                s_emulate
                0x06008b80                s_get_fw_version
 .text          0x06008ca4      0xeb8 ../../jo_engine/backup.o
                0x06008d98                jo_backup_get_free_block_count
                0x06008dbc                jo_backup_format_device
                0x06008de0                jo_backup_mount
                0x06008f0c                jo_backup_read_device
                0x06009098                jo_backup_file_exists
                0x0600915c                jo_backup_get_file_partition
                0x0600921c                jo_backup_init_file
                0x06009260                jo_backup_save
                0x060094c4                jo_backup_load_file_comment
                0x06009568                jo_backup_load_file_contents
                0x06009714                jo_backup_delete_file
                0x06009844                jo_backup_unmount
                0x060098d4                jo_backup_get_file_last_modified_date
                0x060099c8                jo_backup_get_file_info
                0x06009b00                jo_backup_get_file_size
                0x06009b20                jo_backup_get_last_status
 .text          0x06009b5c      0x778 ../../jo_engine/tga.o
                0x06009dd8                jo_set_tga_palette_handling
                0x06009de4                __jo_tga_load
                0x06009ec4                __jo_tga_any_loader_from_stream
                0x06009f0c                jo_tga_8bits_loader_from_stream
                0x06009f24                jo_tga_loader_from_stream
                0x06009f3c                __jo_tga_any_loader
                0x06009f8c                jo_tga_8bits_loader
                0x06009fa8                jo_tga_loader
                0x06009fc4                jo_sprite_add_tga_tileset
                0x0600a1e4                jo_sprite_add_tga_from_stream
                0x0600a240                jo_sprite_add_tga
 .text          0x0600a2d4      0x320 ../../jo_engine/audio.o
                0x0600a348                jo_audio_play_cd_track
                0x0600a388                jo_audio_set_volume
                0x0600a394                jo_audio_stop_cd
                0x0600a3b0                jo_audio_init
                0x0600a400                jo_audio_play_sound_on_channel
                0x0600a474                jo_audio_play_sound
                0x0600a4e0                jo_audio_usage_percent
                0x0600a544                jo_audio_free_pcm
                0x0600a550                jo_audio_stop_sound
                0x0600a59c                jo_audio_load_pcm_async
                0x0600a5b0                jo_audio_load_pcm
 .text          0x0600a5f4      0x640 ../../jo_engine/fs.o
                0x0600a65c                jo_fs_init
                0x0600a6a4                jo_fs_do_background_jobs
                0x0600a760                jo_fs_read_file_async_ptr
                0x0600a864                jo_fs_cd
                0x0600a8a4                jo_fs_read_file_ptr
                0x0600a9a4                jo_fs_read_file_in_dir
                0x0600a9f0                jo_fs_open
                0x0600aa70                jo_fs_seek_forward
                0x0600ab50                jo_fs_read_next_bytes
                0x0600ac04                jo_fs_close
                0x0600ac24                jo_fs_set_read_sector_count
 .text          0x0600ac34      0x440 ../../jo_engine/font.o
                0x0600ac9c                jo_font_load
                0x0600ae74                jo_font_print
                0x0600af5c                jo_font_print_centered
 .text          0x0600b074      0x118 ../../jo_engine/input.o
                0x0600b0dc                jo_get_inputs_vblank
                0x0600b124                jo_get_input_type
                0x0600b168                jo_get_input_count
 .text          0x0600b18c        0x0 ../../jo_engine/physics.o
 .text          0x0600b18c      0x43c ../../jo_engine/core.o
                0x0600b218                __jo_core_set_screens_order
                0x0600b350                jo_core_init
                0x0600b480                jo_core_add_vblank_callback
                0x0600b4cc                jo_core_remove_vblank_callback
                0x0600b4fc                jo_core_add_callback
                0x0600b518                jo_core_remove_callback
                0x0600b52c                jo_goto_boot_menu
                0x0600b538                jo_core_set_restart_game_callback
                0x0600b544                jo_core_run
 .text          0x0600b5c8      0xa50 ../../jo_engine/math.o
                0x0600b62e                jo_fixed_mult
                0x0600b63a                jo_fixed_dot
                0x0600b64c                jo_fixed_pow
                0x0600b690                jo_fixed_div
                0x0600b6b4                jo_fixed_sin
                0x0600b7a0                jo_gcd
                0x0600b7bc                jo_atan2f_rad
                0x0600b994                jo_planar_rotate
                0x0600bac4                jo_random
                0x0600bb34                jo_vector_fixed_compute_bezier_point
                0x0600bc58                jo_vectorf_compute_bezier_point
                0x0600bda8                jo_fixed_sqrt
                0x0600be58                jo_sqrt
                0x0600be98                jo_fixed_rsqrt
                0x0600bfa8                jo_rsqrt
 .text          0x0600c018      0x224 ../../jo_engine/malloc.o
                0x0600c080                jo_add_memory_zone
                0x0600c0c0                jo_malloc_with_behaviour
                0x0600c1a0                jo_reduce_memory_fragmentation
                0x0600c214                jo_free
 .text          0x0600c23c      0x39c ../../jo_engine/tools.o
                0x0600c2a4                jo_print
                0x0600c2c8                jo_clear_screen_line
                0x0600c310                jo_clear_screen
                0x0600c334                jo_getdate
                0x0600c39c                jo_get_current_language
                0x0600c3c0                jo_tools_atoi
                0x0600c40c                jo_strlen
                0x0600c42c                jo_endwith
                0x0600c490                jo_strcmp
                0x0600c4c0                jo_memset
                0x0600c564                jo_map_to_vram
 .text          0x0600c5d8       0xb4 ../../jo_engine/palette.o
                0x0600c640                jo_create_palette
                0x0600c664                jo_set_palette_register
                0x0600c678                jo_get_palette_register
 .text          0x0600c68c      0x820 ../../jo_engine/sprites.o
                0x0600c7f4                jo_sprite_usage_percent
                0x0600c880                jo_get_last_sprite_id
                0x0600c88c                jo_sprite_init
                0x0600c8b0                jo_sprite_name2id
                0x0600c8f4                jo_sprite_replace
                0x0600c96c                jo_sprite_add
                0x0600c980                jo_sprite_add_8bits_image
                0x0600c994                jo_sprite_free_from
                0x0600ca0c                jo_set_gouraud_shading_colors
                0x0600ca34                jo_set_gouraud_shading_brightness
                0x0600ca74                jo_sprite_draw_4p_fixed
                0x0600cb8c                jo_sprite_draw
                0x0600ccd8                jo_sprite_draw_rotate
                0x0600ce78                jo_sprite_set_clipping_area
 .text          0x0600ceac      0x910 ../../jo_engine/map.o
                0x0600cfdc                jo_map_per_pixel_vertical_collision
                0x0600d110                jo_map_hitbox_detection_custom_boundaries
                0x0600d180                jo_map_create
                0x0600d1d0                jo_map_add_tile
                0x0600d1f4                jo_map_add_animated_tile
                0x0600d218                jo_map_draw_background
                0x0600d2b0                jo_map_draw
                0x0600d3ac                jo_map_free
                0x0600d3c4                jo_map_load_from_file
                0x0600d73c                jo_map_move_tiles_by_attribute
 .text          0x0600d7bc      0x194 ../../jo_engine/list.o
                0x0600d824                jo_list_init
                0x0600d834                jo_list_add
                0x0600d878                jo_list_insert_at
                0x0600d8f0                jo_list_remove
 .text          0x0600d950      0x230 ../../jo_engine/sprite_animator.o
                0x0600da64                jo_replace_sprite_anim
                0x0600dacc                jo_create_sprite_anim
                0x0600db58                jo_clear_all_sprite_anim
 .text          0x0600db80      0x590 ../../jo_engine/image.o
                0x0600dbe8                __jo_bin_load
                0x0600dc38                jo_free_img
                0x0600dc54                jo_bin_loader_from_stream
                0x0600dcfc                jo_bin_loader
                0x0600dd80                jo_replace_color
                0x0600ddbc                jo_sprite_add_bin_tileset
                0x0600df1c                jo_sprite_add_bin
                0x0600df8c                jo_sprite_add_bin_from_stream
                0x0600dfcc                jo_sprite_add_image_pack
 .text          0x0600e110      0xb44 ../../jo_engine/vdp2.o
                0x0600e1f4                jo_set_default_background_color
                0x0600e234                jo_img_to_vdp2_cells
                0x0600e2e0                jo_vdp2_set_rbg0_plane_a_8bits_image
                0x0600e3d8                jo_vdp2_set_rbg0_plane_b_8bits_image
                0x0600e4c8                jo_vdp2_enable_rbg0
                0x0600e570                jo_vdp2_disable_rbg0
                0x0600e588                jo_init_nbg0_printf
                0x0600e60c                __jo_init_vdp2
                0x0600e670                jo_vdp2_disable_nbg0_line_scroll
                0x0600e694                jo_vdp2_compute_nbg0_line_scroll
                0x0600e6ac                jo_vdp2_enable_nbg0_line_scroll
                0x0600e71c                jo_vdp2_draw_bitmap_nbg1_line
                0x0600e7dc                jo_vdp2_clear_bitmap_nbg1
                0x0600e834                jo_vdp2_set_nbg1_8bits_image
                0x0600e910                jo_vdp2_set_nbg1_image
                0x0600ea40                jo_vdp2_disable_nbg1_line_scroll
                0x0600ea64                jo_vdp2_compute_nbg1_line_scroll
                0x0600ea7c                jo_vdp2_enable_nbg1_line_scroll
                0x0600eaec                jo_set_displayed_screens
                0x0600eafc                jo_disable_all_screens_transparency
                0x0600eb20                jo_enable_screen_transparency
 .text          0x0600ec54      0x280 ../../jo_engine/time.o
                0x0600ecbc                jo_time_init
                0x0600ece8                jo_get_ticks
                0x0600edc8                jo_fixed_point_time
 .text          0x0600eed4       0x68 ../../jo_engine/vdp1_command_pipeline.o
 .text          0x0600ef3c      0x2e8 ../../jo_engine/vdp2_malloc.o
                0x0600efa4                jo_vdp2_malloc_init
                0x0600efdc                jo_vdp2_free
                0x0600f09c                jo_vdp2_malloc
 .text          0x0600f224      0xe18 mode/mode_intf.a(mode_intf.o)
                0x0600f640                waitVSync
                0x0600f64c                MODE_Open
                0x0600f6a8                MODE_Close
                0x0600f6cc                MODE_GetMountStatus
                0x0600f768                MODE_GetVersionInfo
                0x0600f7c8                MODE_OpenFile
                0x0600f888                MODE_CloseFile
                0x0600f8a8                MODE_ReadFile
                0x0600f938                MODE_WriteFile
                0x0600f9a0                MODE_ReadFileListing
                0x0600faf8                MODE_DeleteFile
                0x0600fb5c                MODE_Initialize
                0x0600fc58                MODE_ReadDirectoryListing
                0x0600fd5c                MODE_AddGame
                0x0600fe04                MODE_ClearQueue
                0x0600fe24                MODE_SelectDir
                0x0600fec4                MODE_GetGameFlags
                0x0600ff5c                MODE_MountGame
                0x0600ffb8                MODE_DoReset
                0x0600ffe8                MODE_HWReset
 *fill*         0x0601003c        0x4 
 .text          0x06010040      0x238 ../../Compiler/COMMON/SGL_302j/LIB_ELF/SEGA_SYS.A(sys_exit.o)
                0x06010040                sys_version
                0x06010060                SYS_Exit
 *fill*         0x06010278        0x8 
 .text          0x06010280        0x6 ../../Compiler/COMMON/SGL_302j/LIB_ELF/SEGA_SYS.A(sys_sub.o)
                0x06010280                SYSUB_SetStackptr
 *fill*         0x06010286        0xa 
 .text          0x06010290      0x3a0 ../../Compiler/COMMON/SGL_302j/LIB_ELF/LIBCD.A(CDC_CMN.O)
                0x06010290                CDC_GetCurStat
                0x060102e0                CDC_GetLastStat
                0x060102f8                CDC_GetPeriStat
                0x060103cc                CDC_GetHwInfo
                0x06010434                CDC_TgetToc
                0x06010484                CDC_GetSes
                0x060104c0                CDC_CdInit
                0x06010544                CDC_CdOpen
                0x0601056c                CDC_DataReady
                0x060105d8                CDC_DataEnd
 .text          0x06010630      0x130 ../../Compiler/COMMON/SGL_302j/LIB_ELF/LIBCD.A(CDC_DRV.O)
                0x06010630                CDC_CdPlay
                0x060106fc                CDC_CdSeek
                0x06010730                CDC_CdScan
 .text          0x06010760      0x194 ../../Compiler/COMMON/SGL_302j/LIB_ELF/LIBCD.A(CDC_CFS.O)
                0x06010760                CDC_ChgDir
                0x06010794                CDC_ReadDir
                0x060107c8                CDC_GetFileScope
                0x06010828                CDC_TgetFileInfo
                0x06010884                CDC_ReadFile
                0x060108b8                CDC_AbortFile
 *fill*         0x060108f4        0xc 
 .text          0x06010900      0x2dc ../../Compiler/COMMON/SGL_302j/LIB_ELF/LIBCD.A(CDC_REG.O)
                0x06010900                CDC_GetDataPtr
                0x06010910                CDC_GetHirqReq
                0x06010924                CDC_ClrHirqReq
                0x06010954                CDREG_ClrHirqReq
                0x06010964                CDREG_InitHirqReq
                0x0601098c                CDREG_SetHirqFlag
                0x060109a0                CDC_GetHirqMsk
                0x060109b4                CDC_SetHirqMsk
                0x060109c4                CDC_GetMpegPtr
                0x060109d4                CDREG_TgetData
                0x06010a30                CDREG_CmdRsp
                0x06010b30                CDREG_WaitHirq
                0x06010ba0                CDREG_ReadRsp
 *fill*         0x06010bdc        0x4 
 .text          0x06010be0      0x152 ../../Compiler/COMMON/SGL_302j/LIB_ELF/LIBCD.A(CDC_SUB.O)
                0x06010be0                CDSUB_UpdStatus
                0x06010bf8                CDSUB_UpdCdstat
                0x06010c18                CDSUB_CdCmd
                0x06010c88                CDSUB_GetCdstat
                0x06010cc8                CDSUB_RspToCdstat
                0x06010d10                CDSUB_SoftTimer
 *fill*         0x06010d32        0xe 
 .text          0x06010d40     0x1adc ../../Compiler/COMMON/SGL_302j/LIB_ELF/LIBCD.A(GFS.O)
                0x06010d40                gfs_version
                0x06010d60                GFS_Init
                0x06010e48                GFS_LoadDir
                0x06010ef0                GFS_SetDir
                0x06010f58                GFS_NameToId
                0x06010fbc                GFS_IdToName
                0x06011028                GFS_GetDirInfo
                0x06011098                GFS_Reset
                0x0601111c                GFS_Open
                0x060111d0                GFS_Close
                0x06011208                GFS_Seek
                0x060112bc                GFS_Tell
                0x0601130c                GFS_IsEof
                0x06011360                GFS_ByteToSct
                0x060113bc                GFS_GetFileSize
                0x06011418                GFS_GetFileInfo
                0x0601148c                GFS_GetNumCdbuf
                0x060114b4                GFS_Load
                0x06011578                GFS_Fread
                0x06011614                gfs_waitRead
                0x060116bc                GFS_NwFread
                0x060117c8                GFS_NwCdRead
                0x06011840                GFS_NwIsComplete
                0x06011878                GFS_NwStop
                0x060118e4                GFS_NwGetStat
                0x06011960                gfs_recovRdErr
                0x06011990                GFS_NwExecOne
                0x06011a50                GFS_NwExecServer
                0x06011acc                GFS_SetGmode
                0x06011b30                GFS_SetTmode
                0x06011b9c                GFS_SetReadPara
                0x06011c00                GFS_SetTransPara
                0x06011c6c                GFS_SetTrFunc
                0x06011cd0                GFS_StartTrans
                0x06011d1c                GFS_CdMovePickup
                0x06011d88                GFS_SetErrFunc
                0x06011db4                GFS_GetErrStat
                0x06011dd8                GFS_ConvTno
                0x06011e00                gfs_chgRoot
                0x06011ecc                gfs_aborttrans
                0x06011ed8                gfs_mngSetupFuncTbl
                0x06011f0c                gfs_mngInitWork
                0x06011fb0                gfs_mngGetNumFile
                0x06012018                GFS_mngAllocGrp
                0x06012060                gfs_mngFreeGrp
                0x0601206c                gfs_mngTermAccess
                0x060120f0                gfs_mngSetErrCode
                0x06012170                gfs_svrSearchHndl
                0x060121b0                gfs_svrAddHndl
                0x060121ec                gfs_svrRemoveHndl
                0x06012248                GFS_OpenSub
                0x060122a0                gfs_loadVol
                0x06012364                gfs_getRootDir
                0x06012460                gfs_loadRootDir
                0x060124e8                gfs_flowIn
                0x06012590                gfs_transData
                0x06012634                GFS_GetFad
                0x0601268c                gfs_SetSct
                0x060126cc                gfs_GetFinfo
                0x0601270c                gfs_closeSub
                0x06012748                gfs_getGmode
                0x06012754                gfs_isTaskDone
                0x060127a8                gfs_convFinStat
 *fill*         0x0601281c        0x4 
 .text          0x06012820      0x106 ../../Compiler/COMMON/SGL_302j/LIB_ELF/LIBCD.A(GFS_BUF.O)
                0x06012850                GFBF_GetTranData
                0x06012878                GFBF_GetNumData
                0x060128a8                GFBF_GetSrcPk
                0x060128d0                GFBF_GetSctData
                0x060128f4                GFBF_RtnPk
                0x0601291c                gfbf_getSctDt
 *fill*         0x06012926        0xa 
 .text          0x06012930      0x600 ../../Compiler/COMMON/SGL_302j/LIB_ELF/LIBCD.A(GFS_CDB.O)
                0x06012930                GFCB_Setup
                0x06012a50                GFCB_Close
                0x06012a78                GFCB_GetLenData
                0x06012b24                GFCB_GetLenRoom
                0x06012b30                GFCB_SetFilt
                0x06012b98                GFCB_DeleteAllData
                0x06012bc0                GFCB_Tell
                0x06012bd0                gfcb_getSctNum
                0x06012c20                GFCB_Seek
                0x06012d1c                GFCB_GetSrcPack
                0x06012dfc                GFCB_GetSctData
                0x06012e34                GFCB_GetDstPack
                0x06012e40                GFCB_RtnPk
                0x06012e88                GFCB_MovePickup
                0x06012ea4                GFCB_SetCon
                0x06012ed8                GFCB_GetPickup
                0x06012f00                GFCB_IsPuOwner
                0x06012f18                GFCB_UngetPickup
 .text          0x06012f30     0x1a10 ../../Compiler/COMMON/SGL_302j/LIB_ELF/LIBCD.A(GFS_CDC.O)
                0x06012f30                GFCD_SetCdbfs
                0x06012f5c                GFCD_Init
                0x06013160                GFCD_AllocFilt
                0x0601319c                GFCD_FreeFilt
                0x060131cc                GFCD_AllocBuf
                0x06013200                GFCD_FreeBuf
                0x060132a4                GFCD_GetBaseFad
                0x060132d8                GFCD_GetPickup
                0x0601330c                GFCD_UngetPickup
                0x06013338                GFCD_IsPuOwner
                0x0601335c                GFCD_SetFilt
                0x06013420                GFCD_GetFilt
                0x06013468                GFCD_SetCon
                0x060134c0                GFCD_Play
                0x06013520                GFCD_GetLenData
                0x06013588                GFCD_ReqData
                0x060135e4                GFCD_EndData
                0x0601362c                GFCD_DelSctData
                0x06013684                GFCD_CheckDelSctData
                0x060136b4                GFCD_GetStat
                0x06013768                GFCD_MovePickup
                0x060137b4                GFCD_MoveSctData
                0x06013828                GFCD_CheckMove
                0x0601384c                GFCD_GetSctInfo
                0x06013894                GFCD_ChgDir
                0x06013908                GFCD_SetFiltCon
                0x060139f0                GFCD_GetFileInfo
                0x06013acc                GFCD_GetBufSiz
                0x06013b04                GFCD_ExecServer
                0x06013bd8                gfcd_isIdleTask
                0x06013c64                gfcd_doTask
                0x06013d10                GFCD_SetTimer
                0x06013d24                GFCD_WaitServer
                0x06013d60                gfcd_doSetFiltTsk
                0x06013f24                gfcd_doSetConTsk
                0x06013fb4                gfcd_doGetLenDataTsk
                0x06014108                gfcd_doReqDataTsk
                0x060141a8                gfcd_doDelSctDataTsk
                0x060142dc                gfcd_doMoveSctTsk
                0x06014440                gfcd_doChgDirTsk
                0x0601463c                gfcd_doSetFiltConTsk
                0x06014780                gfcd_checkEflag
                0x060147a4                gfcd_initCdbMng
                0x06014824                gfcd_setStat
                0x06014850                GFCD_SetCsctFunc
                0x0601486c                GFCD_ChkScdqFlag
                0x06014890                GFCD_ClrScdqFlag
                0x060148ac                GFCD_WaitScdqFlag
                0x060148f0                GFCD_WaitPause
 .text          0x06014940      0x8d8 ../../Compiler/COMMON/SGL_302j/LIB_ELF/LIBCD.A(GFS_CDF.O)
                0x06014940                GFCF_Init
                0x060149e0                GFCF_Setup
                0x06014b28                GFCF_SetSct
                0x06014b6c                GFCF_GetFileInfo
                0x06014be0                GFCF_FlowInBuf
                0x06014d34                GFCF_StopInBuf
                0x06014dd4                GFCF_Recover
                0x06014e1c                GFCF_Tell
                0x06014e34                GFCF_Seek
                0x06014e4c                GFCF_MovePickup
                0x06014ee8                GFCF_cnvIntlvOfs
                0x06014f3c                GFCF_GetStat
                0x06014fd4                gfcf_getSctSize
                0x06015010                gfcf_isCdOk
                0x060150d0                gfcf_getPlayRange
 *fill*         0x06015218        0x8 
 .text          0x06015220      0x92c ../../Compiler/COMMON/SGL_302j/LIB_ELF/LIBCD.A(GFS_DIR.O)
                0x06015220                GFDR_SetupDirTbl
                0x06015294                GFDR_NameToId
                0x060152f4                GFDR_GetInfoDirId
                0x06015308                GFDR_GetInfoDirName
                0x0601531c                GFDR_GetAtrDirId
                0x06015334                GFDR_GetAtrDirName
                0x0601534c                GFDR_ChgRoot
                0x06015364                GFDR_ChgDir
                0x060153d8                gfdr_setupDirIdTbl
                0x0601545c                gfdr_setupDirNameTbl
                0x06015508                gfdr_open
                0x06015530                gfdr_read
                0x060155f0                gfdr_readByte
                0x0601561c                gfdr_readWord
                0x06015648                gfdr_readWordNB
                0x0601569c                gfdr_readLongNB
                0x060156e8                gfdr_readLongNM
                0x06015710                gfdr_setNextRec
                0x06015794                gfdr_readDirEnt
                0x06015b10                gfdr_setDirrecCd
 *fill*         0x06015b4c        0x4 
 .text          0x06015b50      0x9c6 ../../Compiler/COMMON/SGL_302j/LIB_ELF/LIBCD.A(GFS_TRN.O)
                0x06015b80                GFTR_Setup
                0x06015bc4                GFTR_SetMode
                0x06015bd8                GFTR_SetUnit
                0x06015be4                GFTR_SetTransPara
                0x06015c18                GFTR_GetTransPara
                0x06015c24                GFTR_GetNumTrans
                0x06015c30                GFTR_SetTransMax
                0x06015c3c                GFTR_Start
                0x06015c48                GFTR_Pause
                0x06015c54                GFTR_Stop
                0x06015d0c                GFTR_Exec
                0x06015d90                GFTR_Idle
                0x06015e08                GFTR_ExecSvr
                0x06015f10                gftr_getSrcPack
                0x06015f98                gftr_getDstPack
                0x06015ff4                gftr_reqScu
                0x06016000                gftr_execScu
                0x0601609c                gftr_remScu
                0x060160d0                gfdma_canUse
                0x060160dc                gfdma_exec
                0x0601614c                gfdma_getBytecnt
                0x06016184                gftr_reqDma0
                0x0601619c                gftr_execSdma0
                0x060161c0                gftr_remDma0
                0x060161d8                gftr_reqDma1
                0x060161f0                gftr_execSdma1
                0x06016214                gftr_remDma1
                0x0601622c                gftr_reqCpu
                0x06016238                gftr_execCpu
                0x06016278                gftr_remCpu
                0x06016284                gftr_reqTrn
                0x060162f4                gftr_execTrn
                0x060163cc                gftr_remTrn
                0x06016440                gftr_copyFrac
                0x06016468                GFTR_GetLenData
                0x06016474                GFTR_GetLenRoom
                0x0601648c                GFTR_GetDstPack
                0x060164c0                GFTR_RtnDstPk
                0x060164dc                GFTR_GetData
                0x060164f0                GFTR_SetData
                0x06016504                GFTR_SetTransFunc
 *fill*         0x06016516        0xa 
 .text          0x06016520       0xa8 ../../Compiler/COMMON/SGL_302j/LIB_ELF/LIBCD.A(CDC_DEV.O)
                0x06016520                CDC_CdSetCon
                0x06016550                CDC_CdGetCon
                0x0601658c                CDC_CdGetLastBuf
 *fill*         0x060165c8        0x8 
 .text          0x060165d0      0x2b8 ../../Compiler/COMMON/SGL_302j/LIB_ELF/LIBCD.A(CDC_SEL.O)
                0x060165d0                CDC_SetFiltRange
                0x06016604                CDC_GetFiltRange
                0x0601665c                CDC_SetFiltSubh
                0x060166cc                CDC_GetFiltSubh
                0x06016748                CDC_SetFiltMode
                0x0601677c                CDC_GetFiltMode
                0x060167c0                CDC_SetFiltCon
                0x06016800                CDC_GetFiltCon
                0x06016854                CDC_ResetSelector
 *fill*         0x06016888        0x8 
 .text          0x06016890      0x270 ../../Compiler/COMMON/SGL_302j/LIB_ELF/LIBCD.A(CDC_BIF.O)
                0x06016890                CDC_GetBufSiz
                0x060168ec                CDC_GetSctNum
                0x06016930                CDC_CalActSiz
                0x0601696c                CDC_GetActSiz
                0x060169ec                CDC_GetSctInfo
                0x06016a6c                CDC_ExeFadSearch
                0x06016aa4                CDC_GetFadSearch
 .text          0x06016b00      0x1e4 ../../Compiler/COMMON/SGL_302j/LIB_ELF/LIBCD.A(CDC_BIO.O)
                0x06016b00                CDC_SetSctLen
                0x06016b34                CDC_GetSctData
                0x06016b70                CDC_DelSctData
                0x06016bac                CDC_GetdelSctData
                0x06016be8                CDC_PutSctData
                0x06016c20                CDC_CopySctData
                0x06016c64                CDC_MoveSctData
                0x06016ca8                CDC_GetCopyErr
 *fill*         0x06016ce4        0xc 
 .text          0x06016cf0        0x0 ../../Compiler/COMMON/SGL_302j/LIB_ELF/LIBSGL.A(sglB001.o)
 .text          0x06016cf0        0x0 ../../Compiler/COMMON/SGL_302j/LIB_ELF/LIBSGL.A(sglB011.o)
 .text          0x06016cf0        0x0 ../../Compiler/COMMON/SGL_302j/LIB_ELF/LIBSGL.A(sglB014.o)
 .text          0x06016cf0        0x0 ../../Compiler/COMMON/SGL_302j/LIB_ELF/LIBSGL.A(sglB015.o)
 .text          0x06016cf0        0x0 ../../Compiler/COMMON/SGL_302j/LIB_ELF/LIBSGL.A(sglB016.o)
 .text          0x06016cf0        0x0 ../../Compiler/COMMON/SGL_302j/LIB_ELF/LIBSGL.A(sglB020.o)
 .text          0x06016cf0        0x0 ../../Compiler/COMMON/SGL_302j/LIB_ELF/LIBSGL.A(sglB021.o)
 .text          0x06016cf0        0x0 ../../Compiler/COMMON/SGL_302j/LIB_ELF/LIBSGL.A(sglB023.o)
 .text          0x06016cf0        0x0 ../../Compiler/COMMON/SGL_302j/LIB_ELF/LIBSGL.A(sglB027.o)
 .text          0x06016cf0        0x0 ../../Compiler/COMMON/SGL_302j/LIB_ELF/LIBSGL.A(sglB032.o)
 .text          0x06016cf0        0x0 ../../Compiler/COMMON/SGL_302j/LIB_ELF/LIBSGL.A(sglB035.o)
 .text          0x06016cf0        0x0 ../../Compiler/COMMON/SGL_302j/LIB_ELF/LIBSGL.A(sglB036.o)
 .text          0x06016cf0        0x0 ../../Compiler/COMMON/SGL_302j/LIB_ELF/LIBSGL.A(sglB038.o)
 .text          0x06016cf0        0x0 ../../Compiler/COMMON/SGL_302j/LIB_ELF/LIBSGL.A(sglB039.o)
 .text          0x06016cf0        0x0 ../../Compiler/COMMON/SGL_302j/LIB_ELF/LIBSGL.A(sglB040.o)
 .text          0x06016cf0        0x0 ../../Compiler/COMMON/SGL_302j/LIB_ELF/LIBSGL.A(sglB041.o)
 .text          0x06016cf0        0x0 ../../Compiler/COMMON/SGL_302j/LIB_ELF/LIBSGL.A(sglB043.o)
 .text          0x06016cf0        0x0 ../../Compiler/COMMON/SGL_302j/LIB_ELF/LIBSGL.A(sglB047.o)
 .text          0x06016cf0        0x0 ../../Compiler/COMMON/SGL_302j/LIB_ELF/LIBSGL.A(sglB048.o)
 .text          0x06016cf0        0x0 ../../Compiler/COMMON/SGL_302j/LIB_ELF/LIBSGL.A(sglB056.o)
 .text          0x06016cf0        0x0 ../../Compiler/COMMON/SGL_302j/LIB_ELF/LIBSGL.A(sglB059.o)
 .text          0x06016cf0        0x0 ../../Compiler/COMMON/SGL_302j/LIB_ELF/LIBSGL.A(sglB060.o)
 .text          0x06016cf0        0x0 ../../Compiler/COMMON/SGL_302j/LIB_ELF/LIBSGL.A(sglB063.o)
 .text          0x06016cf0        0x0 ../../Compiler/COMMON/SGL_302j/LIB_ELF/LIBSGL.A(sglB087.o)
 .text          0x06016cf0        0x0 ../../Compiler/COMMON/SGL_302j/LIB_ELF/LIBSGL.A(sglB088.o)
 .text          0x06016cf0        0x0 ../../Compiler/COMMON/SGL_302j/LIB_ELF/LIBSGL.A(sglB090.o)
 .text          0x06016cf0        0x0 ../../Compiler/COMMON/SGL_302j/LIB_ELF/LIBSGL.A(sglB117.o)
 .text          0x06016cf0        0x0 ../../Compiler/COMMON/SGL_302j/LIB_ELF/LIBSGL.A(sglB118.o)
 .text          0x06016cf0        0x0 ../../Compiler/COMMON/SGL_302j/LIB_ELF/LIBSGL.A(sglB200.o)
 .text          0x06016cf0        0x0 ../../Compiler/COMMON/SGL_302j/LIB_ELF/LIBSGL.A(sglC05.o)
 .text          0x06016cf0        0x0 ../../Compiler/COMMON/SGL_302j/LIB_ELF/LIBSGL.A(sglC06.o)
 .text          0x06016cf0        0x0 ../../Compiler/COMMON/SGL_302j/LIB_ELF/LIBSGL.A(sglC07.o)
 .text          0x06016cf0        0x0 ../../Compiler/COMMON/SGL_302j/LIB_ELF/LIBSGL.A(sglC17.o)
 .text          0x06016cf0        0x0 ../../Compiler/COMMON/SGL_302j/LIB_ELF/LIBSGL.A(sglC19.o)
 .text          0x06016cf0        0x0 ../../Compiler/COMMON/SGL_302j/LIB_ELF/LIBSGL.A(sglC20.o)
 .text          0x06016cf0        0x0 ../../Compiler/COMMON/SGL_302j/LIB_ELF/LIBSGL.A(sglC21.o)
 .text          0x06016cf0        0x0 ../../Compiler/COMMON/SGL_302j/LIB_ELF/LIBSGL.A(sglD00.o)
 .text          0x06016cf0        0x0 ../../Compiler/COMMON/SGL_302j/LIB_ELF/LIBSGL.A(sglD01.o)
 .text          0x06016cf0        0x0 ../../Compiler/COMMON/SGL_302j/LIB_ELF/LIBSGL.A(sglD03.o)
 .text          0x06016cf0        0x0 ../../Compiler/COMMON/SGL_302j/LIB_ELF/LIBSGL.A(sglD15.o)
 .text          0x06016cf0        0x0 ../../Compiler/COMMON/SGL_302j/LIB_ELF/LIBSGL.A(sglD16.o)
 .text          0x06016cf0        0x0 ../../Compiler/COMMON/SGL_302j/LIB_ELF/LIBSGL.A(sglD17.o)
 .text          0x06016cf0        0x0 ../../Compiler/COMMON/SGL_302j/LIB_ELF/LIBSGL.A(sglD18.o)
 .text          0x06016cf0        0x0 ../../Compiler/COMMON/SGL_302j/LIB_ELF/LIBSGL.A(sglF00.o)
 .text          0x06016cf0        0x0 ../../Compiler/COMMON/SGL_302j/LIB_ELF/LIBSGL.A(sglF05.o)
 .text          0x06016cf0        0x0 ../../Compiler/COMMON/SGL_302j/LIB_ELF/LIBSGL.A(sglF08.o)
 .text          0x06016cf0        0x0 ../../Compiler/COMMON/SGL_302j/LIB_ELF/LIBSGL.A(sglG00.o)
 .text          0x06016cf0        0x0 ../../Compiler/COMMON/SGL_302j/LIB_ELF/LIBSGL.A(sglG01.o)
 .text          0x06016cf0        0x0 ../../Compiler/COMMON/SGL_302j/LIB_ELF/LIBSGL.A(sglG19.o)
 .text          0x06016cf0        0x0 ../../Compiler/COMMON/SGL_302j/LIB_ELF/LIBSGL.A(sglG21.o)
 .text          0x06016cf0        0x0 ../../Compiler/COMMON/SGL_302j/LIB_ELF/LIBSGL.A(sglG22.o)
 .text          0x06016cf0        0x0 ../../Compiler/COMMON/SGL_302j/LIB_ELF/LIBSGL.A(sglG25.o)
 .text          0x06016cf0        0x0 ../../Compiler/COMMON/SGL_302j/LIB_ELF/LIBSGL.A(sglH00.o)
 .text          0x06016cf0        0x0 ../../Compiler/COMMON/SGL_302j/LIB_ELF/LIBSGL.A(sglH01.o)
 .text          0x06016cf0        0x0 ../../Compiler/COMMON/SGL_302j/LIB_ELF/LIBSGL.A(sglH02.o)
 .text          0x06016cf0        0x0 ../../Compiler/COMMON/SGL_302j/LIB_ELF/LIBSGL.A(sglH04.o)
 .text          0x06016cf0        0x0 ../../Compiler/COMMON/SGL_302j/LIB_ELF/LIBSGL.A(sglI01.o)
 .text          0x06016cf0        0x0 ../../Compiler/COMMON/SGL_302j/LIB_ELF/LIBSGL.A(sglI04.o)
 .text          0x06016cf0      0x128 ../../Compiler/COMMON/SGL_302j/LIB_ELF/LIBSGL.A(sglIc0.o)
                0x06016cf0                slInitSystem
 *fill*         0x06016e18        0x8 
 .text          0x06016e20        0x0 ../../Compiler/COMMON/SGL_302j/LIB_ELF/LIBSGL.A(sglJ00.o)
 .text          0x06016e20        0x0 ../../Compiler/COMMON/SGL_302j/LIB_ELF/LIBSGL.A(sglJ01.o)
 .text          0x06016e20        0x0 ../../Compiler/COMMON/SGL_302j/LIB_ELF/LIBSGL.A(sglJ02.o)
 .text          0x06016e20        0x0 ../../Compiler/COMMON/SGL_302j/LIB_ELF/LIBSGL.A(sglJ03.o)
 .text          0x06016e20        0x0 ../../Compiler/COMMON/SGL_302j/LIB_ELF/LIBSGL.A(sglJ04.o)
 .text          0x06016e20        0x0 ../../Compiler/COMMON/SGL_302j/LIB_ELF/LIBSGL.A(sglJ05.o)
 .text          0x06016e20        0x0 ../../Compiler/COMMON/SGL_302j/LIB_ELF/LIBSGL.A(sglK01.o)
 .text          0x06016e20        0x0 ../../Compiler/COMMON/SGL_302j/LIB_ELF/LIBSGL.A(sglM01.o)
 .text          0x06016e20        0x0 ../../Compiler/COMMON/SGL_302j/LIB_ELF/LIBSGL.A(sglA00.o)
 .text          0x06016e20        0x0 ../../Compiler/COMMON/SGL_302j/LIB_ELF/LIBSGL.A(sglA01.o)
 .text          0x06016e20        0x0 ../../Compiler/COMMON/SGL_302j/LIB_ELF/LIBSGL.A(sglA20.o)
 .text          0x06016e20        0x0 ../../Compiler/COMMON/SGL_302j/LIB_ELF/LIBSGL.A(sglB000.o)
 .text          0x06016e20        0x0 ../../Compiler/COMMON/SGL_302j/LIB_ELF/LIBSGL.A(sglC00.o)
 .text          0x06016e20        0x0 ../../Compiler/COMMON/SGL_302j/LIB_ELF/LIBSGL.A(sglD02.o)
 .text          0x06016e20        0x0 ../../Compiler/COMMON/SGL_302j/LIB_ELF/LIBSGL.A(sglI00.o)
 .text          0x06016e20        0x0 ../../Compiler/COMMON/SGL_302j/LIB_ELF/LIBSGL.A(sglH03.o)
 .text          0x06016e20       0x52 c:/development/saturn/joengine/compiler/windows/bin/../lib/gcc/sh-elf/9.3.0\libgcc.a(_ashiftrt.o)
                0x06016e20                __ashiftrt_r4_31
                0x06016e20                __ashiftrt_r4_32
                0x06016e26                __ashiftrt_r4_30
                0x06016e28                __ashiftrt_r4_29
                0x06016e2a                __ashiftrt_r4_28
                0x06016e2c                __ashiftrt_r4_27
                0x06016e2e                __ashiftrt_r4_26
                0x06016e30                __ashiftrt_r4_25
                0x06016e32                __ashiftrt_r4_24
                0x06016e3a                __ashiftrt_r4_23
                0x06016e3c                __ashiftrt_r4_22
                0x06016e3e                __ashiftrt_r4_21
                0x06016e40                __ashiftrt_r4_20
                0x06016e42                __ashiftrt_r4_19
                0x06016e44                __ashiftrt_r4_18
                0x06016e46                __ashiftrt_r4_17
                0x06016e48                __ashiftrt_r4_16
                0x06016e4e                __ashiftrt_r4_15
                0x06016e50                __ashiftrt_r4_14
                0x06016e52                __ashiftrt_r4_13
                0x06016e54                __ashiftrt_r4_12
                0x06016e56                __ashiftrt_r4_11
                0x06016e58                __ashiftrt_r4_10
                0x06016e5a                __ashiftrt_r4_9
                0x06016e5c                __ashiftrt_r4_8
                0x06016e5e                __ashiftrt_r4_7
                0x06016e60                __ashiftrt_r4_6
                0x06016e62                __ashiftrt_r4_5
                0x06016e64                __ashiftrt_r4_4
                0x06016e66                __ashiftrt_r4_3
                0x06016e68                __ashiftrt_r4_2
                0x06016e6a                __ashiftrt_r4_1
                0x06016e6e                __ashiftrt_r4_0
 *fill*         0x06016e72        0x2 
 .text          0x06016e74       0x80 c:/development/saturn/joengine/compiler/windows/bin/../lib/gcc/sh-elf/9.3.0\libgcc.a(_ashiftrt_n.o)
                0x06016e74                __ashrsi3
 .text          0x06016ef4       0xbc c:/development/saturn/joengine/compiler/windows/bin/../lib/gcc/sh-elf/9.3.0\libgcc.a(_ashiftlt.o)
                0x06016ef4                __ashlsi3
                0x06016ef8                __ashlsi3_r0
 .text          0x06016fb0       0xbc c:/development/saturn/joengine/compiler/windows/bin/../lib/gcc/sh-elf/9.3.0\libgcc.a(_lshiftrt.o)
                0x06016fb0                __lshrsi3
                0x06016fb4                __lshrsi3_r0
 .text          0x0601706c       0xa0 c:/development/saturn/joengine/compiler/windows/bin/../lib/gcc/sh-elf/9.3.0\libgcc.a(_sdivsi3.o)
                0x0601706c                __sdivsi3
 .text          0x0601710c       0x6c c:/development/saturn/joengine/compiler/windows/bin/../lib/gcc/sh-elf/9.3.0\libgcc.a(_udivsi3.o)
                0x0601712e                __udivsi3
 .text          0x06017178      0x21c c:/development/saturn/joengine/compiler/windows/bin/../lib/gcc/sh-elf/9.3.0\libgcc.a(_addsub_sf.o)
                0x060172f8                __addsf3
                0x06017344                __subsf3
 .text          0x06017394      0x134 c:/development/saturn/joengine/compiler/windows/bin/../lib/gcc/sh-elf/9.3.0\libgcc.a(_mul_sf.o)
                0x06017394                __mulsf3
 .text          0x060174c8       0xdc c:/development/saturn/joengine/compiler/windows/bin/../lib/gcc/sh-elf/9.3.0\libgcc.a(_div_sf.o)
                0x060174c8                __divsf3
 .text          0x060175a4       0x54 c:/development/saturn/joengine/compiler/windows/bin/../lib/gcc/sh-elf/9.3.0\libgcc.a(_gt_sf.o)
                0x060175a4                __gtsf2
 .text          0x060175f8       0x54 c:/development/saturn/joengine/compiler/windows/bin/../lib/gcc/sh-elf/9.3.0\libgcc.a(_ge_sf.o)
                0x060175f8                __gesf2
 .text          0x0601764c       0x54 c:/development/saturn/joengine/compiler/windows/bin/../lib/gcc/sh-elf/9.3.0\libgcc.a(_lt_sf.o)
                0x0601764c                __ltsf2
 .text          0x060176a0       0x54 c:/development/saturn/joengine/compiler/windows/bin/../lib/gcc/sh-elf/9.3.0\libgcc.a(_le_sf.o)
                0x060176a0                __lesf2
 .text          0x060176f4       0x84 c:/development/saturn/joengine/compiler/windows/bin/../lib/gcc/sh-elf/9.3.0\libgcc.a(_si_to_sf.o)
                0x060176f4                __floatsisf
 .text          0x06017778       0x70 c:/development/saturn/joengine/compiler/windows/bin/../lib/gcc/sh-elf/9.3.0\libgcc.a(_sf_to_si.o)
                0x06017778                __fixsfsi
 .text          0x060177e8       0x3c c:/development/saturn/joengine/compiler/windows/bin/../lib/gcc/sh-elf/9.3.0\libgcc.a(_sf_to_df.o)
                0x060177e8                __extendsfdf2
 .text          0x06017824        0x0 c:/development/saturn/joengine/compiler/windows/bin/../lib/gcc/sh-elf/9.3.0\libgcc.a(_thenan_sf.o)
 .text          0x06017824       0x94 c:/development/saturn/joengine/compiler/windows/bin/../lib/gcc/sh-elf/9.3.0\libgcc.a(_usi_to_sf.o)
                0x06017824                __floatunsisf
 .text          0x060178b8      0x3e0 c:/development/saturn/joengine/compiler/windows/bin/../lib/gcc/sh-elf/9.3.0\libgcc.a(_addsub_df.o)
                0x06017bf4                __adddf3
                0x06017c44                __subdf3
 .text          0x06017c98      0x208 c:/development/saturn/joengine/compiler/windows/bin/../lib/gcc/sh-elf/9.3.0\libgcc.a(_mul_df.o)
                0x06017c98                __muldf3
 .text          0x06017ea0       0x58 c:/development/saturn/joengine/compiler/windows/bin/../lib/gcc/sh-elf/9.3.0\libgcc.a(_gt_df.o)
                0x06017ea0                __gtdf2
 .text          0x06017ef8       0x58 c:/development/saturn/joengine/compiler/windows/bin/../lib/gcc/sh-elf/9.3.0\libgcc.a(_ge_df.o)
                0x06017ef8                __gedf2
 .text          0x06017f50       0x58 c:/development/saturn/joengine/compiler/windows/bin/../lib/gcc/sh-elf/9.3.0\libgcc.a(_lt_df.o)
                0x06017f50                __ltdf2
 .text          0x06017fa8       0x58 c:/development/saturn/joengine/compiler/windows/bin/../lib/gcc/sh-elf/9.3.0\libgcc.a(_le_df.o)
                0x06017fa8                __ledf2
 .text          0x06018000       0xa8 c:/development/saturn/joengine/compiler/windows/bin/../lib/gcc/sh-elf/9.3.0\libgcc.a(_si_to_df.o)
                0x06018000                __floatsidf
 .text          0x060180a8       0xa0 c:/development/saturn/joengine/compiler/windows/bin/../lib/gcc/sh-elf/9.3.0\libgcc.a(_df_to_si.o)
                0x060180a8                __fixdfsi
 .text          0x06018148       0x28 c:/development/saturn/joengine/compiler/windows/bin/../lib/gcc/sh-elf/9.3.0\libgcc.a(_make_df.o)
                0x06018148                __make_dp
 .text          0x06018170       0x4c c:/development/saturn/joengine/compiler/windows/bin/../lib/gcc/sh-elf/9.3.0\libgcc.a(_df_to_sf.o)
                0x06018170                __truncdfsf2
 .text          0x060181bc        0x0 c:/development/saturn/joengine/compiler/windows/bin/../lib/gcc/sh-elf/9.3.0\libgcc.a(_thenan_df.o)
 .text          0x060181bc       0x54 c:/development/saturn/joengine/compiler/windows/bin/../lib/gcc/sh-elf/9.3.0\libgcc.a(_clzsi2.o)
                0x060181bc                __clzsi2
 .text          0x06018210      0x11c c:/development/saturn/joengine/compiler/windows/bin/../lib/gcc/sh-elf/9.3.0\libgcc.a(_pack_sf.o)
                0x06018210                __pack_f
 .text          0x0601832c       0xa0 c:/development/saturn/joengine/compiler/windows/bin/../lib/gcc/sh-elf/9.3.0\libgcc.a(_unpack_sf.o)
                0x0601832c                __unpack_f
 .text          0x060183cc       0xac c:/development/saturn/joengine/compiler/windows/bin/../lib/gcc/sh-elf/9.3.0\libgcc.a(_fpcmp_parts_sf.o)
                0x060183cc                __fpcmp_parts_f
 .text          0x06018478       0x20 c:/development/saturn/joengine/compiler/windows/bin/../lib/gcc/sh-elf/9.3.0\libgcc.a(_make_sf.o)
                0x06018478                __make_fp
 .text          0x06018498      0x274 c:/development/saturn/joengine/compiler/windows/bin/../lib/gcc/sh-elf/9.3.0\libgcc.a(_pack_df.o)
                0x06018498                __pack_d
 .text          0x0601870c       0xcc c:/development/saturn/joengine/compiler/windows/bin/../lib/gcc/sh-elf/9.3.0\libgcc.a(_unpack_df.o)
                0x0601870c                __unpack_d
 .text          0x060187d8       0xd0 c:/development/saturn/joengine/compiler/windows/bin/../lib/gcc/sh-elf/9.3.0\libgcc.a(_fpcmp_parts_df.o)
                0x060187d8                __fpcmp_parts_d
 .text          0x060188a8        0x0 c:/development/saturn/joengine/compiler/windows/bin/../lib/gcc/sh-elf/9.3.0\libgcc.a(_clz.o)
 .text          0x060188a8       0x1e c:/development/saturn/joengine/compiler/windows/bin/../lib/gcc/sh-elf/9.3.0/../../../../sh-elf/lib\libc.a(lib_a-memcmp.o)
                0x060188a8                memcmp
 *fill*         0x060188c6        0x2 
 .text          0x060188c8       0x94 c:/development/saturn/joengine/compiler/windows/bin/../lib/gcc/sh-elf/9.3.0/../../../../sh-elf/lib\libc.a(lib_a-memcpy.o)
                0x060188c8                memcpy
 .text          0x0601895c       0x40 c:/development/saturn/joengine/compiler/windows/bin/../lib/gcc/sh-elf/9.3.0/../../../../sh-elf/lib\libc.a(lib_a-memset.o)
                0x0601895c                memset
 .text          0x0601899c      0x3b8 c:/development/saturn/joengine/compiler/windows/bin/../lib/gcc/sh-elf/9.3.0/../../../../sh-elf/lib\libc.a(lib_a-qsort.o)
                0x06018a48                qsort
 .text          0x06018d54       0xf8 c:/development/saturn/joengine/compiler/windows/bin/../lib/gcc/sh-elf/9.3.0/../../../../sh-elf/lib\libc.a(lib_a-snprintf.o)
                0x06018d54                _snprintf_r
                0x06018d54                _sniprintf_r
                0x06018dcc                snprintf
                0x06018dcc                sniprintf
 .text          0x06018e4c       0x8c c:/development/saturn/joengine/compiler/windows/bin/../lib/gcc/sh-elf/9.3.0/../../../../sh-elf/lib\libc.a(lib_a-sprintf.o)
                0x06018e4c                _siprintf_r
                0x06018e4c                _sprintf_r
                0x06018e8c                siprintf
                0x06018e8c                sprintf
 .text          0x06018ed8       0x20 c:/development/saturn/joengine/compiler/windows/bin/../lib/gcc/sh-elf/9.3.0/../../../../sh-elf/lib\libc.a(lib_a-strcat.o)
                0x06018ed8                strcat
 .text          0x06018ef8       0x38 c:/development/saturn/joengine/compiler/windows/bin/../lib/gcc/sh-elf/9.3.0/../../../../sh-elf/lib\libc.a(lib_a-strcmp.o)
                0x06018ef8                strcmp
 .text          0x06018f30       0x3c c:/development/saturn/joengine/compiler/windows/bin/../lib/gcc/sh-elf/9.3.0/../../../../sh-elf/lib\libc.a(lib_a-strcpy.o)
                0x06018f30                strcpy
 .text          0x06018f6c       0x20 c:/development/saturn/joengine/compiler/windows/bin/../lib/gcc/sh-elf/9.3.0/../../../../sh-elf/lib\libc.a(lib_a-strlen.o)
                0x06018f6c                strlen
 .text          0x06018f8c       0x34 c:/development/saturn/joengine/compiler/windows/bin/../lib/gcc/sh-elf/9.3.0/../../../../sh-elf/lib\libc.a(lib_a-strncat.o)
                0x06018f8c                strncat
 .text          0x06018fc0       0x2a c:/development/saturn/joengine/compiler/windows/bin/../lib/gcc/sh-elf/9.3.0/../../../../sh-elf/lib\libc.a(lib_a-strncmp.o)
                0x06018fc0                strncmp
 .text          0x06018fea       0x36 c:/development/saturn/joengine/compiler/windows/bin/../lib/gcc/sh-elf/9.3.0/../../../../sh-elf/lib\libc.a(lib_a-strncpy.o)
                0x06018fea                strncpy
 .text          0x06019020       0x40 c:/development/saturn/joengine/compiler/windows/bin/../lib/gcc/sh-elf/9.3.0/../../../../sh-elf/lib\libc.a(lib_a-strrchr.o)
                0x06019020                strrchr
 .text          0x06019060        0x0 c:/development/saturn/joengine/compiler/windows/bin/../lib/gcc/sh-elf/9.3.0/../../../../sh-elf/lib\libc.a(lib_a-impure.o)
 .text          0x06019060      0x444 c:/development/saturn/joengine/compiler/windows/bin/../lib/gcc/sh-elf/9.3.0/../../../../sh-elf/lib\libc.a(lib_a-nano-svfprintf.o)
                0x06019060                __ssputs_r
                0x06019154                __ssprint_r
                0x06019288                _svfprintf_r
                0x06019288                _svfiprintf_r
 .text          0x060194a4      0x380 c:/development/saturn/joengine/compiler/windows/bin/../lib/gcc/sh-elf/9.3.0/../../../../sh-elf/lib\libc.a(lib_a-nano-vfprintf_i.o)
                0x060194a4                _printf_common
                0x060195a4                _printf_i
 .text          0x06019824       0x1e c:/development/saturn/joengine/compiler/windows/bin/../lib/gcc/sh-elf/9.3.0/../../../../sh-elf/lib\libc.a(lib_a-strchr.o)
                0x06019824                strchr
 .text          0x06019842       0x1c c:/development/saturn/joengine/compiler/windows/bin/../lib/gcc/sh-elf/9.3.0/../../../../sh-elf/lib\libc.a(lib_a-memchr.o)
                0x06019842                memchr
 .text          0x0601985e       0x3c c:/development/saturn/joengine/compiler/windows/bin/../lib/gcc/sh-elf/9.3.0/../../../../sh-elf/lib\libc.a(lib_a-memmove.o)
                0x0601985e                memmove
 *fill*         0x0601989a        0x2 
 .text          0x0601989c       0xd0 c:/development/saturn/joengine/compiler/windows/bin/../lib/gcc/sh-elf/9.3.0/../../../../sh-elf/lib\libc.a(lib_a-nano-freer.o)
                0x0601989c                _free_r
 .text          0x0601996c       0xf8 c:/development/saturn/joengine/compiler/windows/bin/../lib/gcc/sh-elf/9.3.0/../../../../sh-elf/lib\libc.a(lib_a-nano-mallocr.o)
                0x0601996c                _malloc_r
 .text          0x06019a64       0x7c c:/development/saturn/joengine/compiler/windows/bin/../lib/gcc/sh-elf/9.3.0/../../../../sh-elf/lib\libc.a(lib_a-nano-reallocr.o)
                0x06019a64                _realloc_r
 .text          0x06019ae0       0x30 c:/development/saturn/joengine/compiler/windows/bin/../lib/gcc/sh-elf/9.3.0/../../../../sh-elf/lib\libc.a(lib_a-sbrkr.o)
                0x06019ae0                _sbrk_r
 .text          0x06019b10      0x25c c:/development/saturn/joengine/compiler/windows/bin/../lib/gcc/sh-elf/9.3.0/../../../../sh-elf/lib\libc.a(lib_a-syscalls.o)
                0x06019b88                _read
                0x06019b98                _lseek
                0x06019ba8                _write
                0x06019bb8                _close
                0x06019bc8                _link
                0x06019bcc                _sbrk
                0x06019c24                _fstat
                0x06019c2e                _open
                0x06019c40                _creat
                0x06019c50                _unlink
                0x06019c54                isatty
                0x06019c58                _isatty
                0x06019c5c                _exit
                0x06019c6c                _kill
                0x06019c80                _getpid
                0x06019c84                _raise
                0x06019c88                _stat
                0x06019c98                _chmod
                0x06019ca8                _chown
                0x06019cb8                _utime
                0x06019ccc                _fork
                0x06019cd8                _wait
                0x06019ce8                _execve
                0x06019cf8                _execv
                0x06019d08                _pipe
                0x06019d14                _times
                0x06019d18                _gettimeofday
                0x06019d40                __setup_argv_and_call_main
 .text          0x06019d6c       0x14 c:/development/saturn/joengine/compiler/windows/bin/../lib/gcc/sh-elf/9.3.0/../../../../sh-elf/lib\libc.a(lib_a-trap.o)
                0x06019d6c                __trap34
 .text          0x06019d80       0x18 c:/development/saturn/joengine/compiler/windows/bin/../lib/gcc/sh-elf/9.3.0/../../../../sh-elf/lib\libc.a(lib_a-abort.o)
                0x06019d80                abort
 .text          0x06019d98        0x8 c:/development/saturn/joengine/compiler/windows/bin/../lib/gcc/sh-elf/9.3.0/../../../../sh-elf/lib\libc.a(lib_a-mlock.o)
                0x06019d98                __malloc_lock
                0x06019d9c                __malloc_unlock
 .text          0x06019da0       0x16 c:/development/saturn/joengine/compiler/windows/bin/../lib/gcc/sh-elf/9.3.0/../../../../sh-elf/lib\libc.a(lib_a-nano-msizer.o)
                0x06019da0                _malloc_usable_size_r
 *fill*         0x06019db6        0x2 
 .text          0x06019db8      0x1b4 c:/development/saturn/joengine/compiler/windows/bin/../lib/gcc/sh-elf/9.3.0/../../../../sh-elf/lib\libc.a(lib_a-signal.o)
                0x06019db8                _init_signal_r
                0x06019df8                _signal_r
                0x06019e44                _raise_r
                0x06019ebc                __sigtramp_r
                0x06019f20                raise
                0x06019f34                signal
                0x06019f48                _init_signal
                0x06019f58                __sigtramp
 .text          0x06019f6c       0x40 c:/development/saturn/joengine/compiler/windows/bin/../lib/gcc/sh-elf/9.3.0/../../../../sh-elf/lib\libc.a(lib_a-signalr.o)
                0x06019f6c                _kill_r
                0x06019fa0                _getpid_r
 *(.strings)
 *(SEGA_P)
 *(.eh_frame_hdr)
 *(.eh_frame)
                0x06019fac                __etext = .

.text.startup   0x06019fb0       0x40
 .text.startup  0x06019fb0       0x40 ../../jo_engine/core.o
                0x06019fb0                main

SLPROG          0x0601a000    0x11250
                0x0601a000                __slprog_start = .
 *(SLPROG)
 SLPROG         0x0601a000     0x6540 ../../Compiler/COMMON/SGL_302j/LIB_ELF/SGLAREA.O
                0x0601a000                MasterStack
                0x0601a004                SlaveStack
                0x0601a008                MaxVertices
                0x0601a00a                MaxPolygons
                0x0601a00c                SortList
                0x0601a010                SortListSize
                0x0601a014                TransList
                0x0601a018                Zbuffer
                0x0601a01c                SpriteBuf
                0x0601a020                SpriteBufSize
                0x0601a024                Pbuffer
                0x0601a028                CommandBuf
                0x0601a02c                CLOfstBuf
                0x0601a030                PCM_Work
                0x0601a034                PCM_WkSize
                0x0601a038                MaxEvents
                0x0601a03a                EventSize
                0x0601a03c                MaxWorks
                0x0601a03e                WorkSize
                0x0601a040                RemainEvent
                0x0601a140                RemainWork
                0x0601a540                EventBuf
                0x0601c540                WorkBuf
 SLPROG         0x06020540       0x20 ../../Compiler/COMMON/SGL_302j/LIB_ELF/LIBSGL.A(sglB001.o)
                0x06020540                slTVOn
                0x0602054a                slTVOff
 SLPROG         0x06020560       0x24 ../../Compiler/COMMON/SGL_302j/LIB_ELF/LIBSGL.A(sglB011.o)
                0x06020560                slBitMapNbg1
 *fill*         0x06020584        0xc 
 SLPROG         0x06020590        0x8 ../../Compiler/COMMON/SGL_302j/LIB_ELF/LIBSGL.A(sglB014.o)
                0x06020590                slScrTransparent
 *fill*         0x06020598        0x8 
 SLPROG         0x060205a0      0x40c ../../Compiler/COMMON/SGL_302j/LIB_ELF/LIBSGL.A(sglB015.o)
                0x060205a0                slScrAutoDisp
 *fill*         0x060209ac        0x4 
 SLPROG         0x060209b0        0xc ../../Compiler/COMMON/SGL_302j/LIB_ELF/LIBSGL.A(sglB016.o)
                0x060209b0                slBack1ColSet
 *fill*         0x060209bc        0x4 
 SLPROG         0x060209c0       0x10 ../../Compiler/COMMON/SGL_302j/LIB_ELF/LIBSGL.A(sglB020.o)
                0x060209c0                slColorCalc
 SLPROG         0x060209d0        0xc ../../Compiler/COMMON/SGL_302j/LIB_ELF/LIBSGL.A(sglB021.o)
                0x060209d0                slColorCalcOn
 *fill*         0x060209dc        0x4 
 SLPROG         0x060209e0        0xc ../../Compiler/COMMON/SGL_302j/LIB_ELF/LIBSGL.A(sglB023.o)
                0x060209e0                slColRate
 *fill*         0x060209ec        0x4 
 SLPROG         0x060209f0       0x10 ../../Compiler/COMMON/SGL_302j/LIB_ELF/LIBSGL.A(sglB027.o)
                0x060209f0                slColOffsetA
 SLPROG         0x06020a00       0xb4 ../../Compiler/COMMON/SGL_302j/LIB_ELF/LIBSGL.A(sglB032.o)
                0x06020a00                slMapNbg1
 *fill*         0x06020ab4        0xc 
 SLPROG         0x06020ac0       0xd4 ../../Compiler/COMMON/SGL_302j/LIB_ELF/LIBSGL.A(sglB035.o)
                0x06020ac0                sl1MapRA
                0x06020b52                rbank_set
 *fill*         0x06020b94        0xc 
 SLPROG         0x06020ba0       0xa0 ../../Compiler/COMMON/SGL_302j/LIB_ELF/LIBSGL.A(sglB036.o)
                0x06020ba0                sl1MapRB
 SLPROG         0x06020c40       0x70 ../../Compiler/COMMON/SGL_302j/LIB_ELF/LIBSGL.A(sglB038.o)
                0x06020c40                slRparaInitSet
 SLPROG         0x06020cb0       0x7e ../../Compiler/COMMON/SGL_302j/LIB_ELF/LIBSGL.A(sglB039.o)
                0x06020cb0                slMakeKtable
 *fill*         0x06020d2e        0x2 
 SLPROG         0x06020d30       0x58 ../../Compiler/COMMON/SGL_302j/LIB_ELF/LIBSGL.A(sglB040.o)
                0x06020d30                slKtableRA
 *fill*         0x06020d88        0x8 
 SLPROG         0x06020d90       0x5c ../../Compiler/COMMON/SGL_302j/LIB_ELF/LIBSGL.A(sglB041.o)
                0x06020d90                slKtableRB
 *fill*         0x06020dec        0x4 
 SLPROG         0x06020df0        0x8 ../../Compiler/COMMON/SGL_302j/LIB_ELF/LIBSGL.A(sglB043.o)
                0x06020df0                slRparaMode
 *fill*         0x06020df8        0x8 
 SLPROG         0x06020e00        0xc ../../Compiler/COMMON/SGL_302j/LIB_ELF/LIBSGL.A(sglB047.o)
                0x06020e00                slOverRA
 *fill*         0x06020e0c        0x4 
 SLPROG         0x06020e10       0x10 ../../Compiler/COMMON/SGL_302j/LIB_ELF/LIBSGL.A(sglB048.o)
                0x06020e10                slOverRB
 SLPROG         0x06020e20        0xc ../../Compiler/COMMON/SGL_302j/LIB_ELF/LIBSGL.A(sglB056.o)
                0x06020e20                slPlaneNbg1
 *fill*         0x06020e2c        0x4 
 SLPROG         0x06020e30        0xc ../../Compiler/COMMON/SGL_302j/LIB_ELF/LIBSGL.A(sglB059.o)
                0x06020e30                slPlaneRA
 *fill*         0x06020e3c        0x4 
 SLPROG         0x06020e40       0x10 ../../Compiler/COMMON/SGL_302j/LIB_ELF/LIBSGL.A(sglB060.o)
                0x06020e40                slPlaneRB
 SLPROG         0x06020e50        0xc ../../Compiler/COMMON/SGL_302j/LIB_ELF/LIBSGL.A(sglB063.o)
                0x06020e50                slPriority
 *fill*         0x06020e5c        0x4 
 SLPROG         0x06020e60       0x18 ../../Compiler/COMMON/SGL_302j/LIB_ELF/LIBSGL.A(sglB087.o)
                0x06020e60                slLineScrollTable0
 *fill*         0x06020e78        0x8 
 SLPROG         0x06020e80        0x8 ../../Compiler/COMMON/SGL_302j/LIB_ELF/LIBSGL.A(sglB088.o)
                0x06020e80                slLineScrollTable1
 *fill*         0x06020e88        0x8 
 SLPROG         0x06020e90        0xc ../../Compiler/COMMON/SGL_302j/LIB_ELF/LIBSGL.A(sglB090.o)
                0x06020e90                slLineScrollMode
 *fill*         0x06020e9c        0x4 
 SLPROG         0x06020ea0       0x10 ../../Compiler/COMMON/SGL_302j/LIB_ELF/LIBSGL.A(sglB117.o)
                0x06020ea0                slColOffsetAUse
 SLPROG         0x06020eb0       0x10 ../../Compiler/COMMON/SGL_302j/LIB_ELF/LIBSGL.A(sglB118.o)
                0x06020eb0                slColOffsetOff
 SLPROG         0x06020ec0      0x114 ../../Compiler/COMMON/SGL_302j/LIB_ELF/LIBSGL.A(sglB200.o)
                0x06020ec0                slCharRbg0
                0x06020ecc                slCharNbg0
                0x06020ed8                slCharNbg1
                0x06020ee4                slCharNbg2
                0x06020efa                slCharNbg3
                0x06020f12                slPageRbg0
                0x06020f28                slPageNbg1
                0x06020f30                slPageNbg2
                0x06020f38                slPageNbg3
                0x06020f44                slPageNbg0
 *fill*         0x06020fd4        0xc 
 SLPROG         0x06020fe0       0x78 ../../Compiler/COMMON/SGL_302j/LIB_ELF/LIBSGL.A(sglC05.o)
                0x06020fe0                slSetSprite
 *fill*         0x06021058        0x8 
 SLPROG         0x06021060       0xfa ../../Compiler/COMMON/SGL_302j/LIB_ELF/LIBSGL.A(sglC06.o)
                0x06021060                slDispSprite
 *fill*         0x0602115a        0x6 
 SLPROG         0x06021160      0x162 ../../Compiler/COMMON/SGL_302j/LIB_ELF/LIBSGL.A(sglC07.o)
                0x06021166                slPutSprite
 *fill*         0x060212c2        0xe 
 SLPROG         0x060212d0       0x4c ../../Compiler/COMMON/SGL_302j/LIB_ELF/LIBSGL.A(sglC17.o)
                0x060212d0                slDispSpriteHV
 *fill*         0x0602131c        0x4 
 SLPROG         0x06021320       0xd4 ../../Compiler/COMMON/SGL_302j/LIB_ELF/LIBSGL.A(sglC19.o)
                0x06021320                slDispSprite4P
 *fill*         0x060213f4        0xc 
 SLPROG         0x06021400       0x40 ../../Compiler/COMMON/SGL_302j/LIB_ELF/LIBSGL.A(sglC20.o)
                0x06021400                SpriteEntry
 SLPROG         0x06021440      0x4ae ../../Compiler/COMMON/SGL_302j/LIB_ELF/LIBSGL.A(sglC21.o)
                0x060214c8                RotSprite
                0x06021556                SetSprPosition
 *fill*         0x060218ee        0x2 
 SLPROG         0x060218f0       0x84 ../../Compiler/COMMON/SGL_302j/LIB_ELF/LIBSGL.A(sglD00.o)
                0x060218f0                slCpuDMACopy
                0x060218f0                slDMACopy
                0x0602194a                CSH_AllClr
                0x0602194a                slCashPurge
 *fill*         0x06021974        0xc 
 SLPROG         0x06021980       0xa0 ../../Compiler/COMMON/SGL_302j/LIB_ELF/LIBSGL.A(sglD01.o)
                0x06021980                slDMAXCopy
 SLPROG         0x06021a20        0xc ../../Compiler/COMMON/SGL_302j/LIB_ELF/LIBSGL.A(sglD03.o)
                0x06021a20                slDMAStatus
 *fill*         0x06021a2c        0x4 
 SLPROG         0x06021a30       0x20 ../../Compiler/COMMON/SGL_302j/LIB_ELF/LIBSGL.A(sglD15.o)
                0x06021a30                CSH_Purge
 SLPROG         0x06021a50       0x84 ../../Compiler/COMMON/SGL_302j/LIB_ELF/LIBSGL.A(sglD16.o)
                0x06021a50                DMA_ScuSetPrm
                0x06021a98                DMA_SCU_PRM0
 *fill*         0x06021ad4        0xc 
 SLPROG         0x06021ae0       0x88 ../../Compiler/COMMON/SGL_302j/LIB_ELF/LIBSGL.A(sglD17.o)
                0x06021ae0                DMA_ScuStart
 *fill*         0x06021b68        0x8 
 SLPROG         0x06021b70       0x34 ../../Compiler/COMMON/SGL_302j/LIB_ELF/LIBSGL.A(sglD18.o)
                0x06021b70                DMA_ScuGetStatus
 *fill*         0x06021ba4        0xc 
 SLPROG         0x06021bb0       0x4e ../../Compiler/COMMON/SGL_302j/LIB_ELF/LIBSGL.A(sglF00.o)
                0x06021bb0                slCurScrn
                0x06021bc0                slCurColor
                0x06021bca                slLocate
                0x06021bfc                CurrentScreen
 *fill*         0x06021bfe        0x2 
 SLPROG         0x06021c00       0x1c ../../Compiler/COMMON/SGL_302j/LIB_ELF/LIBSGL.A(sglF05.o)
                0x06021c00                slPrint
 *fill*         0x06021c1c        0x4 
 SLPROG         0x06021c20       0x34 ../../Compiler/COMMON/SGL_302j/LIB_ELF/LIBSGL.A(sglF08.o)
                0x06021c20                slDec2Hex
 *fill*         0x06021c54        0xc 
 SLPROG         0x06021c60      0x1d0 ../../Compiler/COMMON/SGL_302j/LIB_ELF/LIBSGL.A(sglG00.o)
                0x06021c60                slInitSound
                0x06021d64                slWaitSound
                0x06021d7c                slSndFlush
 SLPROG         0x06021e30       0x18 ../../Compiler/COMMON/SGL_302j/LIB_ELF/LIBSGL.A(sglG01.o)
                0x06021e30                slSndVolume
 *fill*         0x06021e48        0x8 
 SLPROG         0x06021e50       0x4c ../../Compiler/COMMON/SGL_302j/LIB_ELF/LIBSGL.A(sglG19.o)
                0x06021e50                slCDDAOn
 *fill*         0x06021e9c        0x4 
 SLPROG         0x06021ea0      0x1e0 ../../Compiler/COMMON/SGL_302j/LIB_ELF/LIBSGL.A(sglG21.o)
                0x06021ea8                slPCMOn
                0x06021fc6                slSndPCMNum
 SLPROG         0x06022080       0x48 ../../Compiler/COMMON/SGL_302j/LIB_ELF/LIBSGL.A(sglG22.o)
                0x06022080                slPCMOff
 *fill*         0x060220c8        0x8 
 SLPROG         0x060220d0       0x18 ../../Compiler/COMMON/SGL_302j/LIB_ELF/LIBSGL.A(sglG25.o)
                0x060220d0                slPCMStat
 *fill*         0x060220e8        0x8 
 SLPROG         0x060220f0      0xfc8 ../../Compiler/COMMON/SGL_302j/LIB_ELF/LIBSGL.A(sglH00.o)
                0x06022108                slGetPortDir1
                0x06022110                slGetPortDir2
                0x06022118                slSetPortDir1
                0x06022142                slSetPortDir2
                0x0602217c                slGetPortData1
                0x06022184                slGetPortData2
                0x0602218c                slSetPortData1
                0x06022196                slSetPortData2
                0x060221a8                slGetPortSelect1
                0x060221b2                slGetPortSelect2
                0x060221bc                slSetPortSelect1
                0x060221f0                slSetPortSelect2
                0x0602222c                slGetPortExt1
                0x06022236                slGetPortExt2
                0x06022240                slSetPortExt1
                0x06022270                slSetPortExt2
                0x060223e4                slSmpcDirectAccess
                0x06022464                slInitPeripheral
                0x060224f6                slSetResultBuffer
                0x06022582                slCheckIntBackSet
                0x0602258e                slIntBackCancel
                0x060225b8                slCheckReset
                0x060225c2                slClearReset
                0x06022788                slSmpcCashSend
                0x06022844                slSmpcCashBlow
                0x06022920                slGetOptimize
                0x0602292a                slSetOptimize
                0x06022950                slGetPortMode1
                0x0602295c                slGetPortMode2
                0x0602296a                slSetPortMode1
                0x060229a8                slSetPortMode2
                0x06022b34                slRequestCommand
                0x06022ba4                Smpc_Status
                0x06022ba8                Smpc_Result
                0x06022bac                Smpc_Peripheral
                0x06022bb2                Per_Connect1
                0x06022bb3                Per_Connect2
                0x06022bd4                SmpcStatusBuf
 *fill*         0x060230b8        0x8 
 SLPROG         0x060230c0       0xa8 ../../Compiler/COMMON/SGL_302j/LIB_ELF/LIBSGL.A(sglH01.o)
                0x060230c0                slGetLanguage
                0x060230ca                slSetLanguage
                0x060230ec                slGetSoundEffect
                0x060230f8                slSetSoundEffect
                0x06023114                slGetSoundOutput
                0x06023120                slSetSoundOutput
                0x0602313c                slGetHelpWindow
                0x06023148                slSetHelpWindow
 *fill*         0x06023168        0x8 
 SLPROG         0x06023170      0x470 ../../Compiler/COMMON/SGL_302j/LIB_ELF/LIBSGL.A(sglH02.o)
                0x06023560                smpc_pfr_tbl
                0x060235a0                smpc_ptf_tbl
 SLPROG         0x060235e0       0x60 ../../Compiler/COMMON/SGL_302j/LIB_ELF/LIBSGL.A(sglH04.o)
                0x060235e0                slComPrmIntBack
                0x060235f4                slComPrmSetMemory
                0x0602360a                slComPrmSetTime
 SLPROG         0x06023640      0x3a4 ../../Compiler/COMMON/SGL_302j/LIB_ELF/LIBSGL.A(sglI01.o)
                0x06023640                slInitSynch
                0x0602365a                slSynch
                0x06023750                slRandom
                0x0602376e                PCM_EndCheck
                0x0602382a                RetPCMBuf
                0x060238c4                PCM_Buf
                0x06023964                Sound_Buf
 *fill*         0x060239e4        0xc 
 SLPROG         0x060239f0       0x10 ../../Compiler/COMMON/SGL_302j/LIB_ELF/LIBSGL.A(sglI04.o)
                0x060239f0                slIntFunction
 SLPROG         0x06023a00       0x74 ../../Compiler/COMMON/SGL_302j/LIB_ELF/LIBSGL.A(sglJ00.o)
                0x06023a00                InitSlaveSH
                0x06023a68                SlaveCommand
 *fill*         0x06023a74        0xc 
 SLPROG         0x06023a80      0x3d0 ../../Compiler/COMMON/SGL_302j/LIB_ELF/LIBSGL.A(sglJ01.o)
                0x06023a80                SlaveControl
                0x06023e3c                ErasePolygonData
 SLPROG         0x06023e50     0x12b8 ../../Compiler/COMMON/SGL_302j/LIB_ELF/LIBSGL.A(sglJ02.o)
                0x06023e50                sbMakePolygon
                0x06024038                sbCalcPolygon
                0x06024d70                SetTexture
                0x06024d7c                SetPolygon
                0x06024d84                SetPosition
                0x06024dbc                stvtc_4
                0x06024e74                stvtc_3
                0x06025084                stvtc_1
                0x06025098                stvtc_2
                0x060250ac                stvtc_0
 *fill*         0x06025108        0x8 
 SLPROG         0x06025110      0x140 ../../Compiler/COMMON/SGL_302j/LIB_ELF/LIBSGL.A(sglJ03.o)
                0x06025110                sbMakeDMATable
 SLPROG         0x06025250      0x470 ../../Compiler/COMMON/SGL_302j/LIB_ELF/LIBSGL.A(sglJ04.o)
                0x060252ae                sbMakeSprite
                0x06025314                sbMakeRotSprite
 SLPROG         0x060256c0       0x3c ../../Compiler/COMMON/SGL_302j/LIB_ELF/LIBSGL.A(sglJ05.o)
                0x060256c0                sbSortEntry
 *fill*         0x060256fc        0x4 
 SLPROG         0x06025700       0x6a ../../Compiler/COMMON/SGL_302j/LIB_ELF/LIBSGL.A(sglM01.o)
                0x06025700                slSetDepthLimit
                0x0602572c                slSetDepthTbl
                0x0602575c                DepthWorkArea
 *fill*         0x0602576a        0x6 
 SLPROG         0x06025770       0x20 ../../Compiler/COMMON/SGL_302j/LIB_ELF/LIBSGL.A(sglA00.o)
                0x06025770                set_imask
                0x06025770                _builtin_set_imask
                0x06025784                _builtin_get_imask
                0x06025784                get_imask
 SLPROG         0x06025790     0x411e ../../Compiler/COMMON/SGL_302j/LIB_ELF/LIBSGL.A(sglA01.o)
                0x06025790                slSin
                0x060257b4                slCos
                0x060257d8                GetSinCos
                0x0602586c                sin_cos_index_tbl
                0x060258ac                sin_tbl
 *fill*         0x060298ae        0x2 
 SLPROG         0x060298b0      0x42c ../../Compiler/COMMON/SGL_302j/LIB_ELF/LIBSGL.A(sglA20.o)
                0x060298b0                slInitMatrix
                0x060298ba                slPushUnitMatrix
                0x060298ce                slUnitMatrix
 *fill*         0x06029cdc        0x4 
 SLPROG         0x06029ce0      0xbd0 ../../Compiler/COMMON/SGL_302j/LIB_ELF/LIBSGL.A(sglB000.o)
                0x06029ce0                slInitScroll
                0x06029e00                setASC_1to8
                0x06029e30                setASC_4to8
                0x06029f40                TVSizeTbl
                0x06029fc0                TVModeTbl
                0x0602a198                SGL_ASCII_CG
 SLPROG         0x0602a8b0      0x134 ../../Compiler/COMMON/SGL_302j/LIB_ELF/LIBSGL.A(sglC00.o)
                0x0602a8b0                slInitSprite
 *fill*         0x0602a9e4        0xc 
 SLPROG         0x0602a9f0       0x10 ../../Compiler/COMMON/SGL_302j/LIB_ELF/LIBSGL.A(sglD02.o)
                0x0602a9f0                slDMAWait
 SLPROG         0x0602aa00      0x75c ../../Compiler/COMMON/SGL_302j/LIB_ELF/LIBSGL.A(sglI00.o)
                0x0602acf0                slInitInterrupt
 *fill*         0x0602b15c        0x4 
 SLPROG         0x0602b160       0xf0 ../../Compiler/COMMON/SGL_302j/LIB_ELF/LIBSGL.A(sglH03.o)
                0x0602b1c4                slSmpcIntBack
                0x0602b250                __slprog_end = .

.tors           0x0602b250        0x0
                0x0602b250                ___ctors = .
 *(.ctors)
                0x0602b250                ___ctors_end = .
                0x0602b250                ___dtors = .
 *(.dtors)
                0x0602b250                ___dtors_end = .

.data           0x0602b250     0x6d30
 *(.data)
 .data          0x0602b250        0x0 ../../Compiler/COMMON/SGL_302j/LIB_ELF/SGLAREA.O
 .data          0x0602b250        0x8 main.o
 .data          0x0602b258        0x0 filelist.o
 .data          0x0602b258        0x0 satiator_functions.o
 .data          0x0602b258        0x0 Save-Game-Copier/md5/md5.o
 .data          0x0602b258        0x0 Save-Game-Copier/backup-cd.o
 .data          0x0602b258        0x0 Save-Game-Copier/util.o
 .data          0x0602b258        0x0 Save-Game-Copier/backup-saturn.o
 .data          0x0602b258        0x4 Save-Game-Copier/backup-mode.o
                0x0602b258                SaveDirectory
 .data          0x0602b25c        0x0 Save-Game-Copier/backup-satiator.o
 .data          0x0602b25c        0x0 Save-Game-Copier/backup.o
 .data          0x0602b25c        0x0 Save-Game-Copier/bup_header.o
 .data          0x0602b25c        0x0 ../../jo_engine/cd.o
 .data          0x0602b25c        0x0 ../../jo_engine/satiator.o
 .data          0x0602b25c        0x0 ../../jo_engine/backup.o
 .data          0x0602b25c        0x0 ../../jo_engine/tga.o
 .data          0x0602b25c     0x682f ../../jo_engine/audio.o
                0x0602b298                sddrvstsk
 *fill*         0x06031a8b        0x1 
 .data          0x06031a8c        0x4 ../../jo_engine/fs.o
 .data          0x06031a90        0x0 ../../jo_engine/font.o
 .data          0x06031a90        0x0 ../../jo_engine/input.o
 .data          0x06031a90        0x0 ../../jo_engine/physics.o
 .data          0x06031a90        0x0 ../../jo_engine/core.o
 .data          0x06031a90        0x4 ../../jo_engine/math.o
                0x06031a90                jo_random_seed
 .data          0x06031a94        0x0 ../../jo_engine/malloc.o
 .data          0x06031a94        0x0 ../../jo_engine/tools.o
 .data          0x06031a94        0x0 ../../jo_engine/palette.o
 .data          0x06031a94       0x2c ../../jo_engine/sprites.o
                0x06031a98                __jo_gouraud_shading_runtime_index
                0x06031a9c                __jo_sprite_pos
                0x06031aa8                __jo_sprite_attributes
 .data          0x06031ac0        0x0 ../../jo_engine/map.o
 .data          0x06031ac0        0x0 ../../jo_engine/list.o
 .data          0x06031ac0        0x4 ../../jo_engine/sprite_animator.o
 .data          0x06031ac4        0x0 ../../jo_engine/image.o
 .data          0x06031ac4        0x0 ../../jo_engine/vdp2.o
 .data          0x06031ac4        0x0 ../../jo_engine/time.o
 .data          0x06031ac4        0x0 ../../jo_engine/vdp1_command_pipeline.o
 .data          0x06031ac4       0x10 ../../jo_engine/vdp2_malloc.o
 .data          0x06031ad4        0x0 mode/mode_intf.a(mode_intf.o)
 *fill*         0x06031ad4        0xc 
 .data          0x06031ae0        0x0 ../../Compiler/COMMON/SGL_302j/LIB_ELF/SEGA_SYS.A(sys_exit.o)
 .data          0x06031ae0        0x0 ../../Compiler/COMMON/SGL_302j/LIB_ELF/SEGA_SYS.A(sys_sub.o)
 .data          0x06031ae0        0x0 ../../Compiler/COMMON/SGL_302j/LIB_ELF/LIBCD.A(CDC_CMN.O)
 .data          0x06031ae0        0x0 ../../Compiler/COMMON/SGL_302j/LIB_ELF/LIBCD.A(CDC_DRV.O)
 .data          0x06031ae0        0x0 ../../Compiler/COMMON/SGL_302j/LIB_ELF/LIBCD.A(CDC_CFS.O)
 .data          0x06031ae0        0x0 ../../Compiler/COMMON/SGL_302j/LIB_ELF/LIBCD.A(CDC_REG.O)
 .data          0x06031ae0        0x0 ../../Compiler/COMMON/SGL_302j/LIB_ELF/LIBCD.A(CDC_SUB.O)
 .data          0x06031ae0        0x0 ../../Compiler/COMMON/SGL_302j/LIB_ELF/LIBCD.A(GFS.O)
 .data          0x06031ae0        0x0 ../../Compiler/COMMON/SGL_302j/LIB_ELF/LIBCD.A(GFS_BUF.O)
 .data          0x06031ae0        0x0 ../../Compiler/COMMON/SGL_302j/LIB_ELF/LIBCD.A(GFS_CDB.O)
 .data          0x06031ae0        0x0 ../../Compiler/COMMON/SGL_302j/LIB_ELF/LIBCD.A(GFS_CDC.O)
 .data          0x06031ae0        0x0 ../../Compiler/COMMON/SGL_302j/LIB_ELF/LIBCD.A(GFS_CDF.O)
 .data          0x06031ae0        0x0 ../../Compiler/COMMON/SGL_302j/LIB_ELF/LIBCD.A(GFS_DIR.O)
 .data          0x06031ae0        0x0 ../../Compiler/COMMON/SGL_302j/LIB_ELF/LIBCD.A(GFS_TRN.O)
 .data          0x06031ae0        0x0 ../../Compiler/COMMON/SGL_302j/LIB_ELF/LIBCD.A(CDC_DEV.O)
 .data          0x06031ae0        0x0 ../../Compiler/COMMON/SGL_302j/LIB_ELF/LIBCD.A(CDC_SEL.O)
 .data          0x06031ae0        0x0 ../../Compiler/COMMON/SGL_302j/LIB_ELF/LIBCD.A(CDC_BIF.O)
 .data          0x06031ae0        0x0 ../../Compiler/COMMON/SGL_302j/LIB_ELF/LIBCD.A(CDC_BIO.O)
 .data          0x06031ae0        0x0 ../../Compiler/COMMON/SGL_302j/LIB_ELF/LIBSGL.A(sglB001.o)
 .data          0x06031ae0        0x0 ../../Compiler/COMMON/SGL_302j/LIB_ELF/LIBSGL.A(sglB011.o)
 .data          0x06031ae0        0x0 ../../Compiler/COMMON/SGL_302j/LIB_ELF/LIBSGL.A(sglB014.o)
 .data          0x06031ae0        0x0 ../../Compiler/COMMON/SGL_302j/LIB_ELF/LIBSGL.A(sglB015.o)
 .data          0x06031ae0        0x0 ../../Compiler/COMMON/SGL_302j/LIB_ELF/LIBSGL.A(sglB016.o)
 .data          0x06031ae0        0x0 ../../Compiler/COMMON/SGL_302j/LIB_ELF/LIBSGL.A(sglB020.o)
 .data          0x06031ae0        0x0 ../../Compiler/COMMON/SGL_302j/LIB_ELF/LIBSGL.A(sglB021.o)
 .data          0x06031ae0        0x0 ../../Compiler/COMMON/SGL_302j/LIB_ELF/LIBSGL.A(sglB023.o)
 .data          0x06031ae0        0x0 ../../Compiler/COMMON/SGL_302j/LIB_ELF/LIBSGL.A(sglB027.o)
 .data          0x06031ae0        0x0 ../../Compiler/COMMON/SGL_302j/LIB_ELF/LIBSGL.A(sglB032.o)
 .data          0x06031ae0        0x0 ../../Compiler/COMMON/SGL_302j/LIB_ELF/LIBSGL.A(sglB035.o)
 .data          0x06031ae0        0x0 ../../Compiler/COMMON/SGL_302j/LIB_ELF/LIBSGL.A(sglB036.o)
 .data          0x06031ae0        0x0 ../../Compiler/COMMON/SGL_302j/LIB_ELF/LIBSGL.A(sglB038.o)
 .data          0x06031ae0        0x0 ../../Compiler/COMMON/SGL_302j/LIB_ELF/LIBSGL.A(sglB039.o)
 .data          0x06031ae0        0x0 ../../Compiler/COMMON/SGL_302j/LIB_ELF/LIBSGL.A(sglB040.o)
 .data          0x06031ae0        0x0 ../../Compiler/COMMON/SGL_302j/LIB_ELF/LIBSGL.A(sglB041.o)
 .data          0x06031ae0        0x0 ../../Compiler/COMMON/SGL_302j/LIB_ELF/LIBSGL.A(sglB043.o)
 .data          0x06031ae0        0x0 ../../Compiler/COMMON/SGL_302j/LIB_ELF/LIBSGL.A(sglB047.o)
 .data          0x06031ae0        0x0 ../../Compiler/COMMON/SGL_302j/LIB_ELF/LIBSGL.A(sglB048.o)
 .data          0x06031ae0        0x0 ../../Compiler/COMMON/SGL_302j/LIB_ELF/LIBSGL.A(sglB056.o)
 .data          0x06031ae0        0x0 ../../Compiler/COMMON/SGL_302j/LIB_ELF/LIBSGL.A(sglB059.o)
 .data          0x06031ae0        0x0 ../../Compiler/COMMON/SGL_302j/LIB_ELF/LIBSGL.A(sglB060.o)
 .data          0x06031ae0        0x0 ../../Compiler/COMMON/SGL_302j/LIB_ELF/LIBSGL.A(sglB063.o)
 .data          0x06031ae0        0x0 ../../Compiler/COMMON/SGL_302j/LIB_ELF/LIBSGL.A(sglB087.o)
 .data          0x06031ae0        0x0 ../../Compiler/COMMON/SGL_302j/LIB_ELF/LIBSGL.A(sglB088.o)
 .data          0x06031ae0        0x0 ../../Compiler/COMMON/SGL_302j/LIB_ELF/LIBSGL.A(sglB090.o)
 .data          0x06031ae0        0x0 ../../Compiler/COMMON/SGL_302j/LIB_ELF/LIBSGL.A(sglB117.o)
 .data          0x06031ae0        0x0 ../../Compiler/COMMON/SGL_302j/LIB_ELF/LIBSGL.A(sglB118.o)
 .data          0x06031ae0        0x0 ../../Compiler/COMMON/SGL_302j/LIB_ELF/LIBSGL.A(sglB200.o)
 .data          0x06031ae0        0x0 ../../Compiler/COMMON/SGL_302j/LIB_ELF/LIBSGL.A(sglC05.o)
 .data          0x06031ae0        0x0 ../../Compiler/COMMON/SGL_302j/LIB_ELF/LIBSGL.A(sglC06.o)
 .data          0x06031ae0        0x0 ../../Compiler/COMMON/SGL_302j/LIB_ELF/LIBSGL.A(sglC07.o)
 .data          0x06031ae0        0x0 ../../Compiler/COMMON/SGL_302j/LIB_ELF/LIBSGL.A(sglC17.o)
 .data          0x06031ae0        0x0 ../../Compiler/COMMON/SGL_302j/LIB_ELF/LIBSGL.A(sglC19.o)
 .data          0x06031ae0        0x0 ../../Compiler/COMMON/SGL_302j/LIB_ELF/LIBSGL.A(sglC20.o)
 .data          0x06031ae0        0x0 ../../Compiler/COMMON/SGL_302j/LIB_ELF/LIBSGL.A(sglC21.o)
 .data          0x06031ae0        0x0 ../../Compiler/COMMON/SGL_302j/LIB_ELF/LIBSGL.A(sglD00.o)
 .data          0x06031ae0        0x0 ../../Compiler/COMMON/SGL_302j/LIB_ELF/LIBSGL.A(sglD01.o)
 .data          0x06031ae0        0x0 ../../Compiler/COMMON/SGL_302j/LIB_ELF/LIBSGL.A(sglD03.o)
 .data          0x06031ae0        0x0 ../../Compiler/COMMON/SGL_302j/LIB_ELF/LIBSGL.A(sglD15.o)
 .data          0x06031ae0        0x0 ../../Compiler/COMMON/SGL_302j/LIB_ELF/LIBSGL.A(sglD16.o)
 .data          0x06031ae0        0x0 ../../Compiler/COMMON/SGL_302j/LIB_ELF/LIBSGL.A(sglD17.o)
 .data          0x06031ae0        0x0 ../../Compiler/COMMON/SGL_302j/LIB_ELF/LIBSGL.A(sglD18.o)
 .data          0x06031ae0        0x0 ../../Compiler/COMMON/SGL_302j/LIB_ELF/LIBSGL.A(sglF00.o)
 .data          0x06031ae0        0x0 ../../Compiler/COMMON/SGL_302j/LIB_ELF/LIBSGL.A(sglF05.o)
 .data          0x06031ae0        0x0 ../../Compiler/COMMON/SGL_302j/LIB_ELF/LIBSGL.A(sglF08.o)
 .data          0x06031ae0        0x0 ../../Compiler/COMMON/SGL_302j/LIB_ELF/LIBSGL.A(sglG00.o)
 .data          0x06031ae0        0x0 ../../Compiler/COMMON/SGL_302j/LIB_ELF/LIBSGL.A(sglG01.o)
 .data          0x06031ae0        0x0 ../../Compiler/COMMON/SGL_302j/LIB_ELF/LIBSGL.A(sglG19.o)
 .data          0x06031ae0        0x0 ../../Compiler/COMMON/SGL_302j/LIB_ELF/LIBSGL.A(sglG21.o)
 .data          0x06031ae0        0x0 ../../Compiler/COMMON/SGL_302j/LIB_ELF/LIBSGL.A(sglG22.o)
 .data          0x06031ae0        0x0 ../../Compiler/COMMON/SGL_302j/LIB_ELF/LIBSGL.A(sglG25.o)
 .data          0x06031ae0        0x0 ../../Compiler/COMMON/SGL_302j/LIB_ELF/LIBSGL.A(sglH00.o)
 .data          0x06031ae0        0x0 ../../Compiler/COMMON/SGL_302j/LIB_ELF/LIBSGL.A(sglH01.o)
 .data          0x06031ae0        0x0 ../../Compiler/COMMON/SGL_302j/LIB_ELF/LIBSGL.A(sglH02.o)
 .data          0x06031ae0        0x0 ../../Compiler/COMMON/SGL_302j/LIB_ELF/LIBSGL.A(sglH04.o)
 .data          0x06031ae0        0x0 ../../Compiler/COMMON/SGL_302j/LIB_ELF/LIBSGL.A(sglI01.o)
 .data          0x06031ae0        0x0 ../../Compiler/COMMON/SGL_302j/LIB_ELF/LIBSGL.A(sglI04.o)
 .data          0x06031ae0       0x80 ../../Compiler/COMMON/SGL_302j/LIB_ELF/LIBSGL.A(sglIc0.o)
                0x06031ae0                IntPrioMask
 .data          0x06031b60        0x0 ../../Compiler/COMMON/SGL_302j/LIB_ELF/LIBSGL.A(sglJ00.o)
 .data          0x06031b60        0x0 ../../Compiler/COMMON/SGL_302j/LIB_ELF/LIBSGL.A(sglJ01.o)
 .data          0x06031b60        0x0 ../../Compiler/COMMON/SGL_302j/LIB_ELF/LIBSGL.A(sglJ02.o)
 .data          0x06031b60        0x0 ../../Compiler/COMMON/SGL_302j/LIB_ELF/LIBSGL.A(sglJ03.o)
 .data          0x06031b60        0x0 ../../Compiler/COMMON/SGL_302j/LIB_ELF/LIBSGL.A(sglJ04.o)
 .data          0x06031b60        0x0 ../../Compiler/COMMON/SGL_302j/LIB_ELF/LIBSGL.A(sglJ05.o)
 .data          0x06031b60        0x0 ../../Compiler/COMMON/SGL_302j/LIB_ELF/LIBSGL.A(sglK01.o)
 .data          0x06031b60        0x0 ../../Compiler/COMMON/SGL_302j/LIB_ELF/LIBSGL.A(sglM01.o)
 .data          0x06031b60        0x0 ../../Compiler/COMMON/SGL_302j/LIB_ELF/LIBSGL.A(sglA00.o)
 .data          0x06031b60        0x0 ../../Compiler/COMMON/SGL_302j/LIB_ELF/LIBSGL.A(sglA01.o)
 .data          0x06031b60        0x0 ../../Compiler/COMMON/SGL_302j/LIB_ELF/LIBSGL.A(sglA20.o)
 .data          0x06031b60        0x0 ../../Compiler/COMMON/SGL_302j/LIB_ELF/LIBSGL.A(sglB000.o)
 .data          0x06031b60        0x0 ../../Compiler/COMMON/SGL_302j/LIB_ELF/LIBSGL.A(sglC00.o)
 .data          0x06031b60        0x0 ../../Compiler/COMMON/SGL_302j/LIB_ELF/LIBSGL.A(sglD02.o)
 .data          0x06031b60        0x0 ../../Compiler/COMMON/SGL_302j/LIB_ELF/LIBSGL.A(sglI00.o)
 .data          0x06031b60        0x0 ../../Compiler/COMMON/SGL_302j/LIB_ELF/LIBSGL.A(sglH03.o)
 .data          0x06031b60        0x0 c:/development/saturn/joengine/compiler/windows/bin/../lib/gcc/sh-elf/9.3.0\libgcc.a(_ashiftrt.o)