Archive member included to satisfy reference by file (symbol)

../../Compiler/COMMON/SGL_302j/LIB_ELF/SEGA_SYS.A(sys_exit.o)
                              ../../jo_engine/core.o (SYS_Exit)
../../Compiler/COMMON/SGL_302j/LIB_ELF/SEGA_SYS.A(sys_sub.o)
                              ../../Compiler/COMMON/SGL_302j/LIB_ELF/SEGA_SYS.A(sys_exit.o) (SYSUB_SetStackptr)
../../Compiler/COMMON/SGL_302j/LIB_ELF/LIBCD.A(CDC_CMN.O)
                              ../../Compiler/COMMON/SGL_302j/LIB_ELF/SEGA_SYS.A(sys_exit.o) (CDC_GetCurStat)
../../Compiler/COMMON/SGL_302j/LIB_ELF/LIBCD.A(CDC_CFS.O)
                              ../../Compiler/COMMON/SGL_302j/LIB_ELF/SEGA_SYS.A(sys_exit.o) (CDC_ChgDir)
../../Compiler/COMMON/SGL_302j/LIB_ELF/LIBCD.A(CDC_REG.O)
                              ../../Compiler/COMMON/SGL_302j/LIB_ELF/SEGA_SYS.A(sys_exit.o) (CDC_GetHirqReq)
../../Compiler/COMMON/SGL_302j/LIB_ELF/LIBCD.A(CDC_SUB.O)
                              ../../Compiler/COMMON/SGL_302j/LIB_ELF/LIBCD.A(CDC_CMN.O) (CDSUB_UpdStatus)
../../Compiler/COMMON/SGL_302j/LIB_ELF/LIBCD.A(GFS.O)
                              ../../jo_engine/fs.o (GFS_Init)
../../Compiler/COMMON/SGL_302j/LIB_ELF/LIBCD.A(GFS_BUF.O)
                              ../../Compiler/COMMON/SGL_302j/LIB_ELF/LIBCD.A(GFS.O) (GFBF_GetNumData)
../../Compiler/COMMON/SGL_302j/LIB_ELF/LIBCD.A(GFS_CDB.O)
                              ../../Compiler/COMMON/SGL_302j/LIB_ELF/LIBCD.A(GFS.O) (GFCB_Close)
../../Compiler/COMMON/SGL_302j/LIB_ELF/LIBCD.A(GFS_CDC.O)
                              ../../Compiler/COMMON/SGL_302j/LIB_ELF/LIBCD.A(GFS.O) (GFCD_SetCdbfs)
../../Compiler/COMMON/SGL_302j/LIB_ELF/LIBCD.A(GFS_CDF.O)
                              ../../Compiler/COMMON/SGL_302j/LIB_ELF/LIBCD.A(GFS.O) (GFCF_Init)
../../Compiler/COMMON/SGL_302j/LIB_ELF/LIBCD.A(GFS_DIR.O)
                              ../../Compiler/COMMON/SGL_302j/LIB_ELF/LIBCD.A(GFS.O) (GFDR_SetupDirTbl)
../../Compiler/COMMON/SGL_302j/LIB_ELF/LIBCD.A(GFS_TRN.O)
                              ../../Compiler/COMMON/SGL_302j/LIB_ELF/LIBCD.A(GFS.O) (GFTR_Setup)
../../Compiler/COMMON/SGL_302j/LIB_ELF/LIBCD.A(CDC_DRV.O)
                              ../../Compiler/COMMON/SGL_302j/LIB_ELF/LIBCD.A(GFS_CDC.O) (CDC_CdPlay)
../../Compiler/COMMON/SGL_302j/LIB_ELF/LIBCD.A(CDC_DEV.O)
                              ../../Compiler/COMMON/SGL_302j/LIB_ELF/LIBCD.A(GFS_CDC.O) (CDC_CdSetCon)
../../Compiler/COMMON/SGL_302j/LIB_ELF/LIBCD.A(CDC_SEL.O)
                              ../../Compiler/COMMON/SGL_302j/LIB_ELF/LIBCD.A(GFS_CDC.O) (CDC_SetFiltRange)
../../Compiler/COMMON/SGL_302j/LIB_ELF/LIBCD.A(CDC_BIF.O)
                              ../../Compiler/COMMON/SGL_302j/LIB_ELF/LIBCD.A(GFS_CDC.O) (CDC_GetBufSiz)
../../Compiler/COMMON/SGL_302j/LIB_ELF/LIBCD.A(CDC_BIO.O)
                              ../../Compiler/COMMON/SGL_302j/LIB_ELF/LIBCD.A(GFS_CDC.O) (CDC_SetSctLen)
../../Compiler/COMMON/SGL_302j/LIB_ELF/LIBSGL.A(sglB001.o)
                              ../../jo_engine/core.o (slTVOn)
../../Compiler/COMMON/SGL_302j/LIB_ELF/LIBSGL.A(sglB011.o)
                              ../../jo_engine/vdp2.o (slBitMapNbg1)
../../Compiler/COMMON/SGL_302j/LIB_ELF/LIBSGL.A(sglB014.o)
                              ../../jo_engine/vdp2.o (slScrTransparent)
../../Compiler/COMMON/SGL_302j/LIB_ELF/LIBSGL.A(sglB015.o)
                              ../../jo_engine/vdp2.o (slScrAutoDisp)
../../Compiler/COMMON/SGL_302j/LIB_ELF/LIBSGL.A(sglB016.o)
                              ../../jo_engine/vdp2.o (slBack1ColSet)
../../Compiler/COMMON/SGL_302j/LIB_ELF/LIBSGL.A(sglB020.o)
                              ../../jo_engine/vdp2.o (slColorCalc)
../../Compiler/COMMON/SGL_302j/LIB_ELF/LIBSGL.A(sglB021.o)
                              ../../jo_engine/vdp2.o (slColorCalcOn)
../../Compiler/COMMON/SGL_302j/LIB_ELF/LIBSGL.A(sglB023.o)
                              ../../jo_engine/vdp2.o (slColRate)
../../Compiler/COMMON/SGL_302j/LIB_ELF/LIBSGL.A(sglB031.o)
                              ../../jo_engine/vdp2.o (slMapNbg0)
../../Compiler/COMMON/SGL_302j/LIB_ELF/LIBSGL.A(sglB032.o)
                              ../../jo_engine/vdp2.o (slMapNbg1)
../../Compiler/COMMON/SGL_302j/LIB_ELF/LIBSGL.A(sglB033.o)
                              ../../jo_engine/vdp2.o (slMapNbg2)
../../Compiler/COMMON/SGL_302j/LIB_ELF/LIBSGL.A(sglB034.o)
                              ../../jo_engine/vdp2.o (slMapNbg3)
../../Compiler/COMMON/SGL_302j/LIB_ELF/LIBSGL.A(sglB035.o)
                              ../../jo_engine/vdp2.o (sl1MapRA)
../../Compiler/COMMON/SGL_302j/LIB_ELF/LIBSGL.A(sglB036.o)
                              ../../jo_engine/vdp2.o (sl1MapRB)
../../Compiler/COMMON/SGL_302j/LIB_ELF/LIBSGL.A(sglB038.o)
                              ../../jo_engine/vdp2.o (slRparaInitSet)
../../Compiler/COMMON/SGL_302j/LIB_ELF/LIBSGL.A(sglB039.o)
                              ../../jo_engine/vdp2.o (slMakeKtable)
../../Compiler/COMMON/SGL_302j/LIB_ELF/LIBSGL.A(sglB040.o)
[...]
Memory Configuration

Name             Origin             Length             Attributes
*default*        0x00000000         0xffffffff

Linker script and memory map

TARGET(elf32-sh)

SLSTART         0x06004000       0x30
                0x06004000                ___Start = .
 *(SLSTART)
 SLSTART        0x06004000       0x28 ../../Compiler/COMMON/SGL_302j/LIB_ELF/LIBSGL.A(sglI00.o)
                0x06004000                SGL_Start
                0x06004002                slStartSGL

.text           0x06004040    0x18d30
 *(.text)
 .text          0x06004040        0x0 ../../Compiler/COMMON/SGL_302j/LIB_ELF/SGLAREA.O
 .text          0x06004040      0x364 pad_controllers.o
                0x060040c0                initControllers
                0x060040ec                updateControllerButtonStatus
                0x06004104                updateController
                0x06004380                updateControllers
 .text          0x060043a4      0x118 debug.o
                0x0600440c                debug_print
 .text          0x060044bc      0x154 main.o
                0x060044bc                draw_objects
                0x060044f0                application_logic
                0x060045c0                jo_main
 .text          0x06004610       0xe8 font.o
                0x06004610                font_palette_handling
                0x06004694                load_nbg2_font
 .text          0x060046f8      0x338 sprite_manager.o
                0x06004760                init_sprites
                0x0600479c                get_free_sprite
                0x060047d0                create_sprite
                0x06004840                get_free_texture
                0x06004870                load_sprite_texture
                0x060048c4                draw_sprites
 .text          0x06004a30      0x490 satiator_functions.o
                0x06004bf4                satiatorWriteData
                0x06004c6c                satiatorWriteU8
                0x06004c88                satiatorWriteU16
                0x06004cc8                satiatorWriteU32
                0x06004ce4                satiatorEmulateDesc
                0x06004d7c                satiatorTryLaunchFile
                0x06004dd0                satiatorExecutableFilter
                0x06004e30                s_gets
 .text          0x06004ec0       0xd8 background.o
                0x06004f28                load_background
                0x06004f60                init_background
 .text          0x06004f98      0x2fc states/splash.o
                0x06005000                logic_splash
 .text          0x06005294      0x7a0 states/gamelist.o
                0x0600533c                sortDirEntries
                0x06005360                displayGameListItem
                0x06005444                displayGameList
                0x06005524                loadGameList
                0x060056ec                launchSelectedGame
                0x0600574c                logic_gamelist
 .text          0x06005a34      0x180 satiator/jhloader.o
                0x06005b60                boot_disc
 .text          0x06005bb4     0x1560 satiator/satiator.o
                0x06005ce0                exec_cmd
                0x06005e50                s_open
                0x06005f68                s_close
                0x06005fe8                s_seek
                0x06006080                s_read
                0x060061b4                s_write
                0x060062e0                s_sync
                0x060062ec                s_truncate
                0x06006380                s_stat
                0x06006548                s_rename
                0x06006684                s_mkdir
                0x06006794                s_unlink
                0x060068a4                s_opendir
                0x060069b4                s_chdir
                0x06006ac4                s_getcwd
                0x06006c28                s_mode
                0x06006cd0                s_emulate
                0x06006de0                s_get_fw_version
                0x06006f04                s_get_bootloader_version
                0x06006fe0                s_get_serial_number
                0x060070bc                s_find_cartridge
 .text          0x06007114      0xf68 satiator/disc_format/cue2desc.o
                0x06007214                my_strtok
                0x0600727c                my_strtok_r
                0x0600731c                my_strdup
                0x0600735c                cue2desc
 .text          0x0600807c      0x450 satiator/disc_format/cdparse.o
                0x06008240                cdparse_set_error
                0x060082b4                iso2desc
                0x060083f8                image2desc
 .text          0x060084cc      0x7a0 satiator/iapetus/cd/cd.o
                0x06008534                cd_write_command
                0x06008554                cd_read_return_status
                0x06008578                cd_wait_hirq
                0x060085a0                cd_exec_command
                0x060086c4                cd_end_transfer
                0x060086f8                cd_play_fad
                0x06008740                cd_connect_cd_to_filter
                0x06008774                cd_reset_selector_one
                0x06008780                cd_reset_selector_all
                0x06008790                cd_is_data_ready
                0x060087d8                cd_set_sector_size
                0x06008814                cd_get_then_delete_sector_data
                0x06008848                cd_abort_file
                0x06008874                cd_transfer_data_bytes
                0x06008964                cd_get_stat
                0x060089e0                is_cd_auth
                0x06008a48                cd_auth
                0x06008ad4                cd_stop_drive
                0x06008b34                is_cd_present
                0x06008b78                cd_read_sector
 .text          0x06008c6c      0x128 satiator/iapetus/cd/cdsect.o
                0x06008cd4                cd_put_sector_data
                0x06008d08                cd_move_sector_data
                0x06008d40                cd_get_buffer_size
 .text          0x06008d94       0x20 satiator/iapetus/sh2/sh2int.o
                0x06008d94                interrupt_set_level_mask
                0x06008da8                interrupt_get_level_mask
 .text          0x06008db4      0x154 satiator/iapetus/video/vdpinit.o
                0x06008ee0                vdp_wait_vblankin
                0x06008ef4                vdp_wait_vblankout
 .text          0x06008f08     0x12fc ../../jo_engine/backup.o
                0x06008f70                jo_backup_get_free_block_count
                0x06008fc0                jo_backup_format_device
                0x06009098                jo_backup_mount
                0x06009204                jo_backup_read_device
                0x06009410                jo_backup_file_exists
                0x06009514                jo_backup_get_file_partition
                0x06009614                jo_backup_init_file
                0x06009680                jo_backup_save
                0x06009984                jo_backup_load_file_comment
                0x06009a78                jo_backup_load_file_contents
                0x06009c6c                jo_backup_delete_file
                0x06009dd8                jo_backup_unmount
                0x06009e88                jo_backup_get_file_last_modified_date
                0x06009fdc                jo_backup_get_file_info
                0x0600a17c                jo_backup_get_file_size
                0x0600a19c                jo_backup_get_last_status
 .text          0x0600a204      0x8a8 ../../jo_engine/tga.o
                0x0600a480                jo_set_tga_palette_handling
                0x0600a48c                __jo_tga_load
                0x0600a5ac                __jo_tga_any_loader_from_stream
                0x0600a5f4                jo_tga_8bits_loader_from_stream
                0x0600a60c                jo_tga_loader_from_stream
                0x0600a624                __jo_tga_any_loader
                0x0600a674                jo_tga_8bits_loader
                0x0600a690                jo_tga_loader
                0x0600a6ac                jo_sprite_add_tga_tileset
                0x0600a904                jo_sprite_add_tga_from_stream
                0x0600a9bc                jo_sprite_add_tga
 .text          0x0600aaac      0x94c ../../jo_engine/fs.o
                0x0600ab14                jo_fs_init
                0x0600abc4                jo_fs_do_background_jobs
                0x0600ac80                jo_fs_read_file_async_ptr
                0x0600ae24                jo_fs_cd
                0x0600ae94                jo_fs_read_file_ptr
                0x0600b030                jo_fs_read_file_in_dir
                0x0600b07c                jo_fs_open
                0x0600b178                jo_fs_seek_forward
                0x0600b288                jo_fs_read_next_bytes
                0x0600b36c                jo_fs_close
                0x0600b3b8                jo_fs_set_read_sector_count
 .text          0x0600b3f8      0x574 ../../jo_engine/font.o
                0x0600b460                jo_font_load
                0x0600b6f0                jo_font_print
                0x0600b814                jo_font_print_centered
 .text          0x0600b96c      0x118 ../../jo_engine/input.o
                0x0600b9d4                jo_get_inputs_vblank
                0x0600ba1c                jo_get_input_type
                0x0600ba60                jo_get_input_count
 .text          0x0600ba84        0x0 ../../jo_engine/physics.o
 .text          0x0600ba84      0x700 ../../jo_engine/core.o
                0x0600bb60                __jo_core_set_screens_order
                0x0600bc98                jo_core_init
                0x0600be5c                jo_core_add_vblank_callback
                0x0600bed8                jo_core_remove_vblank_callback
                0x0600bf30                jo_core_add_callback
                0x0600bf78                jo_core_remove_callback
                0x0600bfb0                jo_goto_boot_menu
                0x0600bfbc                __jo_core_error
                0x0600c00c                jo_core_suspend
                0x0600c04c                jo_core_set_restart_game_callback
                0x0600c058                jo_core_run
                0x0600c0dc                jo_dump_vdp1_registers
                0x0600c130                jo_dump_vdp2_registers
 .text          0x0600c184      0xb50 ../../jo_engine/math.o
                0x0600c1ec                jo_fixed_mult
                0x0600c200                jo_fixed_dot
                0x0600c218                jo_fixed_pow
                0x0600c250                jo_fixed_div
                0x0600c278                jo_fixed_sin
                0x0600c37c                jo_gcd
                0x0600c3e4                jo_atan2f_rad
                0x0600c5a8                jo_planar_rotate
                0x0600c714                jo_random
                0x0600c784                jo_vector_fixed_compute_bezier_point
                0x0600c914                jo_vectorf_compute_bezier_point
                0x0600ca64                jo_fixed_sqrt
                0x0600cb14                jo_sqrt
                0x0600cb54                jo_fixed_rsqrt
                0x0600cc64                jo_rsqrt
 .text          0x0600ccd4      0x4b4 ../../jo_engine/malloc.o
                0x0600cd3c                jo_add_memory_zone
                0x0600cdac                jo_malloc_with_behaviour
                0x0600cef8                jo_reduce_memory_fragmentation
                0x0600cf6c                jo_free
                0x0600cfe8                jo_memory_usage_percent
                0x0600d0ec                jo_memory_fragmentation
 .text          0x0600d188      0x3ec ../../jo_engine/tools.o
                0x0600d1f0                jo_getdate
                0x0600d28c                jo_get_current_language
                0x0600d2b0                jo_tools_atoi
                0x0600d330                jo_strlen
                0x0600d380                jo_endwith
                0x0600d42c                jo_strcmp
                0x0600d45c                jo_memset
                0x0600d500                jo_map_to_vram
 .text          0x0600d574      0x134 ../../jo_engine/palette.o
                0x0600d5dc                jo_create_palette
                0x0600d630                jo_set_palette_register
                0x0600d694                jo_get_palette_register
 .text          0x0600d6a8      0x9ec ../../jo_engine/sprites.o
                0x0600d844                jo_sprite_usage_percent
                0x0600d8d0                jo_get_last_sprite_id
                0x0600d8dc                jo_sprite_init
                0x0600d960                jo_sprite_name2id
                0x0600d9d8                jo_sprite_replace
                0x0600dae0                jo_sprite_add
                0x0600db2c                jo_sprite_add_8bits_image
                0x0600db78                jo_sprite_free_from
                0x0600dbf0                jo_set_gouraud_shading_colors
                0x0600dc18                jo_set_gouraud_shading_brightness
                0x0600dc58                jo_sprite_draw_4p_fixed
                0x0600dd74                jo_sprite_draw
                0x0600dec0                jo_sprite_draw_rotate
                0x0600e060                jo_sprite_set_clipping_area
 .text          0x0600e094      0x99c ../../jo_engine/map.o
                0x0600e1c4                jo_map_per_pixel_vertical_collision
                0x0600e2f8                jo_map_hitbox_detection_custom_boundaries
                0x0600e368                jo_map_create
                0x0600e3e4                jo_map_add_tile
                0x0600e408                jo_map_add_animated_tile
                0x0600e42c                jo_map_draw_background
                0x0600e4c4                jo_map_draw
                0x0600e5c0                jo_map_free
                0x0600e5d8                jo_map_load_from_file
                0x0600e9b0                jo_map_move_tiles_by_attribute
 .text          0x0600ea30      0x200 ../../jo_engine/list.o
                0x0600ea98                jo_list_init
                0x0600eaa8                jo_list_add
                0x0600eb20                jo_list_insert_at
                0x0600ebd0                jo_list_remove
 .text          0x0600ec30      0x2bc ../../jo_engine/sprite_animator.o
                0x0600ed44                jo_replace_sprite_anim
                0x0600edf8                jo_create_sprite_anim
                0x0600eec4                jo_clear_all_sprite_anim
 .text          0x0600eeec      0x7b0 ../../jo_engine/image.o
                0x0600ef54                __jo_bin_load
                0x0600efa4                jo_free_img
                0x0600efec                jo_bin_loader_from_stream
                0x0600f0bc                jo_bin_loader
                0x0600f140                jo_replace_color
                0x0600f1ac                jo_sprite_add_bin_tileset
                0x0600f3a4                jo_sprite_add_bin
                0x0600f470                jo_sprite_add_bin_from_stream
                0x0600f508                jo_sprite_add_image_pack
 .text          0x0600f69c     0x11ec ../../jo_engine/vdp2.o
                0x0600f780                jo_set_default_background_color
                0x0600f7c0                __jo_init_vdp2
                0x0600f81c                jo_img_to_vdp2_cells
                0x0600f940                jo_vdp2_set_rbg0_plane_a_8bits_image
                0x0600fa30                jo_vdp2_set_rbg0_plane_b_8bits_image
                0x0600fb1c                jo_vdp2_enable_rbg0
                0x0600fbc4                jo_vdp2_disable_rbg0
                0x0600fbdc                jo_vdp2_set_nbg0_8bits_image
                0x0600fce8                jo_vdp2_disable_nbg0_line_scroll
                0x0600fd0c                jo_vdp2_compute_nbg0_line_scroll
                0x0600fd24                jo_vdp2_enable_nbg0_line_scroll
                0x0600fd94                jo_vdp2_draw_bitmap_nbg1_line
                0x0600fe54                jo_vdp2_clear_bitmap_nbg1
                0x0600feac                jo_vdp2_set_nbg1_8bits_image
                0x0600ff88                jo_vdp2_set_nbg1_image
                0x060100e4                jo_vdp2_disable_nbg1_line_scroll
                0x06010108                jo_vdp2_compute_nbg1_line_scroll
                0x06010120                jo_vdp2_enable_nbg1_line_scroll
                0x06010190                jo_nbg2_clear
                0x060101ec                __jo_set_nbg2_8bits_image
                0x06010290                jo_nbg2_print
                0x06010348                jo_vdp2_set_nbg2_8bits_font
                0x060103ec                jo_vdp2_set_nbg2_8bits_image
                0x06010458                jo_nbg3_clear
                0x060104b4                __jo_set_nbg3_8bits_image
                0x06010558                jo_nbg3_print
                0x06010610                jo_vdp2_set_nbg3_8bits_font
                0x060106b4                jo_vdp2_set_nbg3_8bits_image
                0x06010720                jo_set_displayed_screens
                0x06010730                jo_disable_all_screens_transparency
                0x06010754                jo_enable_screen_transparency
 .text          0x06010888      0x280 ../../jo_engine/time.o
                0x060108f0                jo_time_init
                0x0601091c                jo_get_ticks
                0x060109fc                jo_fixed_point_time
 .text          0x06010b08       0x68 ../../jo_engine/vdp1_command_pipeline.o
 .text          0x06010b70      0x334 ../../jo_engine/vdp2_malloc.o
                0x06010bd8                jo_vdp2_malloc_init
                0x06010c10                jo_vdp2_free
                0x06010cd0                jo_vdp2_malloc
 *fill*         0x06010ea4        0xc 
 .text          0x06010eb0      0x238 ../../Compiler/COMMON/SGL_302j/LIB_ELF/SEGA_SYS.A(sys_exit.o)
                0x06010eb0                sys_version
                0x06010ed0                SYS_Exit
 *fill*         0x060110e8        0x8 
 .text          0x060110f0        0x6 ../../Compiler/COMMON/SGL_302j/LIB_ELF/SEGA_SYS.A(sys_sub.o)
                0x060110f0                SYSUB_SetStackptr
 *fill*         0x060110f6        0xa 
 .text          0x06011100      0x3a0 ../../Compiler/COMMON/SGL_302j/LIB_ELF/LIBCD.A(CDC_CMN.O)
                0x06011100                CDC_GetCurStat
                0x06011150                CDC_GetLastStat
                0x06011168                CDC_GetPeriStat
                0x0601123c                CDC_GetHwInfo
                0x060112a4                CDC_TgetToc
                0x060112f4                CDC_GetSes
                0x06011330                CDC_CdInit
                0x060113b4                CDC_CdOpen
                0x060113dc                CDC_DataReady
                0x06011448                CDC_DataEnd
 .text          0x060114a0      0x194 ../../Compiler/COMMON/SGL_302j/LIB_ELF/LIBCD.A(CDC_CFS.O)
                0x060114a0                CDC_ChgDir
                0x060114d4                CDC_ReadDir
                0x06011508                CDC_GetFileScope
                0x06011568                CDC_TgetFileInfo
                0x060115c4                CDC_ReadFile
                0x060115f8                CDC_AbortFile
 *fill*         0x06011634        0xc 
 .text          0x06011640      0x2dc ../../Compiler/COMMON/SGL_302j/LIB_ELF/LIBCD.A(CDC_REG.O)
                0x06011640                CDC_GetDataPtr
                0x06011650                CDC_GetHirqReq
                0x06011664                CDC_ClrHirqReq
                0x06011694                CDREG_ClrHirqReq
                0x060116a4                CDREG_InitHirqReq
                0x060116cc                CDREG_SetHirqFlag
                0x060116e0                CDC_GetHirqMsk
                0x060116f4                CDC_SetHirqMsk
                0x06011704                CDC_GetMpegPtr
                0x06011714                CDREG_TgetData
                0x06011770                CDREG_CmdRsp
                0x06011870                CDREG_WaitHirq
                0x060118e0                CDREG_ReadRsp
 *fill*         0x0601191c        0x4 
 .text          0x06011920      0x152 ../../Compiler/COMMON/SGL_302j/LIB_ELF/LIBCD.A(CDC_SUB.O)
                0x06011920                CDSUB_UpdStatus
                0x06011938                CDSUB_UpdCdstat
                0x06011958                CDSUB_CdCmd
                0x060119c8                CDSUB_GetCdstat
                0x06011a08                CDSUB_RspToCdstat
                0x06011a50                CDSUB_SoftTimer
 *fill*         0x06011a72        0xe 
 .text          0x06011a80     0x1adc ../../Compiler/COMMON/SGL_302j/LIB_ELF/LIBCD.A(GFS.O)
                0x06011a80                gfs_version
                0x06011aa0                GFS_Init
                0x06011b88                GFS_LoadDir
                0x06011c30                GFS_SetDir
                0x06011c98                GFS_NameToId
                0x06011cfc                GFS_IdToName
                0x06011d68                GFS_GetDirInfo
                0x06011dd8                GFS_Reset
                0x06011e5c                GFS_Open
                0x06011f10                GFS_Close
                0x06011f48                GFS_Seek
                0x06011ffc                GFS_Tell
                0x0601204c                GFS_IsEof
                0x060120a0                GFS_ByteToSct
                0x060120fc                GFS_GetFileSize
                0x06012158                GFS_GetFileInfo
                0x060121cc                GFS_GetNumCdbuf
                0x060121f4                GFS_Load
                0x060122b8                GFS_Fread
                0x06012354                gfs_waitRead
                0x060123fc                GFS_NwFread
                0x06012508                GFS_NwCdRead
                0x06012580                GFS_NwIsComplete
                0x060125b8                GFS_NwStop
                0x06012624                GFS_NwGetStat
                0x060126a0                gfs_recovRdErr
                0x060126d0                GFS_NwExecOne
                0x06012790                GFS_NwExecServer
                0x0601280c                GFS_SetGmode
                0x06012870                GFS_SetTmode
                0x060128dc                GFS_SetReadPara
                0x06012940                GFS_SetTransPara
                0x060129ac                GFS_SetTrFunc
                0x06012a10                GFS_StartTrans
                0x06012a5c                GFS_CdMovePickup
                0x06012ac8                GFS_SetErrFunc
                0x06012af4                GFS_GetErrStat
                0x06012b18                GFS_ConvTno
                0x06012b40                gfs_chgRoot
                0x06012c0c                gfs_aborttrans
                0x06012c18                gfs_mngSetupFuncTbl
                0x06012c4c                gfs_mngInitWork
                0x06012cf0                gfs_mngGetNumFile
                0x06012d58                GFS_mngAllocGrp
                0x06012da0                gfs_mngFreeGrp
                0x06012dac                gfs_mngTermAccess
                0x06012e30                gfs_mngSetErrCode
                0x06012eb0                gfs_svrSearchHndl
                0x06012ef0                gfs_svrAddHndl
                0x06012f2c                gfs_svrRemoveHndl
                0x06012f88                GFS_OpenSub
                0x06012fe0                gfs_loadVol
                0x060130a4                gfs_getRootDir
                0x060131a0                gfs_loadRootDir
                0x06013228                gfs_flowIn
                0x060132d0                gfs_transData
                0x06013374                GFS_GetFad
                0x060133cc                gfs_SetSct
                0x0601340c                gfs_GetFinfo
                0x0601344c                gfs_closeSub
                0x06013488                gfs_getGmode
                0x06013494                gfs_isTaskDone
                0x060134e8                gfs_convFinStat
 *fill*         0x0601355c        0x4 
 .text          0x06013560      0x106 ../../Compiler/COMMON/SGL_302j/LIB_ELF/LIBCD.A(GFS_BUF.O)
                0x06013590                GFBF_GetTranData
                0x060135b8                GFBF_GetNumData
                0x060135e8                GFBF_GetSrcPk
                0x06013610                GFBF_GetSctData
                0x06013634                GFBF_RtnPk
                0x0601365c                gfbf_getSctDt
 *fill*         0x06013666        0xa 
 .text          0x06013670      0x600 ../../Compiler/COMMON/SGL_302j/LIB_ELF/LIBCD.A(GFS_CDB.O)
                0x06013670                GFCB_Setup
                0x06013790                GFCB_Close
                0x060137b8                GFCB_GetLenData
                0x06013864                GFCB_GetLenRoom
                0x06013870                GFCB_SetFilt
                0x060138d8                GFCB_DeleteAllData
                0x06013900                GFCB_Tell
                0x06013910                gfcb_getSctNum
                0x06013960                GFCB_Seek
                0x06013a5c                GFCB_GetSrcPack
                0x06013b3c                GFCB_GetSctData
                0x06013b74                GFCB_GetDstPack
                0x06013b80                GFCB_RtnPk
                0x06013bc8                GFCB_MovePickup
                0x06013be4                GFCB_SetCon
                0x06013c18                GFCB_GetPickup
                0x06013c40                GFCB_IsPuOwner
                0x06013c58                GFCB_UngetPickup
 .text          0x06013c70     0x1a10 ../../Compiler/COMMON/SGL_302j/LIB_ELF/LIBCD.A(GFS_CDC.O)
                0x06013c70                GFCD_SetCdbfs
                0x06013c9c                GFCD_Init
                0x06013ea0                GFCD_AllocFilt
                0x06013edc                GFCD_FreeFilt
                0x06013f0c                GFCD_AllocBuf
                0x06013f40                GFCD_FreeBuf
                0x06013fe4                GFCD_GetBaseFad
                0x06014018                GFCD_GetPickup
                0x0601404c                GFCD_UngetPickup
                0x06014078                GFCD_IsPuOwner
                0x0601409c                GFCD_SetFilt
                0x06014160                GFCD_GetFilt
                0x060141a8                GFCD_SetCon
                0x06014200                GFCD_Play
                0x06014260                GFCD_GetLenData
                0x060142c8                GFCD_ReqData
                0x06014324                GFCD_EndData
                0x0601436c                GFCD_DelSctData
                0x060143c4                GFCD_CheckDelSctData
                0x060143f4                GFCD_GetStat
                0x060144a8                GFCD_MovePickup
                0x060144f4                GFCD_MoveSctData
                0x06014568                GFCD_CheckMove
                0x0601458c                GFCD_GetSctInfo
                0x060145d4                GFCD_ChgDir
                0x06014648                GFCD_SetFiltCon
                0x06014730                GFCD_GetFileInfo
                0x0601480c                GFCD_GetBufSiz
                0x06014844                GFCD_ExecServer
                0x06014918                gfcd_isIdleTask
                0x060149a4                gfcd_doTask
                0x06014a50                GFCD_SetTimer
                0x06014a64                GFCD_WaitServer
                0x06014aa0                gfcd_doSetFiltTsk
                0x06014c64                gfcd_doSetConTsk
                0x06014cf4                gfcd_doGetLenDataTsk
                0x06014e48                gfcd_doReqDataTsk
                0x06014ee8                gfcd_doDelSctDataTsk
                0x0601501c                gfcd_doMoveSctTsk
                0x06015180                gfcd_doChgDirTsk
                0x0601537c                gfcd_doSetFiltConTsk
                0x060154c0                gfcd_checkEflag
                0x060154e4                gfcd_initCdbMng
                0x06015564                gfcd_setStat
                0x06015590                GFCD_SetCsctFunc
                0x060155ac                GFCD_ChkScdqFlag
                0x060155d0                GFCD_ClrScdqFlag
                0x060155ec                GFCD_WaitScdqFlag
                0x06015630                GFCD_WaitPause
 .text          0x06015680      0x8d8 ../../Compiler/COMMON/SGL_302j/LIB_ELF/LIBCD.A(GFS_CDF.O)
                0x06015680                GFCF_Init
                0x06015720                GFCF_Setup
                0x06015868                GFCF_SetSct
                0x060158ac                GFCF_GetFileInfo
                0x06015920                GFCF_FlowInBuf
                0x06015a74                GFCF_StopInBuf
                0x06015b14                GFCF_Recover
                0x06015b5c                GFCF_Tell
                0x06015b74                GFCF_Seek
                0x06015b8c                GFCF_MovePickup
                0x06015c28                GFCF_cnvIntlvOfs
                0x06015c7c                GFCF_GetStat
                0x06015d14                gfcf_getSctSize
                0x06015d50                gfcf_isCdOk
                0x06015e10                gfcf_getPlayRange
 *fill*         0x06015f58        0x8 
 .text          0x06015f60      0x92c ../../Compiler/COMMON/SGL_302j/LIB_ELF/LIBCD.A(GFS_DIR.O)
                0x06015f60                GFDR_SetupDirTbl
                0x06015fd4                GFDR_NameToId
                0x06016034                GFDR_GetInfoDirId
                0x06016048                GFDR_GetInfoDirName
                0x0601605c                GFDR_GetAtrDirId
                0x06016074                GFDR_GetAtrDirName
                0x0601608c                GFDR_ChgRoot
                0x060160a4                GFDR_ChgDir
                0x06016118                gfdr_setupDirIdTbl
                0x0601619c                gfdr_setupDirNameTbl
                0x06016248                gfdr_open
                0x06016270                gfdr_read
                0x06016330                gfdr_readByte
                0x0601635c                gfdr_readWord
                0x06016388                gfdr_readWordNB
                0x060163dc                gfdr_readLongNB
                0x06016428                gfdr_readLongNM
                0x06016450                gfdr_setNextRec
                0x060164d4                gfdr_readDirEnt
                0x06016850                gfdr_setDirrecCd
 *fill*         0x0601688c        0x4 
 .text          0x06016890      0x9c6 ../../Compiler/COMMON/SGL_302j/LIB_ELF/LIBCD.A(GFS_TRN.O)
                0x060168c0                GFTR_Setup
                0x06016904                GFTR_SetMode
                0x06016918                GFTR_SetUnit
                0x06016924                GFTR_SetTransPara
                0x06016958                GFTR_GetTransPara
                0x06016964                GFTR_GetNumTrans
                0x06016970                GFTR_SetTransMax
                0x0601697c                GFTR_Start
                0x06016988                GFTR_Pause
                0x06016994                GFTR_Stop
                0x06016a4c                GFTR_Exec
                0x06016ad0                GFTR_Idle
                0x06016b48                GFTR_ExecSvr
                0x06016c50                gftr_getSrcPack
                0x06016cd8                gftr_getDstPack
                0x06016d34                gftr_reqScu
                0x06016d40                gftr_execScu
                0x06016ddc                gftr_remScu
                0x06016e10                gfdma_canUse
                0x06016e1c                gfdma_exec
                0x06016e8c                gfdma_getBytecnt
                0x06016ec4                gftr_reqDma0
                0x06016edc                gftr_execSdma0
                0x06016f00                gftr_remDma0
                0x06016f18                gftr_reqDma1
                0x06016f30                gftr_execSdma1
                0x06016f54                gftr_remDma1
                0x06016f6c                gftr_reqCpu
                0x06016f78                gftr_execCpu
                0x06016fb8                gftr_remCpu
                0x06016fc4                gftr_reqTrn
                0x06017034                gftr_execTrn
                0x0601710c                gftr_remTrn
                0x06017180                gftr_copyFrac
                0x060171a8                GFTR_GetLenData
                0x060171b4                GFTR_GetLenRoom
                0x060171cc                GFTR_GetDstPack
                0x06017200                GFTR_RtnDstPk
                0x0601721c                GFTR_GetData
                0x06017230                GFTR_SetData
                0x06017244                GFTR_SetTransFunc
 *fill*         0x06017256        0xa 
 .text          0x06017260      0x130 ../../Compiler/COMMON/SGL_302j/LIB_ELF/LIBCD.A(CDC_DRV.O)
                0x06017260                CDC_CdPlay
                0x0601732c                CDC_CdSeek
                0x06017360                CDC_CdScan
 .text          0x06017390       0xa8 ../../Compiler/COMMON/SGL_302j/LIB_ELF/LIBCD.A(CDC_DEV.O)
                0x06017390                CDC_CdSetCon
                0x060173c0                CDC_CdGetCon
                0x060173fc                CDC_CdGetLastBuf
 *fill*         0x06017438        0x8 
 .text          0x06017440      0x2b8 ../../Compiler/COMMON/SGL_302j/LIB_ELF/LIBCD.A(CDC_SEL.O)
                0x06017440                CDC_SetFiltRange
                0x06017474                CDC_GetFiltRange
                0x060174cc                CDC_SetFiltSubh
                0x0601753c                CDC_GetFiltSubh
                0x060175b8                CDC_SetFiltMode
                0x060175ec                CDC_GetFiltMode
                0x06017630                CDC_SetFiltCon
                0x06017670                CDC_GetFiltCon
                0x060176c4                CDC_ResetSelector
 *fill*         0x060176f8        0x8 
 .text          0x06017700      0x270 ../../Compiler/COMMON/SGL_302j/LIB_ELF/LIBCD.A(CDC_BIF.O)
                0x06017700                CDC_GetBufSiz
                0x0601775c                CDC_GetSctNum
                0x060177a0                CDC_CalActSiz
                0x060177dc                CDC_GetActSiz
                0x0601785c                CDC_GetSctInfo
                0x060178dc                CDC_ExeFadSearch
                0x06017914                CDC_GetFadSearch
 .text          0x06017970      0x1e4 ../../Compiler/COMMON/SGL_302j/LIB_ELF/LIBCD.A(CDC_BIO.O)
                0x06017970                CDC_SetSctLen
                0x060179a4                CDC_GetSctData
                0x060179e0                CDC_DelSctData
                0x06017a1c                CDC_GetdelSctData
                0x06017a58                CDC_PutSctData
                0x06017a90                CDC_CopySctData
                0x06017ad4                CDC_MoveSctData
                0x06017b18                CDC_GetCopyErr
 *fill*         0x06017b54        0xc 
 .text          0x06017b60        0x0 ../../Compiler/COMMON/SGL_302j/LIB_ELF/LIBSGL.A(sglB001.o)
 .text          0x06017b60        0x0 ../../Compiler/COMMON/SGL_302j/LIB_ELF/LIBSGL.A(sglB011.o)
 .text          0x06017b60        0x0 ../../Compiler/COMMON/SGL_302j/LIB_ELF/LIBSGL.A(sglB014.o)
 .text          0x06017b60        0x0 ../../Compiler/COMMON/SGL_302j/LIB_ELF/LIBSGL.A(sglB015.o)
 .text          0x06017b60        0x0 ../../Compiler/COMMON/SGL_302j/LIB_ELF/LIBSGL.A(sglB016.o)
 .text          0x06017b60        0x0 ../../Compiler/COMMON/SGL_302j/LIB_ELF/LIBSGL.A(sglB020.o)
 .text          0x06017b60        0x0 ../../Compiler/COMMON/SGL_302j/LIB_ELF/LIBSGL.A(sglB021.o)
 .text          0x06017b60        0x0 ../../Compiler/COMMON/SGL_302j/LIB_ELF/LIBSGL.A(sglB023.o)
 .text          0x06017b60        0x0 ../../Compiler/COMMON/SGL_302j/LIB_ELF/LIBSGL.A(sglB031.o)
 .text          0x06017b60        0x0 ../../Compiler/COMMON/SGL_302j/LIB_ELF/LIBSGL.A(sglB032.o)
 .text          0x06017b60        0x0 ../../Compiler/COMMON/SGL_302j/LIB_ELF/LIBSGL.A(sglB033.o)
 .text          0x06017b60        0x0 ../../Compiler/COMMON/SGL_302j/LIB_ELF/LIBSGL.A(sglB034.o)
 .text          0x06017b60        0x0 ../../Compiler/COMMON/SGL_302j/LIB_ELF/LIBSGL.A(sglB035.o)
 .text          0x06017b60        0x0 ../../Compiler/COMMON/SGL_302j/LIB_ELF/LIBSGL.A(sglB036.o)
 .text          0x06017b60        0x0 ../../Compiler/COMMON/SGL_302j/LIB_ELF/LIBSGL.A(sglB038.o)
 .text          0x06017b60        0x0 ../../Compiler/COMMON/SGL_302j/LIB_ELF/LIBSGL.A(sglB039.o)
 .text          0x06017b60        0x0 ../../Compiler/COMMON/SGL_302j/LIB_ELF/LIBSGL.A(sglB040.o)
 .text          0x06017b60        0x0 ../../Compiler/COMMON/SGL_302j/LIB_ELF/LIBSGL.A(sglB041.o)
 .text          0x06017b60        0x0 ../../Compiler/COMMON/SGL_302j/LIB_ELF/LIBSGL.A(sglB043.o)
 .text          0x06017b60        0x0 ../../Compiler/COMMON/SGL_302j/LIB_ELF/LIBSGL.A(sglB047.o)
 .text          0x06017b60        0x0 ../../Compiler/COMMON/SGL_302j/LIB_ELF/LIBSGL.A(sglB048.o)
 .text          0x06017b60        0x0 ../../Compiler/COMMON/SGL_302j/LIB_ELF/LIBSGL.A(sglB055.o)
 .text          0x06017b60        0x0 ../../Compiler/COMMON/SGL_302j/LIB_ELF/LIBSGL.A(sglB056.o)
 .text          0x06017b60        0x0 ../../Compiler/COMMON/SGL_302j/LIB_ELF/LIBSGL.A(sglB057.o)
 .text          0x06017b60        0x0 ../../Compiler/COMMON/SGL_302j/LIB_ELF/LIBSGL.A(sglB058.o)
 .text          0x06017b60        0x0 ../../Compiler/COMMON/SGL_302j/LIB_ELF/LIBSGL.A(sglB059.o)
 .text          0x06017b60        0x0 ../../Compiler/COMMON/SGL_302j/LIB_ELF/LIBSGL.A(sglB060.o)
 .text          0x06017b60        0x0 ../../Compiler/COMMON/SGL_302j/LIB_ELF/LIBSGL.A(sglB063.o)
 .text          0x06017b60        0x0 ../../Compiler/COMMON/SGL_302j/LIB_ELF/LIBSGL.A(sglB087.o)
 .text          0x06017b60        0x0 ../../Compiler/COMMON/SGL_302j/LIB_ELF/LIBSGL.A(sglB088.o)
 .text          0x06017b60        0x0 ../../Compiler/COMMON/SGL_302j/LIB_ELF/LIBSGL.A(sglB090.o)
 .text          0x06017b60        0x0 ../../Compiler/COMMON/SGL_302j/LIB_ELF/LIBSGL.A(sglB200.o)
 .text          0x06017b60        0x0 ../../Compiler/COMMON/SGL_302j/LIB_ELF/LIBSGL.A(sglC05.o)
 .text          0x06017b60        0x0 ../../Compiler/COMMON/SGL_302j/LIB_ELF/LIBSGL.A(sglC06.o)
 .text          0x06017b60        0x0 ../../Compiler/COMMON/SGL_302j/LIB_ELF/LIBSGL.A(sglC07.o)
 .text          0x06017b60        0x0 ../../Compiler/COMMON/SGL_302j/LIB_ELF/LIBSGL.A(sglC17.o)
 .text          0x06017b60        0x0 ../../Compiler/COMMON/SGL_302j/LIB_ELF/LIBSGL.A(sglC19.o)
 .text          0x06017b60        0x0 ../../Compiler/COMMON/SGL_302j/LIB_ELF/LIBSGL.A(sglC20.o)
 .text          0x06017b60        0x0 ../../Compiler/COMMON/SGL_302j/LIB_ELF/LIBSGL.A(sglC21.o)
 .text          0x06017b60        0x0 ../../Compiler/COMMON/SGL_302j/LIB_ELF/LIBSGL.A(sglD00.o)
 .text          0x06017b60        0x0 ../../Compiler/COMMON/SGL_302j/LIB_ELF/LIBSGL.A(sglD01.o)
 .text          0x06017b60        0x0 ../../Compiler/COMMON/SGL_302j/LIB_ELF/LIBSGL.A(sglD03.o)
 .text          0x06017b60        0x0 ../../Compiler/COMMON/SGL_302j/LIB_ELF/LIBSGL.A(sglD15.o)
 .text          0x06017b60        0x0 ../../Compiler/COMMON/SGL_302j/LIB_ELF/LIBSGL.A(sglD16.o)
 .text          0x06017b60        0x0 ../../Compiler/COMMON/SGL_302j/LIB_ELF/LIBSGL.A(sglD17.o)
 .text          0x06017b60        0x0 ../../Compiler/COMMON/SGL_302j/LIB_ELF/LIBSGL.A(sglD18.o)
 .text          0x06017b60        0x0 ../../Compiler/COMMON/SGL_302j/LIB_ELF/LIBSGL.A(sglF08.o)
 .text          0x06017b60        0x0 ../../Compiler/COMMON/SGL_302j/LIB_ELF/LIBSGL.A(sglH00.o)
 .text          0x06017b60        0x0 ../../Compiler/COMMON/SGL_302j/LIB_ELF/LIBSGL.A(sglH01.o)
 .text          0x06017b60        0x0 ../../Compiler/COMMON/SGL_302j/LIB_ELF/LIBSGL.A(sglH02.o)
 .text          0x06017b60        0x0 ../../Compiler/COMMON/SGL_302j/LIB_ELF/LIBSGL.A(sglH04.o)
 .text          0x06017b60        0x0 ../../Compiler/COMMON/SGL_302j/LIB_ELF/LIBSGL.A(sglI01.o)
 .text          0x06017b60        0x0 ../../Compiler/COMMON/SGL_302j/LIB_ELF/LIBSGL.A(sglI04.o)
 .text          0x06017b60      0x128 ../../Compiler/COMMON/SGL_302j/LIB_ELF/LIBSGL.A(sglIc0.o)
                0x06017b60                slInitSystem
 *fill*         0x06017c88        0x8 
 .text          0x06017c90        0x0 ../../Compiler/COMMON/SGL_302j/LIB_ELF/LIBSGL.A(sglJ00.o)
 .text          0x06017c90        0x0 ../../Compiler/COMMON/SGL_302j/LIB_ELF/LIBSGL.A(sglJ01.o)
 .text          0x06017c90        0x0 ../../Compiler/COMMON/SGL_302j/LIB_ELF/LIBSGL.A(sglJ02.o)
 .text          0x06017c90        0x0 ../../Compiler/COMMON/SGL_302j/LIB_ELF/LIBSGL.A(sglJ03.o)
 .text          0x06017c90        0x0 ../../Compiler/COMMON/SGL_302j/LIB_ELF/LIBSGL.A(sglJ04.o)
 .text          0x06017c90        0x0 ../../Compiler/COMMON/SGL_302j/LIB_ELF/LIBSGL.A(sglJ05.o)
 .text          0x06017c90        0x0 ../../Compiler/COMMON/SGL_302j/LIB_ELF/LIBSGL.A(sglK01.o)
 .text          0x06017c90        0x0 ../../Compiler/COMMON/SGL_302j/LIB_ELF/LIBSGL.A(sglM01.o)
 .text          0x06017c90        0x0 ../../Compiler/COMMON/SGL_302j/LIB_ELF/LIBSGL.A(sglA00.o)
 .text          0x06017c90        0x0 ../../Compiler/COMMON/SGL_302j/LIB_ELF/LIBSGL.A(sglA01.o)
 .text          0x06017c90        0x0 ../../Compiler/COMMON/SGL_302j/LIB_ELF/LIBSGL.A(sglA20.o)
 .text          0x06017c90        0x0 ../../Compiler/COMMON/SGL_302j/LIB_ELF/LIBSGL.A(sglB000.o)
 .text          0x06017c90        0x0 ../../Compiler/COMMON/SGL_302j/LIB_ELF/LIBSGL.A(sglC00.o)
 .text          0x06017c90        0x0 ../../Compiler/COMMON/SGL_302j/LIB_ELF/LIBSGL.A(sglI00.o)
 .text          0x06017c90        0x0 ../../Compiler/COMMON/SGL_302j/LIB_ELF/LIBSGL.A(sglH03.o)
 .text          0x06017c90       0x52 c:/development/saturn/joengine-master/joengine/compiler/windows/bin/../lib/gcc/sh-elf/9.3.0\libgcc.a(_ashiftrt.o)
                0x06017c90                __ashiftrt_r4_31
                0x06017c90                __ashiftrt_r4_32
                0x06017c96                __ashiftrt_r4_30
                0x06017c98                __ashiftrt_r4_29
                0x06017c9a                __ashiftrt_r4_28
                0x06017c9c                __ashiftrt_r4_27
                0x06017c9e                __ashiftrt_r4_26
                0x06017ca0                __ashiftrt_r4_25
                0x06017ca2                __ashiftrt_r4_24
                0x06017caa                __ashiftrt_r4_23
                0x06017cac                __ashiftrt_r4_22
                0x06017cae                __ashiftrt_r4_21
                0x06017cb0                __ashiftrt_r4_20
                0x06017cb2                __ashiftrt_r4_19
                0x06017cb4                __ashiftrt_r4_18
                0x06017cb6                __ashiftrt_r4_17
                0x06017cb8                __ashiftrt_r4_16
                0x06017cbe                __ashiftrt_r4_15
                0x06017cc0                __ashiftrt_r4_14
                0x06017cc2                __ashiftrt_r4_13
                0x06017cc4                __ashiftrt_r4_12
                0x06017cc6                __ashiftrt_r4_11
                0x06017cc8                __ashiftrt_r4_10
                0x06017cca                __ashiftrt_r4_9
                0x06017ccc                __ashiftrt_r4_8
                0x06017cce                __ashiftrt_r4_7
                0x06017cd0                __ashiftrt_r4_6
                0x06017cd2                __ashiftrt_r4_5
                0x06017cd4                __ashiftrt_r4_4
                0x06017cd6                __ashiftrt_r4_3
                0x06017cd8                __ashiftrt_r4_2
                0x06017cda                __ashiftrt_r4_1
                0x06017cde                __ashiftrt_r4_0
 *fill*         0x06017ce2        0x2 
 .text          0x06017ce4       0x80 c:/development/saturn/joengine-master/joengine/compiler/windows/bin/../lib/gcc/sh-elf/9.3.0\libgcc.a(_ashiftrt_n.o)
                0x06017ce4                __ashrsi3
 .text          0x06017d64       0xbc c:/development/saturn/joengine-master/joengine/compiler/windows/bin/../lib/gcc/sh-elf/9.3.0\libgcc.a(_ashiftlt.o)
                0x06017d64                __ashlsi3
                0x06017d68                __ashlsi3_r0
 .text          0x06017e20       0xbc c:/development/saturn/joengine-master/joengine/compiler/windows/bin/../lib/gcc/sh-elf/9.3.0\libgcc.a(_lshiftrt.o)
                0x06017e20                __lshrsi3
                0x06017e24                __lshrsi3_r0
 .text          0x06017edc       0x78 c:/development/saturn/joengine-master/joengine/compiler/windows/bin/../lib/gcc/sh-elf/9.3.0\libgcc.a(_movmem.o)
                0x06017edc                __movmem
                0x06017edc                __movstr
                0x06017f10                __movstrSI64
                0x06017f10                __movmemSI64
                0x06017f14                __movstrSI60
                0x06017f14                __movmemSI60
                0x06017f18                __movstrSI56
                0x06017f18                __movmemSI56
                0x06017f1c                __movstrSI52
                0x06017f1c                __movmemSI52
                0x06017f20                __movstrSI48
                0x06017f20                __movmemSI48
                0x06017f24                __movmemSI44
                0x06017f24                __movstrSI44
                0x06017f28                __movstrSI40
                0x06017f28                __movmemSI40
                0x06017f2c                __movmemSI36
                0x06017f2c                __movstrSI36
                0x06017f30                __movmemSI32
                0x06017f30                __movstrSI32
                0x06017f34                __movstrSI28
                0x06017f34                __movmemSI28
                0x06017f38                __movmemSI24
                0x06017f38                __movstrSI24
                0x06017f3c                __movstrSI20
                0x06017f3c                __movmemSI20
                0x06017f40                __movstrSI16
                0x06017f40                __movmemSI16
                0x06017f44                __movstrSI12
                0x06017f44                __movmemSI12
                0x06017f48                __movmemSI8
                0x06017f48                __movstrSI8
                0x06017f4c                __movmemSI4
                0x06017f4c                __movstrSI4
 .text          0x06017f54       0xa0 c:/development/saturn/joengine-master/joengine/compiler/windows/bin/../lib/gcc/sh-elf/9.3.0\libgcc.a(_sdivsi3.o)
                0x06017f54                __sdivsi3
 .text          0x06017ff4       0x6c c:/development/saturn/joengine-master/joengine/compiler/windows/bin/../lib/gcc/sh-elf/9.3.0\libgcc.a(_udivsi3.o)
                0x06018016                __udivsi3
 .text          0x06018060      0x21c c:/development/saturn/joengine-master/joengine/compiler/windows/bin/../lib/gcc/sh-elf/9.3.0\libgcc.a(_addsub_sf.o)
                0x060181e0                __addsf3
                0x0601822c                __subsf3
 .text          0x0601827c      0x134 c:/development/saturn/joengine-master/joengine/compiler/windows/bin/../lib/gcc/sh-elf/9.3.0\libgcc.a(_mul_sf.o)
                0x0601827c                __mulsf3
 .text          0x060183b0       0xdc c:/development/saturn/joengine-master/joengine/compiler/windows/bin/../lib/gcc/sh-elf/9.3.0\libgcc.a(_div_sf.o)
                0x060183b0                __divsf3
 .text          0x0601848c       0x54 c:/development/saturn/joengine-master/joengine/compiler/windows/bin/../lib/gcc/sh-elf/9.3.0\libgcc.a(_gt_sf.o)
                0x0601848c                __gtsf2
 .text          0x060184e0       0x54 c:/development/saturn/joengine-master/joengine/compiler/windows/bin/../lib/gcc/sh-elf/9.3.0\libgcc.a(_ge_sf.o)
                0x060184e0                __gesf2
 .text          0x06018534       0x54 c:/development/saturn/joengine-master/joengine/compiler/windows/bin/../lib/gcc/sh-elf/9.3.0\libgcc.a(_lt_sf.o)
                0x06018534                __ltsf2
 .text          0x06018588       0x54 c:/development/saturn/joengine-master/joengine/compiler/windows/bin/../lib/gcc/sh-elf/9.3.0\libgcc.a(_le_sf.o)
                0x06018588                __lesf2
 .text          0x060185dc       0x84 c:/development/saturn/joengine-master/joengine/compiler/windows/bin/../lib/gcc/sh-elf/9.3.0\libgcc.a(_si_to_sf.o)
                0x060185dc                __floatsisf
 .text          0x06018660       0x70 c:/development/saturn/joengine-master/joengine/compiler/windows/bin/../lib/gcc/sh-elf/9.3.0\libgcc.a(_sf_to_si.o)
                0x06018660                __fixsfsi
 .text          0x060186d0       0x3c c:/development/saturn/joengine-master/joengine/compiler/windows/bin/../lib/gcc/sh-elf/9.3.0\libgcc.a(_sf_to_df.o)
                0x060186d0                __extendsfdf2
 .text          0x0601870c        0x0 c:/development/saturn/joengine-master/joengine/compiler/windows/bin/../lib/gcc/sh-elf/9.3.0\libgcc.a(_thenan_sf.o)
 .text          0x0601870c       0x94 c:/development/saturn/joengine-master/joengine/compiler/windows/bin/../lib/gcc/sh-elf/9.3.0\libgcc.a(_usi_to_sf.o)
                0x0601870c                __floatunsisf
 .text          0x060187a0      0x3e0 c:/development/saturn/joengine-master/joengine/compiler/windows/bin/../lib/gcc/sh-elf/9.3.0\libgcc.a(_addsub_df.o)
                0x06018adc                __adddf3
                0x06018b2c                __subdf3
 .text          0x06018b80      0x208 c:/development/saturn/joengine-master/joengine/compiler/windows/bin/../lib/gcc/sh-elf/9.3.0\libgcc.a(_mul_df.o)
                0x06018b80                __muldf3
 .text          0x06018d88       0xa8 c:/development/saturn/joengine-master/joengine/compiler/windows/bin/../lib/gcc/sh-elf/9.3.0\libgcc.a(_si_to_df.o)
                0x06018d88                __floatsidf
 .text          0x06018e30       0xa0 c:/development/saturn/joengine-master/joengine/compiler/windows/bin/../lib/gcc/sh-elf/9.3.0\libgcc.a(_df_to_si.o)
                0x06018e30                __fixdfsi
 .text          0x06018ed0       0x28 c:/development/saturn/joengine-master/joengine/compiler/windows/bin/../lib/gcc/sh-elf/9.3.0\libgcc.a(_make_df.o)
                0x06018ed0                __make_dp
 .text          0x06018ef8       0x4c c:/development/saturn/joengine-master/joengine/compiler/windows/bin/../lib/gcc/sh-elf/9.3.0\libgcc.a(_df_to_sf.o)
                0x06018ef8                __truncdfsf2
 .text          0x06018f44        0x0 c:/development/saturn/joengine-master/joengine/compiler/windows/bin/../lib/gcc/sh-elf/9.3.0\libgcc.a(_thenan_df.o)
 .text          0x06018f44       0x54 c:/development/saturn/joengine-master/joengine/compiler/windows/bin/../lib/gcc/sh-elf/9.3.0\libgcc.a(_clzsi2.o)
                0x06018f44                __clzsi2
 .text          0x06018f98      0x11c c:/development/saturn/joengine-master/joengine/compiler/windows/bin/../lib/gcc/sh-elf/9.3.0\libgcc.a(_pack_sf.o)
                0x06018f98                __pack_f
 .text          0x060190b4       0xa0 c:/development/saturn/joengine-master/joengine/compiler/windows/bin/../lib/gcc/sh-elf/9.3.0\libgcc.a(_unpack_sf.o)
                0x060190b4                __unpack_f
 .text          0x06019154       0xac c:/development/saturn/joengine-master/joengine/compiler/windows/bin/../lib/gcc/sh-elf/9.3.0\libgcc.a(_fpcmp_parts_sf.o)
                0x06019154                __fpcmp_parts_f
 .text          0x06019200       0x20 c:/development/saturn/joengine-master/joengine/compiler/windows/bin/../lib/gcc/sh-elf/9.3.0\libgcc.a(_make_sf.o)
                0x06019200                __make_fp
 .text          0x06019220      0x274 c:/development/saturn/joengine-master/joengine/compiler/windows/bin/../lib/gcc/sh-elf/9.3.0\libgcc.a(_pack_df.o)
                0x06019220                __pack_d
 .text          0x06019494       0xcc c:/development/saturn/joengine-master/joengine/compiler/windows/bin/../lib/gcc/sh-elf/9.3.0\libgcc.a(_unpack_df.o)
                0x06019494                __unpack_d
 .text          0x06019560        0x0 c:/development/saturn/joengine-master/joengine/compiler/windows/bin/../lib/gcc/sh-elf/9.3.0\libgcc.a(_clz.o)
 .text          0x06019560       0x58 c:/development/saturn/joengine-master/joengine/compiler/windows/bin/../lib/gcc/sh-elf/9.3.0/../../../../sh-elf/lib\libc.a(lib_a-assert.o)
                0x06019560                __assert_func
                0x060195a8                __assert
 .text          0x060195b8       0x4c c:/development/saturn/joengine-master/joengine/compiler/windows/bin/../lib/gcc/sh-elf/9.3.0/../../../../sh-elf/lib\libc.a(lib_a-fprintf.o)
                0x060195b8                _fprintf_r
                0x060195b8                _fiprintf_r
                0x060195d8                fprintf
                0x060195d8                fiprintf
 .text          0x06019604        0x0 c:/development/saturn/joengine-master/joengine/compiler/windows/bin/../lib/gcc/sh-elf/9.3.0/../../../../sh-elf/lib\libc.a(lib_a-impure.o)
 .text          0x06019604       0x28 c:/development/saturn/joengine-master/joengine/compiler/windows/bin/../lib/gcc/sh-elf/9.3.0/../../../../sh-elf/lib\libc.a(lib_a-malloc.o)
                0x06019604                malloc
                0x06019618                free
 .text          0x0601962c       0x1e c:/development/saturn/joengine-master/joengine/compiler/windows/bin/../lib/gcc/sh-elf/9.3.0/../../../../sh-elf/lib\libc.a(lib_a-memcmp.o)
                0x0601962c                memcmp
 *fill*         0x0601964a        0x2 
 .text          0x0601964c       0x94 c:/development/saturn/joengine-master/joengine/compiler/windows/bin/../lib/gcc/sh-elf/9.3.0/../../../../sh-elf/lib\libc.a(lib_a-memcpy.o)
                0x0601964c                memcpy
 .text          0x060196e0       0x40 c:/development/saturn/joengine-master/joengine/compiler/windows/bin/../lib/gcc/sh-elf/9.3.0/../../../../sh-elf/lib\libc.a(lib_a-memset.o)
                0x060196e0                memset
 .text          0x06019720       0xd0 c:/development/saturn/joengine-master/joengine/compiler/windows/bin/../lib/gcc/sh-elf/9.3.0/../../../../sh-elf/lib\libc.a(lib_a-nano-freer.o)
                0x06019720                _free_r
 .text          0x060197f0       0xf8 c:/development/saturn/joengine-master/joengine/compiler/windows/bin/../lib/gcc/sh-elf/9.3.0/../../../../sh-elf/lib\libc.a(lib_a-nano-mallocr.o)
                0x060197f0                _malloc_r
 .text          0x060198e8      0x37c c:/development/saturn/joengine-master/joengine/compiler/windows/bin/../lib/gcc/sh-elf/9.3.0/../../../../sh-elf/lib\libc.a(lib_a-nano-vfprintf.o)
                0x06019918                __sfputs_r
                0x0601998c                __sprint_r
                0x06019a28                _vfiprintf_r
                0x06019a28                _vfprintf_r
                0x06019c4c                vfprintf
                0x06019c4c                vfiprintf
 .text          0x06019c64      0x380 c:/development/saturn/joengine-master/joengine/compiler/windows/bin/../lib/gcc/sh-elf/9.3.0/../../../../sh-elf/lib\libc.a(lib_a-nano-vfprintf_i.o)
                0x06019c64                _printf_common
                0x06019d64                _printf_i
 .text          0x06019fe4      0x3b8 c:/development/saturn/joengine-master/joengine/compiler/windows/bin/../lib/gcc/sh-elf/9.3.0/../../../../sh-elf/lib\libc.a(lib_a-qsort.o)
                0x0601a090                qsort
 .text          0x0601a39c       0x60 c:/development/saturn/joengine-master/joengine/compiler/windows/bin/../lib/gcc/sh-elf/9.3.0/../../../../sh-elf/lib\libc.a(lib_a-rget.o)
                0x0601a39c                __srget_r
                0x0601a3e8                __srget
 .text          0x0601a3fc       0x30 c:/development/saturn/joengine-master/joengine/compiler/windows/bin/../lib/gcc/sh-elf/9.3.0/../../../../sh-elf/lib\libc.a(lib_a-sbrkr.o)
                0x0601a3fc                _sbrk_r
 .text          0x0601a42c       0x8c c:/development/saturn/joengine-master/joengine/compiler/windows/bin/../lib/gcc/sh-elf/9.3.0/../../../../sh-elf/lib\libc.a(lib_a-sprintf.o)
                0x0601a42c                _siprintf_r
                0x0601a42c                _sprintf_r
                0x0601a46c                siprintf
                0x0601a46c                sprintf
 .text          0x0601a4b8       0xd0 c:/development/saturn/joengine-master/joengine/compiler/windows/bin/../lib/gcc/sh-elf/9.3.0/../../../../sh-elf/lib\libc.a(lib_a-sscanf.o)
                0x0601a4b8                sscanf
                0x0601a4b8                siscanf
                0x0601a520                _siscanf_r
                0x0601a520                _sscanf_r
 .text          0x0601a588       0xe0 c:/development/saturn/joengine-master/joengine/compiler/windows/bin/../lib/gcc/sh-elf/9.3.0/../../../../sh-elf/lib\libc.a(lib_a-stdio.o)
                0x0601a588                __sread
                0x0601a5c4                __seofread
                0x0601a5c8                __swrite
                0x0601a618                __sseek
                0x0601a658                __sclose
 .text          0x0601a668       0x20 c:/development/saturn/joengine-master/joengine/compiler/windows/bin/../lib/gcc/sh-elf/9.3.0/../../../../sh-elf/lib\libc.a(lib_a-strcat.o)
                0x0601a668                strcat
 .text          0x0601a688       0x1e c:/development/saturn/joengine-master/joengine/compiler/windows/bin/../lib/gcc/sh-elf/9.3.0/../../../../sh-elf/lib\libc.a(lib_a-strchr.o)
                0x0601a688                strchr
 *fill*         0x0601a6a6        0x2 
 .text          0x0601a6a8       0x38 c:/development/saturn/joengine-master/joengine/compiler/windows/bin/../lib/gcc/sh-elf/9.3.0/../../../../sh-elf/lib\libc.a(lib_a-strcmp.o)
                0x0601a6a8                strcmp
 .text          0x0601a6e0       0x3c c:/development/saturn/joengine-master/joengine/compiler/windows/bin/../lib/gcc/sh-elf/9.3.0/../../../../sh-elf/lib\libc.a(lib_a-strcpy.o)
                0x0601a6e0                strcpy
 .text          0x0601a71c       0x20 c:/development/saturn/joengine-master/joengine/compiler/windows/bin/../lib/gcc/sh-elf/9.3.0/../../../../sh-elf/lib\libc.a(lib_a-strlen.o)
                0x0601a71c                strlen
 .text          0x0601a73c       0x2a c:/development/saturn/joengine-master/joengine/compiler/windows/bin/../lib/gcc/sh-elf/9.3.0/../../../../sh-elf/lib\libc.a(lib_a-strncmp.o)
                0x0601a73c                strncmp
 .text          0x0601a766       0x36 c:/development/saturn/joengine-master/joengine/compiler/windows/bin/../lib/gcc/sh-elf/9.3.0/../../../../sh-elf/lib\libc.a(lib_a-strncpy.o)
                0x0601a766                strncpy
 .text          0x0601a79c       0x40 c:/development/saturn/joengine-master/joengine/compiler/windows/bin/../lib/gcc/sh-elf/9.3.0/../../../../sh-elf/lib\libc.a(lib_a-strrchr.o)
                0x0601a79c                strrchr
 .text          0x0601a7dc       0x36 c:/development/saturn/joengine-master/joengine/compiler/windows/bin/../lib/gcc/sh-elf/9.3.0/../../../../sh-elf/lib\libc.a(lib_a-strstr.o)
                0x0601a7dc                strstr
 *fill*         0x0601a812        0x2 
 .text          0x0601a814      0x25c c:/development/saturn/joengine-master/joengine/compiler/windows/bin/../lib/gcc/sh-elf/9.3.0/../../../../sh-elf/lib\libc.a(lib_a-syscalls.o)
                0x0601a88c                _read
                0x0601a89c                _lseek
                0x0601a8ac                _write
                0x0601a8bc                _close
                0x0601a8cc                _link
                0x0601a8d0                _sbrk
                0x0601a928                _fstat
                0x0601a932                _open
                0x0601a944                _creat
                0x0601a954                _unlink
                0x0601a958                isatty
                0x0601a95c                _isatty
                0x0601a960                _exit
                0x0601a970                _kill
                0x0601a984                _getpid
                0x0601a988                _raise
                0x0601a98c                _stat
                0x0601a99c                _chmod
                0x0601a9ac                _chown
                0x0601a9bc                _utime
                0x0601a9d0                _fork
                0x0601a9dc                _wait
                0x0601a9ec                _execve
                0x0601a9fc                _execv
                0x0601aa0c                _pipe
                0x0601aa18                _times
                0x0601aa1c                _gettimeofday
                0x0601aa44                __setup_argv_and_call_main
 .text          0x0601aa70       0x14 c:/development/saturn/joengine-master/joengine/compiler/windows/bin/../lib/gcc/sh-elf/9.3.0/../../../../sh-elf/lib\libc.a(lib_a-trap.o)
                0x0601aa70                __trap34
 .text          0x0601aa84       0x94 c:/development/saturn/joengine-master/joengine/compiler/windows/bin/../lib/gcc/sh-elf/9.3.0/../../../../sh-elf/lib\libc.a(lib_a-vsnprintf.o)
                0x0601aa84                _vsniprintf_r
                0x0601aa84                _vsnprintf_r
                0x0601aaf4                vsnprintf
                0x0601aaf4                vsniprintf
 .text          0x0601ab18       0xdc c:/development/saturn/joengine-master/joengine/compiler/windows/bin/../lib/gcc/sh-elf/9.3.0/../../../../sh-elf/lib\libc.a(lib_a-wbuf.o)
                0x0601ab18                __swbuf_r
                0x0601abe0                __swbuf
 .text          0x0601abf4       0x34 c:/development/saturn/joengine-master/joengine/compiler/windows/bin/../lib/gcc/sh-elf/9.3.0/../../../../sh-elf/lib\libc.a(lib_a-writer.o)
                0x0601abf4                _write_r
 .text          0x0601ac28       0xcc c:/development/saturn/joengine-master/joengine/compiler/windows/bin/../lib/gcc/sh-elf/9.3.0/../../../../sh-elf/lib\libc.a(lib_a-wsetup.o)
                0x0601ac28                __swsetup_r
 .text          0x0601acf4       0x18 c:/development/saturn/joengine-master/joengine/compiler/windows/bin/../lib/gcc/sh-elf/9.3.0/../../../../sh-elf/lib\libc.a(lib_a-abort.o)
                0x0601acf4                abort
 .text          0x0601ad0c       0x30 c:/development/saturn/joengine-master/joengine/compiler/windows/bin/../lib/gcc/sh-elf/9.3.0/../../../../sh-elf/lib\libc.a(lib_a-closer.o)
                0x0601ad0c                _close_r
 .text          0x0601ad3c      0x1a4 c:/development/saturn/joengine-master/joengine/compiler/windows/bin/../lib/gcc/sh-elf/9.3.0/../../../../sh-elf/lib\libc.a(lib_a-fflush.o)
                0x0601ad3c                __sflush_r
                0x0601ae78                _fflush_r
                0x0601aeb8                fflush
 .text          0x0601aee0      0x1d0 c:/development/saturn/joengine-master/joengine/compiler/windows/bin/../lib/gcc/sh-elf/9.3.0/../../../../sh-elf/lib\libc.a(lib_a-findfp.o)
                0x0601af38                _cleanup_r
                0x0601af48                __sfmoreglue
                0x0601af94                _cleanup
                0x0601afa8                __sinit
                0x0601affc                __sfp
 .text          0x0601b0b0      0x118 c:/development/saturn/joengine-master/joengine/compiler/windows/bin/../lib/gcc/sh-elf/9.3.0/../../../../sh-elf/lib\libc.a(lib_a-fputwc.o)
                0x0601b0b0                __fputwc
                0x0601b164                _fputwc_r
                0x0601b188                fputwc
 .text          0x0601b1c8      0x304 c:/development/saturn/joengine-master/joengine/compiler/windows/bin/../lib/gcc/sh-elf/9.3.0/../../../../sh-elf/lib\libc.a(lib_a-fvwrite.o)
                0x0601b1c8                __sfvwrite_r
 .text          0x0601b4cc       0xb0 c:/development/saturn/joengine-master/joengine/compiler/windows/bin/../lib/gcc/sh-elf/9.3.0/../../../../sh-elf/lib\libc.a(lib_a-fwalk.o)
                0x0601b4cc                _fwalk
                0x0601b520                _fwalk_reent
 .text          0x0601b57c       0x6c c:/development/saturn/joengine-master/joengine/compiler/windows/bin/../lib/gcc/sh-elf/9.3.0/../../../../sh-elf/lib\libc.a(lib_a-locale.o)
                0x0601b57c                _setlocale_r
                0x0601b5c8                __locale_mb_cur_max
                0x0601b5d4                setlocale
 .text          0x0601b5e8       0x34 c:/development/saturn/joengine-master/joengine/compiler/windows/bin/../lib/gcc/sh-elf/9.3.0/../../../../sh-elf/lib\libc.a(lib_a-lseekr.o)
                0x0601b5e8                _lseek_r
 .text          0x0601b61c      0x108 c:/development/saturn/joengine-master/joengine/compiler/windows/bin/../lib/gcc/sh-elf/9.3.0/../../../../sh-elf/lib\libc.a(lib_a-makebuf.o)
                0x0601b61c                __swhatbuf_r
                0x0601b678                __smakebuf_r
 .text          0x0601b724       0x34 c:/development/saturn/joengine-master/joengine/compiler/windows/bin/../lib/gcc/sh-elf/9.3.0/../../../../sh-elf/lib\libc.a(lib_a-mbtowc_r.o)
                0x0601b724                _mbtowc_r
                0x0601b730                __ascii_mbtowc
 .text          0x0601b758       0x1c c:/development/saturn/joengine-master/joengine/compiler/windows/bin/../lib/gcc/sh-elf/9.3.0/../../../../sh-elf/lib\libc.a(lib_a-memchr.o)
                0x0601b758                memchr
 .text          0x0601b774       0x3c c:/development/saturn/joengine-master/joengine/compiler/windows/bin/../lib/gcc/sh-elf/9.3.0/../../../../sh-elf/lib\libc.a(lib_a-memmove.o)
                0x0601b774                memmove
 .text          0x0601b7b0        0x8 c:/development/saturn/joengine-master/joengine/compiler/windows/bin/../lib/gcc/sh-elf/9.3.0/../../../../sh-elf/lib\libc.a(lib_a-mlock.o)
                0x0601b7b0                __malloc_lock
                0x0601b7b4                __malloc_unlock
 .text          0x0601b7b8       0x7c c:/development/saturn/joengine-master/joengine/compiler/windows/bin/../lib/gcc/sh-elf/9.3.0/../../../../sh-elf/lib\libc.a(lib_a-nano-reallocr.o)
                0x0601b7b8                _realloc_r
 .text          0x0601b834      0x444 c:/development/saturn/joengine-master/joengine/compiler/windows/bin/../lib/gcc/sh-elf/9.3.0/../../../../sh-elf/lib\libc.a(lib_a-nano-svfprintf.o)
                0x0601b834                __ssputs_r
                0x0601b928                __ssprint_r
                0x0601ba5c                _svfprintf_r
                0x0601ba5c                _svfiprintf_r
 .text          0x0601bc78      0x3f8 c:/development/saturn/joengine-master/joengine/compiler/windows/bin/../lib/gcc/sh-elf/9.3.0/../../../../sh-elf/lib\libc.a(lib_a-nano-svfscanf.o)
                0x0601bc78                _sungetc_r
                0x0601bd14                __ssrefill_r
                0x0601bd60                __ssvfiscanf_r
                0x0601bd60                __ssvfscanf_r
 .text          0x0601c070      0x324 c:/development/saturn/joengine-master/joengine/compiler/windows/bin/../lib/gcc/sh-elf/9.3.0/../../../../sh-elf/lib\libc.a(lib_a-nano-vfscanf_i.o)
                0x0601c070                _scanf_chars
                0x0601c150                _scanf_i
 .text          0x0601c394       0x34 c:/development/saturn/joengine-master/joengine/compiler/windows/bin/../lib/gcc/sh-elf/9.3.0/../../../../sh-elf/lib\libc.a(lib_a-readr.o)
                0x0601c394                _read_r
 .text          0x0601c3c8      0x150 c:/development/saturn/joengine-master/joengine/compiler/windows/bin/../lib/gcc/sh-elf/9.3.0/../../../../sh-elf/lib\libc.a(lib_a-refill.o)
                0x0601c3e0                __srefill_r
 .text          0x0601c518       0xa0 c:/development/saturn/joengine-master/joengine/compiler/windows/bin/../lib/gcc/sh-elf/9.3.0/../../../../sh-elf/lib\libc.a(lib_a-sccl.o)
                0x0601c518                __sccl
 .text          0x0601c5b8      0x1b4 c:/development/saturn/joengine-master/joengine/compiler/windows/bin/../lib/gcc/sh-elf/9.3.0/../../../../sh-elf/lib\libc.a(lib_a-signal.o)
                0x0601c5b8                _init_signal_r
                0x0601c5f8                _signal_r
                0x0601c644                _raise_r
                0x0601c6bc                __sigtramp_r
                0x0601c720                raise
                0x0601c734                signal
                0x0601c748                _init_signal
                0x0601c758                __sigtramp
 .text          0x0601c76c       0x40 c:/development/saturn/joengine-master/joengine/compiler/windows/bin/../lib/gcc/sh-elf/9.3.0/../../../../sh-elf/lib\libc.a(lib_a-signalr.o)
                0x0601c76c                _kill_r
                0x0601c7a0                _getpid_r
 .text          0x0601c7ac      0x19c c:/development/saturn/joengine-master/joengine/compiler/windows/bin/../lib/gcc/sh-elf/9.3.0/../../../../sh-elf/lib\libc.a(lib_a-strtol.o)
                0x0601c90c                _strtol_r
                0x0601c918                strtol_l
                0x0601c930                strtol
 .text          0x0601c948      0x16c c:/development/saturn/joengine-master/joengine/compiler/windows/bin/../lib/gcc/sh-elf/9.3.0/../../../../sh-elf/lib\libc.a(lib_a-strtoul.o)
                0x0601ca78                _strtoul_r
                0x0601ca84                strtoul_l
                0x0601ca9c                strtoul
 .text          0x0601cab4      0x1b0 c:/development/saturn/joengine-master/joengine/compiler/windows/bin/../lib/gcc/sh-elf/9.3.0/../../../../sh-elf/lib\libc.a(lib_a-ungetc.o)
                0x0601cab4                __submore
                0x0601cb44                _ungetc_r
                0x0601cc50                ungetc
 .text          0x0601cc64       0x50 c:/development/saturn/joengine-master/joengine/compiler/windows/bin/../lib/gcc/sh-elf/9.3.0/../../../../sh-elf/lib\libc.a(lib_a-wcrtomb.o)
                0x0601cc64                _wcrtomb_r
                0x0601cc9c                wcrtomb
 .text          0x0601ccb4       0x2c c:/development/saturn/joengine-master/joengine/compiler/windows/bin/../lib/gcc/sh-elf/9.3.0/../../../../sh-elf/lib\libc.a(lib_a-wctomb_r.o)
                0x0601ccb4                _wctomb_r
                0x0601ccc0                __ascii_wctomb
 .text          0x0601cce0        0x0 c:/development/saturn/joengine-master/joengine/compiler/windows/bin/../lib/gcc/sh-elf/9.3.0/../../../../sh-elf/lib\libc.a(lib_a-ctype_.o)
 .text          0x0601cce0        0xc c:/development/saturn/joengine-master/joengine/compiler/windows/bin/../lib/gcc/sh-elf/9.3.0/../../../../sh-elf/lib\libc.a(lib_a-errno.o)
                0x0601cce0                __errno
 .text          0x0601ccec       0x34 c:/development/saturn/joengine-master/joengine/compiler/windows/bin/../lib/gcc/sh-elf/9.3.0/../../../../sh-elf/lib\libc.a(lib_a-fstatr.o)
                0x0601ccec                _fstat_r
 .text          0x0601cd20       0x30 c:/development/saturn/joengine-master/joengine/compiler/windows/bin/../lib/gcc/sh-elf/9.3.0/../../../../sh-elf/lib\libc.a(lib_a-isattyr.o)
                0x0601cd20                _isatty_r
 .text          0x0601cd50       0x16 c:/development/saturn/joengine-master/joengine/compiler/windows/bin/../lib/gcc/sh-elf/9.3.0/../../../../sh-elf/lib\libc.a(lib_a-nano-msizer.o)
                0x0601cd50                _malloc_usable_size_r
 *(.strings)
 *(SEGA_P)
 *(.eh_frame_hdr)
 *(.eh_frame)
                0x0601cd66                __etext = .

.text.startup   0x0601cd70       0x40
 .text.startup  0x0601cd70       0x40 ../../jo_engine/core.o
                0x0601cd70                main

SLPROG          0x0601cdc0    0x10f60
                0x0601cdc0                __slprog_start = .
 *(SLPROG)
 SLPROG         0x0601cdc0     0x6540 ../../Compiler/COMMON/SGL_302j/LIB_ELF/SGLAREA.O
                0x0601cdc0                MasterStack
                0x0601cdc4                SlaveStack
                0x0601cdc8                MaxVertices
                0x0601cdca                MaxPolygons
                0x0601cdcc                SortList
                0x0601cdd0                SortListSize
                0x0601cdd4                TransList
                0x0601cdd8                Zbuffer
                0x0601cddc                SpriteBuf
                0x0601cde0                SpriteBufSize
                0x0601cde4                Pbuffer
                0x0601cde8                CommandBuf
                0x0601cdec                CLOfstBuf
                0x0601cdf0                PCM_Work
                0x0601cdf4                PCM_WkSize
                0x0601cdf8                MaxEvents
                0x0601cdfa                EventSize
                0x0601cdfc                MaxWorks
                0x0601cdfe                WorkSize
                0x0601ce00                RemainEvent
                0x0601cf00                RemainWork
                0x0601d300                EventBuf
                0x0601f300                WorkBuf
 SLPROG         0x06023300       0x20 ../../Compiler/COMMON/SGL_302j/LIB_ELF/LIBSGL.A(sglB001.o)
                0x06023300                slTVOn
                0x0602330a                slTVOff
 SLPROG         0x06023320       0x24 ../../Compiler/COMMON/SGL_302j/LIB_ELF/LIBSGL.A(sglB011.o)
                0x06023320                slBitMapNbg1
 *fill*         0x06023344        0xc 
 SLPROG         0x06023350        0x8 ../../Compiler/COMMON/SGL_302j/LIB_ELF/LIBSGL.A(sglB014.o)
                0x06023350                slScrTransparent
 *fill*         0x06023358        0x8 
 SLPROG         0x06023360      0x40c ../../Compiler/COMMON/SGL_302j/LIB_ELF/LIBSGL.A(sglB015.o)
                0x06023360                slScrAutoDisp
 *fill*         0x0602376c        0x4 
 SLPROG         0x06023770        0xc ../../Compiler/COMMON/SGL_302j/LIB_ELF/LIBSGL.A(sglB016.o)
                0x06023770                slBack1ColSet
 *fill*         0x0602377c        0x4 
 SLPROG         0x06023780       0x10 ../../Compiler/COMMON/SGL_302j/LIB_ELF/LIBSGL.A(sglB020.o)
                0x06023780                slColorCalc
 SLPROG         0x06023790        0xc ../../Compiler/COMMON/SGL_302j/LIB_ELF/LIBSGL.A(sglB021.o)
                0x06023790                slColorCalcOn
 *fill*         0x0602379c        0x4 
 SLPROG         0x060237a0        0xc ../../Compiler/COMMON/SGL_302j/LIB_ELF/LIBSGL.A(sglB023.o)
                0x060237a0                slColRate
 *fill*         0x060237ac        0x4 
 SLPROG         0x060237b0       0xb0 ../../Compiler/COMMON/SGL_302j/LIB_ELF/LIBSGL.A(sglB031.o)
                0x060237b0                slMapNbg0
 SLPROG         0x06023860       0xb4 ../../Compiler/COMMON/SGL_302j/LIB_ELF/LIBSGL.A(sglB032.o)
                0x06023860                slMapNbg1
 *fill*         0x06023914        0xc 
 SLPROG         0x06023920       0xb0 ../../Compiler/COMMON/SGL_302j/LIB_ELF/LIBSGL.A(sglB033.o)
                0x06023920                slMapNbg2
 SLPROG         0x060239d0       0xb4 ../../Compiler/COMMON/SGL_302j/LIB_ELF/LIBSGL.A(sglB034.o)
                0x060239d0                slMapNbg3
 *fill*         0x06023a84        0xc 
 SLPROG         0x06023a90       0xd4 ../../Compiler/COMMON/SGL_302j/LIB_ELF/LIBSGL.A(sglB035.o)
                0x06023a90                sl1MapRA
                0x06023b22                rbank_set
 *fill*         0x06023b64        0xc 
 SLPROG         0x06023b70       0xa0 ../../Compiler/COMMON/SGL_302j/LIB_ELF/LIBSGL.A(sglB036.o)
                0x06023b70                sl1MapRB
 SLPROG         0x06023c10       0x70 ../../Compiler/COMMON/SGL_302j/LIB_ELF/LIBSGL.A(sglB038.o)
                0x06023c10                slRparaInitSet
 SLPROG         0x06023c80       0x7e ../../Compiler/COMMON/SGL_302j/LIB_ELF/LIBSGL.A(sglB039.o)
                0x06023c80                slMakeKtable
 *fill*         0x06023cfe        0x2 
 SLPROG         0x06023d00       0x58 ../../Compiler/COMMON/SGL_302j/LIB_ELF/LIBSGL.A(sglB040.o)
                0x06023d00                slKtableRA
 *fill*         0x06023d58        0x8 
 SLPROG         0x06023d60       0x5c ../../Compiler/COMMON/SGL_302j/LIB_ELF/LIBSGL.A(sglB041.o)
                0x06023d60                slKtableRB
 *fill*         0x06023dbc        0x4 
 SLPROG         0x06023dc0        0x8 ../../Compiler/COMMON/SGL_302j/LIB_ELF/LIBSGL.A(sglB043.o)
                0x06023dc0                slRparaMode
 *fill*         0x06023dc8        0x8 
 SLPROG         0x06023dd0        0xc ../../Compiler/COMMON/SGL_302j/LIB_ELF/LIBSGL.A(sglB047.o)
                0x06023dd0                slOverRA
 *fill*         0x06023ddc        0x4 
 SLPROG         0x06023de0       0x10 ../../Compiler/COMMON/SGL_302j/LIB_ELF/LIBSGL.A(sglB048.o)
                0x06023de0                slOverRB
 SLPROG         0x06023df0        0xc ../../Compiler/COMMON/SGL_302j/LIB_ELF/LIBSGL.A(sglB055.o)
                0x06023df0                slPlaneNbg0
 *fill*         0x06023dfc        0x4 
 SLPROG         0x06023e00        0xc ../../Compiler/COMMON/SGL_302j/LIB_ELF/LIBSGL.A(sglB056.o)
                0x06023e00                slPlaneNbg1
 *fill*         0x06023e0c        0x4 
 SLPROG         0x06023e10       0x10 ../../Compiler/COMMON/SGL_302j/LIB_ELF/LIBSGL.A(sglB057.o)
                0x06023e10                slPlaneNbg2
 SLPROG         0x06023e20       0x10 ../../Compiler/COMMON/SGL_302j/LIB_ELF/LIBSGL.A(sglB058.o)
                0x06023e20                slPlaneNbg3
 SLPROG         0x06023e30        0xc ../../Compiler/COMMON/SGL_302j/LIB_ELF/LIBSGL.A(sglB059.o)
                0x06023e30                slPlaneRA
 *fill*         0x06023e3c        0x4 
 SLPROG         0x06023e40       0x10 ../../Compiler/COMMON/SGL_302j/LIB_ELF/LIBSGL.A(sglB060.o)
                0x06023e40                slPlaneRB
 SLPROG         0x06023e50        0xc ../../Compiler/COMMON/SGL_302j/LIB_ELF/LIBSGL.A(sglB063.o)
                0x06023e50                slPriority
 *fill*         0x06023e5c        0x4 
 SLPROG         0x06023e60       0x18 ../../Compiler/COMMON/SGL_302j/LIB_ELF/LIBSGL.A(sglB087.o)
                0x06023e60                slLineScrollTable0
 *fill*         0x06023e78        0x8 
 SLPROG         0x06023e80        0x8 ../../Compiler/COMMON/SGL_302j/LIB_ELF/LIBSGL.A(sglB088.o)
                0x06023e80                slLineScrollTable1
 *fill*         0x06023e88        0x8 
 SLPROG         0x06023e90        0xc ../../Compiler/COMMON/SGL_302j/LIB_ELF/LIBSGL.A(sglB090.o)
                0x06023e90                slLineScrollMode
 *fill*         0x06023e9c        0x4 
 SLPROG         0x06023ea0      0x114 ../../Compiler/COMMON/SGL_302j/LIB_ELF/LIBSGL.A(sglB200.o)
                0x06023ea0                slCharRbg0
                0x06023eac                slCharNbg0
                0x06023eb8                slCharNbg1
                0x06023ec4                slCharNbg2
                0x06023eda                slCharNbg3
                0x06023ef2                slPageRbg0
                0x06023f08                slPageNbg1
                0x06023f10                slPageNbg2
                0x06023f18                slPageNbg3
                0x06023f24                slPageNbg0
 *fill*         0x06023fb4        0xc 
 SLPROG         0x06023fc0       0x78 ../../Compiler/COMMON/SGL_302j/LIB_ELF/LIBSGL.A(sglC05.o)
                0x06023fc0                slSetSprite
 *fill*         0x06024038        0x8 
 SLPROG         0x06024040       0xfa ../../Compiler/COMMON/SGL_302j/LIB_ELF/LIBSGL.A(sglC06.o)
                0x06024040                slDispSprite
 *fill*         0x0602413a        0x6 
 SLPROG         0x06024140      0x162 ../../Compiler/COMMON/SGL_302j/LIB_ELF/LIBSGL.A(sglC07.o)
                0x06024146                slPutSprite
 *fill*         0x060242a2        0xe 
 SLPROG         0x060242b0       0x4c ../../Compiler/COMMON/SGL_302j/LIB_ELF/LIBSGL.A(sglC17.o)
                0x060242b0                slDispSpriteHV
 *fill*         0x060242fc        0x4 
 SLPROG         0x06024300       0xd4 ../../Compiler/COMMON/SGL_302j/LIB_ELF/LIBSGL.A(sglC19.o)
                0x06024300                slDispSprite4P
 *fill*         0x060243d4        0xc 
 SLPROG         0x060243e0       0x40 ../../Compiler/COMMON/SGL_302j/LIB_ELF/LIBSGL.A(sglC20.o)
                0x060243e0                SpriteEntry
 SLPROG         0x06024420      0x4ae ../../Compiler/COMMON/SGL_302j/LIB_ELF/LIBSGL.A(sglC21.o)
                0x060244a8                RotSprite
                0x06024536                SetSprPosition
 *fill*         0x060248ce        0x2 
 SLPROG         0x060248d0       0x84 ../../Compiler/COMMON/SGL_302j/LIB_ELF/LIBSGL.A(sglD00.o)
                0x060248d0                slCpuDMACopy
                0x060248d0                slDMACopy
                0x0602492a                CSH_AllClr
                0x0602492a                slCashPurge
 *fill*         0x06024954        0xc 
 SLPROG         0x06024960       0xa0 ../../Compiler/COMMON/SGL_302j/LIB_ELF/LIBSGL.A(sglD01.o)
                0x06024960                slDMAXCopy
 SLPROG         0x06024a00        0xc ../../Compiler/COMMON/SGL_302j/LIB_ELF/LIBSGL.A(sglD03.o)
                0x06024a00                slDMAStatus
 *fill*         0x06024a0c        0x4 
 SLPROG         0x06024a10       0x20 ../../Compiler/COMMON/SGL_302j/LIB_ELF/LIBSGL.A(sglD15.o)
                0x06024a10                CSH_Purge
 SLPROG         0x06024a30       0x84 ../../Compiler/COMMON/SGL_302j/LIB_ELF/LIBSGL.A(sglD16.o)
                0x06024a30                DMA_ScuSetPrm
                0x06024a78                DMA_SCU_PRM0
 *fill*         0x06024ab4        0xc 
 SLPROG         0x06024ac0       0x88 ../../Compiler/COMMON/SGL_302j/LIB_ELF/LIBSGL.A(sglD17.o)
                0x06024ac0                DMA_ScuStart
 *fill*         0x06024b48        0x8 
 SLPROG         0x06024b50       0x34 ../../Compiler/COMMON/SGL_302j/LIB_ELF/LIBSGL.A(sglD18.o)
                0x06024b50                DMA_ScuGetStatus
 *fill*         0x06024b84        0xc 
 SLPROG         0x06024b90       0x34 ../../Compiler/COMMON/SGL_302j/LIB_ELF/LIBSGL.A(sglF08.o)
                0x06024b90                slDec2Hex
 *fill*         0x06024bc4        0xc 
 SLPROG         0x06024bd0      0xfc8 ../../Compiler/COMMON/SGL_302j/LIB_ELF/LIBSGL.A(sglH00.o)
                0x06024be8                slGetPortDir1
                0x06024bf0                slGetPortDir2
                0x06024bf8                slSetPortDir1
                0x06024c22                slSetPortDir2
                0x06024c5c                slGetPortData1
                0x06024c64                slGetPortData2
                0x06024c6c                slSetPortData1
                0x06024c76                slSetPortData2
                0x06024c88                slGetPortSelect1
                0x06024c92                slGetPortSelect2
                0x06024c9c                slSetPortSelect1
                0x06024cd0                slSetPortSelect2
                0x06024d0c                slGetPortExt1
                0x06024d16                slGetPortExt2
                0x06024d20                slSetPortExt1
                0x06024d50                slSetPortExt2
                0x06024ec4                slSmpcDirectAccess
                0x06024f44                slInitPeripheral
                0x06024fd6                slSetResultBuffer
                0x06025062                slCheckIntBackSet
                0x0602506e                slIntBackCancel
                0x06025098                slCheckReset
                0x060250a2                slClearReset
                0x06025268                slSmpcCashSend
                0x06025324                slSmpcCashBlow
                0x06025400                slGetOptimize
                0x0602540a                slSetOptimize
                0x06025430                slGetPortMode1
                0x0602543c                slGetPortMode2
                0x0602544a                slSetPortMode1
                0x06025488                slSetPortMode2
                0x06025614                slRequestCommand
                0x06025684                Smpc_Status
                0x06025688                Smpc_Result
                0x0602568c                Smpc_Peripheral
                0x06025692                Per_Connect1
                0x06025693                Per_Connect2
                0x060256b4                SmpcStatusBuf
 *fill*         0x06025b98        0x8 
 SLPROG         0x06025ba0       0xa8 ../../Compiler/COMMON/SGL_302j/LIB_ELF/LIBSGL.A(sglH01.o)
                0x06025ba0                slGetLanguage
                0x06025baa                slSetLanguage
                0x06025bcc                slGetSoundEffect
                0x06025bd8                slSetSoundEffect
                0x06025bf4                slGetSoundOutput
                0x06025c00                slSetSoundOutput
                0x06025c1c                slGetHelpWindow
                0x06025c28                slSetHelpWindow
 *fill*         0x06025c48        0x8 
 SLPROG         0x06025c50      0x470 ../../Compiler/COMMON/SGL_302j/LIB_ELF/LIBSGL.A(sglH02.o)
                0x06026040                smpc_pfr_tbl
                0x06026080                smpc_ptf_tbl
 SLPROG         0x060260c0       0x60 ../../Compiler/COMMON/SGL_302j/LIB_ELF/LIBSGL.A(sglH04.o)
                0x060260c0                slComPrmIntBack
                0x060260d4                slComPrmSetMemory
                0x060260ea                slComPrmSetTime
 SLPROG         0x06026120      0x3a4 ../../Compiler/COMMON/SGL_302j/LIB_ELF/LIBSGL.A(sglI01.o)
                0x06026120                slInitSynch
                0x0602613a                slSynch
                0x06026230                slRandom
                0x0602624e                PCM_EndCheck
                0x0602630a                RetPCMBuf
                0x060263a4                PCM_Buf
                0x06026444                Sound_Buf
 *fill*         0x060264c4        0xc 
 SLPROG         0x060264d0       0x10 ../../Compiler/COMMON/SGL_302j/LIB_ELF/LIBSGL.A(sglI04.o)
                0x060264d0                slIntFunction
 SLPROG         0x060264e0       0x74 ../../Compiler/COMMON/SGL_302j/LIB_ELF/LIBSGL.A(sglJ00.o)
                0x060264e0                InitSlaveSH
                0x06026548                SlaveCommand
 *fill*         0x06026554        0xc 
 SLPROG         0x06026560      0x3d0 ../../Compiler/COMMON/SGL_302j/LIB_ELF/LIBSGL.A(sglJ01.o)
                0x06026560                SlaveControl
                0x0602691c                ErasePolygonData
 SLPROG         0x06026930     0x12b8 ../../Compiler/COMMON/SGL_302j/LIB_ELF/LIBSGL.A(sglJ02.o)
                0x06026930                sbMakePolygon
                0x06026b18                sbCalcPolygon
                0x06027850                SetTexture
                0x0602785c                SetPolygon
                0x06027864                SetPosition
                0x0602789c                stvtc_4
                0x06027954                stvtc_3
                0x06027b64                stvtc_1
                0x06027b78                stvtc_2
                0x06027b8c                stvtc_0
 *fill*         0x06027be8        0x8 
 SLPROG         0x06027bf0      0x140 ../../Compiler/COMMON/SGL_302j/LIB_ELF/LIBSGL.A(sglJ03.o)
                0x06027bf0                sbMakeDMATable
 SLPROG         0x06027d30      0x470 ../../Compiler/COMMON/SGL_302j/LIB_ELF/LIBSGL.A(sglJ04.o)
                0x06027d8e                sbMakeSprite
                0x06027df4                sbMakeRotSprite
 SLPROG         0x060281a0       0x3c ../../Compiler/COMMON/SGL_302j/LIB_ELF/LIBSGL.A(sglJ05.o)
                0x060281a0                sbSortEntry
 *fill*         0x060281dc        0x4 
 SLPROG         0x060281e0       0x6a ../../Compiler/COMMON/SGL_302j/LIB_ELF/LIBSGL.A(sglM01.o)
                0x060281e0                slSetDepthLimit
                0x0602820c                slSetDepthTbl
                0x0602823c                DepthWorkArea
 *fill*         0x0602824a        0x6 
 SLPROG         0x06028250       0x20 ../../Compiler/COMMON/SGL_302j/LIB_ELF/LIBSGL.A(sglA00.o)
                0x06028250                set_imask
                0x06028250                _builtin_set_imask
                0x06028264                _builtin_get_imask
                0x06028264                get_imask
 SLPROG         0x06028270     0x411e ../../Compiler/COMMON/SGL_302j/LIB_ELF/LIBSGL.A(sglA01.o)
                0x06028270                slSin
                0x06028294                slCos
                0x060282b8                GetSinCos
                0x0602834c                sin_cos_index_tbl
                0x0602838c                sin_tbl
 *fill*         0x0602c38e        0x2 
 SLPROG         0x0602c390      0x42c ../../Compiler/COMMON/SGL_302j/LIB_ELF/LIBSGL.A(sglA20.o)
                0x0602c390                slInitMatrix
                0x0602c39a                slPushUnitMatrix
                0x0602c3ae                slUnitMatrix
 *fill*         0x0602c7bc        0x4 
 SLPROG         0x0602c7c0      0xbd0 ../../Compiler/COMMON/SGL_302j/LIB_ELF/LIBSGL.A(sglB000.o)
                0x0602c7c0                slInitScroll
                0x0602c8e0                setASC_1to8
                0x0602c910                setASC_4to8
                0x0602ca20                TVSizeTbl
                0x0602caa0                TVModeTbl
                0x0602cc78                SGL_ASCII_CG
 SLPROG         0x0602d390      0x134 ../../Compiler/COMMON/SGL_302j/LIB_ELF/LIBSGL.A(sglC00.o)
                0x0602d390                slInitSprite
 *fill*         0x0602d4c4        0xc 
 SLPROG         0x0602d4d0      0x75c ../../Compiler/COMMON/SGL_302j/LIB_ELF/LIBSGL.A(sglI00.o)
                0x0602d7c0                slInitInterrupt
 *fill*         0x0602dc2c        0x4 
 SLPROG         0x0602dc30       0xf0 ../../Compiler/COMMON/SGL_302j/LIB_ELF/LIBSGL.A(sglH03.o)
                0x0602dc94                slSmpcIntBack
                0x0602dd20                __slprog_end = .

.tors           0x0602dd20        0x0
                0x0602dd20                ___ctors = .
 *(.ctors)
                0x0602dd20                ___ctors_end = .
                0x0602dd20                ___dtors = .
 *(.dtors)
                0x0602dd20                ___dtors_end = .

.data           0x0602dd20      0x670
 *(.data)
 .data          0x0602dd20        0x0 ../../Compiler/COMMON/SGL_302j/LIB_ELF/SGLAREA.O
 .data          0x0602dd20        0x0 pad_controllers.o
 .data          0x0602dd20        0x0 debug.o
 .data          0x0602dd20        0x0 main.o
 .data          0x0602dd20        0x0 font.o
 .data          0x0602dd20        0x0 sprite_manager.o
 .data          0x0602dd20        0x0 satiator_functions.o
 .data          0x0602dd20        0x0 background.o
 .data          0x0602dd20        0x0 states/splash.o
 .data          0x0602dd20        0x5 states/gamelist.o
                0x0602dd24                truncatedList
 .data          0x0602dd25        0x0 satiator/jhloader.o
 .data          0x0602dd25        0x0 satiator/satiator.o
 .data          0x0602dd25        0x0 satiator/disc_format/cue2desc.o
 .data          0x0602dd25        0x0 satiator/disc_format/cdparse.o
 *fill*         0x0602dd25        0x3 
 .data          0x0602dd28       0x10 satiator/iapetus/cd/cd.o
                0x0602dd28                sector_size_tbl
 .data          0x0602dd38        0x0 satiator/iapetus/cd/cdsect.o
 .data          0x0602dd38        0x0 satiator/iapetus/sh2/sh2int.o
 .data          0x0602dd38        0x0 satiator/iapetus/video/vdpinit.o
 .data          0x0602dd38        0x0 ../../jo_engine/backup.o
 .data          0x0602dd38        0x0 ../../jo_engine/tga.o
 .data          0x0602dd38        0x4 ../../jo_engine/fs.o
 .data          0x0602dd3c        0x0 ../../jo_engine/font.o
 .data          0x0602dd3c        0x0 ../../jo_engine/input.o
 .data          0x0602dd3c        0x0 ../../jo_engine/physics.o
 .data          0x0602dd3c        0x0 ../../jo_engine/core.o
 .data          0x0602dd3c        0x4 ../../jo_engine/math.o
                0x0602dd3c                jo_random_seed
 .data          0x0602dd40        0x0 ../../jo_engine/malloc.o
 .data          0x0602dd40        0x0 ../../jo_engine/tools.o
 .data          0x0602dd40        0x0 ../../jo_engine/palette.o
 .data          0x0602dd40       0x2c ../../jo_engine/sprites.o
                0x0602dd44                __jo_gouraud_shading_runtime_index