Archive member included to satisfy reference by file (symbol)

mode/mode_intf.a(mode_intf.o)
                              Save-Game-Copier/backup-mode.o (MODE_Open)
../../Compiler/COMMON/SGL_302j/LIB_ELF/SEGA_SYS.A(sys_exit.o)
                              ../../jo_engine/core.o (SYS_Exit)
../../Compiler/COMMON/SGL_302j/LIB_ELF/SEGA_SYS.A(sys_sub.o)
                              ../../Compiler/COMMON/SGL_302j/LIB_ELF/SEGA_SYS.A(sys_exit.o) (SYSUB_SetStackptr)
../../Compiler/COMMON/SGL_302j/LIB_ELF/LIBCD.A(CDC_CMN.O)
                              ../../Compiler/COMMON/SGL_302j/LIB_ELF/SEGA_SYS.A(sys_exit.o) (CDC_GetCurStat)
../../Compiler/COMMON/SGL_302j/LIB_ELF/LIBCD.A(CDC_DRV.O)
                              ../../jo_engine/audio.o (CDC_CdPlay)
../../Compiler/COMMON/SGL_302j/LIB_ELF/LIBCD.A(CDC_CFS.O)
                              ../../Compiler/COMMON/SGL_302j/LIB_ELF/SEGA_SYS.A(sys_exit.o) (CDC_ChgDir)
../../Compiler/COMMON/SGL_302j/LIB_ELF/LIBCD.A(CDC_REG.O)
                              ../../Compiler/COMMON/SGL_302j/LIB_ELF/SEGA_SYS.A(sys_exit.o) (CDC_GetHirqReq)
../../Compiler/COMMON/SGL_302j/LIB_ELF/LIBCD.A(CDC_SUB.O)
                              ../../Compiler/COMMON/SGL_302j/LIB_ELF/LIBCD.A(CDC_CMN.O) (CDSUB_UpdStatus)
../../Compiler/COMMON/SGL_302j/LIB_ELF/LIBCD.A(GFS.O)
                              ../../jo_engine/fs.o (GFS_Init)
../../Compiler/COMMON/SGL_302j/LIB_ELF/LIBCD.A(GFS_BUF.O)
                              ../../Compiler/COMMON/SGL_302j/LIB_ELF/LIBCD.A(GFS.O) (GFBF_GetNumData)
../../Compiler/COMMON/SGL_302j/LIB_ELF/LIBCD.A(GFS_CDB.O)
                              ../../Compiler/COMMON/SGL_302j/LIB_ELF/LIBCD.A(GFS.O) (GFCB_Close)
../../Compiler/COMMON/SGL_302j/LIB_ELF/LIBCD.A(GFS_CDC.O)
                              ../../Compiler/COMMON/SGL_302j/LIB_ELF/LIBCD.A(GFS.O) (GFCD_SetCdbfs)
../../Compiler/COMMON/SGL_302j/LIB_ELF/LIBCD.A(GFS_CDF.O)
                              ../../Compiler/COMMON/SGL_302j/LIB_ELF/LIBCD.A(GFS.O) (GFCF_Init)
../../Compiler/COMMON/SGL_302j/LIB_ELF/LIBCD.A(GFS_DIR.O)
                              ../../Compiler/COMMON/SGL_302j/LIB_ELF/LIBCD.A(GFS.O) (GFDR_SetupDirTbl)
../../Compiler/COMMON/SGL_302j/LIB_ELF/LIBCD.A(GFS_TRN.O)
                              ../../Compiler/COMMON/SGL_302j/LIB_ELF/LIBCD.A(GFS.O) (GFTR_Setup)
../../Compiler/COMMON/SGL_302j/LIB_ELF/LIBCD.A(CDC_DEV.O)
                              ../../Compiler/COMMON/SGL_302j/LIB_ELF/LIBCD.A(GFS_CDC.O) (CDC_CdSetCon)
../../Compiler/COMMON/SGL_302j/LIB_ELF/LIBCD.A(CDC_SEL.O)
                              ../../Compiler/COMMON/SGL_302j/LIB_ELF/LIBCD.A(GFS_CDC.O) (CDC_SetFiltRange)
../../Compiler/COMMON/SGL_302j/LIB_ELF/LIBCD.A(CDC_BIF.O)
                              ../../Compiler/COMMON/SGL_302j/LIB_ELF/LIBCD.A(GFS_CDC.O) (CDC_GetBufSiz)
../../Compiler/COMMON/SGL_302j/LIB_ELF/LIBCD.A(CDC_BIO.O)
                              ../../Compiler/COMMON/SGL_302j/LIB_ELF/LIBCD.A(GFS_CDC.O) (CDC_SetSctLen)
../../Compiler/COMMON/SGL_302j/LIB_ELF/LIBSGL.A(sglB001.o)
                              ../../jo_engine/core.o (slTVOn)
../../Compiler/COMMON/SGL_302j/LIB_ELF/LIBSGL.A(sglB011.o)
                              ../../jo_engine/vdp2.o (slBitMapNbg1)
../../Compiler/COMMON/SGL_302j/LIB_ELF/LIBSGL.A(sglB014.o)
                              ../../jo_engine/vdp2.o (slScrTransparent)
../../Compiler/COMMON/SGL_302j/LIB_ELF/LIBSGL.A(sglB015.o)
                              ../../jo_engine/vdp2.o (slScrAutoDisp)
../../Compiler/COMMON/SGL_302j/LIB_ELF/LIBSGL.A(sglB016.o)
                              ../../jo_engine/vdp2.o (slBack1ColSet)
../../Compiler/COMMON/SGL_302j/LIB_ELF/LIBSGL.A(sglB020.o)
                              ../../jo_engine/vdp2.o (slColorCalc)
../../Compiler/COMMON/SGL_302j/LIB_ELF/LIBSGL.A(sglB021.o)
                              ../../jo_engine/vdp2.o (slColorCalcOn)
../../Compiler/COMMON/SGL_302j/LIB_ELF/LIBSGL.A(sglB023.o)
                              ../../jo_engine/vdp2.o (slColRate)
../../Compiler/COMMON/SGL_302j/LIB_ELF/LIBSGL.A(sglB032.o)
                              ../../jo_engine/vdp2.o (slMapNbg1)
../../Compiler/COMMON/SGL_302j/LIB_ELF/LIBSGL.A(sglB035.o)
                              ../../jo_engine/vdp2.o (sl1MapRA)
../../Compiler/COMMON/SGL_302j/LIB_ELF/LIBSGL.A(sglB036.o)
                              ../../jo_engine/vdp2.o (sl1MapRB)
../../Compiler/COMMON/SGL_302j/LIB_ELF/LIBSGL.A(sglB038.o)
                              ../../jo_engine/vdp2.o (slRparaInitSet)
../../Compiler/COMMON/SGL_302j/LIB_ELF/LIBSGL.A(sglB039.o)
                              ../../jo_engine/vdp2.o (slMakeKtable)
../../Compiler/COMMON/SGL_302j/LIB_ELF/LIBSGL.A(sglB040.o)
                              ../../jo_engine/vdp2.o (slKtableRA)
../../Compiler/COMMON/SGL_302j/LIB_ELF/LIBSGL.A(sglB041.o)
                              ../../jo_engine/vdp2.o (slKtableRB)
../../Compiler/COMMON/SGL_302j/LIB_ELF/LIBSGL.A(sglB043.o)
                              ../../jo_engine/vdp2.o (slRparaMode)
[...]
Memory Configuration

Name             Origin             Length             Attributes
*default*        0x00000000         0xffffffff

Linker script and memory map

TARGET(elf32-sh)

SLSTART         0x06004000       0x30
                0x06004000                ___Start = .
 *(SLSTART)
 SLSTART        0x06004000       0x28 ../../Compiler/COMMON/SGL_302j/LIB_ELF/LIBSGL.A(sglI00.o)
                0x06004000                SGL_Start
                0x06004002                slStartSGL

.text           0x06004040    0x16100
 *(.text)
 .text          0x06004040        0x0 ../../Compiler/COMMON/SGL_302j/LIB_ELF/SGLAREA.O
 .text          0x06004040      0x364 pad_controllers.o
                0x060040c0                initControllers
                0x060040ec                updateControllerButtonStatus
                0x06004104                updateController
                0x06004380                updateControllers
 .text          0x060043a4      0x15c main.o
                0x060043a4                application_logic
                0x06004424                draw_objects
                0x060044bc                jo_main
 .text          0x06004500      0x2a8 sprite_manager.o
                0x06004568                init_sprites
                0x060045a4                get_free_sprite
                0x060045d8                create_sprite
                0x06004668                get_free_texture
                0x06004674                load_sprite_texture
                0x060046e4                draw_sprites
 .text          0x060047a8      0x238 filelist.o
                0x06004838                file_list_create
                0x06004990                file_list_sort
                0x060049a0                file_list_free
 .text          0x060049e0       0x68 satiator_functions.o
 .text          0x06004a48       0xa4 background.o
                0x06004ab0                load_background
 .text          0x06004aec      0x190 states/splash.o
                0x06004b54                logic_splash
 .text          0x06004c7c       0xb8 states/menu.o
                0x06004ce4                logic_menu
 .text          0x06004d34        0x0 states/gamelist.o
 .text          0x06004d34      0xd18 Save-Game-Copier/md5/md5.o
                0x06005850                MD5_Init
                0x06005878                MD5_Update
                0x06005950                MD5_Final
 .text          0x06005a4c      0x390 Save-Game-Copier/backup-cd.o
                0x06005ab4                cdIsBackupDeviceAvailable
                0x06005abc                cdReadSaveFile
                0x06005b8c                cdReadBUPHeader
                0x06005c5c                cdListSaveFiles
 .text          0x06005ddc      0x300 Save-Game-Copier/util.o
                0x06005e44                jo_core_suspend
                0x06005f24                __sgc_core_error
                0x06005fe4                clearScreen
                0x06006030                calculateMD5Hash
 .text          0x060060dc      0x53c Save-Game-Copier/backup-saturn.o
                0x06006144                saturnIsBackupDeviceAvailable
                0x06006178                saturnListSaveFiles
                0x06006380                saturnReadSaveFile
                0x060064d4                saturnWriteSaveFile
                0x060065bc                saturnDeleteSaveFile
 .text          0x06006618      0x6d0 Save-Game-Copier/backup-mode.o
                0x06006680                modeIsBackupDeviceAvailable
                0x06006700                modeReadSaveFile
                0x06006850                modeWriteSaveFile
                0x06006970                modeDeleteSaveFile
                0x06006a0c                modeEnter
                0x06006a20                modeExit
                0x06006a34                MODE_WaitVSync
                0x06006a40                modeReadBUPHeader
                0x06006b00                modeListSaveFiles
 .text          0x06006ce8      0x6c0 Save-Game-Copier/backup-satiator.o
                0x06006d50                satiatorEnter
                0x06006d80                satiatorIsBackupDeviceAvailable
                0x06006da0                satiatorReadSaveFile
                0x06006eec                satiatorWriteSaveFile
                0x06007030                satiatorDeleteSaveFile
                0x060070cc                satiatorExit
                0x060070d0                satiatorReadBUPHeader
                0x06007188                satiatorListSaveFiles
 .text          0x060073a8      0x598 Save-Game-Copier/backup.o
                0x06007410                isBackupDeviceAvailable
                0x06007488                listSaveFiles
                0x06007508                readSaveFile
                0x06007588                writeSaveFile
                0x06007600                deleteSaveFile
                0x06007678                getBackupDeviceName
                0x06007718                formatDevice
                0x060077bc                isFileBUPExt
                0x06007844                parseBupHeaderValues
 .text          0x06007940      0x2a8 Save-Game-Copier/bup_header.o
                0x06007940                bup_getdate
                0x06007a98                bup_setdate
 .text          0x06007be8      0x21c ../../jo_engine/cd.o
                0x06007be8                interrupt_get_level_mask
                0x06007bf4                interrupt_set_level_mask
                0x06007c08                cd_write_command
                0x06007c28                cd_read_return_status
                0x06007c4c                cd_wait_hirq
                0x06007c74                cd_exec_command
                0x06007d28                cd_get_stat
                0x06007da4                cd_stop_drive
 .text          0x06007e04     0x1224 ../../jo_engine/satiator.o
                0x06007e04                exec_cmd
                0x06007f74                s_open
                0x0600808c                s_close
                0x0600810c                s_seek
                0x060081a4                s_read
                0x060082d8                s_write
                0x06008404                s_sync
                0x06008410                s_truncate
                0x060084a4                s_stat
                0x0600866c                s_rename
                0x060087a8                s_mkdir
                0x060088b8                s_unlink
                0x060089c8                s_opendir
                0x06008ad8                s_chdir
                0x06008be8                s_getcwd
                0x06008d4c                s_mode
                0x06008df4                s_emulate
                0x06008f04                s_get_fw_version
 .text          0x06009028      0xeb8 ../../jo_engine/backup.o
                0x0600911c                jo_backup_get_free_block_count
                0x06009140                jo_backup_format_device
                0x06009164                jo_backup_mount
                0x06009290                jo_backup_read_device
                0x0600941c                jo_backup_file_exists
                0x060094e0                jo_backup_get_file_partition
                0x060095a0                jo_backup_init_file
                0x060095e4                jo_backup_save
                0x06009848                jo_backup_load_file_comment
                0x060098ec                jo_backup_load_file_contents
                0x06009a98                jo_backup_delete_file
                0x06009bc8                jo_backup_unmount
                0x06009c58                jo_backup_get_file_last_modified_date
                0x06009d4c                jo_backup_get_file_info
                0x06009e84                jo_backup_get_file_size
                0x06009ea4                jo_backup_get_last_status
 .text          0x06009ee0      0x778 ../../jo_engine/tga.o
                0x0600a15c                jo_set_tga_palette_handling
                0x0600a168                __jo_tga_load
                0x0600a248                __jo_tga_any_loader_from_stream
                0x0600a290                jo_tga_8bits_loader_from_stream
                0x0600a2a8                jo_tga_loader_from_stream
                0x0600a2c0                __jo_tga_any_loader
                0x0600a310                jo_tga_8bits_loader
                0x0600a32c                jo_tga_loader
                0x0600a348                jo_sprite_add_tga_tileset
                0x0600a568                jo_sprite_add_tga_from_stream
                0x0600a5c4                jo_sprite_add_tga
 .text          0x0600a658      0x320 ../../jo_engine/audio.o
                0x0600a6cc                jo_audio_play_cd_track
                0x0600a70c                jo_audio_set_volume
                0x0600a718                jo_audio_stop_cd
                0x0600a734                jo_audio_init
                0x0600a784                jo_audio_play_sound_on_channel
                0x0600a7f8                jo_audio_play_sound
                0x0600a864                jo_audio_usage_percent
                0x0600a8c8                jo_audio_free_pcm
                0x0600a8d4                jo_audio_stop_sound
                0x0600a920                jo_audio_load_pcm_async
                0x0600a934                jo_audio_load_pcm
 .text          0x0600a978      0x70c ../../jo_engine/fs.o
                0x0600a9e0                jo_fs_init
                0x0600aa28                jo_fs_do_background_jobs
                0x0600aae4                jo_fs_read_file_async_ptr
                0x0600abe8                jo_fs_cd
                0x0600ac28                jo_fs_read_file_ptr
                0x0600ad28                jo_fs_read_file_in_dir
                0x0600ae40                jo_fs_open
                0x0600aec0                jo_fs_seek_forward
                0x0600afa0                jo_fs_read_next_bytes
                0x0600b054                jo_fs_close
                0x0600b074                jo_fs_set_read_sector_count
 .text          0x0600b084      0x440 ../../jo_engine/font.o
                0x0600b0ec                jo_font_load
                0x0600b2c4                jo_font_print
                0x0600b3ac                jo_font_print_centered
 .text          0x0600b4c4      0x118 ../../jo_engine/input.o
                0x0600b52c                jo_get_inputs_vblank
                0x0600b574                jo_get_input_type
                0x0600b5b8                jo_get_input_count
 .text          0x0600b5dc        0x0 ../../jo_engine/physics.o
 .text          0x0600b5dc      0x43c ../../jo_engine/core.o
                0x0600b668                __jo_core_set_screens_order
                0x0600b7a0                jo_core_init
                0x0600b8d0                jo_core_add_vblank_callback
                0x0600b91c                jo_core_remove_vblank_callback
                0x0600b94c                jo_core_add_callback
                0x0600b968                jo_core_remove_callback
                0x0600b97c                jo_goto_boot_menu
                0x0600b988                jo_core_set_restart_game_callback
                0x0600b994                jo_core_run
 .text          0x0600ba18      0xa50 ../../jo_engine/math.o
                0x0600ba7e                jo_fixed_mult
                0x0600ba8a                jo_fixed_dot
                0x0600ba9c                jo_fixed_pow
                0x0600bae0                jo_fixed_div
                0x0600bb04                jo_fixed_sin
                0x0600bbf0                jo_gcd
                0x0600bc0c                jo_atan2f_rad
                0x0600bde4                jo_planar_rotate
                0x0600bf14                jo_random
                0x0600bf84                jo_vector_fixed_compute_bezier_point
                0x0600c0a8                jo_vectorf_compute_bezier_point
                0x0600c1f8                jo_fixed_sqrt
                0x0600c2a8                jo_sqrt
                0x0600c2e8                jo_fixed_rsqrt
                0x0600c3f8                jo_rsqrt
 .text          0x0600c468      0x224 ../../jo_engine/malloc.o
                0x0600c4d0                jo_add_memory_zone
                0x0600c510                jo_malloc_with_behaviour
                0x0600c5f0                jo_reduce_memory_fragmentation
                0x0600c664                jo_free
 .text          0x0600c68c      0x39c ../../jo_engine/tools.o
                0x0600c6f4                jo_print
                0x0600c718                jo_clear_screen_line
                0x0600c760                jo_clear_screen
                0x0600c784                jo_getdate
                0x0600c7ec                jo_get_current_language
                0x0600c810                jo_tools_atoi
                0x0600c85c                jo_strlen
                0x0600c87c                jo_endwith
                0x0600c8e0                jo_strcmp
                0x0600c910                jo_memset
                0x0600c9b4                jo_map_to_vram
 .text          0x0600ca28       0xb4 ../../jo_engine/palette.o
                0x0600ca90                jo_create_palette
                0x0600cab4                jo_set_palette_register
                0x0600cac8                jo_get_palette_register
 .text          0x0600cadc      0x820 ../../jo_engine/sprites.o
                0x0600cc44                jo_sprite_usage_percent
                0x0600ccd0                jo_get_last_sprite_id
                0x0600ccdc                jo_sprite_init
                0x0600cd00                jo_sprite_name2id
                0x0600cd44                jo_sprite_replace
                0x0600cdbc                jo_sprite_add
                0x0600cdd0                jo_sprite_add_8bits_image
                0x0600cde4                jo_sprite_free_from
                0x0600ce5c                jo_set_gouraud_shading_colors
                0x0600ce84                jo_set_gouraud_shading_brightness
                0x0600cec4                jo_sprite_draw_4p_fixed
                0x0600cfdc                jo_sprite_draw
                0x0600d128                jo_sprite_draw_rotate
                0x0600d2c8                jo_sprite_set_clipping_area
 .text          0x0600d2fc      0x910 ../../jo_engine/map.o
                0x0600d42c                jo_map_per_pixel_vertical_collision
                0x0600d560                jo_map_hitbox_detection_custom_boundaries
                0x0600d5d0                jo_map_create
                0x0600d620                jo_map_add_tile
                0x0600d644                jo_map_add_animated_tile
                0x0600d668                jo_map_draw_background
                0x0600d700                jo_map_draw
                0x0600d7fc                jo_map_free
                0x0600d814                jo_map_load_from_file
                0x0600db8c                jo_map_move_tiles_by_attribute
 .text          0x0600dc0c      0x194 ../../jo_engine/list.o
                0x0600dc74                jo_list_init
                0x0600dc84                jo_list_add
                0x0600dcc8                jo_list_insert_at
                0x0600dd40                jo_list_remove
 .text          0x0600dda0      0x230 ../../jo_engine/sprite_animator.o
                0x0600deb4                jo_replace_sprite_anim
                0x0600df1c                jo_create_sprite_anim
                0x0600dfa8                jo_clear_all_sprite_anim
 .text          0x0600dfd0      0x590 ../../jo_engine/image.o
                0x0600e038                __jo_bin_load
                0x0600e088                jo_free_img
                0x0600e0a4                jo_bin_loader_from_stream
                0x0600e14c                jo_bin_loader
                0x0600e1d0                jo_replace_color
                0x0600e20c                jo_sprite_add_bin_tileset
                0x0600e36c                jo_sprite_add_bin
                0x0600e3dc                jo_sprite_add_bin_from_stream
                0x0600e41c                jo_sprite_add_image_pack
 .text          0x0600e560      0xb44 ../../jo_engine/vdp2.o
                0x0600e644                jo_set_default_background_color
                0x0600e684                jo_img_to_vdp2_cells
                0x0600e730                jo_vdp2_set_rbg0_plane_a_8bits_image
                0x0600e828                jo_vdp2_set_rbg0_plane_b_8bits_image
                0x0600e918                jo_vdp2_enable_rbg0
                0x0600e9c0                jo_vdp2_disable_rbg0
                0x0600e9d8                jo_init_nbg0_printf
                0x0600ea5c                __jo_init_vdp2
                0x0600eac0                jo_vdp2_disable_nbg0_line_scroll
                0x0600eae4                jo_vdp2_compute_nbg0_line_scroll
                0x0600eafc                jo_vdp2_enable_nbg0_line_scroll
                0x0600eb6c                jo_vdp2_draw_bitmap_nbg1_line
                0x0600ec2c                jo_vdp2_clear_bitmap_nbg1
                0x0600ec84                jo_vdp2_set_nbg1_8bits_image
                0x0600ed60                jo_vdp2_set_nbg1_image
                0x0600ee90                jo_vdp2_disable_nbg1_line_scroll
                0x0600eeb4                jo_vdp2_compute_nbg1_line_scroll
                0x0600eecc                jo_vdp2_enable_nbg1_line_scroll
                0x0600ef3c                jo_set_displayed_screens
                0x0600ef4c                jo_disable_all_screens_transparency
                0x0600ef70                jo_enable_screen_transparency
 .text          0x0600f0a4      0x280 ../../jo_engine/time.o
                0x0600f10c                jo_time_init
                0x0600f138                jo_get_ticks
                0x0600f218                jo_fixed_point_time
 .text          0x0600f324       0x68 ../../jo_engine/vdp1_command_pipeline.o
 .text          0x0600f38c      0x2e8 ../../jo_engine/vdp2_malloc.o
                0x0600f3f4                jo_vdp2_malloc_init
                0x0600f42c                jo_vdp2_free
                0x0600f4ec                jo_vdp2_malloc
 .text          0x0600f674      0xe18 mode/mode_intf.a(mode_intf.o)
                0x0600fa90                waitVSync
                0x0600fa9c                MODE_Open
                0x0600faf8                MODE_Close
                0x0600fb1c                MODE_GetMountStatus
                0x0600fbb8                MODE_GetVersionInfo
                0x0600fc18                MODE_OpenFile
                0x0600fcd8                MODE_CloseFile
                0x0600fcf8                MODE_ReadFile
                0x0600fd88                MODE_WriteFile
                0x0600fdf0                MODE_ReadFileListing
                0x0600ff48                MODE_DeleteFile
                0x0600ffac                MODE_Initialize
                0x060100a8                MODE_ReadDirectoryListing
                0x060101ac                MODE_AddGame
                0x06010254                MODE_ClearQueue
                0x06010274                MODE_SelectDir
                0x06010314                MODE_GetGameFlags
                0x060103ac                MODE_MountGame
                0x06010408                MODE_DoReset
                0x06010438                MODE_HWReset
 *fill*         0x0601048c        0x4 
 .text          0x06010490      0x238 ../../Compiler/COMMON/SGL_302j/LIB_ELF/SEGA_SYS.A(sys_exit.o)
                0x06010490                sys_version
                0x060104b0                SYS_Exit
 *fill*         0x060106c8        0x8 
 .text          0x060106d0        0x6 ../../Compiler/COMMON/SGL_302j/LIB_ELF/SEGA_SYS.A(sys_sub.o)
                0x060106d0                SYSUB_SetStackptr
 *fill*         0x060106d6        0xa 
 .text          0x060106e0      0x3a0 ../../Compiler/COMMON/SGL_302j/LIB_ELF/LIBCD.A(CDC_CMN.O)
                0x060106e0                CDC_GetCurStat
                0x06010730                CDC_GetLastStat
                0x06010748                CDC_GetPeriStat
                0x0601081c                CDC_GetHwInfo
                0x06010884                CDC_TgetToc
                0x060108d4                CDC_GetSes
                0x06010910                CDC_CdInit
                0x06010994                CDC_CdOpen
                0x060109bc                CDC_DataReady
                0x06010a28                CDC_DataEnd
 .text          0x06010a80      0x130 ../../Compiler/COMMON/SGL_302j/LIB_ELF/LIBCD.A(CDC_DRV.O)
                0x06010a80                CDC_CdPlay
                0x06010b4c                CDC_CdSeek
                0x06010b80                CDC_CdScan
 .text          0x06010bb0      0x194 ../../Compiler/COMMON/SGL_302j/LIB_ELF/LIBCD.A(CDC_CFS.O)
                0x06010bb0                CDC_ChgDir
                0x06010be4                CDC_ReadDir
                0x06010c18                CDC_GetFileScope
                0x06010c78                CDC_TgetFileInfo
                0x06010cd4                CDC_ReadFile
                0x06010d08                CDC_AbortFile
 *fill*         0x06010d44        0xc 
 .text          0x06010d50      0x2dc ../../Compiler/COMMON/SGL_302j/LIB_ELF/LIBCD.A(CDC_REG.O)
                0x06010d50                CDC_GetDataPtr
                0x06010d60                CDC_GetHirqReq
                0x06010d74                CDC_ClrHirqReq
                0x06010da4                CDREG_ClrHirqReq
                0x06010db4                CDREG_InitHirqReq
                0x06010ddc                CDREG_SetHirqFlag
                0x06010df0                CDC_GetHirqMsk
                0x06010e04                CDC_SetHirqMsk
                0x06010e14                CDC_GetMpegPtr
                0x06010e24                CDREG_TgetData
                0x06010e80                CDREG_CmdRsp
                0x06010f80                CDREG_WaitHirq
                0x06010ff0                CDREG_ReadRsp
 *fill*         0x0601102c        0x4 
 .text          0x06011030      0x152 ../../Compiler/COMMON/SGL_302j/LIB_ELF/LIBCD.A(CDC_SUB.O)
                0x06011030                CDSUB_UpdStatus
                0x06011048                CDSUB_UpdCdstat
                0x06011068                CDSUB_CdCmd
                0x060110d8                CDSUB_GetCdstat
                0x06011118                CDSUB_RspToCdstat
                0x06011160                CDSUB_SoftTimer
 *fill*         0x06011182        0xe 
 .text          0x06011190     0x1adc ../../Compiler/COMMON/SGL_302j/LIB_ELF/LIBCD.A(GFS.O)
                0x06011190                gfs_version
                0x060111b0                GFS_Init
                0x06011298                GFS_LoadDir
                0x06011340                GFS_SetDir
                0x060113a8                GFS_NameToId
                0x0601140c                GFS_IdToName
                0x06011478                GFS_GetDirInfo
                0x060114e8                GFS_Reset
                0x0601156c                GFS_Open
                0x06011620                GFS_Close
                0x06011658                GFS_Seek
                0x0601170c                GFS_Tell
                0x0601175c                GFS_IsEof
                0x060117b0                GFS_ByteToSct
                0x0601180c                GFS_GetFileSize
                0x06011868                GFS_GetFileInfo
                0x060118dc                GFS_GetNumCdbuf
                0x06011904                GFS_Load
                0x060119c8                GFS_Fread
                0x06011a64                gfs_waitRead
                0x06011b0c                GFS_NwFread
                0x06011c18                GFS_NwCdRead
                0x06011c90                GFS_NwIsComplete
                0x06011cc8                GFS_NwStop
                0x06011d34                GFS_NwGetStat
                0x06011db0                gfs_recovRdErr
                0x06011de0                GFS_NwExecOne
                0x06011ea0                GFS_NwExecServer
                0x06011f1c                GFS_SetGmode
                0x06011f80                GFS_SetTmode
                0x06011fec                GFS_SetReadPara
                0x06012050                GFS_SetTransPara
                0x060120bc                GFS_SetTrFunc
                0x06012120                GFS_StartTrans
                0x0601216c                GFS_CdMovePickup
                0x060121d8                GFS_SetErrFunc
                0x06012204                GFS_GetErrStat
                0x06012228                GFS_ConvTno
                0x06012250                gfs_chgRoot
                0x0601231c                gfs_aborttrans
                0x06012328                gfs_mngSetupFuncTbl
                0x0601235c                gfs_mngInitWork
                0x06012400                gfs_mngGetNumFile
                0x06012468                GFS_mngAllocGrp
                0x060124b0                gfs_mngFreeGrp
                0x060124bc                gfs_mngTermAccess
                0x06012540                gfs_mngSetErrCode
                0x060125c0                gfs_svrSearchHndl
                0x06012600                gfs_svrAddHndl
                0x0601263c                gfs_svrRemoveHndl
                0x06012698                GFS_OpenSub
                0x060126f0                gfs_loadVol
                0x060127b4                gfs_getRootDir
                0x060128b0                gfs_loadRootDir
                0x06012938                gfs_flowIn
                0x060129e0                gfs_transData
                0x06012a84                GFS_GetFad
                0x06012adc                gfs_SetSct
                0x06012b1c                gfs_GetFinfo
                0x06012b5c                gfs_closeSub
                0x06012b98                gfs_getGmode
                0x06012ba4                gfs_isTaskDone
                0x06012bf8                gfs_convFinStat
 *fill*         0x06012c6c        0x4 
 .text          0x06012c70      0x106 ../../Compiler/COMMON/SGL_302j/LIB_ELF/LIBCD.A(GFS_BUF.O)
                0x06012ca0                GFBF_GetTranData
                0x06012cc8                GFBF_GetNumData
                0x06012cf8                GFBF_GetSrcPk
                0x06012d20                GFBF_GetSctData
                0x06012d44                GFBF_RtnPk
                0x06012d6c                gfbf_getSctDt
 *fill*         0x06012d76        0xa 
 .text          0x06012d80      0x600 ../../Compiler/COMMON/SGL_302j/LIB_ELF/LIBCD.A(GFS_CDB.O)
                0x06012d80                GFCB_Setup
                0x06012ea0                GFCB_Close
                0x06012ec8                GFCB_GetLenData
                0x06012f74                GFCB_GetLenRoom
                0x06012f80                GFCB_SetFilt
                0x06012fe8                GFCB_DeleteAllData
                0x06013010                GFCB_Tell
                0x06013020                gfcb_getSctNum
                0x06013070                GFCB_Seek
                0x0601316c                GFCB_GetSrcPack
                0x0601324c                GFCB_GetSctData
                0x06013284                GFCB_GetDstPack
                0x06013290                GFCB_RtnPk
                0x060132d8                GFCB_MovePickup
                0x060132f4                GFCB_SetCon
                0x06013328                GFCB_GetPickup
                0x06013350                GFCB_IsPuOwner
                0x06013368                GFCB_UngetPickup
 .text          0x06013380     0x1a10 ../../Compiler/COMMON/SGL_302j/LIB_ELF/LIBCD.A(GFS_CDC.O)
                0x06013380                GFCD_SetCdbfs
                0x060133ac                GFCD_Init
                0x060135b0                GFCD_AllocFilt
                0x060135ec                GFCD_FreeFilt
                0x0601361c                GFCD_AllocBuf
                0x06013650                GFCD_FreeBuf
                0x060136f4                GFCD_GetBaseFad
                0x06013728                GFCD_GetPickup
                0x0601375c                GFCD_UngetPickup
                0x06013788                GFCD_IsPuOwner
                0x060137ac                GFCD_SetFilt
                0x06013870                GFCD_GetFilt
                0x060138b8                GFCD_SetCon
                0x06013910                GFCD_Play
                0x06013970                GFCD_GetLenData
                0x060139d8                GFCD_ReqData
                0x06013a34                GFCD_EndData
                0x06013a7c                GFCD_DelSctData
                0x06013ad4                GFCD_CheckDelSctData
                0x06013b04                GFCD_GetStat
                0x06013bb8                GFCD_MovePickup
                0x06013c04                GFCD_MoveSctData
                0x06013c78                GFCD_CheckMove
                0x06013c9c                GFCD_GetSctInfo
                0x06013ce4                GFCD_ChgDir
                0x06013d58                GFCD_SetFiltCon
                0x06013e40                GFCD_GetFileInfo
                0x06013f1c                GFCD_GetBufSiz
                0x06013f54                GFCD_ExecServer
                0x06014028                gfcd_isIdleTask
                0x060140b4                gfcd_doTask
                0x06014160                GFCD_SetTimer
                0x06014174                GFCD_WaitServer
                0x060141b0                gfcd_doSetFiltTsk
                0x06014374                gfcd_doSetConTsk
                0x06014404                gfcd_doGetLenDataTsk
                0x06014558                gfcd_doReqDataTsk
                0x060145f8                gfcd_doDelSctDataTsk
                0x0601472c                gfcd_doMoveSctTsk
                0x06014890                gfcd_doChgDirTsk
                0x06014a8c                gfcd_doSetFiltConTsk
                0x06014bd0                gfcd_checkEflag
                0x06014bf4                gfcd_initCdbMng
                0x06014c74                gfcd_setStat
                0x06014ca0                GFCD_SetCsctFunc
                0x06014cbc                GFCD_ChkScdqFlag
                0x06014ce0                GFCD_ClrScdqFlag
                0x06014cfc                GFCD_WaitScdqFlag
                0x06014d40                GFCD_WaitPause
 .text          0x06014d90      0x8d8 ../../Compiler/COMMON/SGL_302j/LIB_ELF/LIBCD.A(GFS_CDF.O)
                0x06014d90                GFCF_Init
                0x06014e30                GFCF_Setup
                0x06014f78                GFCF_SetSct
                0x06014fbc                GFCF_GetFileInfo
                0x06015030                GFCF_FlowInBuf
                0x06015184                GFCF_StopInBuf
                0x06015224                GFCF_Recover
                0x0601526c                GFCF_Tell
                0x06015284                GFCF_Seek
                0x0601529c                GFCF_MovePickup
                0x06015338                GFCF_cnvIntlvOfs
                0x0601538c                GFCF_GetStat
                0x06015424                gfcf_getSctSize
                0x06015460                gfcf_isCdOk
                0x06015520                gfcf_getPlayRange
 *fill*         0x06015668        0x8 
 .text          0x06015670      0x92c ../../Compiler/COMMON/SGL_302j/LIB_ELF/LIBCD.A(GFS_DIR.O)
                0x06015670                GFDR_SetupDirTbl
                0x060156e4                GFDR_NameToId
                0x06015744                GFDR_GetInfoDirId
                0x06015758                GFDR_GetInfoDirName
                0x0601576c                GFDR_GetAtrDirId
                0x06015784                GFDR_GetAtrDirName
                0x0601579c                GFDR_ChgRoot
                0x060157b4                GFDR_ChgDir
                0x06015828                gfdr_setupDirIdTbl
                0x060158ac                gfdr_setupDirNameTbl
                0x06015958                gfdr_open
                0x06015980                gfdr_read
                0x06015a40                gfdr_readByte
                0x06015a6c                gfdr_readWord
                0x06015a98                gfdr_readWordNB
                0x06015aec                gfdr_readLongNB
                0x06015b38                gfdr_readLongNM
                0x06015b60                gfdr_setNextRec
                0x06015be4                gfdr_readDirEnt
                0x06015f60                gfdr_setDirrecCd
 *fill*         0x06015f9c        0x4 
 .text          0x06015fa0      0x9c6 ../../Compiler/COMMON/SGL_302j/LIB_ELF/LIBCD.A(GFS_TRN.O)
                0x06015fd0                GFTR_Setup
                0x06016014                GFTR_SetMode
                0x06016028                GFTR_SetUnit
                0x06016034                GFTR_SetTransPara
                0x06016068                GFTR_GetTransPara
                0x06016074                GFTR_GetNumTrans
                0x06016080                GFTR_SetTransMax
                0x0601608c                GFTR_Start
                0x06016098                GFTR_Pause
                0x060160a4                GFTR_Stop
                0x0601615c                GFTR_Exec
                0x060161e0                GFTR_Idle
                0x06016258                GFTR_ExecSvr
                0x06016360                gftr_getSrcPack
                0x060163e8                gftr_getDstPack
                0x06016444                gftr_reqScu
                0x06016450                gftr_execScu
                0x060164ec                gftr_remScu
                0x06016520                gfdma_canUse
                0x0601652c                gfdma_exec
                0x0601659c                gfdma_getBytecnt
                0x060165d4                gftr_reqDma0
                0x060165ec                gftr_execSdma0
                0x06016610                gftr_remDma0
                0x06016628                gftr_reqDma1
                0x06016640                gftr_execSdma1
                0x06016664                gftr_remDma1
                0x0601667c                gftr_reqCpu
                0x06016688                gftr_execCpu
                0x060166c8                gftr_remCpu
                0x060166d4                gftr_reqTrn
                0x06016744                gftr_execTrn
                0x0601681c                gftr_remTrn
                0x06016890                gftr_copyFrac
                0x060168b8                GFTR_GetLenData
                0x060168c4                GFTR_GetLenRoom
                0x060168dc                GFTR_GetDstPack
                0x06016910                GFTR_RtnDstPk
                0x0601692c                GFTR_GetData
                0x06016940                GFTR_SetData
                0x06016954                GFTR_SetTransFunc
 *fill*         0x06016966        0xa 
 .text          0x06016970       0xa8 ../../Compiler/COMMON/SGL_302j/LIB_ELF/LIBCD.A(CDC_DEV.O)
                0x06016970                CDC_CdSetCon
                0x060169a0                CDC_CdGetCon
                0x060169dc                CDC_CdGetLastBuf
 *fill*         0x06016a18        0x8 
 .text          0x06016a20      0x2b8 ../../Compiler/COMMON/SGL_302j/LIB_ELF/LIBCD.A(CDC_SEL.O)
                0x06016a20                CDC_SetFiltRange
                0x06016a54                CDC_GetFiltRange
                0x06016aac                CDC_SetFiltSubh
                0x06016b1c                CDC_GetFiltSubh
                0x06016b98                CDC_SetFiltMode
                0x06016bcc                CDC_GetFiltMode
                0x06016c10                CDC_SetFiltCon
                0x06016c50                CDC_GetFiltCon
                0x06016ca4                CDC_ResetSelector
 *fill*         0x06016cd8        0x8 
 .text          0x06016ce0      0x270 ../../Compiler/COMMON/SGL_302j/LIB_ELF/LIBCD.A(CDC_BIF.O)
                0x06016ce0                CDC_GetBufSiz
                0x06016d3c                CDC_GetSctNum
                0x06016d80                CDC_CalActSiz
                0x06016dbc                CDC_GetActSiz
                0x06016e3c                CDC_GetSctInfo
                0x06016ebc                CDC_ExeFadSearch
                0x06016ef4                CDC_GetFadSearch
 .text          0x06016f50      0x1e4 ../../Compiler/COMMON/SGL_302j/LIB_ELF/LIBCD.A(CDC_BIO.O)
                0x06016f50                CDC_SetSctLen
                0x06016f84                CDC_GetSctData
                0x06016fc0                CDC_DelSctData
                0x06016ffc                CDC_GetdelSctData
                0x06017038                CDC_PutSctData
                0x06017070                CDC_CopySctData
                0x060170b4                CDC_MoveSctData
                0x060170f8                CDC_GetCopyErr
 *fill*         0x06017134        0xc 
 .text          0x06017140        0x0 ../../Compiler/COMMON/SGL_302j/LIB_ELF/LIBSGL.A(sglB001.o)
 .text          0x06017140        0x0 ../../Compiler/COMMON/SGL_302j/LIB_ELF/LIBSGL.A(sglB011.o)
 .text          0x06017140        0x0 ../../Compiler/COMMON/SGL_302j/LIB_ELF/LIBSGL.A(sglB014.o)
 .text          0x06017140        0x0 ../../Compiler/COMMON/SGL_302j/LIB_ELF/LIBSGL.A(sglB015.o)
 .text          0x06017140        0x0 ../../Compiler/COMMON/SGL_302j/LIB_ELF/LIBSGL.A(sglB016.o)
 .text          0x06017140        0x0 ../../Compiler/COMMON/SGL_302j/LIB_ELF/LIBSGL.A(sglB020.o)
 .text          0x06017140        0x0 ../../Compiler/COMMON/SGL_302j/LIB_ELF/LIBSGL.A(sglB021.o)
 .text          0x06017140        0x0 ../../Compiler/COMMON/SGL_302j/LIB_ELF/LIBSGL.A(sglB023.o)
 .text          0x06017140        0x0 ../../Compiler/COMMON/SGL_302j/LIB_ELF/LIBSGL.A(sglB032.o)
 .text          0x06017140        0x0 ../../Compiler/COMMON/SGL_302j/LIB_ELF/LIBSGL.A(sglB035.o)
 .text          0x06017140        0x0 ../../Compiler/COMMON/SGL_302j/LIB_ELF/LIBSGL.A(sglB036.o)
 .text          0x06017140        0x0 ../../Compiler/COMMON/SGL_302j/LIB_ELF/LIBSGL.A(sglB038.o)
 .text          0x06017140        0x0 ../../Compiler/COMMON/SGL_302j/LIB_ELF/LIBSGL.A(sglB039.o)
 .text          0x06017140        0x0 ../../Compiler/COMMON/SGL_302j/LIB_ELF/LIBSGL.A(sglB040.o)
 .text          0x06017140        0x0 ../../Compiler/COMMON/SGL_302j/LIB_ELF/LIBSGL.A(sglB041.o)
 .text          0x06017140        0x0 ../../Compiler/COMMON/SGL_302j/LIB_ELF/LIBSGL.A(sglB043.o)
 .text          0x06017140        0x0 ../../Compiler/COMMON/SGL_302j/LIB_ELF/LIBSGL.A(sglB047.o)
 .text          0x06017140        0x0 ../../Compiler/COMMON/SGL_302j/LIB_ELF/LIBSGL.A(sglB048.o)
 .text          0x06017140        0x0 ../../Compiler/COMMON/SGL_302j/LIB_ELF/LIBSGL.A(sglB056.o)
 .text          0x06017140        0x0 ../../Compiler/COMMON/SGL_302j/LIB_ELF/LIBSGL.A(sglB059.o)
 .text          0x06017140        0x0 ../../Compiler/COMMON/SGL_302j/LIB_ELF/LIBSGL.A(sglB060.o)
 .text          0x06017140        0x0 ../../Compiler/COMMON/SGL_302j/LIB_ELF/LIBSGL.A(sglB063.o)
 .text          0x06017140        0x0 ../../Compiler/COMMON/SGL_302j/LIB_ELF/LIBSGL.A(sglB087.o)
 .text          0x06017140        0x0 ../../Compiler/COMMON/SGL_302j/LIB_ELF/LIBSGL.A(sglB088.o)
 .text          0x06017140        0x0 ../../Compiler/COMMON/SGL_302j/LIB_ELF/LIBSGL.A(sglB090.o)
 .text          0x06017140        0x0 ../../Compiler/COMMON/SGL_302j/LIB_ELF/LIBSGL.A(sglB200.o)
 .text          0x06017140        0x0 ../../Compiler/COMMON/SGL_302j/LIB_ELF/LIBSGL.A(sglC05.o)
 .text          0x06017140        0x0 ../../Compiler/COMMON/SGL_302j/LIB_ELF/LIBSGL.A(sglC06.o)
 .text          0x06017140        0x0 ../../Compiler/COMMON/SGL_302j/LIB_ELF/LIBSGL.A(sglC07.o)
 .text          0x06017140        0x0 ../../Compiler/COMMON/SGL_302j/LIB_ELF/LIBSGL.A(sglC17.o)
 .text          0x06017140        0x0 ../../Compiler/COMMON/SGL_302j/LIB_ELF/LIBSGL.A(sglC19.o)
 .text          0x06017140        0x0 ../../Compiler/COMMON/SGL_302j/LIB_ELF/LIBSGL.A(sglC20.o)
 .text          0x06017140        0x0 ../../Compiler/COMMON/SGL_302j/LIB_ELF/LIBSGL.A(sglC21.o)
 .text          0x06017140        0x0 ../../Compiler/COMMON/SGL_302j/LIB_ELF/LIBSGL.A(sglD00.o)
 .text          0x06017140        0x0 ../../Compiler/COMMON/SGL_302j/LIB_ELF/LIBSGL.A(sglD01.o)
 .text          0x06017140        0x0 ../../Compiler/COMMON/SGL_302j/LIB_ELF/LIBSGL.A(sglD03.o)
 .text          0x06017140        0x0 ../../Compiler/COMMON/SGL_302j/LIB_ELF/LIBSGL.A(sglD15.o)
 .text          0x06017140        0x0 ../../Compiler/COMMON/SGL_302j/LIB_ELF/LIBSGL.A(sglD16.o)
 .text          0x06017140        0x0 ../../Compiler/COMMON/SGL_302j/LIB_ELF/LIBSGL.A(sglD17.o)
 .text          0x06017140        0x0 ../../Compiler/COMMON/SGL_302j/LIB_ELF/LIBSGL.A(sglD18.o)
 .text          0x06017140        0x0 ../../Compiler/COMMON/SGL_302j/LIB_ELF/LIBSGL.A(sglF00.o)
 .text          0x06017140        0x0 ../../Compiler/COMMON/SGL_302j/LIB_ELF/LIBSGL.A(sglF05.o)
 .text          0x06017140        0x0 ../../Compiler/COMMON/SGL_302j/LIB_ELF/LIBSGL.A(sglF08.o)
 .text          0x06017140        0x0 ../../Compiler/COMMON/SGL_302j/LIB_ELF/LIBSGL.A(sglG00.o)
 .text          0x06017140        0x0 ../../Compiler/COMMON/SGL_302j/LIB_ELF/LIBSGL.A(sglG01.o)
 .text          0x06017140        0x0 ../../Compiler/COMMON/SGL_302j/LIB_ELF/LIBSGL.A(sglG19.o)
 .text          0x06017140        0x0 ../../Compiler/COMMON/SGL_302j/LIB_ELF/LIBSGL.A(sglG21.o)
 .text          0x06017140        0x0 ../../Compiler/COMMON/SGL_302j/LIB_ELF/LIBSGL.A(sglG22.o)
 .text          0x06017140        0x0 ../../Compiler/COMMON/SGL_302j/LIB_ELF/LIBSGL.A(sglG25.o)
 .text          0x06017140        0x0 ../../Compiler/COMMON/SGL_302j/LIB_ELF/LIBSGL.A(sglH00.o)
 .text          0x06017140        0x0 ../../Compiler/COMMON/SGL_302j/LIB_ELF/LIBSGL.A(sglH01.o)
 .text          0x06017140        0x0 ../../Compiler/COMMON/SGL_302j/LIB_ELF/LIBSGL.A(sglH02.o)
 .text          0x06017140        0x0 ../../Compiler/COMMON/SGL_302j/LIB_ELF/LIBSGL.A(sglH04.o)
 .text          0x06017140        0x0 ../../Compiler/COMMON/SGL_302j/LIB_ELF/LIBSGL.A(sglI01.o)
 .text          0x06017140        0x0 ../../Compiler/COMMON/SGL_302j/LIB_ELF/LIBSGL.A(sglI04.o)
 .text          0x06017140      0x128 ../../Compiler/COMMON/SGL_302j/LIB_ELF/LIBSGL.A(sglIc0.o)
                0x06017140                slInitSystem
 *fill*         0x06017268        0x8 
 .text          0x06017270        0x0 ../../Compiler/COMMON/SGL_302j/LIB_ELF/LIBSGL.A(sglJ00.o)
 .text          0x06017270        0x0 ../../Compiler/COMMON/SGL_302j/LIB_ELF/LIBSGL.A(sglJ01.o)
 .text          0x06017270        0x0 ../../Compiler/COMMON/SGL_302j/LIB_ELF/LIBSGL.A(sglJ02.o)
 .text          0x06017270        0x0 ../../Compiler/COMMON/SGL_302j/LIB_ELF/LIBSGL.A(sglJ03.o)
 .text          0x06017270        0x0 ../../Compiler/COMMON/SGL_302j/LIB_ELF/LIBSGL.A(sglJ04.o)
 .text          0x06017270        0x0 ../../Compiler/COMMON/SGL_302j/LIB_ELF/LIBSGL.A(sglJ05.o)
 .text          0x06017270        0x0 ../../Compiler/COMMON/SGL_302j/LIB_ELF/LIBSGL.A(sglK01.o)
 .text          0x06017270        0x0 ../../Compiler/COMMON/SGL_302j/LIB_ELF/LIBSGL.A(sglM01.o)
 .text          0x06017270        0x0 ../../Compiler/COMMON/SGL_302j/LIB_ELF/LIBSGL.A(sglA00.o)
 .text          0x06017270        0x0 ../../Compiler/COMMON/SGL_302j/LIB_ELF/LIBSGL.A(sglA01.o)
 .text          0x06017270        0x0 ../../Compiler/COMMON/SGL_302j/LIB_ELF/LIBSGL.A(sglA20.o)
 .text          0x06017270        0x0 ../../Compiler/COMMON/SGL_302j/LIB_ELF/LIBSGL.A(sglB000.o)
 .text          0x06017270        0x0 ../../Compiler/COMMON/SGL_302j/LIB_ELF/LIBSGL.A(sglC00.o)
 .text          0x06017270        0x0 ../../Compiler/COMMON/SGL_302j/LIB_ELF/LIBSGL.A(sglD02.o)
 .text          0x06017270        0x0 ../../Compiler/COMMON/SGL_302j/LIB_ELF/LIBSGL.A(sglI00.o)
 .text          0x06017270        0x0 ../../Compiler/COMMON/SGL_302j/LIB_ELF/LIBSGL.A(sglH03.o)
 .text          0x06017270       0x52 c:/development/saturn/joengine/compiler/windows/bin/../lib/gcc/sh-elf/9.3.0\libgcc.a(_ashiftrt.o)
                0x06017270                __ashiftrt_r4_31
                0x06017270                __ashiftrt_r4_32
                0x06017276                __ashiftrt_r4_30
                0x06017278                __ashiftrt_r4_29
                0x0601727a                __ashiftrt_r4_28
                0x0601727c                __ashiftrt_r4_27
                0x0601727e                __ashiftrt_r4_26
                0x06017280                __ashiftrt_r4_25
                0x06017282                __ashiftrt_r4_24
                0x0601728a                __ashiftrt_r4_23
                0x0601728c                __ashiftrt_r4_22
                0x0601728e                __ashiftrt_r4_21
                0x06017290                __ashiftrt_r4_20
                0x06017292                __ashiftrt_r4_19
                0x06017294                __ashiftrt_r4_18
                0x06017296                __ashiftrt_r4_17
                0x06017298                __ashiftrt_r4_16
                0x0601729e                __ashiftrt_r4_15
                0x060172a0                __ashiftrt_r4_14
                0x060172a2                __ashiftrt_r4_13
                0x060172a4                __ashiftrt_r4_12
                0x060172a6                __ashiftrt_r4_11
                0x060172a8                __ashiftrt_r4_10
                0x060172aa                __ashiftrt_r4_9
                0x060172ac                __ashiftrt_r4_8
                0x060172ae                __ashiftrt_r4_7
                0x060172b0                __ashiftrt_r4_6
                0x060172b2                __ashiftrt_r4_5
                0x060172b4                __ashiftrt_r4_4
                0x060172b6                __ashiftrt_r4_3
                0x060172b8                __ashiftrt_r4_2
                0x060172ba                __ashiftrt_r4_1
                0x060172be                __ashiftrt_r4_0
 *fill*         0x060172c2        0x2 
 .text          0x060172c4       0x80 c:/development/saturn/joengine/compiler/windows/bin/../lib/gcc/sh-elf/9.3.0\libgcc.a(_ashiftrt_n.o)
                0x060172c4                __ashrsi3
 .text          0x06017344       0xbc c:/development/saturn/joengine/compiler/windows/bin/../lib/gcc/sh-elf/9.3.0\libgcc.a(_ashiftlt.o)
                0x06017344                __ashlsi3
                0x06017348                __ashlsi3_r0
 .text          0x06017400       0xbc c:/development/saturn/joengine/compiler/windows/bin/../lib/gcc/sh-elf/9.3.0\libgcc.a(_lshiftrt.o)
                0x06017400                __lshrsi3
                0x06017404                __lshrsi3_r0
 .text          0x060174bc       0xa0 c:/development/saturn/joengine/compiler/windows/bin/../lib/gcc/sh-elf/9.3.0\libgcc.a(_sdivsi3.o)
                0x060174bc                __sdivsi3
 .text          0x0601755c       0x6c c:/development/saturn/joengine/compiler/windows/bin/../lib/gcc/sh-elf/9.3.0\libgcc.a(_udivsi3.o)
                0x0601757e                __udivsi3
 .text          0x060175c8      0x21c c:/development/saturn/joengine/compiler/windows/bin/../lib/gcc/sh-elf/9.3.0\libgcc.a(_addsub_sf.o)
                0x06017748                __addsf3
                0x06017794                __subsf3
 .text          0x060177e4      0x134 c:/development/saturn/joengine/compiler/windows/bin/../lib/gcc/sh-elf/9.3.0\libgcc.a(_mul_sf.o)
                0x060177e4                __mulsf3
 .text          0x06017918       0xdc c:/development/saturn/joengine/compiler/windows/bin/../lib/gcc/sh-elf/9.3.0\libgcc.a(_div_sf.o)
                0x06017918                __divsf3
 .text          0x060179f4       0x54 c:/development/saturn/joengine/compiler/windows/bin/../lib/gcc/sh-elf/9.3.0\libgcc.a(_gt_sf.o)
                0x060179f4                __gtsf2
 .text          0x06017a48       0x54 c:/development/saturn/joengine/compiler/windows/bin/../lib/gcc/sh-elf/9.3.0\libgcc.a(_ge_sf.o)
                0x06017a48                __gesf2
 .text          0x06017a9c       0x54 c:/development/saturn/joengine/compiler/windows/bin/../lib/gcc/sh-elf/9.3.0\libgcc.a(_lt_sf.o)
                0x06017a9c                __ltsf2
 .text          0x06017af0       0x54 c:/development/saturn/joengine/compiler/windows/bin/../lib/gcc/sh-elf/9.3.0\libgcc.a(_le_sf.o)
                0x06017af0                __lesf2
 .text          0x06017b44       0x84 c:/development/saturn/joengine/compiler/windows/bin/../lib/gcc/sh-elf/9.3.0\libgcc.a(_si_to_sf.o)
                0x06017b44                __floatsisf
 .text          0x06017bc8       0x70 c:/development/saturn/joengine/compiler/windows/bin/../lib/gcc/sh-elf/9.3.0\libgcc.a(_sf_to_si.o)
                0x06017bc8                __fixsfsi
 .text          0x06017c38       0x3c c:/development/saturn/joengine/compiler/windows/bin/../lib/gcc/sh-elf/9.3.0\libgcc.a(_sf_to_df.o)
                0x06017c38                __extendsfdf2
 .text          0x06017c74        0x0 c:/development/saturn/joengine/compiler/windows/bin/../lib/gcc/sh-elf/9.3.0\libgcc.a(_thenan_sf.o)
 .text          0x06017c74       0x94 c:/development/saturn/joengine/compiler/windows/bin/../lib/gcc/sh-elf/9.3.0\libgcc.a(_usi_to_sf.o)
                0x06017c74                __floatunsisf
 .text          0x06017d08      0x3e0 c:/development/saturn/joengine/compiler/windows/bin/../lib/gcc/sh-elf/9.3.0\libgcc.a(_addsub_df.o)
                0x06018044                __adddf3
                0x06018094                __subdf3
 .text          0x060180e8      0x208 c:/development/saturn/joengine/compiler/windows/bin/../lib/gcc/sh-elf/9.3.0\libgcc.a(_mul_df.o)
                0x060180e8                __muldf3
 .text          0x060182f0       0xa8 c:/development/saturn/joengine/compiler/windows/bin/../lib/gcc/sh-elf/9.3.0\libgcc.a(_si_to_df.o)
                0x060182f0                __floatsidf
 .text          0x06018398       0xa0 c:/development/saturn/joengine/compiler/windows/bin/../lib/gcc/sh-elf/9.3.0\libgcc.a(_df_to_si.o)
                0x06018398                __fixdfsi
 .text          0x06018438       0x28 c:/development/saturn/joengine/compiler/windows/bin/../lib/gcc/sh-elf/9.3.0\libgcc.a(_make_df.o)
                0x06018438                __make_dp
 .text          0x06018460       0x4c c:/development/saturn/joengine/compiler/windows/bin/../lib/gcc/sh-elf/9.3.0\libgcc.a(_df_to_sf.o)
                0x06018460                __truncdfsf2
 .text          0x060184ac        0x0 c:/development/saturn/joengine/compiler/windows/bin/../lib/gcc/sh-elf/9.3.0\libgcc.a(_thenan_df.o)
 .text          0x060184ac       0x54 c:/development/saturn/joengine/compiler/windows/bin/../lib/gcc/sh-elf/9.3.0\libgcc.a(_clzsi2.o)
                0x060184ac                __clzsi2
 .text          0x06018500      0x11c c:/development/saturn/joengine/compiler/windows/bin/../lib/gcc/sh-elf/9.3.0\libgcc.a(_pack_sf.o)
                0x06018500                __pack_f
 .text          0x0601861c       0xa0 c:/development/saturn/joengine/compiler/windows/bin/../lib/gcc/sh-elf/9.3.0\libgcc.a(_unpack_sf.o)
                0x0601861c                __unpack_f
 .text          0x060186bc       0xac c:/development/saturn/joengine/compiler/windows/bin/../lib/gcc/sh-elf/9.3.0\libgcc.a(_fpcmp_parts_sf.o)
                0x060186bc                __fpcmp_parts_f
 .text          0x06018768       0x20 c:/development/saturn/joengine/compiler/windows/bin/../lib/gcc/sh-elf/9.3.0\libgcc.a(_make_sf.o)
                0x06018768                __make_fp
 .text          0x06018788      0x274 c:/development/saturn/joengine/compiler/windows/bin/../lib/gcc/sh-elf/9.3.0\libgcc.a(_pack_df.o)
                0x06018788                __pack_d
 .text          0x060189fc       0xcc c:/development/saturn/joengine/compiler/windows/bin/../lib/gcc/sh-elf/9.3.0\libgcc.a(_unpack_df.o)
                0x060189fc                __unpack_d
 .text          0x06018ac8        0x0 c:/development/saturn/joengine/compiler/windows/bin/../lib/gcc/sh-elf/9.3.0\libgcc.a(_clz.o)
 .text          0x06018ac8       0x1e c:/development/saturn/joengine/compiler/windows/bin/../lib/gcc/sh-elf/9.3.0/../../../../sh-elf/lib\libc.a(lib_a-memcmp.o)
                0x06018ac8                memcmp
 *fill*         0x06018ae6        0x2 
 .text          0x06018ae8       0x94 c:/development/saturn/joengine/compiler/windows/bin/../lib/gcc/sh-elf/9.3.0/../../../../sh-elf/lib\libc.a(lib_a-memcpy.o)
                0x06018ae8                memcpy
 .text          0x06018b7c       0x40 c:/development/saturn/joengine/compiler/windows/bin/../lib/gcc/sh-elf/9.3.0/../../../../sh-elf/lib\libc.a(lib_a-memset.o)
                0x06018b7c                memset
 .text          0x06018bbc      0x3b8 c:/development/saturn/joengine/compiler/windows/bin/../lib/gcc/sh-elf/9.3.0/../../../../sh-elf/lib\libc.a(lib_a-qsort.o)
                0x06018c68                qsort
 .text          0x06018f74       0xf8 c:/development/saturn/joengine/compiler/windows/bin/../lib/gcc/sh-elf/9.3.0/../../../../sh-elf/lib\libc.a(lib_a-snprintf.o)
                0x06018f74                _snprintf_r
                0x06018f74                _sniprintf_r
                0x06018fec                snprintf
                0x06018fec                sniprintf
 .text          0x0601906c       0x8c c:/development/saturn/joengine/compiler/windows/bin/../lib/gcc/sh-elf/9.3.0/../../../../sh-elf/lib\libc.a(lib_a-sprintf.o)
                0x0601906c                _siprintf_r
                0x0601906c                _sprintf_r
                0x060190ac                siprintf
                0x060190ac                sprintf
 .text          0x060190f8       0x20 c:/development/saturn/joengine/compiler/windows/bin/../lib/gcc/sh-elf/9.3.0/../../../../sh-elf/lib\libc.a(lib_a-strcat.o)
                0x060190f8                strcat
 .text          0x06019118       0x38 c:/development/saturn/joengine/compiler/windows/bin/../lib/gcc/sh-elf/9.3.0/../../../../sh-elf/lib\libc.a(lib_a-strcmp.o)
                0x06019118                strcmp
 .text          0x06019150       0x3c c:/development/saturn/joengine/compiler/windows/bin/../lib/gcc/sh-elf/9.3.0/../../../../sh-elf/lib\libc.a(lib_a-strcpy.o)
                0x06019150                strcpy
 .text          0x0601918c       0x20 c:/development/saturn/joengine/compiler/windows/bin/../lib/gcc/sh-elf/9.3.0/../../../../sh-elf/lib\libc.a(lib_a-strlen.o)
                0x0601918c                strlen
 .text          0x060191ac       0x2a c:/development/saturn/joengine/compiler/windows/bin/../lib/gcc/sh-elf/9.3.0/../../../../sh-elf/lib\libc.a(lib_a-strncmp.o)
                0x060191ac                strncmp
 .text          0x060191d6       0x36 c:/development/saturn/joengine/compiler/windows/bin/../lib/gcc/sh-elf/9.3.0/../../../../sh-elf/lib\libc.a(lib_a-strncpy.o)
                0x060191d6                strncpy
 .text          0x0601920c        0x0 c:/development/saturn/joengine/compiler/windows/bin/../lib/gcc/sh-elf/9.3.0/../../../../sh-elf/lib\libc.a(lib_a-impure.o)
 .text          0x0601920c      0x444 c:/development/saturn/joengine/compiler/windows/bin/../lib/gcc/sh-elf/9.3.0/../../../../sh-elf/lib\libc.a(lib_a-nano-svfprintf.o)
                0x0601920c                __ssputs_r
                0x06019300                __ssprint_r
                0x06019434                _svfprintf_r
                0x06019434                _svfiprintf_r
 .text          0x06019650      0x380 c:/development/saturn/joengine/compiler/windows/bin/../lib/gcc/sh-elf/9.3.0/../../../../sh-elf/lib\libc.a(lib_a-nano-vfprintf_i.o)
                0x06019650                _printf_common
                0x06019750                _printf_i
 .text          0x060199d0       0x1c c:/development/saturn/joengine/compiler/windows/bin/../lib/gcc/sh-elf/9.3.0/../../../../sh-elf/lib\libc.a(lib_a-memchr.o)
                0x060199d0                memchr
 .text          0x060199ec       0x3c c:/development/saturn/joengine/compiler/windows/bin/../lib/gcc/sh-elf/9.3.0/../../../../sh-elf/lib\libc.a(lib_a-memmove.o)
                0x060199ec                memmove
 .text          0x06019a28       0xd0 c:/development/saturn/joengine/compiler/windows/bin/../lib/gcc/sh-elf/9.3.0/../../../../sh-elf/lib\libc.a(lib_a-nano-freer.o)
                0x06019a28                _free_r
 .text          0x06019af8       0xf8 c:/development/saturn/joengine/compiler/windows/bin/../lib/gcc/sh-elf/9.3.0/../../../../sh-elf/lib\libc.a(lib_a-nano-mallocr.o)
                0x06019af8                _malloc_r
 .text          0x06019bf0       0x7c c:/development/saturn/joengine/compiler/windows/bin/../lib/gcc/sh-elf/9.3.0/../../../../sh-elf/lib\libc.a(lib_a-nano-reallocr.o)
                0x06019bf0                _realloc_r
 .text          0x06019c6c       0x30 c:/development/saturn/joengine/compiler/windows/bin/../lib/gcc/sh-elf/9.3.0/../../../../sh-elf/lib\libc.a(lib_a-sbrkr.o)
                0x06019c6c                _sbrk_r
 .text          0x06019c9c      0x25c c:/development/saturn/joengine/compiler/windows/bin/../lib/gcc/sh-elf/9.3.0/../../../../sh-elf/lib\libc.a(lib_a-syscalls.o)
                0x06019d14                _read
                0x06019d24                _lseek
                0x06019d34                _write
                0x06019d44                _close
                0x06019d54                _link
                0x06019d58                _sbrk
                0x06019db0                _fstat
                0x06019dba                _open
                0x06019dcc                _creat
                0x06019ddc                _unlink
                0x06019de0                isatty
                0x06019de4                _isatty
                0x06019de8                _exit
                0x06019df8                _kill
                0x06019e0c                _getpid
                0x06019e10                _raise
                0x06019e14                _stat
                0x06019e24                _chmod
                0x06019e34                _chown
                0x06019e44                _utime
                0x06019e58                _fork
                0x06019e64                _wait
                0x06019e74                _execve
                0x06019e84                _execv
                0x06019e94                _pipe
                0x06019ea0                _times
                0x06019ea4                _gettimeofday
                0x06019ecc                __setup_argv_and_call_main
 .text          0x06019ef8       0x14 c:/development/saturn/joengine/compiler/windows/bin/../lib/gcc/sh-elf/9.3.0/../../../../sh-elf/lib\libc.a(lib_a-trap.o)
                0x06019ef8                __trap34
 .text          0x06019f0c       0x18 c:/development/saturn/joengine/compiler/windows/bin/../lib/gcc/sh-elf/9.3.0/../../../../sh-elf/lib\libc.a(lib_a-abort.o)
                0x06019f0c                abort
 .text          0x06019f24        0x8 c:/development/saturn/joengine/compiler/windows/bin/../lib/gcc/sh-elf/9.3.0/../../../../sh-elf/lib\libc.a(lib_a-mlock.o)
                0x06019f24                __malloc_lock
                0x06019f28                __malloc_unlock
 .text          0x06019f2c       0x16 c:/development/saturn/joengine/compiler/windows/bin/../lib/gcc/sh-elf/9.3.0/../../../../sh-elf/lib\libc.a(lib_a-nano-msizer.o)
                0x06019f2c                _malloc_usable_size_r
 *fill*         0x06019f42        0x2 
 .text          0x06019f44      0x1b4 c:/development/saturn/joengine/compiler/windows/bin/../lib/gcc/sh-elf/9.3.0/../../../../sh-elf/lib\libc.a(lib_a-signal.o)
                0x06019f44                _init_signal_r
                0x06019f84                _signal_r
                0x06019fd0                _raise_r
                0x0601a048                __sigtramp_r
                0x0601a0ac                raise
                0x0601a0c0                signal
                0x0601a0d4                _init_signal
                0x0601a0e4                __sigtramp
 .text          0x0601a0f8       0x40 c:/development/saturn/joengine/compiler/windows/bin/../lib/gcc/sh-elf/9.3.0/../../../../sh-elf/lib\libc.a(lib_a-signalr.o)
                0x0601a0f8                _kill_r
                0x0601a12c                _getpid_r
 *(.strings)
 *(SEGA_P)
 *(.eh_frame_hdr)
 *(.eh_frame)
                0x0601a138                __etext = .

.text.startup   0x0601a140       0x40
 .text.startup  0x0601a140       0x40 ../../jo_engine/core.o
                0x0601a140                main

SLPROG          0x0601a180    0x11220
                0x0601a180                __slprog_start = .
 *(SLPROG)
 SLPROG         0x0601a180     0x6540 ../../Compiler/COMMON/SGL_302j/LIB_ELF/SGLAREA.O
                0x0601a180                MasterStack
                0x0601a184                SlaveStack
                0x0601a188                MaxVertices
                0x0601a18a                MaxPolygons
                0x0601a18c                SortList
                0x0601a190                SortListSize
                0x0601a194                TransList
                0x0601a198                Zbuffer
                0x0601a19c                SpriteBuf
                0x0601a1a0                SpriteBufSize
                0x0601a1a4                Pbuffer
                0x0601a1a8                CommandBuf
                0x0601a1ac                CLOfstBuf
                0x0601a1b0                PCM_Work
                0x0601a1b4                PCM_WkSize
                0x0601a1b8                MaxEvents
                0x0601a1ba                EventSize
                0x0601a1bc                MaxWorks
                0x0601a1be                WorkSize
                0x0601a1c0                RemainEvent
                0x0601a2c0                RemainWork
                0x0601a6c0                EventBuf
                0x0601c6c0                WorkBuf
 SLPROG         0x060206c0       0x20 ../../Compiler/COMMON/SGL_302j/LIB_ELF/LIBSGL.A(sglB001.o)
                0x060206c0                slTVOn
                0x060206ca                slTVOff
 SLPROG         0x060206e0       0x24 ../../Compiler/COMMON/SGL_302j/LIB_ELF/LIBSGL.A(sglB011.o)
                0x060206e0                slBitMapNbg1
 *fill*         0x06020704        0xc 
 SLPROG         0x06020710        0x8 ../../Compiler/COMMON/SGL_302j/LIB_ELF/LIBSGL.A(sglB014.o)
                0x06020710                slScrTransparent
 *fill*         0x06020718        0x8 
 SLPROG         0x06020720      0x40c ../../Compiler/COMMON/SGL_302j/LIB_ELF/LIBSGL.A(sglB015.o)
                0x06020720                slScrAutoDisp
 *fill*         0x06020b2c        0x4 
 SLPROG         0x06020b30        0xc ../../Compiler/COMMON/SGL_302j/LIB_ELF/LIBSGL.A(sglB016.o)
                0x06020b30                slBack1ColSet
 *fill*         0x06020b3c        0x4 
 SLPROG         0x06020b40       0x10 ../../Compiler/COMMON/SGL_302j/LIB_ELF/LIBSGL.A(sglB020.o)
                0x06020b40                slColorCalc
 SLPROG         0x06020b50        0xc ../../Compiler/COMMON/SGL_302j/LIB_ELF/LIBSGL.A(sglB021.o)
                0x06020b50                slColorCalcOn
 *fill*         0x06020b5c        0x4 
 SLPROG         0x06020b60        0xc ../../Compiler/COMMON/SGL_302j/LIB_ELF/LIBSGL.A(sglB023.o)
                0x06020b60                slColRate
 *fill*         0x06020b6c        0x4 
 SLPROG         0x06020b70       0xb4 ../../Compiler/COMMON/SGL_302j/LIB_ELF/LIBSGL.A(sglB032.o)
                0x06020b70                slMapNbg1
 *fill*         0x06020c24        0xc 
 SLPROG         0x06020c30       0xd4 ../../Compiler/COMMON/SGL_302j/LIB_ELF/LIBSGL.A(sglB035.o)
                0x06020c30                sl1MapRA
                0x06020cc2                rbank_set
 *fill*         0x06020d04        0xc 
 SLPROG         0x06020d10       0xa0 ../../Compiler/COMMON/SGL_302j/LIB_ELF/LIBSGL.A(sglB036.o)
                0x06020d10                sl1MapRB
 SLPROG         0x06020db0       0x70 ../../Compiler/COMMON/SGL_302j/LIB_ELF/LIBSGL.A(sglB038.o)
                0x06020db0                slRparaInitSet
 SLPROG         0x06020e20       0x7e ../../Compiler/COMMON/SGL_302j/LIB_ELF/LIBSGL.A(sglB039.o)
                0x06020e20                slMakeKtable
 *fill*         0x06020e9e        0x2 
 SLPROG         0x06020ea0       0x58 ../../Compiler/COMMON/SGL_302j/LIB_ELF/LIBSGL.A(sglB040.o)
                0x06020ea0                slKtableRA
 *fill*         0x06020ef8        0x8 
 SLPROG         0x06020f00       0x5c ../../Compiler/COMMON/SGL_302j/LIB_ELF/LIBSGL.A(sglB041.o)
                0x06020f00                slKtableRB
 *fill*         0x06020f5c        0x4 
 SLPROG         0x06020f60        0x8 ../../Compiler/COMMON/SGL_302j/LIB_ELF/LIBSGL.A(sglB043.o)
                0x06020f60                slRparaMode
 *fill*         0x06020f68        0x8 
 SLPROG         0x06020f70        0xc ../../Compiler/COMMON/SGL_302j/LIB_ELF/LIBSGL.A(sglB047.o)
                0x06020f70                slOverRA
 *fill*         0x06020f7c        0x4 
 SLPROG         0x06020f80       0x10 ../../Compiler/COMMON/SGL_302j/LIB_ELF/LIBSGL.A(sglB048.o)
                0x06020f80                slOverRB
 SLPROG         0x06020f90        0xc ../../Compiler/COMMON/SGL_302j/LIB_ELF/LIBSGL.A(sglB056.o)
                0x06020f90                slPlaneNbg1
 *fill*         0x06020f9c        0x4 
 SLPROG         0x06020fa0        0xc ../../Compiler/COMMON/SGL_302j/LIB_ELF/LIBSGL.A(sglB059.o)
                0x06020fa0                slPlaneRA
 *fill*         0x06020fac        0x4 
 SLPROG         0x06020fb0       0x10 ../../Compiler/COMMON/SGL_302j/LIB_ELF/LIBSGL.A(sglB060.o)
                0x06020fb0                slPlaneRB
 SLPROG         0x06020fc0        0xc ../../Compiler/COMMON/SGL_302j/LIB_ELF/LIBSGL.A(sglB063.o)
                0x06020fc0                slPriority
 *fill*         0x06020fcc        0x4 
 SLPROG         0x06020fd0       0x18 ../../Compiler/COMMON/SGL_302j/LIB_ELF/LIBSGL.A(sglB087.o)
                0x06020fd0                slLineScrollTable0
 *fill*         0x06020fe8        0x8 
 SLPROG         0x06020ff0        0x8 ../../Compiler/COMMON/SGL_302j/LIB_ELF/LIBSGL.A(sglB088.o)
                0x06020ff0                slLineScrollTable1
 *fill*         0x06020ff8        0x8 
 SLPROG         0x06021000        0xc ../../Compiler/COMMON/SGL_302j/LIB_ELF/LIBSGL.A(sglB090.o)
                0x06021000                slLineScrollMode
 *fill*         0x0602100c        0x4 
 SLPROG         0x06021010      0x114 ../../Compiler/COMMON/SGL_302j/LIB_ELF/LIBSGL.A(sglB200.o)
                0x06021010                slCharRbg0
                0x0602101c                slCharNbg0
                0x06021028                slCharNbg1
                0x06021034                slCharNbg2
                0x0602104a                slCharNbg3
                0x06021062                slPageRbg0
                0x06021078                slPageNbg1
                0x06021080                slPageNbg2
                0x06021088                slPageNbg3
                0x06021094                slPageNbg0
 *fill*         0x06021124        0xc 
 SLPROG         0x06021130       0x78 ../../Compiler/COMMON/SGL_302j/LIB_ELF/LIBSGL.A(sglC05.o)
                0x06021130                slSetSprite
 *fill*         0x060211a8        0x8 
 SLPROG         0x060211b0       0xfa ../../Compiler/COMMON/SGL_302j/LIB_ELF/LIBSGL.A(sglC06.o)
                0x060211b0                slDispSprite
 *fill*         0x060212aa        0x6 
 SLPROG         0x060212b0      0x162 ../../Compiler/COMMON/SGL_302j/LIB_ELF/LIBSGL.A(sglC07.o)
                0x060212b6                slPutSprite
 *fill*         0x06021412        0xe 
 SLPROG         0x06021420       0x4c ../../Compiler/COMMON/SGL_302j/LIB_ELF/LIBSGL.A(sglC17.o)
                0x06021420                slDispSpriteHV
 *fill*         0x0602146c        0x4 
 SLPROG         0x06021470       0xd4 ../../Compiler/COMMON/SGL_302j/LIB_ELF/LIBSGL.A(sglC19.o)
                0x06021470                slDispSprite4P
 *fill*         0x06021544        0xc 
 SLPROG         0x06021550       0x40 ../../Compiler/COMMON/SGL_302j/LIB_ELF/LIBSGL.A(sglC20.o)
                0x06021550                SpriteEntry
 SLPROG         0x06021590      0x4ae ../../Compiler/COMMON/SGL_302j/LIB_ELF/LIBSGL.A(sglC21.o)
                0x06021618                RotSprite
                0x060216a6                SetSprPosition
 *fill*         0x06021a3e        0x2 
 SLPROG         0x06021a40       0x84 ../../Compiler/COMMON/SGL_302j/LIB_ELF/LIBSGL.A(sglD00.o)
                0x06021a40                slCpuDMACopy
                0x06021a40                slDMACopy
                0x06021a9a                CSH_AllClr
                0x06021a9a                slCashPurge
 *fill*         0x06021ac4        0xc 
 SLPROG         0x06021ad0       0xa0 ../../Compiler/COMMON/SGL_302j/LIB_ELF/LIBSGL.A(sglD01.o)
                0x06021ad0                slDMAXCopy
 SLPROG         0x06021b70        0xc ../../Compiler/COMMON/SGL_302j/LIB_ELF/LIBSGL.A(sglD03.o)
                0x06021b70                slDMAStatus
 *fill*         0x06021b7c        0x4 
 SLPROG         0x06021b80       0x20 ../../Compiler/COMMON/SGL_302j/LIB_ELF/LIBSGL.A(sglD15.o)
                0x06021b80                CSH_Purge
 SLPROG         0x06021ba0       0x84 ../../Compiler/COMMON/SGL_302j/LIB_ELF/LIBSGL.A(sglD16.o)
                0x06021ba0                DMA_ScuSetPrm
                0x06021be8                DMA_SCU_PRM0
 *fill*         0x06021c24        0xc 
 SLPROG         0x06021c30       0x88 ../../Compiler/COMMON/SGL_302j/LIB_ELF/LIBSGL.A(sglD17.o)
                0x06021c30                DMA_ScuStart
 *fill*         0x06021cb8        0x8 
 SLPROG         0x06021cc0       0x34 ../../Compiler/COMMON/SGL_302j/LIB_ELF/LIBSGL.A(sglD18.o)
                0x06021cc0                DMA_ScuGetStatus
 *fill*         0x06021cf4        0xc 
 SLPROG         0x06021d00       0x4e ../../Compiler/COMMON/SGL_302j/LIB_ELF/LIBSGL.A(sglF00.o)
                0x06021d00                slCurScrn
                0x06021d10                slCurColor
                0x06021d1a                slLocate
                0x06021d4c                CurrentScreen
 *fill*         0x06021d4e        0x2 
 SLPROG         0x06021d50       0x1c ../../Compiler/COMMON/SGL_302j/LIB_ELF/LIBSGL.A(sglF05.o)
                0x06021d50                slPrint
 *fill*         0x06021d6c        0x4 
 SLPROG         0x06021d70       0x34 ../../Compiler/COMMON/SGL_302j/LIB_ELF/LIBSGL.A(sglF08.o)
                0x06021d70                slDec2Hex
 *fill*         0x06021da4        0xc 
 SLPROG         0x06021db0      0x1d0 ../../Compiler/COMMON/SGL_302j/LIB_ELF/LIBSGL.A(sglG00.o)
                0x06021db0                slInitSound
                0x06021eb4                slWaitSound
                0x06021ecc                slSndFlush
 SLPROG         0x06021f80       0x18 ../../Compiler/COMMON/SGL_302j/LIB_ELF/LIBSGL.A(sglG01.o)
                0x06021f80                slSndVolume
 *fill*         0x06021f98        0x8 
 SLPROG         0x06021fa0       0x4c ../../Compiler/COMMON/SGL_302j/LIB_ELF/LIBSGL.A(sglG19.o)
                0x06021fa0                slCDDAOn
 *fill*         0x06021fec        0x4 
 SLPROG         0x06021ff0      0x1e0 ../../Compiler/COMMON/SGL_302j/LIB_ELF/LIBSGL.A(sglG21.o)
                0x06021ff8                slPCMOn
                0x06022116                slSndPCMNum
 SLPROG         0x060221d0       0x48 ../../Compiler/COMMON/SGL_302j/LIB_ELF/LIBSGL.A(sglG22.o)
                0x060221d0                slPCMOff
 *fill*         0x06022218        0x8 
 SLPROG         0x06022220       0x18 ../../Compiler/COMMON/SGL_302j/LIB_ELF/LIBSGL.A(sglG25.o)
                0x06022220                slPCMStat
 *fill*         0x06022238        0x8 
 SLPROG         0x06022240      0xfc8 ../../Compiler/COMMON/SGL_302j/LIB_ELF/LIBSGL.A(sglH00.o)
                0x06022258                slGetPortDir1
                0x06022260                slGetPortDir2
                0x06022268                slSetPortDir1
                0x06022292                slSetPortDir2
                0x060222cc                slGetPortData1
                0x060222d4                slGetPortData2
                0x060222dc                slSetPortData1
                0x060222e6                slSetPortData2
                0x060222f8                slGetPortSelect1
                0x06022302                slGetPortSelect2
                0x0602230c                slSetPortSelect1
                0x06022340                slSetPortSelect2
                0x0602237c                slGetPortExt1
                0x06022386                slGetPortExt2
                0x06022390                slSetPortExt1
                0x060223c0                slSetPortExt2
                0x06022534                slSmpcDirectAccess
                0x060225b4                slInitPeripheral
                0x06022646                slSetResultBuffer
                0x060226d2                slCheckIntBackSet
                0x060226de                slIntBackCancel
                0x06022708                slCheckReset
                0x06022712                slClearReset
                0x060228d8                slSmpcCashSend
                0x06022994                slSmpcCashBlow
                0x06022a70                slGetOptimize
                0x06022a7a                slSetOptimize
                0x06022aa0                slGetPortMode1
                0x06022aac                slGetPortMode2
                0x06022aba                slSetPortMode1
                0x06022af8                slSetPortMode2
                0x06022c84                slRequestCommand
                0x06022cf4                Smpc_Status
                0x06022cf8                Smpc_Result
                0x06022cfc                Smpc_Peripheral
                0x06022d02                Per_Connect1
                0x06022d03                Per_Connect2
                0x06022d24                SmpcStatusBuf
 *fill*         0x06023208        0x8 
 SLPROG         0x06023210       0xa8 ../../Compiler/COMMON/SGL_302j/LIB_ELF/LIBSGL.A(sglH01.o)
                0x06023210                slGetLanguage
                0x0602321a                slSetLanguage
                0x0602323c                slGetSoundEffect
                0x06023248                slSetSoundEffect
                0x06023264                slGetSoundOutput
                0x06023270                slSetSoundOutput
                0x0602328c                slGetHelpWindow
                0x06023298                slSetHelpWindow
 *fill*         0x060232b8        0x8 
 SLPROG         0x060232c0      0x470 ../../Compiler/COMMON/SGL_302j/LIB_ELF/LIBSGL.A(sglH02.o)
                0x060236b0                smpc_pfr_tbl
                0x060236f0                smpc_ptf_tbl
 SLPROG         0x06023730       0x60 ../../Compiler/COMMON/SGL_302j/LIB_ELF/LIBSGL.A(sglH04.o)
                0x06023730                slComPrmIntBack
                0x06023744                slComPrmSetMemory
                0x0602375a                slComPrmSetTime
 SLPROG         0x06023790      0x3a4 ../../Compiler/COMMON/SGL_302j/LIB_ELF/LIBSGL.A(sglI01.o)
                0x06023790                slInitSynch
                0x060237aa                slSynch
                0x060238a0                slRandom
                0x060238be                PCM_EndCheck
                0x0602397a                RetPCMBuf
                0x06023a14                PCM_Buf
                0x06023ab4                Sound_Buf
 *fill*         0x06023b34        0xc 
 SLPROG         0x06023b40       0x10 ../../Compiler/COMMON/SGL_302j/LIB_ELF/LIBSGL.A(sglI04.o)
                0x06023b40                slIntFunction
 SLPROG         0x06023b50       0x74 ../../Compiler/COMMON/SGL_302j/LIB_ELF/LIBSGL.A(sglJ00.o)
                0x06023b50                InitSlaveSH
                0x06023bb8                SlaveCommand
 *fill*         0x06023bc4        0xc 
 SLPROG         0x06023bd0      0x3d0 ../../Compiler/COMMON/SGL_302j/LIB_ELF/LIBSGL.A(sglJ01.o)
                0x06023bd0                SlaveControl
                0x06023f8c                ErasePolygonData
 SLPROG         0x06023fa0     0x12b8 ../../Compiler/COMMON/SGL_302j/LIB_ELF/LIBSGL.A(sglJ02.o)
                0x06023fa0                sbMakePolygon
                0x06024188                sbCalcPolygon
                0x06024ec0                SetTexture
                0x06024ecc                SetPolygon
                0x06024ed4                SetPosition
                0x06024f0c                stvtc_4
                0x06024fc4                stvtc_3
                0x060251d4                stvtc_1
                0x060251e8                stvtc_2
                0x060251fc                stvtc_0
 *fill*         0x06025258        0x8 
 SLPROG         0x06025260      0x140 ../../Compiler/COMMON/SGL_302j/LIB_ELF/LIBSGL.A(sglJ03.o)
                0x06025260                sbMakeDMATable
 SLPROG         0x060253a0      0x470 ../../Compiler/COMMON/SGL_302j/LIB_ELF/LIBSGL.A(sglJ04.o)
                0x060253fe                sbMakeSprite
                0x06025464                sbMakeRotSprite
 SLPROG         0x06025810       0x3c ../../Compiler/COMMON/SGL_302j/LIB_ELF/LIBSGL.A(sglJ05.o)
                0x06025810                sbSortEntry
 *fill*         0x0602584c        0x4 
 SLPROG         0x06025850       0x6a ../../Compiler/COMMON/SGL_302j/LIB_ELF/LIBSGL.A(sglM01.o)
                0x06025850                slSetDepthLimit
                0x0602587c                slSetDepthTbl
                0x060258ac                DepthWorkArea
 *fill*         0x060258ba        0x6 
 SLPROG         0x060258c0       0x20 ../../Compiler/COMMON/SGL_302j/LIB_ELF/LIBSGL.A(sglA00.o)
                0x060258c0                set_imask
                0x060258c0                _builtin_set_imask
                0x060258d4                _builtin_get_imask
                0x060258d4                get_imask
 SLPROG         0x060258e0     0x411e ../../Compiler/COMMON/SGL_302j/LIB_ELF/LIBSGL.A(sglA01.o)
                0x060258e0                slSin
                0x06025904                slCos
                0x06025928                GetSinCos
                0x060259bc                sin_cos_index_tbl
                0x060259fc                sin_tbl
 *fill*         0x060299fe        0x2 
 SLPROG         0x06029a00      0x42c ../../Compiler/COMMON/SGL_302j/LIB_ELF/LIBSGL.A(sglA20.o)
                0x06029a00                slInitMatrix
                0x06029a0a                slPushUnitMatrix
                0x06029a1e                slUnitMatrix
 *fill*         0x06029e2c        0x4 
 SLPROG         0x06029e30      0xbd0 ../../Compiler/COMMON/SGL_302j/LIB_ELF/LIBSGL.A(sglB000.o)
                0x06029e30                slInitScroll
                0x06029f50                setASC_1to8
                0x06029f80                setASC_4to8
                0x0602a090                TVSizeTbl
                0x0602a110                TVModeTbl
                0x0602a2e8                SGL_ASCII_CG
 SLPROG         0x0602aa00      0x134 ../../Compiler/COMMON/SGL_302j/LIB_ELF/LIBSGL.A(sglC00.o)
                0x0602aa00                slInitSprite
 *fill*         0x0602ab34        0xc 
 SLPROG         0x0602ab40       0x10 ../../Compiler/COMMON/SGL_302j/LIB_ELF/LIBSGL.A(sglD02.o)
                0x0602ab40                slDMAWait
 SLPROG         0x0602ab50      0x75c ../../Compiler/COMMON/SGL_302j/LIB_ELF/LIBSGL.A(sglI00.o)
                0x0602ae40                slInitInterrupt
 *fill*         0x0602b2ac        0x4 
 SLPROG         0x0602b2b0       0xf0 ../../Compiler/COMMON/SGL_302j/LIB_ELF/LIBSGL.A(sglH03.o)
                0x0602b314                slSmpcIntBack
                0x0602b3a0                __slprog_end = .

.tors           0x0602b3a0        0x0
                0x0602b3a0                ___ctors = .
 *(.ctors)
                0x0602b3a0                ___ctors_end = .
                0x0602b3a0                ___dtors = .
 *(.dtors)
                0x0602b3a0                ___dtors_end = .

.data           0x0602b3a0     0x6d20
 *(.data)
 .data          0x0602b3a0        0x0 ../../Compiler/COMMON/SGL_302j/LIB_ELF/SGLAREA.O
 .data          0x0602b3a0        0x0 pad_controllers.o
 .data          0x0602b3a0        0x0 main.o
 .data          0x0602b3a0        0x0 sprite_manager.o
 .data          0x0602b3a0        0x0 filelist.o
 .data          0x0602b3a0        0x0 satiator_functions.o
 .data          0x0602b3a0        0x0 background.o
 .data          0x0602b3a0        0x0 states/splash.o
 .data          0x0602b3a0        0x0 states/menu.o
 .data          0x0602b3a0        0x0 states/gamelist.o
 .data          0x0602b3a0        0x0 Save-Game-Copier/md5/md5.o
 .data          0x0602b3a0        0x0 Save-Game-Copier/backup-cd.o
 .data          0x0602b3a0        0x0 Save-Game-Copier/util.o
 .data          0x0602b3a0        0x0 Save-Game-Copier/backup-saturn.o
 .data          0x0602b3a0        0x4 Save-Game-Copier/backup-mode.o
                0x0602b3a0                SaveDirectory
 .data          0x0602b3a4        0x0 Save-Game-Copier/backup-satiator.o
 .data          0x0602b3a4        0x0 Save-Game-Copier/backup.o
 .data          0x0602b3a4        0x0 Save-Game-Copier/bup_header.o
 .data          0x0602b3a4        0x0 ../../jo_engine/cd.o
 .data          0x0602b3a4        0x0 ../../jo_engine/satiator.o
 .data          0x0602b3a4        0x0 ../../jo_engine/backup.o
 .data          0x0602b3a4        0x0 ../../jo_engine/tga.o
 .data          0x0602b3a4     0x682f ../../jo_engine/audio.o
                0x0602b3e0                sddrvstsk
 *fill*         0x06031bd3        0x1 
 .data          0x06031bd4        0x4 ../../jo_engine/fs.o
 .data          0x06031bd8        0x0 ../../jo_engine/font.o
 .data          0x06031bd8        0x0 ../../jo_engine/input.o
 .data          0x06031bd8        0x0 ../../jo_engine/physics.o
 .data          0x06031bd8        0x0 ../../jo_engine/core.o
 .data          0x06031bd8        0x4 ../../jo_engine/math.o
                0x06031bd8                jo_random_seed
 .data          0x06031bdc        0x0 ../../jo_engine/malloc.o
 .data          0x06031bdc        0x0 ../../jo_engine/tools.o
 .data          0x06031bdc        0x0 ../../jo_engine/palette.o
 .data          0x06031bdc       0x2c ../../jo_engine/sprites.o
                0x06031be0                __jo_gouraud_shading_runtime_index
                0x06031be4                __jo_sprite_pos
                0x06031bf0                __jo_sprite_attributes
 .data          0x06031c08        0x0 ../../jo_engine/map.o
 .data          0x06031c08        0x0 ../../jo_engine/list.o
 .data          0x06031c08        0x4 ../../jo_engine/sprite_animator.o
 .data          0x06031c0c        0x0 ../../jo_engine/image.o
 .data          0x06031c0c        0x0 ../../jo_engine/vdp2.o
 .data          0x06031c0c        0x0 ../../jo_engine/time.o
 .data          0x06031c0c        0x0 ../../jo_engine/vdp1_command_pipeline.o
 .data          0x06031c0c       0x10 ../../jo_engine/vdp2_malloc.o
 .data          0x06031c1c        0x0 mode/mode_intf.a(mode_intf.o)
 *fill*         0x06031c1c        0x4 
 .data          0x06031c20        0x0 ../../Compiler/COMMON/SGL_302j/LIB_ELF/SEGA_SYS.A(sys_exit.o)
 .data          0x06031c20        0x0 ../../Compiler/COMMON/SGL_302j/LIB_ELF/SEGA_SYS.A(sys_sub.o)
 .data          0x06031c20        0x0 ../../Compiler/COMMON/SGL_302j/LIB_ELF/LIBCD.A(CDC_CMN.O)
 .data          0x06031c20        0x0 ../../Compiler/COMMON/SGL_302j/LIB_ELF/LIBCD.A(CDC_DRV.O)
 .data          0x06031c20        0x0 ../../Compiler/COMMON/SGL_302j/LIB_ELF/LIBCD.A(CDC_CFS.O)
 .data          0x06031c20        0x0 ../../Compiler/COMMON/SGL_302j/LIB_ELF/LIBCD.A(CDC_REG.O)
 .data          0x06031c20        0x0 ../../Compiler/COMMON/SGL_302j/LIB_ELF/LIBCD.A(CDC_SUB.O)
 .data          0x06031c20        0x0 ../../Compiler/COMMON/SGL_302j/LIB_ELF/LIBCD.A(GFS.O)
 .data          0x06031c20        0x0 ../../Compiler/COMMON/SGL_302j/LIB_ELF/LIBCD.A(GFS_BUF.O)
 .data          0x06031c20        0x0 ../../Compiler/COMMON/SGL_302j/LIB_ELF/LIBCD.A(GFS_CDB.O)
 .data          0x06031c20        0x0 ../../Compiler/COMMON/SGL_302j/LIB_ELF/LIBCD.A(GFS_CDC.O)
 .data          0x06031c20        0x0 ../../Compiler/COMMON/SGL_302j/LIB_ELF/LIBCD.A(GFS_CDF.O)
 .data          0x06031c20        0x0 ../../Compiler/COMMON/SGL_302j/LIB_ELF/LIBCD.A(GFS_DIR.O)
 .data          0x06031c20        0x0 ../../Compiler/COMMON/SGL_302j/LIB_ELF/LIBCD.A(GFS_TRN.O)
 .data          0x06031c20        0x0 ../../Compiler/COMMON/SGL_302j/LIB_ELF/LIBCD.A(CDC_DEV.O)
 .data          0x06031c20        0x0 ../../Compiler/COMMON/SGL_302j/LIB_ELF/LIBCD.A(CDC_SEL.O)
 .data          0x06031c20        0x0 ../../Compiler/COMMON/SGL_302j/LIB_ELF/LIBCD.A(CDC_BIF.O)
 .data          0x06031c20        0x0 ../../Compiler/COMMON/SGL_302j/LIB_ELF/LIBCD.A(CDC_BIO.O)
 .data          0x06031c20        0x0 ../../Compiler/COMMON/SGL_302j/LIB_ELF/LIBSGL.A(sglB001.o)
 .data          0x06031c20        0x0 ../../Compiler/COMMON/SGL_302j/LIB_ELF/LIBSGL.A(sglB011.o)
 .data          0x06031c20        0x0 ../../Compiler/COMMON/SGL_302j/LIB_ELF/LIBSGL.A(sglB014.o)
 .data          0x06031c20        0x0 ../../Compiler/COMMON/SGL_302j/LIB_ELF/LIBSGL.A(sglB015.o)
 .data          0x06031c20        0x0 ../../Compiler/COMMON/SGL_302j/LIB_ELF/LIBSGL.A(sglB016.o)
 .data          0x06031c20        0x0 ../../Compiler/COMMON/SGL_302j/LIB_ELF/LIBSGL.A(sglB020.o)
 .data          0x06031c20        0x0 ../../Compiler/COMMON/SGL_302j/LIB_ELF/LIBSGL.A(sglB021.o)
 .data          0x06031c20        0x0 ../../Compiler/COMMON/SGL_302j/LIB_ELF/LIBSGL.A(sglB023.o)
 .data          0x06031c20        0x0 ../../Compiler/COMMON/SGL_302j/LIB_ELF/LIBSGL.A(sglB032.o)
 .data          0x06031c20        0x0 ../../Compiler/COMMON/SGL_302j/LIB_ELF/LIBSGL.A(sglB035.o)
 .data          0x06031c20        0x0 ../../Compiler/COMMON/SGL_302j/LIB_ELF/LIBSGL.A(sglB036.o)
 .data          0x06031c20        0x0 ../../Compiler/COMMON/SGL_302j/LIB_ELF/LIBSGL.A(sglB038.o)
 .data          0x06031c20        0x0 ../../Compiler/COMMON/SGL_302j/LIB_ELF/LIBSGL.A(sglB039.o)
 .data          0x06031c20        0x0 ../../Compiler/COMMON/SGL_302j/LIB_ELF/LIBSGL.A(sglB040.o)
 .data          0x06031c20        0x0 ../../Compiler/COMMON/SGL_302j/LIB_ELF/LIBSGL.A(sglB041.o)
 .data          0x06031c20        0x0 ../../Compiler/COMMON/SGL_302j/LIB_ELF/LIBSGL.A(sglB043.o)
 .data          0x06031c20        0x0 ../../Compiler/COMMON/SGL_302j/LIB_ELF/LIBSGL.A(sglB047.o)
 .data          0x06031c20        0x0 ../../Compiler/COMMON/SGL_302j/LIB_ELF/LIBSGL.A(sglB048.o)
 .data          0x06031c20        0x0 ../../Compiler/COMMON/SGL_302j/LIB_ELF/LIBSGL.A(sglB056.o)
 .data          0x06031c20        0x0 ../../Compiler/COMMON/SGL_302j/LIB_ELF/LIBSGL.A(sglB059.o)
 .data          0x06031c20        0x0 ../../Compiler/COMMON/SGL_302j/LIB_ELF/LIBSGL.A(sglB060.o)
 .data          0x06031c20        0x0 ../../Compiler/COMMON/SGL_302j/LIB_ELF/LIBSGL.A(sglB063.o)
 .data          0x06031c20        0x0 ../../Compiler/COMMON/SGL_302j/LIB_ELF/LIBSGL.A(sglB087.o)
 .data          0x06031c20        0x0 ../../Compiler/COMMON/SGL_302j/LIB_ELF/LIBSGL.A(sglB088.o)
 .data          0x06031c20        0x0 ../../Compiler/COMMON/SGL_302j/LIB_ELF/LIBSGL.A(sglB090.o)
 .data          0x06031c20        0x0 ../../Compiler/COMMON/SGL_302j/LIB_ELF/LIBSGL.A(sglB200.o)
 .data          0x06031c20        0x0 ../../Compiler/COMMON/SGL_302j/LIB_ELF/LIBSGL.A(sglC05.o)
 .data          0x06031c20        0x0 ../../Compiler/COMMON/SGL_302j/LIB_ELF/LIBSGL.A(sglC06.o)
 .data          0x06031c20        0x0 ../../Compiler/COMMON/SGL_302j/LIB_ELF/LIBSGL.A(sglC07.o)
 .data          0x06031c20        0x0 ../../Compiler/COMMON/SGL_302j/LIB_ELF/LIBSGL.A(sglC17.o)
 .data          0x06031c20        0x0 ../../Compiler/COMMON/SGL_302j/LIB_ELF/LIBSGL.A(sglC19.o)
 .data          0x06031c20        0x0 ../../Compiler/COMMON/SGL_302j/LIB_ELF/LIBSGL.A(sglC20.o)
 .data          0x06031c20        0x0 ../../Compiler/COMMON/SGL_302j/LIB_ELF/LIBSGL.A(sglC21.o)
 .data          0x06031c20        0x0 ../../Compiler/COMMON/SGL_302j/LIB_ELF/LIBSGL.A(sglD00.o)
 .data          0x06031c20        0x0 ../../Compiler/COMMON/SGL_302j/LIB_ELF/LIBSGL.A(sglD01.o)
 .data          0x06031c20        0x0 ../../Compiler/COMMON/SGL_302j/LIB_ELF/LIBSGL.A(sglD03.o)
 .data          0x06031c20        0x0 ../../Compiler/COMMON/SGL_302j/LIB_ELF/LIBSGL.A(sglD15.o)
 .data          0x06031c20        0x0 ../../Compiler/COMMON/SGL_302j/LIB_ELF/LIBSGL.A(sglD16.o)
 .data          0x06031c20        0x0 ../../Compiler/COMMON/SGL_302j/LIB_ELF/LIBSGL.A(sglD17.o)
 .data          0x06031c20        0x0 ../../Compiler/COMMON/SGL_302j/LIB_ELF/LIBSGL.A(sglD18.o)
 .data          0x06031c20        0x0 ../../Compiler/COMMON/SGL_302j/LIB_ELF/LIBSGL.A(sglF00.o)
 .data          0x06031c20        0x0 ../../Compiler/COMMON/SGL_302j/LIB_ELF/LIBSGL.A(sglF05.o)
 .data          0x06031c20        0x0 ../../Compiler/COMMON/SGL_302j/LIB_ELF/LIBSGL.A(sglF08.o)
 .data          0x06031c20        0x0 ../../Compiler/COMMON/SGL_302j/LIB_ELF/LIBSGL.A(sglG00.o)
 .data          0x06031c20        0x0 ../../Compiler/COMMON/SGL_302j/LIB_ELF/LIBSGL.A(sglG01.o)
 .data          0x06031c20        0x0 ../../Compiler/COMMON/SGL_302j/LIB_ELF/LIBSGL.A(sglG19.o)
 .data          0x06031c20        0x0 ../../Compiler/COMMON/SGL_302j/LIB_ELF/LIBSGL.A(sglG21.o)
 .data          0x06031c20        0x0 ../../Compiler/COMMON/SGL_302j/LIB_ELF/LIBSGL.A(sglG22.o)
 .data          0x06031c20        0x0 ../../Compiler/COMMON/SGL_302j/LIB_ELF/LIBSGL.A(sglG25.o)
 .data          0x06031c20        0x0 ../../Compiler/COMMON/SGL_302j/LIB_ELF/LIBSGL.A(sglH00.o)
 .data          0x06031c20        0x0 ../../Compiler/COMMON/SGL_302j/LIB_ELF/LIBSGL.A(sglH01.o)
 .data          0x06031c20        0x0 ../../Compiler/COMMON/SGL_302j/LIB_ELF/LIBSGL.A(sglH02.o)
 .data          0x06031c20        0x0 ../../Compiler/COMMON/SGL_302j/LIB_ELF/LIBSGL.A(sglH04.o)
 .data          0x06031c20        0x0 ../../Compiler/COMMON/SGL_302j/LIB_ELF/LIBSGL.A(sglI01.o)
 .data          0x06031c20        0x0 ../../Compiler/COMMON/SGL_302j/LIB_ELF/LIBSGL.A(sglI04.o)
 .data          0x06031c20       0x80 ../../Compiler/COMMON/SGL_302j/LIB_ELF/LIBSGL.A(sglIc0.o)
                0x06031c20                IntPrioMask
 .data          0x06031ca0        0x0 ../../Compiler/COMMON/SGL_302j/LIB_ELF/LIBSGL.A(sglJ00.o)
 .data          0x06031ca0        0x0 ../../Compiler/COMMON/SGL_302j/LIB_ELF/LIBSGL.A(sglJ01.o)
 .data          0x06031ca0        0x0 ../../Compiler/COMMON/SGL_302j/LIB_ELF/LIBSGL.A(sglJ02.o)
 .data          0x06031ca0        0x0 ../../Compiler/COMMON/SGL_302j/LIB_ELF/LIBSGL.A(sglJ03.o)
 .data          0x06031ca0        0x0 ../../Compiler/COMMON/SGL_302j/LIB_ELF/LIBSGL.A(sglJ04.o)
 .data          0x06031ca0        0x0 ../../Compiler/COMMON/SGL_302j/LIB_ELF/LIBSGL.A(sglJ05.o)
 .data          0x06031ca0        0x0 ../../Compiler/COMMON/SGL_302j/LIB_ELF/LIBSGL.A(sglK01.o)
 .data          0x06031ca0        0x0 ../../Compiler/COMMON/SGL_302j/LIB_ELF/LIBSGL.A(sglM01.o)
 .data          0x06031ca0        0x0 ../../Compiler/COMMON/SGL_302j/LIB_ELF/LIBSGL.A(sglA00.o)
 .data          0x06031ca0        0x0 ../../Compiler/COMMON/SGL_302j/LIB_ELF/LIBSGL.A(sglA01.o)
 .data          0x06031ca0        0x0 ../../Compiler/COMMON/SGL_302j/LIB_ELF/LIBSGL.A(sglA20.o)
 .data          0x06031ca0        0x0 ../../Compiler/COMMON/SGL_302j/LIB_ELF/LIBSGL.A(sglB000.o)
 .data          0x06031ca0        0x0 ../../Compiler/COMMON/SGL_302j/LIB_ELF/LIBSGL.A(sglC00.o)
 .data          0x06031ca0        0x0 ../../Compiler/COMMON/SGL_302j/LIB_ELF/LIBSGL.A(sglD02.o)
 .data          0x06031ca0        0x0 ../../Compiler/COMMON/SGL_302j/LIB_ELF/LIBSGL.A(sglI00.o)
 .data          0x06031ca0        0x0 ../../Compiler/COMMON/SGL_302j/LIB_ELF/LIBSGL.A(sglH03.o)
 .data          0x06031ca0        0x0 c:/development/saturn/joengine/compiler/windows/bin/../lib/gcc/sh-elf/9.3.0\libgcc.a(_ashiftrt.o)
 .data          0x06031ca0        0x0 c:/development/saturn/joengine/compiler/windows/bin/../lib/gcc/sh-elf/9.3.0\libgcc.a(_ashiftrt_n.o)
 .data          0x06031ca0        0x0 c:/development/saturn/joengine/compiler/windows/bin/../lib/gcc/sh-elf/9.3.0\libgcc.a(_ashiftlt.o)
 .data          0x06031ca0        0x0 c:/development/saturn/joengine/compiler/windows/bin/../lib/gcc/sh-elf/9.3.0\libgcc.a(_lshiftrt.o)
 .data          0x06031ca0        0x0 c:/development/saturn/joengine/compiler/windows/bin/../lib/gcc/sh-elf/9.3.0\libgcc.a(_sdivsi3.o)
 .data          0x06031ca0        0x0 c:/development/saturn/joengine/compiler/windows/bin/../lib/gcc/sh-elf/9.3.0\libgcc.a(_udivsi3.o)
 .data          0x06031ca0        0x0 c:/development/saturn/joengine/compiler/windows/bin/../lib/gcc/sh-elf/9.3.0\libgcc.a(_addsub_sf.o)
 .data          0x06031ca0        0x0 c:/development/saturn/joengine/compiler/windows/bin/../lib/gcc/sh-elf/9.3.0\libgcc.a(_mul_sf.o)
 .data          0x06031ca0        0x0 c:/development/saturn/joengine/compiler/windows/bin/../lib/gcc/sh-elf/9.3.0\libgcc.a(_div_sf.o)
 .data          0x06031ca0        0x0 c:/development/saturn/joengine/compiler/windows/bin/../lib/gcc/sh-elf/9.3.0\libgcc.a(_gt_sf.o)
 .data          0x06031ca0        0x0 c:/development/saturn/joengine/compiler/windows/bin/../lib/gcc/sh-elf/9.3.0\libgcc.a(_ge_sf.o)