Archive member included to satisfy reference by file (symbol)

mode/mode_intf.a(mode_intf.o)
                              Save-Game-Copier/backup-mode.o (MODE_Open)
../../Compiler/COMMON/SGL_302j/LIB_ELF/SEGA_SYS.A(sys_exit.o)
                              ../../jo_engine/core.o (SYS_Exit)
../../Compiler/COMMON/SGL_302j/LIB_ELF/SEGA_SYS.A(sys_sub.o)
                              ../../Compiler/COMMON/SGL_302j/LIB_ELF/SEGA_SYS.A(sys_exit.o) (SYSUB_SetStackptr)
../../Compiler/COMMON/SGL_302j/LIB_ELF/LIBCD.A(CDC_CMN.O)
                              ../../Compiler/COMMON/SGL_302j/LIB_ELF/SEGA_SYS.A(sys_exit.o) (CDC_GetCurStat)
../../Compiler/COMMON/SGL_302j/LIB_ELF/LIBCD.A(CDC_DRV.O)
                              ../../jo_engine/audio.o (CDC_CdPlay)
../../Compiler/COMMON/SGL_302j/LIB_ELF/LIBCD.A(CDC_CFS.O)
                              ../../Compiler/COMMON/SGL_302j/LIB_ELF/SEGA_SYS.A(sys_exit.o) (CDC_ChgDir)
../../Compiler/COMMON/SGL_302j/LIB_ELF/LIBCD.A(CDC_REG.O)
                              ../../Compiler/COMMON/SGL_302j/LIB_ELF/SEGA_SYS.A(sys_exit.o) (CDC_GetHirqReq)
../../Compiler/COMMON/SGL_302j/LIB_ELF/LIBCD.A(CDC_SUB.O)
                              ../../Compiler/COMMON/SGL_302j/LIB_ELF/LIBCD.A(CDC_CMN.O) (CDSUB_UpdStatus)
../../Compiler/COMMON/SGL_302j/LIB_ELF/LIBCD.A(GFS.O)
                              ../../jo_engine/fs.o (GFS_Init)
../../Compiler/COMMON/SGL_302j/LIB_ELF/LIBCD.A(GFS_BUF.O)
                              ../../Compiler/COMMON/SGL_302j/LIB_ELF/LIBCD.A(GFS.O) (GFBF_GetNumData)
../../Compiler/COMMON/SGL_302j/LIB_ELF/LIBCD.A(GFS_CDB.O)
                              ../../Compiler/COMMON/SGL_302j/LIB_ELF/LIBCD.A(GFS.O) (GFCB_Close)
../../Compiler/COMMON/SGL_302j/LIB_ELF/LIBCD.A(GFS_CDC.O)
                              ../../Compiler/COMMON/SGL_302j/LIB_ELF/LIBCD.A(GFS.O) (GFCD_SetCdbfs)
../../Compiler/COMMON/SGL_302j/LIB_ELF/LIBCD.A(GFS_CDF.O)
                              ../../Compiler/COMMON/SGL_302j/LIB_ELF/LIBCD.A(GFS.O) (GFCF_Init)
../../Compiler/COMMON/SGL_302j/LIB_ELF/LIBCD.A(GFS_DIR.O)
                              ../../Compiler/COMMON/SGL_302j/LIB_ELF/LIBCD.A(GFS.O) (GFDR_SetupDirTbl)
../../Compiler/COMMON/SGL_302j/LIB_ELF/LIBCD.A(GFS_TRN.O)
                              ../../Compiler/COMMON/SGL_302j/LIB_ELF/LIBCD.A(GFS.O) (GFTR_Setup)
../../Compiler/COMMON/SGL_302j/LIB_ELF/LIBCD.A(CDC_DEV.O)
                              ../../Compiler/COMMON/SGL_302j/LIB_ELF/LIBCD.A(GFS_CDC.O) (CDC_CdSetCon)
../../Compiler/COMMON/SGL_302j/LIB_ELF/LIBCD.A(CDC_SEL.O)
                              ../../Compiler/COMMON/SGL_302j/LIB_ELF/LIBCD.A(GFS_CDC.O) (CDC_SetFiltRange)
../../Compiler/COMMON/SGL_302j/LIB_ELF/LIBCD.A(CDC_BIF.O)
                              ../../Compiler/COMMON/SGL_302j/LIB_ELF/LIBCD.A(GFS_CDC.O) (CDC_GetBufSiz)
../../Compiler/COMMON/SGL_302j/LIB_ELF/LIBCD.A(CDC_BIO.O)
                              ../../Compiler/COMMON/SGL_302j/LIB_ELF/LIBCD.A(GFS_CDC.O) (CDC_SetSctLen)
../../Compiler/COMMON/SGL_302j/LIB_ELF/LIBSGL.A(sglB001.o)
                              ../../jo_engine/core.o (slTVOn)
../../Compiler/COMMON/SGL_302j/LIB_ELF/LIBSGL.A(sglB011.o)
                              ../../jo_engine/vdp2.o (slBitMapNbg1)
../../Compiler/COMMON/SGL_302j/LIB_ELF/LIBSGL.A(sglB014.o)
                              ../../jo_engine/vdp2.o (slScrTransparent)
../../Compiler/COMMON/SGL_302j/LIB_ELF/LIBSGL.A(sglB015.o)
                              ../../jo_engine/vdp2.o (slScrAutoDisp)
../../Compiler/COMMON/SGL_302j/LIB_ELF/LIBSGL.A(sglB016.o)
                              ../../jo_engine/vdp2.o (slBack1ColSet)
../../Compiler/COMMON/SGL_302j/LIB_ELF/LIBSGL.A(sglB020.o)
                              ../../jo_engine/vdp2.o (slColorCalc)
../../Compiler/COMMON/SGL_302j/LIB_ELF/LIBSGL.A(sglB021.o)
                              ../../jo_engine/vdp2.o (slColorCalcOn)
../../Compiler/COMMON/SGL_302j/LIB_ELF/LIBSGL.A(sglB023.o)
                              ../../jo_engine/vdp2.o (slColRate)
../../Compiler/COMMON/SGL_302j/LIB_ELF/LIBSGL.A(sglB032.o)
                              ../../jo_engine/vdp2.o (slMapNbg1)
../../Compiler/COMMON/SGL_302j/LIB_ELF/LIBSGL.A(sglB035.o)
                              ../../jo_engine/vdp2.o (sl1MapRA)
../../Compiler/COMMON/SGL_302j/LIB_ELF/LIBSGL.A(sglB036.o)
                              ../../jo_engine/vdp2.o (sl1MapRB)
../../Compiler/COMMON/SGL_302j/LIB_ELF/LIBSGL.A(sglB038.o)
                              ../../jo_engine/vdp2.o (slRparaInitSet)
../../Compiler/COMMON/SGL_302j/LIB_ELF/LIBSGL.A(sglB039.o)
                              ../../jo_engine/vdp2.o (slMakeKtable)
../../Compiler/COMMON/SGL_302j/LIB_ELF/LIBSGL.A(sglB040.o)
                              ../../jo_engine/vdp2.o (slKtableRA)
../../Compiler/COMMON/SGL_302j/LIB_ELF/LIBSGL.A(sglB041.o)
                              ../../jo_engine/vdp2.o (slKtableRB)
../../Compiler/COMMON/SGL_302j/LIB_ELF/LIBSGL.A(sglB043.o)
                              ../../jo_engine/vdp2.o (slRparaMode)
[...]
Memory Configuration

Name             Origin             Length             Attributes
*default*        0x00000000         0xffffffff

Linker script and memory map

TARGET(elf32-sh)

SLSTART         0x06004000       0x30
                0x06004000                ___Start = .
 *(SLSTART)
 SLSTART        0x06004000       0x28 ../../Compiler/COMMON/SGL_302j/LIB_ELF/LIBSGL.A(sglI00.o)
                0x06004000                SGL_Start
                0x06004002                slStartSGL

.text           0x06004040    0x16130
 *(.text)
 .text          0x06004040        0x0 ../../Compiler/COMMON/SGL_302j/LIB_ELF/SGLAREA.O
 .text          0x06004040      0x364 pad_controllers.o
                0x060040c0                initControllers
                0x060040ec                updateControllerButtonStatus
                0x06004104                updateController
                0x06004380                updateControllers
 .text          0x060043a4      0x15c main.o
                0x060043a4                application_logic
                0x06004424                draw_objects
                0x060044bc                jo_main
 .text          0x06004500      0x280 sprite_manager.o
                0x06004568                init_sprites
                0x06004594                get_free_sprite
                0x060045c8                create_sprite
                0x06004658                get_free_texture
                0x06004664                load_sprite_texture
                0x060046bc                draw_sprites
 .text          0x06004780      0x238 filelist.o
                0x06004810                file_list_create
                0x06004968                file_list_sort
                0x06004978                file_list_free
 .text          0x060049b8       0x68 satiator_functions.o
 .text          0x06004a20       0xa4 background.o
                0x06004a88                load_background
 .text          0x06004ac4      0x1ec states/splash.o
                0x06004b2c                logic_splash
 .text          0x06004cb0       0xb8 states/menu.o
                0x06004d18                logic_menu
 .text          0x06004d68        0x0 states/gamelist.o
 .text          0x06004d68      0xd18 Save-Game-Copier/md5/md5.o
                0x06005884                MD5_Init
                0x060058ac                MD5_Update
                0x06005984                MD5_Final
 .text          0x06005a80      0x390 Save-Game-Copier/backup-cd.o
                0x06005ae8                cdIsBackupDeviceAvailable
                0x06005af0                cdReadSaveFile
                0x06005bc0                cdReadBUPHeader
                0x06005c90                cdListSaveFiles
 .text          0x06005e10      0x300 Save-Game-Copier/util.o
                0x06005e78                jo_core_suspend
                0x06005f58                __sgc_core_error
                0x06006018                clearScreen
                0x06006064                calculateMD5Hash
 .text          0x06006110      0x53c Save-Game-Copier/backup-saturn.o
                0x06006178                saturnIsBackupDeviceAvailable
                0x060061ac                saturnListSaveFiles
                0x060063b4                saturnReadSaveFile
                0x06006508                saturnWriteSaveFile
                0x060065f0                saturnDeleteSaveFile
 .text          0x0600664c      0x6d0 Save-Game-Copier/backup-mode.o
                0x060066b4                modeIsBackupDeviceAvailable
                0x06006734                modeReadSaveFile
                0x06006884                modeWriteSaveFile
                0x060069a4                modeDeleteSaveFile
                0x06006a40                modeEnter
                0x06006a54                modeExit
                0x06006a68                MODE_WaitVSync
                0x06006a74                modeReadBUPHeader
                0x06006b34                modeListSaveFiles
 .text          0x06006d1c      0x6c0 Save-Game-Copier/backup-satiator.o
                0x06006d84                satiatorEnter
                0x06006db4                satiatorIsBackupDeviceAvailable
                0x06006dd4                satiatorReadSaveFile
                0x06006f20                satiatorWriteSaveFile
                0x06007064                satiatorDeleteSaveFile
                0x06007100                satiatorExit
                0x06007104                satiatorReadBUPHeader
                0x060071bc                satiatorListSaveFiles
 .text          0x060073dc      0x598 Save-Game-Copier/backup.o
                0x06007444                isBackupDeviceAvailable
                0x060074bc                listSaveFiles
                0x0600753c                readSaveFile
                0x060075bc                writeSaveFile
                0x06007634                deleteSaveFile
                0x060076ac                getBackupDeviceName
                0x0600774c                formatDevice
                0x060077f0                isFileBUPExt
                0x06007878                parseBupHeaderValues
 .text          0x06007974      0x2a8 Save-Game-Copier/bup_header.o
                0x06007974                bup_getdate
                0x06007acc                bup_setdate
 .text          0x06007c1c      0x21c ../../jo_engine/cd.o
                0x06007c1c                interrupt_get_level_mask
                0x06007c28                interrupt_set_level_mask
                0x06007c3c                cd_write_command
                0x06007c5c                cd_read_return_status
                0x06007c80                cd_wait_hirq
                0x06007ca8                cd_exec_command
                0x06007d5c                cd_get_stat
                0x06007dd8                cd_stop_drive
 .text          0x06007e38     0x1224 ../../jo_engine/satiator.o
                0x06007e38                exec_cmd
                0x06007fa8                s_open
                0x060080c0                s_close
                0x06008140                s_seek
                0x060081d8                s_read
                0x0600830c                s_write
                0x06008438                s_sync
                0x06008444                s_truncate
                0x060084d8                s_stat
                0x060086a0                s_rename
                0x060087dc                s_mkdir
                0x060088ec                s_unlink
                0x060089fc                s_opendir
                0x06008b0c                s_chdir
                0x06008c1c                s_getcwd
                0x06008d80                s_mode
                0x06008e28                s_emulate
                0x06008f38                s_get_fw_version
 .text          0x0600905c      0xeb8 ../../jo_engine/backup.o
                0x06009150                jo_backup_get_free_block_count
                0x06009174                jo_backup_format_device
                0x06009198                jo_backup_mount
                0x060092c4                jo_backup_read_device
                0x06009450                jo_backup_file_exists
                0x06009514                jo_backup_get_file_partition
                0x060095d4                jo_backup_init_file
                0x06009618                jo_backup_save
                0x0600987c                jo_backup_load_file_comment
                0x06009920                jo_backup_load_file_contents
                0x06009acc                jo_backup_delete_file
                0x06009bfc                jo_backup_unmount
                0x06009c8c                jo_backup_get_file_last_modified_date
                0x06009d80                jo_backup_get_file_info
                0x06009eb8                jo_backup_get_file_size
                0x06009ed8                jo_backup_get_last_status
 .text          0x06009f14      0x778 ../../jo_engine/tga.o
                0x0600a190                jo_set_tga_palette_handling
                0x0600a19c                __jo_tga_load
                0x0600a27c                __jo_tga_any_loader_from_stream
                0x0600a2c4                jo_tga_8bits_loader_from_stream
                0x0600a2dc                jo_tga_loader_from_stream
                0x0600a2f4                __jo_tga_any_loader
                0x0600a344                jo_tga_8bits_loader
                0x0600a360                jo_tga_loader
                0x0600a37c                jo_sprite_add_tga_tileset
                0x0600a59c                jo_sprite_add_tga_from_stream
                0x0600a5f8                jo_sprite_add_tga
 .text          0x0600a68c      0x320 ../../jo_engine/audio.o
                0x0600a700                jo_audio_play_cd_track
                0x0600a740                jo_audio_set_volume
                0x0600a74c                jo_audio_stop_cd
                0x0600a768                jo_audio_init
                0x0600a7b8                jo_audio_play_sound_on_channel
                0x0600a82c                jo_audio_play_sound
                0x0600a898                jo_audio_usage_percent
                0x0600a8fc                jo_audio_free_pcm
                0x0600a908                jo_audio_stop_sound
                0x0600a954                jo_audio_load_pcm_async
                0x0600a968                jo_audio_load_pcm
 .text          0x0600a9ac      0x708 ../../jo_engine/fs.o
                0x0600aa14                jo_fs_init
                0x0600aa5c                jo_fs_do_background_jobs
                0x0600ab18                jo_fs_read_file_async_ptr
                0x0600ac1c                jo_fs_cd
                0x0600ac5c                jo_fs_read_file_ptr
                0x0600ad5c                jo_fs_read_file_in_dir
                0x0600ae70                jo_fs_open
                0x0600aef0                jo_fs_seek_forward
                0x0600afd0                jo_fs_read_next_bytes
                0x0600b084                jo_fs_close
                0x0600b0a4                jo_fs_set_read_sector_count
 .text          0x0600b0b4      0x440 ../../jo_engine/font.o
                0x0600b11c                jo_font_load
                0x0600b2f4                jo_font_print
                0x0600b3dc                jo_font_print_centered
 .text          0x0600b4f4      0x118 ../../jo_engine/input.o
                0x0600b55c                jo_get_inputs_vblank
                0x0600b5a4                jo_get_input_type
                0x0600b5e8                jo_get_input_count
 .text          0x0600b60c        0x0 ../../jo_engine/physics.o
 .text          0x0600b60c      0x43c ../../jo_engine/core.o
                0x0600b698                __jo_core_set_screens_order
                0x0600b7d0                jo_core_init
                0x0600b900                jo_core_add_vblank_callback
                0x0600b94c                jo_core_remove_vblank_callback
                0x0600b97c                jo_core_add_callback
                0x0600b998                jo_core_remove_callback
                0x0600b9ac                jo_goto_boot_menu
                0x0600b9b8                jo_core_set_restart_game_callback
                0x0600b9c4                jo_core_run
 .text          0x0600ba48      0xa50 ../../jo_engine/math.o
                0x0600baae                jo_fixed_mult
                0x0600baba                jo_fixed_dot
                0x0600bacc                jo_fixed_pow
                0x0600bb10                jo_fixed_div
                0x0600bb34                jo_fixed_sin
                0x0600bc20                jo_gcd
                0x0600bc3c                jo_atan2f_rad
                0x0600be14                jo_planar_rotate
                0x0600bf44                jo_random
                0x0600bfb4                jo_vector_fixed_compute_bezier_point
                0x0600c0d8                jo_vectorf_compute_bezier_point
                0x0600c228                jo_fixed_sqrt
                0x0600c2d8                jo_sqrt
                0x0600c318                jo_fixed_rsqrt
                0x0600c428                jo_rsqrt
 .text          0x0600c498      0x224 ../../jo_engine/malloc.o
                0x0600c500                jo_add_memory_zone
                0x0600c540                jo_malloc_with_behaviour
                0x0600c620                jo_reduce_memory_fragmentation
                0x0600c694                jo_free
 .text          0x0600c6bc      0x39c ../../jo_engine/tools.o
                0x0600c724                jo_print
                0x0600c748                jo_clear_screen_line
                0x0600c790                jo_clear_screen
                0x0600c7b4                jo_getdate
                0x0600c81c                jo_get_current_language
                0x0600c840                jo_tools_atoi
                0x0600c88c                jo_strlen
                0x0600c8ac                jo_endwith
                0x0600c910                jo_strcmp
                0x0600c940                jo_memset
                0x0600c9e4                jo_map_to_vram
 .text          0x0600ca58       0xb4 ../../jo_engine/palette.o
                0x0600cac0                jo_create_palette
                0x0600cae4                jo_set_palette_register
                0x0600caf8                jo_get_palette_register
 .text          0x0600cb0c      0x820 ../../jo_engine/sprites.o
                0x0600cc74                jo_sprite_usage_percent
                0x0600cd00                jo_get_last_sprite_id
                0x0600cd0c                jo_sprite_init
                0x0600cd30                jo_sprite_name2id
                0x0600cd74                jo_sprite_replace
                0x0600cdec                jo_sprite_add
                0x0600ce00                jo_sprite_add_8bits_image
                0x0600ce14                jo_sprite_free_from
                0x0600ce8c                jo_set_gouraud_shading_colors
                0x0600ceb4                jo_set_gouraud_shading_brightness
                0x0600cef4                jo_sprite_draw_4p_fixed
                0x0600d00c                jo_sprite_draw
                0x0600d158                jo_sprite_draw_rotate
                0x0600d2f8                jo_sprite_set_clipping_area
 .text          0x0600d32c      0x910 ../../jo_engine/map.o
                0x0600d45c                jo_map_per_pixel_vertical_collision
                0x0600d590                jo_map_hitbox_detection_custom_boundaries
                0x0600d600                jo_map_create
                0x0600d650                jo_map_add_tile
                0x0600d674                jo_map_add_animated_tile
                0x0600d698                jo_map_draw_background
                0x0600d730                jo_map_draw
                0x0600d82c                jo_map_free
                0x0600d844                jo_map_load_from_file
                0x0600dbbc                jo_map_move_tiles_by_attribute
 .text          0x0600dc3c      0x194 ../../jo_engine/list.o
                0x0600dca4                jo_list_init
                0x0600dcb4                jo_list_add
                0x0600dcf8                jo_list_insert_at
                0x0600dd70                jo_list_remove
 .text          0x0600ddd0      0x230 ../../jo_engine/sprite_animator.o
                0x0600dee4                jo_replace_sprite_anim
                0x0600df4c                jo_create_sprite_anim
                0x0600dfd8                jo_clear_all_sprite_anim
 .text          0x0600e000      0x590 ../../jo_engine/image.o
                0x0600e068                __jo_bin_load
                0x0600e0b8                jo_free_img
                0x0600e0d4                jo_bin_loader_from_stream
                0x0600e17c                jo_bin_loader
                0x0600e200                jo_replace_color
                0x0600e23c                jo_sprite_add_bin_tileset
                0x0600e39c                jo_sprite_add_bin
                0x0600e40c                jo_sprite_add_bin_from_stream
                0x0600e44c                jo_sprite_add_image_pack
 .text          0x0600e590      0xb44 ../../jo_engine/vdp2.o
                0x0600e674                jo_set_default_background_color
                0x0600e6b4                jo_img_to_vdp2_cells
                0x0600e760                jo_vdp2_set_rbg0_plane_a_8bits_image
                0x0600e858                jo_vdp2_set_rbg0_plane_b_8bits_image
                0x0600e948                jo_vdp2_enable_rbg0
                0x0600e9f0                jo_vdp2_disable_rbg0
                0x0600ea08                jo_init_nbg0_printf
                0x0600ea8c                __jo_init_vdp2
                0x0600eaf0                jo_vdp2_disable_nbg0_line_scroll
                0x0600eb14                jo_vdp2_compute_nbg0_line_scroll
                0x0600eb2c                jo_vdp2_enable_nbg0_line_scroll
                0x0600eb9c                jo_vdp2_draw_bitmap_nbg1_line
                0x0600ec5c                jo_vdp2_clear_bitmap_nbg1
                0x0600ecb4                jo_vdp2_set_nbg1_8bits_image
                0x0600ed90                jo_vdp2_set_nbg1_image
                0x0600eec0                jo_vdp2_disable_nbg1_line_scroll
                0x0600eee4                jo_vdp2_compute_nbg1_line_scroll
                0x0600eefc                jo_vdp2_enable_nbg1_line_scroll
                0x0600ef6c                jo_set_displayed_screens
                0x0600ef7c                jo_disable_all_screens_transparency
                0x0600efa0                jo_enable_screen_transparency
 .text          0x0600f0d4      0x280 ../../jo_engine/time.o
                0x0600f13c                jo_time_init
                0x0600f168                jo_get_ticks
                0x0600f248                jo_fixed_point_time
 .text          0x0600f354       0x68 ../../jo_engine/vdp1_command_pipeline.o
 .text          0x0600f3bc      0x2e8 ../../jo_engine/vdp2_malloc.o
                0x0600f424                jo_vdp2_malloc_init
                0x0600f45c                jo_vdp2_free
                0x0600f51c                jo_vdp2_malloc
 .text          0x0600f6a4      0xe18 mode/mode_intf.a(mode_intf.o)
                0x0600fac0                waitVSync
                0x0600facc                MODE_Open
                0x0600fb28                MODE_Close
                0x0600fb4c                MODE_GetMountStatus
                0x0600fbe8                MODE_GetVersionInfo
                0x0600fc48                MODE_OpenFile
                0x0600fd08                MODE_CloseFile
                0x0600fd28                MODE_ReadFile
                0x0600fdb8                MODE_WriteFile
                0x0600fe20                MODE_ReadFileListing
                0x0600ff78                MODE_DeleteFile
                0x0600ffdc                MODE_Initialize
                0x060100d8                MODE_ReadDirectoryListing
                0x060101dc                MODE_AddGame
                0x06010284                MODE_ClearQueue
                0x060102a4                MODE_SelectDir
                0x06010344                MODE_GetGameFlags
                0x060103dc                MODE_MountGame
                0x06010438                MODE_DoReset
                0x06010468                MODE_HWReset
 *fill*         0x060104bc        0x4 
 .text          0x060104c0      0x238 ../../Compiler/COMMON/SGL_302j/LIB_ELF/SEGA_SYS.A(sys_exit.o)
                0x060104c0                sys_version
                0x060104e0                SYS_Exit
 *fill*         0x060106f8        0x8 
 .text          0x06010700        0x6 ../../Compiler/COMMON/SGL_302j/LIB_ELF/SEGA_SYS.A(sys_sub.o)
                0x06010700                SYSUB_SetStackptr
 *fill*         0x06010706        0xa 
 .text          0x06010710      0x3a0 ../../Compiler/COMMON/SGL_302j/LIB_ELF/LIBCD.A(CDC_CMN.O)
                0x06010710                CDC_GetCurStat
                0x06010760                CDC_GetLastStat
                0x06010778                CDC_GetPeriStat
                0x0601084c                CDC_GetHwInfo
                0x060108b4                CDC_TgetToc
                0x06010904                CDC_GetSes
                0x06010940                CDC_CdInit
                0x060109c4                CDC_CdOpen
                0x060109ec                CDC_DataReady
                0x06010a58                CDC_DataEnd
 .text          0x06010ab0      0x130 ../../Compiler/COMMON/SGL_302j/LIB_ELF/LIBCD.A(CDC_DRV.O)
                0x06010ab0                CDC_CdPlay
                0x06010b7c                CDC_CdSeek
                0x06010bb0                CDC_CdScan
 .text          0x06010be0      0x194 ../../Compiler/COMMON/SGL_302j/LIB_ELF/LIBCD.A(CDC_CFS.O)
                0x06010be0                CDC_ChgDir
                0x06010c14                CDC_ReadDir
                0x06010c48                CDC_GetFileScope
                0x06010ca8                CDC_TgetFileInfo
                0x06010d04                CDC_ReadFile
                0x06010d38                CDC_AbortFile
 *fill*         0x06010d74        0xc 
 .text          0x06010d80      0x2dc ../../Compiler/COMMON/SGL_302j/LIB_ELF/LIBCD.A(CDC_REG.O)
                0x06010d80                CDC_GetDataPtr
                0x06010d90                CDC_GetHirqReq
                0x06010da4                CDC_ClrHirqReq
                0x06010dd4                CDREG_ClrHirqReq
                0x06010de4                CDREG_InitHirqReq
                0x06010e0c                CDREG_SetHirqFlag
                0x06010e20                CDC_GetHirqMsk
                0x06010e34                CDC_SetHirqMsk
                0x06010e44                CDC_GetMpegPtr
                0x06010e54                CDREG_TgetData
                0x06010eb0                CDREG_CmdRsp
                0x06010fb0                CDREG_WaitHirq
                0x06011020                CDREG_ReadRsp
 *fill*         0x0601105c        0x4 
 .text          0x06011060      0x152 ../../Compiler/COMMON/SGL_302j/LIB_ELF/LIBCD.A(CDC_SUB.O)
                0x06011060                CDSUB_UpdStatus
                0x06011078                CDSUB_UpdCdstat
                0x06011098                CDSUB_CdCmd
                0x06011108                CDSUB_GetCdstat
                0x06011148                CDSUB_RspToCdstat
                0x06011190                CDSUB_SoftTimer
 *fill*         0x060111b2        0xe 
 .text          0x060111c0     0x1adc ../../Compiler/COMMON/SGL_302j/LIB_ELF/LIBCD.A(GFS.O)
                0x060111c0                gfs_version
                0x060111e0                GFS_Init
                0x060112c8                GFS_LoadDir
                0x06011370                GFS_SetDir
                0x060113d8                GFS_NameToId
                0x0601143c                GFS_IdToName
                0x060114a8                GFS_GetDirInfo
                0x06011518                GFS_Reset
                0x0601159c                GFS_Open
                0x06011650                GFS_Close
                0x06011688                GFS_Seek
                0x0601173c                GFS_Tell
                0x0601178c                GFS_IsEof
                0x060117e0                GFS_ByteToSct
                0x0601183c                GFS_GetFileSize
                0x06011898                GFS_GetFileInfo
                0x0601190c                GFS_GetNumCdbuf
                0x06011934                GFS_Load
                0x060119f8                GFS_Fread
                0x06011a94                gfs_waitRead
                0x06011b3c                GFS_NwFread
                0x06011c48                GFS_NwCdRead
                0x06011cc0                GFS_NwIsComplete
                0x06011cf8                GFS_NwStop
                0x06011d64                GFS_NwGetStat
                0x06011de0                gfs_recovRdErr
                0x06011e10                GFS_NwExecOne
                0x06011ed0                GFS_NwExecServer
                0x06011f4c                GFS_SetGmode
                0x06011fb0                GFS_SetTmode
                0x0601201c                GFS_SetReadPara
                0x06012080                GFS_SetTransPara
                0x060120ec                GFS_SetTrFunc
                0x06012150                GFS_StartTrans
                0x0601219c                GFS_CdMovePickup
                0x06012208                GFS_SetErrFunc
                0x06012234                GFS_GetErrStat
                0x06012258                GFS_ConvTno
                0x06012280                gfs_chgRoot
                0x0601234c                gfs_aborttrans
                0x06012358                gfs_mngSetupFuncTbl
                0x0601238c                gfs_mngInitWork
                0x06012430                gfs_mngGetNumFile
                0x06012498                GFS_mngAllocGrp
                0x060124e0                gfs_mngFreeGrp
                0x060124ec                gfs_mngTermAccess
                0x06012570                gfs_mngSetErrCode
                0x060125f0                gfs_svrSearchHndl
                0x06012630                gfs_svrAddHndl
                0x0601266c                gfs_svrRemoveHndl
                0x060126c8                GFS_OpenSub
                0x06012720                gfs_loadVol
                0x060127e4                gfs_getRootDir
                0x060128e0                gfs_loadRootDir
                0x06012968                gfs_flowIn
                0x06012a10                gfs_transData
                0x06012ab4                GFS_GetFad
                0x06012b0c                gfs_SetSct
                0x06012b4c                gfs_GetFinfo
                0x06012b8c                gfs_closeSub
                0x06012bc8                gfs_getGmode
                0x06012bd4                gfs_isTaskDone
                0x06012c28                gfs_convFinStat
 *fill*         0x06012c9c        0x4 
 .text          0x06012ca0      0x106 ../../Compiler/COMMON/SGL_302j/LIB_ELF/LIBCD.A(GFS_BUF.O)
                0x06012cd0                GFBF_GetTranData
                0x06012cf8                GFBF_GetNumData
                0x06012d28                GFBF_GetSrcPk
                0x06012d50                GFBF_GetSctData
                0x06012d74                GFBF_RtnPk
                0x06012d9c                gfbf_getSctDt
 *fill*         0x06012da6        0xa 
 .text          0x06012db0      0x600 ../../Compiler/COMMON/SGL_302j/LIB_ELF/LIBCD.A(GFS_CDB.O)
                0x06012db0                GFCB_Setup
                0x06012ed0                GFCB_Close
                0x06012ef8                GFCB_GetLenData
                0x06012fa4                GFCB_GetLenRoom
                0x06012fb0                GFCB_SetFilt
                0x06013018                GFCB_DeleteAllData
                0x06013040                GFCB_Tell
                0x06013050                gfcb_getSctNum
                0x060130a0                GFCB_Seek
                0x0601319c                GFCB_GetSrcPack
                0x0601327c                GFCB_GetSctData
                0x060132b4                GFCB_GetDstPack
                0x060132c0                GFCB_RtnPk
                0x06013308                GFCB_MovePickup
                0x06013324                GFCB_SetCon
                0x06013358                GFCB_GetPickup
                0x06013380                GFCB_IsPuOwner
                0x06013398                GFCB_UngetPickup
 .text          0x060133b0     0x1a10 ../../Compiler/COMMON/SGL_302j/LIB_ELF/LIBCD.A(GFS_CDC.O)
                0x060133b0                GFCD_SetCdbfs
                0x060133dc                GFCD_Init
                0x060135e0                GFCD_AllocFilt
                0x0601361c                GFCD_FreeFilt
                0x0601364c                GFCD_AllocBuf
                0x06013680                GFCD_FreeBuf
                0x06013724                GFCD_GetBaseFad
                0x06013758                GFCD_GetPickup
                0x0601378c                GFCD_UngetPickup
                0x060137b8                GFCD_IsPuOwner
                0x060137dc                GFCD_SetFilt
                0x060138a0                GFCD_GetFilt
                0x060138e8                GFCD_SetCon
                0x06013940                GFCD_Play
                0x060139a0                GFCD_GetLenData
                0x06013a08                GFCD_ReqData
                0x06013a64                GFCD_EndData
                0x06013aac                GFCD_DelSctData
                0x06013b04                GFCD_CheckDelSctData
                0x06013b34                GFCD_GetStat
                0x06013be8                GFCD_MovePickup
                0x06013c34                GFCD_MoveSctData
                0x06013ca8                GFCD_CheckMove
                0x06013ccc                GFCD_GetSctInfo
                0x06013d14                GFCD_ChgDir
                0x06013d88                GFCD_SetFiltCon
                0x06013e70                GFCD_GetFileInfo
                0x06013f4c                GFCD_GetBufSiz
                0x06013f84                GFCD_ExecServer
                0x06014058                gfcd_isIdleTask
                0x060140e4                gfcd_doTask
                0x06014190                GFCD_SetTimer
                0x060141a4                GFCD_WaitServer
                0x060141e0                gfcd_doSetFiltTsk
                0x060143a4                gfcd_doSetConTsk
                0x06014434                gfcd_doGetLenDataTsk
                0x06014588                gfcd_doReqDataTsk
                0x06014628                gfcd_doDelSctDataTsk
                0x0601475c                gfcd_doMoveSctTsk
                0x060148c0                gfcd_doChgDirTsk
                0x06014abc                gfcd_doSetFiltConTsk
                0x06014c00                gfcd_checkEflag
                0x06014c24                gfcd_initCdbMng
                0x06014ca4                gfcd_setStat
                0x06014cd0                GFCD_SetCsctFunc
                0x06014cec                GFCD_ChkScdqFlag
                0x06014d10                GFCD_ClrScdqFlag
                0x06014d2c                GFCD_WaitScdqFlag
                0x06014d70                GFCD_WaitPause
 .text          0x06014dc0      0x8d8 ../../Compiler/COMMON/SGL_302j/LIB_ELF/LIBCD.A(GFS_CDF.O)
                0x06014dc0                GFCF_Init
                0x06014e60                GFCF_Setup
                0x06014fa8                GFCF_SetSct
                0x06014fec                GFCF_GetFileInfo
                0x06015060                GFCF_FlowInBuf
                0x060151b4                GFCF_StopInBuf
                0x06015254                GFCF_Recover
                0x0601529c                GFCF_Tell
                0x060152b4                GFCF_Seek
                0x060152cc                GFCF_MovePickup
                0x06015368                GFCF_cnvIntlvOfs
                0x060153bc                GFCF_GetStat
                0x06015454                gfcf_getSctSize
                0x06015490                gfcf_isCdOk
                0x06015550                gfcf_getPlayRange
 *fill*         0x06015698        0x8 
 .text          0x060156a0      0x92c ../../Compiler/COMMON/SGL_302j/LIB_ELF/LIBCD.A(GFS_DIR.O)
                0x060156a0                GFDR_SetupDirTbl
                0x06015714                GFDR_NameToId
                0x06015774                GFDR_GetInfoDirId
                0x06015788                GFDR_GetInfoDirName
                0x0601579c                GFDR_GetAtrDirId
                0x060157b4                GFDR_GetAtrDirName
                0x060157cc                GFDR_ChgRoot
                0x060157e4                GFDR_ChgDir
                0x06015858                gfdr_setupDirIdTbl
                0x060158dc                gfdr_setupDirNameTbl
                0x06015988                gfdr_open
                0x060159b0                gfdr_read
                0x06015a70                gfdr_readByte
                0x06015a9c                gfdr_readWord
                0x06015ac8                gfdr_readWordNB
                0x06015b1c                gfdr_readLongNB
                0x06015b68                gfdr_readLongNM
                0x06015b90                gfdr_setNextRec
                0x06015c14                gfdr_readDirEnt
                0x06015f90                gfdr_setDirrecCd
 *fill*         0x06015fcc        0x4 
 .text          0x06015fd0      0x9c6 ../../Compiler/COMMON/SGL_302j/LIB_ELF/LIBCD.A(GFS_TRN.O)
                0x06016000                GFTR_Setup
                0x06016044                GFTR_SetMode
                0x06016058                GFTR_SetUnit
                0x06016064                GFTR_SetTransPara
                0x06016098                GFTR_GetTransPara
                0x060160a4                GFTR_GetNumTrans
                0x060160b0                GFTR_SetTransMax
                0x060160bc                GFTR_Start
                0x060160c8                GFTR_Pause
                0x060160d4                GFTR_Stop
                0x0601618c                GFTR_Exec
                0x06016210                GFTR_Idle
                0x06016288                GFTR_ExecSvr
                0x06016390                gftr_getSrcPack
                0x06016418                gftr_getDstPack
                0x06016474                gftr_reqScu
                0x06016480                gftr_execScu
                0x0601651c                gftr_remScu
                0x06016550                gfdma_canUse
                0x0601655c                gfdma_exec
                0x060165cc                gfdma_getBytecnt
                0x06016604                gftr_reqDma0
                0x0601661c                gftr_execSdma0
                0x06016640                gftr_remDma0
                0x06016658                gftr_reqDma1
                0x06016670                gftr_execSdma1
                0x06016694                gftr_remDma1
                0x060166ac                gftr_reqCpu
                0x060166b8                gftr_execCpu
                0x060166f8                gftr_remCpu
                0x06016704                gftr_reqTrn
                0x06016774                gftr_execTrn
                0x0601684c                gftr_remTrn
                0x060168c0                gftr_copyFrac
                0x060168e8                GFTR_GetLenData
                0x060168f4                GFTR_GetLenRoom
                0x0601690c                GFTR_GetDstPack
                0x06016940                GFTR_RtnDstPk
                0x0601695c                GFTR_GetData
                0x06016970                GFTR_SetData
                0x06016984                GFTR_SetTransFunc
 *fill*         0x06016996        0xa 
 .text          0x060169a0       0xa8 ../../Compiler/COMMON/SGL_302j/LIB_ELF/LIBCD.A(CDC_DEV.O)
                0x060169a0                CDC_CdSetCon
                0x060169d0                CDC_CdGetCon
                0x06016a0c                CDC_CdGetLastBuf
 *fill*         0x06016a48        0x8 
 .text          0x06016a50      0x2b8 ../../Compiler/COMMON/SGL_302j/LIB_ELF/LIBCD.A(CDC_SEL.O)
                0x06016a50                CDC_SetFiltRange
                0x06016a84                CDC_GetFiltRange
                0x06016adc                CDC_SetFiltSubh
                0x06016b4c                CDC_GetFiltSubh
                0x06016bc8                CDC_SetFiltMode
                0x06016bfc                CDC_GetFiltMode
                0x06016c40                CDC_SetFiltCon
                0x06016c80                CDC_GetFiltCon
                0x06016cd4                CDC_ResetSelector
 *fill*         0x06016d08        0x8 
 .text          0x06016d10      0x270 ../../Compiler/COMMON/SGL_302j/LIB_ELF/LIBCD.A(CDC_BIF.O)
                0x06016d10                CDC_GetBufSiz
                0x06016d6c                CDC_GetSctNum
                0x06016db0                CDC_CalActSiz
                0x06016dec                CDC_GetActSiz
                0x06016e6c                CDC_GetSctInfo
                0x06016eec                CDC_ExeFadSearch
                0x06016f24                CDC_GetFadSearch
 .text          0x06016f80      0x1e4 ../../Compiler/COMMON/SGL_302j/LIB_ELF/LIBCD.A(CDC_BIO.O)
                0x06016f80                CDC_SetSctLen
                0x06016fb4                CDC_GetSctData
                0x06016ff0                CDC_DelSctData
                0x0601702c                CDC_GetdelSctData
                0x06017068                CDC_PutSctData
                0x060170a0                CDC_CopySctData
                0x060170e4                CDC_MoveSctData
                0x06017128                CDC_GetCopyErr
 *fill*         0x06017164        0xc 
 .text          0x06017170        0x0 ../../Compiler/COMMON/SGL_302j/LIB_ELF/LIBSGL.A(sglB001.o)
 .text          0x06017170        0x0 ../../Compiler/COMMON/SGL_302j/LIB_ELF/LIBSGL.A(sglB011.o)
 .text          0x06017170        0x0 ../../Compiler/COMMON/SGL_302j/LIB_ELF/LIBSGL.A(sglB014.o)
 .text          0x06017170        0x0 ../../Compiler/COMMON/SGL_302j/LIB_ELF/LIBSGL.A(sglB015.o)
 .text          0x06017170        0x0 ../../Compiler/COMMON/SGL_302j/LIB_ELF/LIBSGL.A(sglB016.o)
 .text          0x06017170        0x0 ../../Compiler/COMMON/SGL_302j/LIB_ELF/LIBSGL.A(sglB020.o)
 .text          0x06017170        0x0 ../../Compiler/COMMON/SGL_302j/LIB_ELF/LIBSGL.A(sglB021.o)
 .text          0x06017170        0x0 ../../Compiler/COMMON/SGL_302j/LIB_ELF/LIBSGL.A(sglB023.o)
 .text          0x06017170        0x0 ../../Compiler/COMMON/SGL_302j/LIB_ELF/LIBSGL.A(sglB032.o)
 .text          0x06017170        0x0 ../../Compiler/COMMON/SGL_302j/LIB_ELF/LIBSGL.A(sglB035.o)
 .text          0x06017170        0x0 ../../Compiler/COMMON/SGL_302j/LIB_ELF/LIBSGL.A(sglB036.o)
 .text          0x06017170        0x0 ../../Compiler/COMMON/SGL_302j/LIB_ELF/LIBSGL.A(sglB038.o)
 .text          0x06017170        0x0 ../../Compiler/COMMON/SGL_302j/LIB_ELF/LIBSGL.A(sglB039.o)
 .text          0x06017170        0x0 ../../Compiler/COMMON/SGL_302j/LIB_ELF/LIBSGL.A(sglB040.o)
 .text          0x06017170        0x0 ../../Compiler/COMMON/SGL_302j/LIB_ELF/LIBSGL.A(sglB041.o)
 .text          0x06017170        0x0 ../../Compiler/COMMON/SGL_302j/LIB_ELF/LIBSGL.A(sglB043.o)
 .text          0x06017170        0x0 ../../Compiler/COMMON/SGL_302j/LIB_ELF/LIBSGL.A(sglB047.o)
 .text          0x06017170        0x0 ../../Compiler/COMMON/SGL_302j/LIB_ELF/LIBSGL.A(sglB048.o)
 .text          0x06017170        0x0 ../../Compiler/COMMON/SGL_302j/LIB_ELF/LIBSGL.A(sglB056.o)
 .text          0x06017170        0x0 ../../Compiler/COMMON/SGL_302j/LIB_ELF/LIBSGL.A(sglB059.o)
 .text          0x06017170        0x0 ../../Compiler/COMMON/SGL_302j/LIB_ELF/LIBSGL.A(sglB060.o)
 .text          0x06017170        0x0 ../../Compiler/COMMON/SGL_302j/LIB_ELF/LIBSGL.A(sglB063.o)
 .text          0x06017170        0x0 ../../Compiler/COMMON/SGL_302j/LIB_ELF/LIBSGL.A(sglB087.o)
 .text          0x06017170        0x0 ../../Compiler/COMMON/SGL_302j/LIB_ELF/LIBSGL.A(sglB088.o)
 .text          0x06017170        0x0 ../../Compiler/COMMON/SGL_302j/LIB_ELF/LIBSGL.A(sglB090.o)
 .text          0x06017170        0x0 ../../Compiler/COMMON/SGL_302j/LIB_ELF/LIBSGL.A(sglB200.o)
 .text          0x06017170        0x0 ../../Compiler/COMMON/SGL_302j/LIB_ELF/LIBSGL.A(sglC05.o)
 .text          0x06017170        0x0 ../../Compiler/COMMON/SGL_302j/LIB_ELF/LIBSGL.A(sglC06.o)
 .text          0x06017170        0x0 ../../Compiler/COMMON/SGL_302j/LIB_ELF/LIBSGL.A(sglC07.o)
 .text          0x06017170        0x0 ../../Compiler/COMMON/SGL_302j/LIB_ELF/LIBSGL.A(sglC17.o)
 .text          0x06017170        0x0 ../../Compiler/COMMON/SGL_302j/LIB_ELF/LIBSGL.A(sglC19.o)
 .text          0x06017170        0x0 ../../Compiler/COMMON/SGL_302j/LIB_ELF/LIBSGL.A(sglC20.o)
 .text          0x06017170        0x0 ../../Compiler/COMMON/SGL_302j/LIB_ELF/LIBSGL.A(sglC21.o)
 .text          0x06017170        0x0 ../../Compiler/COMMON/SGL_302j/LIB_ELF/LIBSGL.A(sglD00.o)
 .text          0x06017170        0x0 ../../Compiler/COMMON/SGL_302j/LIB_ELF/LIBSGL.A(sglD01.o)
 .text          0x06017170        0x0 ../../Compiler/COMMON/SGL_302j/LIB_ELF/LIBSGL.A(sglD03.o)
 .text          0x06017170        0x0 ../../Compiler/COMMON/SGL_302j/LIB_ELF/LIBSGL.A(sglD15.o)
 .text          0x06017170        0x0 ../../Compiler/COMMON/SGL_302j/LIB_ELF/LIBSGL.A(sglD16.o)
 .text          0x06017170        0x0 ../../Compiler/COMMON/SGL_302j/LIB_ELF/LIBSGL.A(sglD17.o)
 .text          0x06017170        0x0 ../../Compiler/COMMON/SGL_302j/LIB_ELF/LIBSGL.A(sglD18.o)
 .text          0x06017170        0x0 ../../Compiler/COMMON/SGL_302j/LIB_ELF/LIBSGL.A(sglF00.o)
 .text          0x06017170        0x0 ../../Compiler/COMMON/SGL_302j/LIB_ELF/LIBSGL.A(sglF05.o)
 .text          0x06017170        0x0 ../../Compiler/COMMON/SGL_302j/LIB_ELF/LIBSGL.A(sglF08.o)
 .text          0x06017170        0x0 ../../Compiler/COMMON/SGL_302j/LIB_ELF/LIBSGL.A(sglG00.o)
 .text          0x06017170        0x0 ../../Compiler/COMMON/SGL_302j/LIB_ELF/LIBSGL.A(sglG01.o)
 .text          0x06017170        0x0 ../../Compiler/COMMON/SGL_302j/LIB_ELF/LIBSGL.A(sglG19.o)
 .text          0x06017170        0x0 ../../Compiler/COMMON/SGL_302j/LIB_ELF/LIBSGL.A(sglG21.o)
 .text          0x06017170        0x0 ../../Compiler/COMMON/SGL_302j/LIB_ELF/LIBSGL.A(sglG22.o)
 .text          0x06017170        0x0 ../../Compiler/COMMON/SGL_302j/LIB_ELF/LIBSGL.A(sglG25.o)
 .text          0x06017170        0x0 ../../Compiler/COMMON/SGL_302j/LIB_ELF/LIBSGL.A(sglH00.o)
 .text          0x06017170        0x0 ../../Compiler/COMMON/SGL_302j/LIB_ELF/LIBSGL.A(sglH01.o)
 .text          0x06017170        0x0 ../../Compiler/COMMON/SGL_302j/LIB_ELF/LIBSGL.A(sglH02.o)
 .text          0x06017170        0x0 ../../Compiler/COMMON/SGL_302j/LIB_ELF/LIBSGL.A(sglH04.o)
 .text          0x06017170        0x0 ../../Compiler/COMMON/SGL_302j/LIB_ELF/LIBSGL.A(sglI01.o)
 .text          0x06017170        0x0 ../../Compiler/COMMON/SGL_302j/LIB_ELF/LIBSGL.A(sglI04.o)
 .text          0x06017170      0x128 ../../Compiler/COMMON/SGL_302j/LIB_ELF/LIBSGL.A(sglIc0.o)
                0x06017170                slInitSystem
 *fill*         0x06017298        0x8 
 .text          0x060172a0        0x0 ../../Compiler/COMMON/SGL_302j/LIB_ELF/LIBSGL.A(sglJ00.o)
 .text          0x060172a0        0x0 ../../Compiler/COMMON/SGL_302j/LIB_ELF/LIBSGL.A(sglJ01.o)
 .text          0x060172a0        0x0 ../../Compiler/COMMON/SGL_302j/LIB_ELF/LIBSGL.A(sglJ02.o)
 .text          0x060172a0        0x0 ../../Compiler/COMMON/SGL_302j/LIB_ELF/LIBSGL.A(sglJ03.o)
 .text          0x060172a0        0x0 ../../Compiler/COMMON/SGL_302j/LIB_ELF/LIBSGL.A(sglJ04.o)
 .text          0x060172a0        0x0 ../../Compiler/COMMON/SGL_302j/LIB_ELF/LIBSGL.A(sglJ05.o)
 .text          0x060172a0        0x0 ../../Compiler/COMMON/SGL_302j/LIB_ELF/LIBSGL.A(sglK01.o)
 .text          0x060172a0        0x0 ../../Compiler/COMMON/SGL_302j/LIB_ELF/LIBSGL.A(sglM01.o)
 .text          0x060172a0        0x0 ../../Compiler/COMMON/SGL_302j/LIB_ELF/LIBSGL.A(sglA00.o)
 .text          0x060172a0        0x0 ../../Compiler/COMMON/SGL_302j/LIB_ELF/LIBSGL.A(sglA01.o)
 .text          0x060172a0        0x0 ../../Compiler/COMMON/SGL_302j/LIB_ELF/LIBSGL.A(sglA20.o)
 .text          0x060172a0        0x0 ../../Compiler/COMMON/SGL_302j/LIB_ELF/LIBSGL.A(sglB000.o)
 .text          0x060172a0        0x0 ../../Compiler/COMMON/SGL_302j/LIB_ELF/LIBSGL.A(sglC00.o)
 .text          0x060172a0        0x0 ../../Compiler/COMMON/SGL_302j/LIB_ELF/LIBSGL.A(sglD02.o)
 .text          0x060172a0        0x0 ../../Compiler/COMMON/SGL_302j/LIB_ELF/LIBSGL.A(sglI00.o)
 .text          0x060172a0        0x0 ../../Compiler/COMMON/SGL_302j/LIB_ELF/LIBSGL.A(sglH03.o)
 .text          0x060172a0       0x52 c:/development/saturn/joengine/compiler/windows/bin/../lib/gcc/sh-elf/9.3.0\libgcc.a(_ashiftrt.o)
                0x060172a0                __ashiftrt_r4_31
                0x060172a0                __ashiftrt_r4_32
                0x060172a6                __ashiftrt_r4_30
                0x060172a8                __ashiftrt_r4_29
                0x060172aa                __ashiftrt_r4_28
                0x060172ac                __ashiftrt_r4_27
                0x060172ae                __ashiftrt_r4_26
                0x060172b0                __ashiftrt_r4_25
                0x060172b2                __ashiftrt_r4_24
                0x060172ba                __ashiftrt_r4_23
                0x060172bc                __ashiftrt_r4_22
                0x060172be                __ashiftrt_r4_21
                0x060172c0                __ashiftrt_r4_20
                0x060172c2                __ashiftrt_r4_19
                0x060172c4                __ashiftrt_r4_18
                0x060172c6                __ashiftrt_r4_17
                0x060172c8                __ashiftrt_r4_16
                0x060172ce                __ashiftrt_r4_15
                0x060172d0                __ashiftrt_r4_14
                0x060172d2                __ashiftrt_r4_13
                0x060172d4                __ashiftrt_r4_12
                0x060172d6                __ashiftrt_r4_11
                0x060172d8                __ashiftrt_r4_10
                0x060172da                __ashiftrt_r4_9
                0x060172dc                __ashiftrt_r4_8
                0x060172de                __ashiftrt_r4_7
                0x060172e0                __ashiftrt_r4_6
                0x060172e2                __ashiftrt_r4_5
                0x060172e4                __ashiftrt_r4_4
                0x060172e6                __ashiftrt_r4_3
                0x060172e8                __ashiftrt_r4_2
                0x060172ea                __ashiftrt_r4_1
                0x060172ee                __ashiftrt_r4_0
 *fill*         0x060172f2        0x2 
 .text          0x060172f4       0x80 c:/development/saturn/joengine/compiler/windows/bin/../lib/gcc/sh-elf/9.3.0\libgcc.a(_ashiftrt_n.o)
                0x060172f4                __ashrsi3
 .text          0x06017374       0xbc c:/development/saturn/joengine/compiler/windows/bin/../lib/gcc/sh-elf/9.3.0\libgcc.a(_ashiftlt.o)
                0x06017374                __ashlsi3
                0x06017378                __ashlsi3_r0
 .text          0x06017430       0xbc c:/development/saturn/joengine/compiler/windows/bin/../lib/gcc/sh-elf/9.3.0\libgcc.a(_lshiftrt.o)
                0x06017430                __lshrsi3
                0x06017434                __lshrsi3_r0
 .text          0x060174ec       0xa0 c:/development/saturn/joengine/compiler/windows/bin/../lib/gcc/sh-elf/9.3.0\libgcc.a(_sdivsi3.o)
                0x060174ec                __sdivsi3
 .text          0x0601758c       0x6c c:/development/saturn/joengine/compiler/windows/bin/../lib/gcc/sh-elf/9.3.0\libgcc.a(_udivsi3.o)
                0x060175ae                __udivsi3
 .text          0x060175f8      0x21c c:/development/saturn/joengine/compiler/windows/bin/../lib/gcc/sh-elf/9.3.0\libgcc.a(_addsub_sf.o)
                0x06017778                __addsf3
                0x060177c4                __subsf3
 .text          0x06017814      0x134 c:/development/saturn/joengine/compiler/windows/bin/../lib/gcc/sh-elf/9.3.0\libgcc.a(_mul_sf.o)
                0x06017814                __mulsf3
 .text          0x06017948       0xdc c:/development/saturn/joengine/compiler/windows/bin/../lib/gcc/sh-elf/9.3.0\libgcc.a(_div_sf.o)
                0x06017948                __divsf3
 .text          0x06017a24       0x54 c:/development/saturn/joengine/compiler/windows/bin/../lib/gcc/sh-elf/9.3.0\libgcc.a(_gt_sf.o)
                0x06017a24                __gtsf2
 .text          0x06017a78       0x54 c:/development/saturn/joengine/compiler/windows/bin/../lib/gcc/sh-elf/9.3.0\libgcc.a(_ge_sf.o)
                0x06017a78                __gesf2
 .text          0x06017acc       0x54 c:/development/saturn/joengine/compiler/windows/bin/../lib/gcc/sh-elf/9.3.0\libgcc.a(_lt_sf.o)
                0x06017acc                __ltsf2
 .text          0x06017b20       0x54 c:/development/saturn/joengine/compiler/windows/bin/../lib/gcc/sh-elf/9.3.0\libgcc.a(_le_sf.o)
                0x06017b20                __lesf2
 .text          0x06017b74       0x84 c:/development/saturn/joengine/compiler/windows/bin/../lib/gcc/sh-elf/9.3.0\libgcc.a(_si_to_sf.o)
                0x06017b74                __floatsisf
 .text          0x06017bf8       0x70 c:/development/saturn/joengine/compiler/windows/bin/../lib/gcc/sh-elf/9.3.0\libgcc.a(_sf_to_si.o)
                0x06017bf8                __fixsfsi
 .text          0x06017c68       0x3c c:/development/saturn/joengine/compiler/windows/bin/../lib/gcc/sh-elf/9.3.0\libgcc.a(_sf_to_df.o)
                0x06017c68                __extendsfdf2
 .text          0x06017ca4        0x0 c:/development/saturn/joengine/compiler/windows/bin/../lib/gcc/sh-elf/9.3.0\libgcc.a(_thenan_sf.o)
 .text          0x06017ca4       0x94 c:/development/saturn/joengine/compiler/windows/bin/../lib/gcc/sh-elf/9.3.0\libgcc.a(_usi_to_sf.o)
                0x06017ca4                __floatunsisf
 .text          0x06017d38      0x3e0 c:/development/saturn/joengine/compiler/windows/bin/../lib/gcc/sh-elf/9.3.0\libgcc.a(_addsub_df.o)
                0x06018074                __adddf3
                0x060180c4                __subdf3
 .text          0x06018118      0x208 c:/development/saturn/joengine/compiler/windows/bin/../lib/gcc/sh-elf/9.3.0\libgcc.a(_mul_df.o)
                0x06018118                __muldf3
 .text          0x06018320       0xa8 c:/development/saturn/joengine/compiler/windows/bin/../lib/gcc/sh-elf/9.3.0\libgcc.a(_si_to_df.o)
                0x06018320                __floatsidf
 .text          0x060183c8       0xa0 c:/development/saturn/joengine/compiler/windows/bin/../lib/gcc/sh-elf/9.3.0\libgcc.a(_df_to_si.o)
                0x060183c8                __fixdfsi
 .text          0x06018468       0x28 c:/development/saturn/joengine/compiler/windows/bin/../lib/gcc/sh-elf/9.3.0\libgcc.a(_make_df.o)
                0x06018468                __make_dp
 .text          0x06018490       0x4c c:/development/saturn/joengine/compiler/windows/bin/../lib/gcc/sh-elf/9.3.0\libgcc.a(_df_to_sf.o)
                0x06018490                __truncdfsf2
 .text          0x060184dc        0x0 c:/development/saturn/joengine/compiler/windows/bin/../lib/gcc/sh-elf/9.3.0\libgcc.a(_thenan_df.o)
 .text          0x060184dc       0x54 c:/development/saturn/joengine/compiler/windows/bin/../lib/gcc/sh-elf/9.3.0\libgcc.a(_clzsi2.o)
                0x060184dc                __clzsi2
 .text          0x06018530      0x11c c:/development/saturn/joengine/compiler/windows/bin/../lib/gcc/sh-elf/9.3.0\libgcc.a(_pack_sf.o)
                0x06018530                __pack_f
 .text          0x0601864c       0xa0 c:/development/saturn/joengine/compiler/windows/bin/../lib/gcc/sh-elf/9.3.0\libgcc.a(_unpack_sf.o)
                0x0601864c                __unpack_f
 .text          0x060186ec       0xac c:/development/saturn/joengine/compiler/windows/bin/../lib/gcc/sh-elf/9.3.0\libgcc.a(_fpcmp_parts_sf.o)
                0x060186ec                __fpcmp_parts_f
 .text          0x06018798       0x20 c:/development/saturn/joengine/compiler/windows/bin/../lib/gcc/sh-elf/9.3.0\libgcc.a(_make_sf.o)
                0x06018798                __make_fp
 .text          0x060187b8      0x274 c:/development/saturn/joengine/compiler/windows/bin/../lib/gcc/sh-elf/9.3.0\libgcc.a(_pack_df.o)
                0x060187b8                __pack_d
 .text          0x06018a2c       0xcc c:/development/saturn/joengine/compiler/windows/bin/../lib/gcc/sh-elf/9.3.0\libgcc.a(_unpack_df.o)
                0x06018a2c                __unpack_d
 .text          0x06018af8        0x0 c:/development/saturn/joengine/compiler/windows/bin/../lib/gcc/sh-elf/9.3.0\libgcc.a(_clz.o)
 .text          0x06018af8       0x1e c:/development/saturn/joengine/compiler/windows/bin/../lib/gcc/sh-elf/9.3.0/../../../../sh-elf/lib\libc.a(lib_a-memcmp.o)
                0x06018af8                memcmp
 *fill*         0x06018b16        0x2 
 .text          0x06018b18       0x94 c:/development/saturn/joengine/compiler/windows/bin/../lib/gcc/sh-elf/9.3.0/../../../../sh-elf/lib\libc.a(lib_a-memcpy.o)
                0x06018b18                memcpy
 .text          0x06018bac       0x40 c:/development/saturn/joengine/compiler/windows/bin/../lib/gcc/sh-elf/9.3.0/../../../../sh-elf/lib\libc.a(lib_a-memset.o)
                0x06018bac                memset
 .text          0x06018bec      0x3b8 c:/development/saturn/joengine/compiler/windows/bin/../lib/gcc/sh-elf/9.3.0/../../../../sh-elf/lib\libc.a(lib_a-qsort.o)
                0x06018c98                qsort
 .text          0x06018fa4       0xf8 c:/development/saturn/joengine/compiler/windows/bin/../lib/gcc/sh-elf/9.3.0/../../../../sh-elf/lib\libc.a(lib_a-snprintf.o)
                0x06018fa4                _snprintf_r
                0x06018fa4                _sniprintf_r
                0x0601901c                snprintf
                0x0601901c                sniprintf
 .text          0x0601909c       0x8c c:/development/saturn/joengine/compiler/windows/bin/../lib/gcc/sh-elf/9.3.0/../../../../sh-elf/lib\libc.a(lib_a-sprintf.o)
                0x0601909c                _siprintf_r
                0x0601909c                _sprintf_r
                0x060190dc                siprintf
                0x060190dc                sprintf
 .text          0x06019128       0x20 c:/development/saturn/joengine/compiler/windows/bin/../lib/gcc/sh-elf/9.3.0/../../../../sh-elf/lib\libc.a(lib_a-strcat.o)
                0x06019128                strcat
 .text          0x06019148       0x38 c:/development/saturn/joengine/compiler/windows/bin/../lib/gcc/sh-elf/9.3.0/../../../../sh-elf/lib\libc.a(lib_a-strcmp.o)
                0x06019148                strcmp
 .text          0x06019180       0x3c c:/development/saturn/joengine/compiler/windows/bin/../lib/gcc/sh-elf/9.3.0/../../../../sh-elf/lib\libc.a(lib_a-strcpy.o)
                0x06019180                strcpy
 .text          0x060191bc       0x20 c:/development/saturn/joengine/compiler/windows/bin/../lib/gcc/sh-elf/9.3.0/../../../../sh-elf/lib\libc.a(lib_a-strlen.o)
                0x060191bc                strlen
 .text          0x060191dc       0x2a c:/development/saturn/joengine/compiler/windows/bin/../lib/gcc/sh-elf/9.3.0/../../../../sh-elf/lib\libc.a(lib_a-strncmp.o)
                0x060191dc                strncmp
 .text          0x06019206       0x36 c:/development/saturn/joengine/compiler/windows/bin/../lib/gcc/sh-elf/9.3.0/../../../../sh-elf/lib\libc.a(lib_a-strncpy.o)
                0x06019206                strncpy
 .text          0x0601923c        0x0 c:/development/saturn/joengine/compiler/windows/bin/../lib/gcc/sh-elf/9.3.0/../../../../sh-elf/lib\libc.a(lib_a-impure.o)
 .text          0x0601923c      0x444 c:/development/saturn/joengine/compiler/windows/bin/../lib/gcc/sh-elf/9.3.0/../../../../sh-elf/lib\libc.a(lib_a-nano-svfprintf.o)
                0x0601923c                __ssputs_r
                0x06019330                __ssprint_r
                0x06019464                _svfprintf_r
                0x06019464                _svfiprintf_r
 .text          0x06019680      0x380 c:/development/saturn/joengine/compiler/windows/bin/../lib/gcc/sh-elf/9.3.0/../../../../sh-elf/lib\libc.a(lib_a-nano-vfprintf_i.o)
                0x06019680                _printf_common
                0x06019780                _printf_i
 .text          0x06019a00       0x1c c:/development/saturn/joengine/compiler/windows/bin/../lib/gcc/sh-elf/9.3.0/../../../../sh-elf/lib\libc.a(lib_a-memchr.o)
                0x06019a00                memchr
 .text          0x06019a1c       0x3c c:/development/saturn/joengine/compiler/windows/bin/../lib/gcc/sh-elf/9.3.0/../../../../sh-elf/lib\libc.a(lib_a-memmove.o)
                0x06019a1c                memmove
 .text          0x06019a58       0xd0 c:/development/saturn/joengine/compiler/windows/bin/../lib/gcc/sh-elf/9.3.0/../../../../sh-elf/lib\libc.a(lib_a-nano-freer.o)
                0x06019a58                _free_r
 .text          0x06019b28       0xf8 c:/development/saturn/joengine/compiler/windows/bin/../lib/gcc/sh-elf/9.3.0/../../../../sh-elf/lib\libc.a(lib_a-nano-mallocr.o)
                0x06019b28                _malloc_r
 .text          0x06019c20       0x7c c:/development/saturn/joengine/compiler/windows/bin/../lib/gcc/sh-elf/9.3.0/../../../../sh-elf/lib\libc.a(lib_a-nano-reallocr.o)
                0x06019c20                _realloc_r
 .text          0x06019c9c       0x30 c:/development/saturn/joengine/compiler/windows/bin/../lib/gcc/sh-elf/9.3.0/../../../../sh-elf/lib\libc.a(lib_a-sbrkr.o)
                0x06019c9c                _sbrk_r
 .text          0x06019ccc      0x25c c:/development/saturn/joengine/compiler/windows/bin/../lib/gcc/sh-elf/9.3.0/../../../../sh-elf/lib\libc.a(lib_a-syscalls.o)
                0x06019d44                _read
                0x06019d54                _lseek
                0x06019d64                _write
                0x06019d74                _close
                0x06019d84                _link
                0x06019d88                _sbrk
                0x06019de0                _fstat
                0x06019dea                _open
                0x06019dfc                _creat
                0x06019e0c                _unlink
                0x06019e10                isatty
                0x06019e14                _isatty
                0x06019e18                _exit
                0x06019e28                _kill
                0x06019e3c                _getpid
                0x06019e40                _raise
                0x06019e44                _stat
                0x06019e54                _chmod
                0x06019e64                _chown
                0x06019e74                _utime
                0x06019e88                _fork
                0x06019e94                _wait
                0x06019ea4                _execve
                0x06019eb4                _execv
                0x06019ec4                _pipe
                0x06019ed0                _times
                0x06019ed4                _gettimeofday
                0x06019efc                __setup_argv_and_call_main
 .text          0x06019f28       0x14 c:/development/saturn/joengine/compiler/windows/bin/../lib/gcc/sh-elf/9.3.0/../../../../sh-elf/lib\libc.a(lib_a-trap.o)
                0x06019f28                __trap34
 .text          0x06019f3c       0x18 c:/development/saturn/joengine/compiler/windows/bin/../lib/gcc/sh-elf/9.3.0/../../../../sh-elf/lib\libc.a(lib_a-abort.o)
                0x06019f3c                abort
 .text          0x06019f54        0x8 c:/development/saturn/joengine/compiler/windows/bin/../lib/gcc/sh-elf/9.3.0/../../../../sh-elf/lib\libc.a(lib_a-mlock.o)
                0x06019f54                __malloc_lock
                0x06019f58                __malloc_unlock
 .text          0x06019f5c       0x16 c:/development/saturn/joengine/compiler/windows/bin/../lib/gcc/sh-elf/9.3.0/../../../../sh-elf/lib\libc.a(lib_a-nano-msizer.o)
                0x06019f5c                _malloc_usable_size_r
 *fill*         0x06019f72        0x2 
 .text          0x06019f74      0x1b4 c:/development/saturn/joengine/compiler/windows/bin/../lib/gcc/sh-elf/9.3.0/../../../../sh-elf/lib\libc.a(lib_a-signal.o)
                0x06019f74                _init_signal_r
                0x06019fb4                _signal_r
                0x0601a000                _raise_r
                0x0601a078                __sigtramp_r
                0x0601a0dc                raise
                0x0601a0f0                signal
                0x0601a104                _init_signal
                0x0601a114                __sigtramp
 .text          0x0601a128       0x40 c:/development/saturn/joengine/compiler/windows/bin/../lib/gcc/sh-elf/9.3.0/../../../../sh-elf/lib\libc.a(lib_a-signalr.o)
                0x0601a128                _kill_r
                0x0601a15c                _getpid_r
 *(.strings)
 *(SEGA_P)
 *(.eh_frame_hdr)
 *(.eh_frame)
                0x0601a168                __etext = .

.text.startup   0x0601a170       0x40
 .text.startup  0x0601a170       0x40 ../../jo_engine/core.o
                0x0601a170                main

SLPROG          0x0601a1c0    0x11220
                0x0601a1c0                __slprog_start = .
 *(SLPROG)
 SLPROG         0x0601a1c0     0x6540 ../../Compiler/COMMON/SGL_302j/LIB_ELF/SGLAREA.O
                0x0601a1c0                MasterStack
                0x0601a1c4                SlaveStack
                0x0601a1c8                MaxVertices
                0x0601a1ca                MaxPolygons
                0x0601a1cc                SortList
                0x0601a1d0                SortListSize
                0x0601a1d4                TransList
                0x0601a1d8                Zbuffer
                0x0601a1dc                SpriteBuf
                0x0601a1e0                SpriteBufSize
                0x0601a1e4                Pbuffer
                0x0601a1e8                CommandBuf
                0x0601a1ec                CLOfstBuf
                0x0601a1f0                PCM_Work
                0x0601a1f4                PCM_WkSize
                0x0601a1f8                MaxEvents
                0x0601a1fa                EventSize
                0x0601a1fc                MaxWorks
                0x0601a1fe                WorkSize
                0x0601a200                RemainEvent
                0x0601a300                RemainWork
                0x0601a700                EventBuf
                0x0601c700                WorkBuf
 SLPROG         0x06020700       0x20 ../../Compiler/COMMON/SGL_302j/LIB_ELF/LIBSGL.A(sglB001.o)
                0x06020700                slTVOn
                0x0602070a                slTVOff
 SLPROG         0x06020720       0x24 ../../Compiler/COMMON/SGL_302j/LIB_ELF/LIBSGL.A(sglB011.o)
                0x06020720                slBitMapNbg1
 *fill*         0x06020744        0xc 
 SLPROG         0x06020750        0x8 ../../Compiler/COMMON/SGL_302j/LIB_ELF/LIBSGL.A(sglB014.o)
                0x06020750                slScrTransparent
 *fill*         0x06020758        0x8 
 SLPROG         0x06020760      0x40c ../../Compiler/COMMON/SGL_302j/LIB_ELF/LIBSGL.A(sglB015.o)
                0x06020760                slScrAutoDisp
 *fill*         0x06020b6c        0x4 
 SLPROG         0x06020b70        0xc ../../Compiler/COMMON/SGL_302j/LIB_ELF/LIBSGL.A(sglB016.o)
                0x06020b70                slBack1ColSet
 *fill*         0x06020b7c        0x4 
 SLPROG         0x06020b80       0x10 ../../Compiler/COMMON/SGL_302j/LIB_ELF/LIBSGL.A(sglB020.o)
                0x06020b80                slColorCalc
 SLPROG         0x06020b90        0xc ../../Compiler/COMMON/SGL_302j/LIB_ELF/LIBSGL.A(sglB021.o)
                0x06020b90                slColorCalcOn
 *fill*         0x06020b9c        0x4 
 SLPROG         0x06020ba0        0xc ../../Compiler/COMMON/SGL_302j/LIB_ELF/LIBSGL.A(sglB023.o)
                0x06020ba0                slColRate
 *fill*         0x06020bac        0x4 
 SLPROG         0x06020bb0       0xb4 ../../Compiler/COMMON/SGL_302j/LIB_ELF/LIBSGL.A(sglB032.o)
                0x06020bb0                slMapNbg1
 *fill*         0x06020c64        0xc 
 SLPROG         0x06020c70       0xd4 ../../Compiler/COMMON/SGL_302j/LIB_ELF/LIBSGL.A(sglB035.o)
                0x06020c70                sl1MapRA
                0x06020d02                rbank_set
 *fill*         0x06020d44        0xc 
 SLPROG         0x06020d50       0xa0 ../../Compiler/COMMON/SGL_302j/LIB_ELF/LIBSGL.A(sglB036.o)
                0x06020d50                sl1MapRB
 SLPROG         0x06020df0       0x70 ../../Compiler/COMMON/SGL_302j/LIB_ELF/LIBSGL.A(sglB038.o)
                0x06020df0                slRparaInitSet
 SLPROG         0x06020e60       0x7e ../../Compiler/COMMON/SGL_302j/LIB_ELF/LIBSGL.A(sglB039.o)
                0x06020e60                slMakeKtable
 *fill*         0x06020ede        0x2 
 SLPROG         0x06020ee0       0x58 ../../Compiler/COMMON/SGL_302j/LIB_ELF/LIBSGL.A(sglB040.o)
                0x06020ee0                slKtableRA
 *fill*         0x06020f38        0x8 
 SLPROG         0x06020f40       0x5c ../../Compiler/COMMON/SGL_302j/LIB_ELF/LIBSGL.A(sglB041.o)
                0x06020f40                slKtableRB
 *fill*         0x06020f9c        0x4 
 SLPROG         0x06020fa0        0x8 ../../Compiler/COMMON/SGL_302j/LIB_ELF/LIBSGL.A(sglB043.o)
                0x06020fa0                slRparaMode
 *fill*         0x06020fa8        0x8 
 SLPROG         0x06020fb0        0xc ../../Compiler/COMMON/SGL_302j/LIB_ELF/LIBSGL.A(sglB047.o)
                0x06020fb0                slOverRA
 *fill*         0x06020fbc        0x4 
 SLPROG         0x06020fc0       0x10 ../../Compiler/COMMON/SGL_302j/LIB_ELF/LIBSGL.A(sglB048.o)
                0x06020fc0                slOverRB
 SLPROG         0x06020fd0        0xc ../../Compiler/COMMON/SGL_302j/LIB_ELF/LIBSGL.A(sglB056.o)
                0x06020fd0                slPlaneNbg1
 *fill*         0x06020fdc        0x4 
 SLPROG         0x06020fe0        0xc ../../Compiler/COMMON/SGL_302j/LIB_ELF/LIBSGL.A(sglB059.o)
                0x06020fe0                slPlaneRA
 *fill*         0x06020fec        0x4 
 SLPROG         0x06020ff0       0x10 ../../Compiler/COMMON/SGL_302j/LIB_ELF/LIBSGL.A(sglB060.o)
                0x06020ff0                slPlaneRB
 SLPROG         0x06021000        0xc ../../Compiler/COMMON/SGL_302j/LIB_ELF/LIBSGL.A(sglB063.o)
                0x06021000                slPriority
 *fill*         0x0602100c        0x4 
 SLPROG         0x06021010       0x18 ../../Compiler/COMMON/SGL_302j/LIB_ELF/LIBSGL.A(sglB087.o)
                0x06021010                slLineScrollTable0
 *fill*         0x06021028        0x8 
 SLPROG         0x06021030        0x8 ../../Compiler/COMMON/SGL_302j/LIB_ELF/LIBSGL.A(sglB088.o)
                0x06021030                slLineScrollTable1
 *fill*         0x06021038        0x8 
 SLPROG         0x06021040        0xc ../../Compiler/COMMON/SGL_302j/LIB_ELF/LIBSGL.A(sglB090.o)
                0x06021040                slLineScrollMode
 *fill*         0x0602104c        0x4 
 SLPROG         0x06021050      0x114 ../../Compiler/COMMON/SGL_302j/LIB_ELF/LIBSGL.A(sglB200.o)
                0x06021050                slCharRbg0
                0x0602105c                slCharNbg0
                0x06021068                slCharNbg1
                0x06021074                slCharNbg2
                0x0602108a                slCharNbg3
                0x060210a2                slPageRbg0
                0x060210b8                slPageNbg1
                0x060210c0                slPageNbg2
                0x060210c8                slPageNbg3
                0x060210d4                slPageNbg0
 *fill*         0x06021164        0xc 
 SLPROG         0x06021170       0x78 ../../Compiler/COMMON/SGL_302j/LIB_ELF/LIBSGL.A(sglC05.o)
                0x06021170                slSetSprite
 *fill*         0x060211e8        0x8 
 SLPROG         0x060211f0       0xfa ../../Compiler/COMMON/SGL_302j/LIB_ELF/LIBSGL.A(sglC06.o)
                0x060211f0                slDispSprite
 *fill*         0x060212ea        0x6 
 SLPROG         0x060212f0      0x162 ../../Compiler/COMMON/SGL_302j/LIB_ELF/LIBSGL.A(sglC07.o)
                0x060212f6                slPutSprite
 *fill*         0x06021452        0xe 
 SLPROG         0x06021460       0x4c ../../Compiler/COMMON/SGL_302j/LIB_ELF/LIBSGL.A(sglC17.o)
                0x06021460                slDispSpriteHV
 *fill*         0x060214ac        0x4 
 SLPROG         0x060214b0       0xd4 ../../Compiler/COMMON/SGL_302j/LIB_ELF/LIBSGL.A(sglC19.o)
                0x060214b0                slDispSprite4P
 *fill*         0x06021584        0xc 
 SLPROG         0x06021590       0x40 ../../Compiler/COMMON/SGL_302j/LIB_ELF/LIBSGL.A(sglC20.o)
                0x06021590                SpriteEntry
 SLPROG         0x060215d0      0x4ae ../../Compiler/COMMON/SGL_302j/LIB_ELF/LIBSGL.A(sglC21.o)
                0x06021658                RotSprite
                0x060216e6                SetSprPosition
 *fill*         0x06021a7e        0x2 
 SLPROG         0x06021a80       0x84 ../../Compiler/COMMON/SGL_302j/LIB_ELF/LIBSGL.A(sglD00.o)
                0x06021a80                slCpuDMACopy
                0x06021a80                slDMACopy
                0x06021ada                CSH_AllClr
                0x06021ada                slCashPurge
 *fill*         0x06021b04        0xc 
 SLPROG         0x06021b10       0xa0 ../../Compiler/COMMON/SGL_302j/LIB_ELF/LIBSGL.A(sglD01.o)
                0x06021b10                slDMAXCopy
 SLPROG         0x06021bb0        0xc ../../Compiler/COMMON/SGL_302j/LIB_ELF/LIBSGL.A(sglD03.o)
                0x06021bb0                slDMAStatus
 *fill*         0x06021bbc        0x4 
 SLPROG         0x06021bc0       0x20 ../../Compiler/COMMON/SGL_302j/LIB_ELF/LIBSGL.A(sglD15.o)
                0x06021bc0                CSH_Purge
 SLPROG         0x06021be0       0x84 ../../Compiler/COMMON/SGL_302j/LIB_ELF/LIBSGL.A(sglD16.o)
                0x06021be0                DMA_ScuSetPrm
                0x06021c28                DMA_SCU_PRM0
 *fill*         0x06021c64        0xc 
 SLPROG         0x06021c70       0x88 ../../Compiler/COMMON/SGL_302j/LIB_ELF/LIBSGL.A(sglD17.o)
                0x06021c70                DMA_ScuStart
 *fill*         0x06021cf8        0x8 
 SLPROG         0x06021d00       0x34 ../../Compiler/COMMON/SGL_302j/LIB_ELF/LIBSGL.A(sglD18.o)
                0x06021d00                DMA_ScuGetStatus
 *fill*         0x06021d34        0xc 
 SLPROG         0x06021d40       0x4e ../../Compiler/COMMON/SGL_302j/LIB_ELF/LIBSGL.A(sglF00.o)
                0x06021d40                slCurScrn
                0x06021d50                slCurColor
                0x06021d5a                slLocate
                0x06021d8c                CurrentScreen
 *fill*         0x06021d8e        0x2 
 SLPROG         0x06021d90       0x1c ../../Compiler/COMMON/SGL_302j/LIB_ELF/LIBSGL.A(sglF05.o)
                0x06021d90                slPrint
 *fill*         0x06021dac        0x4 
 SLPROG         0x06021db0       0x34 ../../Compiler/COMMON/SGL_302j/LIB_ELF/LIBSGL.A(sglF08.o)
                0x06021db0                slDec2Hex
 *fill*         0x06021de4        0xc 
 SLPROG         0x06021df0      0x1d0 ../../Compiler/COMMON/SGL_302j/LIB_ELF/LIBSGL.A(sglG00.o)
                0x06021df0                slInitSound
                0x06021ef4                slWaitSound
                0x06021f0c                slSndFlush
 SLPROG         0x06021fc0       0x18 ../../Compiler/COMMON/SGL_302j/LIB_ELF/LIBSGL.A(sglG01.o)
                0x06021fc0                slSndVolume
 *fill*         0x06021fd8        0x8 
 SLPROG         0x06021fe0       0x4c ../../Compiler/COMMON/SGL_302j/LIB_ELF/LIBSGL.A(sglG19.o)
                0x06021fe0                slCDDAOn
 *fill*         0x0602202c        0x4 
 SLPROG         0x06022030      0x1e0 ../../Compiler/COMMON/SGL_302j/LIB_ELF/LIBSGL.A(sglG21.o)
                0x06022038                slPCMOn
                0x06022156                slSndPCMNum
 SLPROG         0x06022210       0x48 ../../Compiler/COMMON/SGL_302j/LIB_ELF/LIBSGL.A(sglG22.o)
                0x06022210                slPCMOff
 *fill*         0x06022258        0x8 
 SLPROG         0x06022260       0x18 ../../Compiler/COMMON/SGL_302j/LIB_ELF/LIBSGL.A(sglG25.o)
                0x06022260                slPCMStat
 *fill*         0x06022278        0x8 
 SLPROG         0x06022280      0xfc8 ../../Compiler/COMMON/SGL_302j/LIB_ELF/LIBSGL.A(sglH00.o)
                0x06022298                slGetPortDir1
                0x060222a0                slGetPortDir2
                0x060222a8                slSetPortDir1
                0x060222d2                slSetPortDir2
                0x0602230c                slGetPortData1
                0x06022314                slGetPortData2
                0x0602231c                slSetPortData1
                0x06022326                slSetPortData2
                0x06022338                slGetPortSelect1
                0x06022342                slGetPortSelect2
                0x0602234c                slSetPortSelect1
                0x06022380                slSetPortSelect2
                0x060223bc                slGetPortExt1
                0x060223c6                slGetPortExt2
                0x060223d0                slSetPortExt1
                0x06022400                slSetPortExt2
                0x06022574                slSmpcDirectAccess
                0x060225f4                slInitPeripheral
                0x06022686                slSetResultBuffer
                0x06022712                slCheckIntBackSet
                0x0602271e                slIntBackCancel
                0x06022748                slCheckReset
                0x06022752                slClearReset
                0x06022918                slSmpcCashSend
                0x060229d4                slSmpcCashBlow
                0x06022ab0                slGetOptimize
                0x06022aba                slSetOptimize
                0x06022ae0                slGetPortMode1
                0x06022aec                slGetPortMode2
                0x06022afa                slSetPortMode1
                0x06022b38                slSetPortMode2
                0x06022cc4                slRequestCommand
                0x06022d34                Smpc_Status
                0x06022d38                Smpc_Result
                0x06022d3c                Smpc_Peripheral
                0x06022d42                Per_Connect1
                0x06022d43                Per_Connect2
                0x06022d64                SmpcStatusBuf
 *fill*         0x06023248        0x8 
 SLPROG         0x06023250       0xa8 ../../Compiler/COMMON/SGL_302j/LIB_ELF/LIBSGL.A(sglH01.o)
                0x06023250                slGetLanguage
                0x0602325a                slSetLanguage
                0x0602327c                slGetSoundEffect
                0x06023288                slSetSoundEffect
                0x060232a4                slGetSoundOutput
                0x060232b0                slSetSoundOutput
                0x060232cc                slGetHelpWindow
                0x060232d8                slSetHelpWindow
 *fill*         0x060232f8        0x8 
 SLPROG         0x06023300      0x470 ../../Compiler/COMMON/SGL_302j/LIB_ELF/LIBSGL.A(sglH02.o)
                0x060236f0                smpc_pfr_tbl
                0x06023730                smpc_ptf_tbl
 SLPROG         0x06023770       0x60 ../../Compiler/COMMON/SGL_302j/LIB_ELF/LIBSGL.A(sglH04.o)
                0x06023770                slComPrmIntBack
                0x06023784                slComPrmSetMemory
                0x0602379a                slComPrmSetTime
 SLPROG         0x060237d0      0x3a4 ../../Compiler/COMMON/SGL_302j/LIB_ELF/LIBSGL.A(sglI01.o)
                0x060237d0                slInitSynch
                0x060237ea                slSynch
                0x060238e0                slRandom
                0x060238fe                PCM_EndCheck
                0x060239ba                RetPCMBuf
                0x06023a54                PCM_Buf
                0x06023af4                Sound_Buf
 *fill*         0x06023b74        0xc 
 SLPROG         0x06023b80       0x10 ../../Compiler/COMMON/SGL_302j/LIB_ELF/LIBSGL.A(sglI04.o)
                0x06023b80                slIntFunction
 SLPROG         0x06023b90       0x74 ../../Compiler/COMMON/SGL_302j/LIB_ELF/LIBSGL.A(sglJ00.o)
                0x06023b90                InitSlaveSH
                0x06023bf8                SlaveCommand
 *fill*         0x06023c04        0xc 
 SLPROG         0x06023c10      0x3d0 ../../Compiler/COMMON/SGL_302j/LIB_ELF/LIBSGL.A(sglJ01.o)
                0x06023c10                SlaveControl
                0x06023fcc                ErasePolygonData
 SLPROG         0x06023fe0     0x12b8 ../../Compiler/COMMON/SGL_302j/LIB_ELF/LIBSGL.A(sglJ02.o)
                0x06023fe0                sbMakePolygon
                0x060241c8                sbCalcPolygon
                0x06024f00                SetTexture
                0x06024f0c                SetPolygon
                0x06024f14                SetPosition
                0x06024f4c                stvtc_4
                0x06025004                stvtc_3
                0x06025214                stvtc_1
                0x06025228                stvtc_2
                0x0602523c                stvtc_0
 *fill*         0x06025298        0x8 
 SLPROG         0x060252a0      0x140 ../../Compiler/COMMON/SGL_302j/LIB_ELF/LIBSGL.A(sglJ03.o)
                0x060252a0                sbMakeDMATable
 SLPROG         0x060253e0      0x470 ../../Compiler/COMMON/SGL_302j/LIB_ELF/LIBSGL.A(sglJ04.o)
                0x0602543e                sbMakeSprite
                0x060254a4                sbMakeRotSprite
 SLPROG         0x06025850       0x3c ../../Compiler/COMMON/SGL_302j/LIB_ELF/LIBSGL.A(sglJ05.o)
                0x06025850                sbSortEntry
 *fill*         0x0602588c        0x4 
 SLPROG         0x06025890       0x6a ../../Compiler/COMMON/SGL_302j/LIB_ELF/LIBSGL.A(sglM01.o)
                0x06025890                slSetDepthLimit
                0x060258bc                slSetDepthTbl
                0x060258ec                DepthWorkArea
 *fill*         0x060258fa        0x6 
 SLPROG         0x06025900       0x20 ../../Compiler/COMMON/SGL_302j/LIB_ELF/LIBSGL.A(sglA00.o)
                0x06025900                set_imask
                0x06025900                _builtin_set_imask
                0x06025914                _builtin_get_imask
                0x06025914                get_imask
 SLPROG         0x06025920     0x411e ../../Compiler/COMMON/SGL_302j/LIB_ELF/LIBSGL.A(sglA01.o)
                0x06025920                slSin
                0x06025944                slCos
                0x06025968                GetSinCos
                0x060259fc                sin_cos_index_tbl
                0x06025a3c                sin_tbl
 *fill*         0x06029a3e        0x2 
 SLPROG         0x06029a40      0x42c ../../Compiler/COMMON/SGL_302j/LIB_ELF/LIBSGL.A(sglA20.o)
                0x06029a40                slInitMatrix
                0x06029a4a                slPushUnitMatrix
                0x06029a5e                slUnitMatrix
 *fill*         0x06029e6c        0x4 
 SLPROG         0x06029e70      0xbd0 ../../Compiler/COMMON/SGL_302j/LIB_ELF/LIBSGL.A(sglB000.o)
                0x06029e70                slInitScroll
                0x06029f90                setASC_1to8
                0x06029fc0                setASC_4to8
                0x0602a0d0                TVSizeTbl
                0x0602a150                TVModeTbl
                0x0602a328                SGL_ASCII_CG
 SLPROG         0x0602aa40      0x134 ../../Compiler/COMMON/SGL_302j/LIB_ELF/LIBSGL.A(sglC00.o)
                0x0602aa40                slInitSprite
 *fill*         0x0602ab74        0xc 
 SLPROG         0x0602ab80       0x10 ../../Compiler/COMMON/SGL_302j/LIB_ELF/LIBSGL.A(sglD02.o)
                0x0602ab80                slDMAWait
 SLPROG         0x0602ab90      0x75c ../../Compiler/COMMON/SGL_302j/LIB_ELF/LIBSGL.A(sglI00.o)
                0x0602ae80                slInitInterrupt
 *fill*         0x0602b2ec        0x4 
 SLPROG         0x0602b2f0       0xf0 ../../Compiler/COMMON/SGL_302j/LIB_ELF/LIBSGL.A(sglH03.o)
                0x0602b354                slSmpcIntBack
                0x0602b3e0                __slprog_end = .

.tors           0x0602b3e0        0x0
                0x0602b3e0                ___ctors = .
 *(.ctors)
                0x0602b3e0                ___ctors_end = .
                0x0602b3e0                ___dtors = .
 *(.dtors)
                0x0602b3e0                ___dtors_end = .

.data           0x0602b3e0     0x6d20
 *(.data)
 .data          0x0602b3e0        0x0 ../../Compiler/COMMON/SGL_302j/LIB_ELF/SGLAREA.O
 .data          0x0602b3e0        0x0 pad_controllers.o
 .data          0x0602b3e0        0x0 main.o
 .data          0x0602b3e0        0x0 sprite_manager.o
 .data          0x0602b3e0        0x0 filelist.o
 .data          0x0602b3e0        0x0 satiator_functions.o
 .data          0x0602b3e0        0x0 background.o
 .data          0x0602b3e0        0x0 states/splash.o
 .data          0x0602b3e0        0x0 states/menu.o
 .data          0x0602b3e0        0x0 states/gamelist.o
 .data          0x0602b3e0        0x0 Save-Game-Copier/md5/md5.o
 .data          0x0602b3e0        0x0 Save-Game-Copier/backup-cd.o
 .data          0x0602b3e0        0x0 Save-Game-Copier/util.o
 .data          0x0602b3e0        0x0 Save-Game-Copier/backup-saturn.o
 .data          0x0602b3e0        0x4 Save-Game-Copier/backup-mode.o
                0x0602b3e0                SaveDirectory
 .data          0x0602b3e4        0x0 Save-Game-Copier/backup-satiator.o
 .data          0x0602b3e4        0x0 Save-Game-Copier/backup.o
 .data          0x0602b3e4        0x0 Save-Game-Copier/bup_header.o
 .data          0x0602b3e4        0x0 ../../jo_engine/cd.o
 .data          0x0602b3e4        0x0 ../../jo_engine/satiator.o
 .data          0x0602b3e4        0x0 ../../jo_engine/backup.o
 .data          0x0602b3e4        0x0 ../../jo_engine/tga.o
 .data          0x0602b3e4     0x682f ../../jo_engine/audio.o
                0x0602b420                sddrvstsk
 *fill*         0x06031c13        0x1 
 .data          0x06031c14        0x4 ../../jo_engine/fs.o
 .data          0x06031c18        0x0 ../../jo_engine/font.o
 .data          0x06031c18        0x0 ../../jo_engine/input.o
 .data          0x06031c18        0x0 ../../jo_engine/physics.o
 .data          0x06031c18        0x0 ../../jo_engine/core.o
 .data          0x06031c18        0x4 ../../jo_engine/math.o
                0x06031c18                jo_random_seed
 .data          0x06031c1c        0x0 ../../jo_engine/malloc.o
 .data          0x06031c1c        0x0 ../../jo_engine/tools.o
 .data          0x06031c1c        0x0 ../../jo_engine/palette.o
 .data          0x06031c1c       0x2c ../../jo_engine/sprites.o
                0x06031c20                __jo_gouraud_shading_runtime_index
                0x06031c24                __jo_sprite_pos
                0x06031c30                __jo_sprite_attributes
 .data          0x06031c48        0x0 ../../jo_engine/map.o
 .data          0x06031c48        0x0 ../../jo_engine/list.o
 .data          0x06031c48        0x4 ../../jo_engine/sprite_animator.o
 .data          0x06031c4c        0x0 ../../jo_engine/image.o
 .data          0x06031c4c        0x0 ../../jo_engine/vdp2.o
 .data          0x06031c4c        0x0 ../../jo_engine/time.o
 .data          0x06031c4c        0x0 ../../jo_engine/vdp1_command_pipeline.o
 .data          0x06031c4c       0x10 ../../jo_engine/vdp2_malloc.o
 .data          0x06031c5c        0x0 mode/mode_intf.a(mode_intf.o)
 *fill*         0x06031c5c        0x4 
 .data          0x06031c60        0x0 ../../Compiler/COMMON/SGL_302j/LIB_ELF/SEGA_SYS.A(sys_exit.o)
 .data          0x06031c60        0x0 ../../Compiler/COMMON/SGL_302j/LIB_ELF/SEGA_SYS.A(sys_sub.o)
 .data          0x06031c60        0x0 ../../Compiler/COMMON/SGL_302j/LIB_ELF/LIBCD.A(CDC_CMN.O)
 .data          0x06031c60        0x0 ../../Compiler/COMMON/SGL_302j/LIB_ELF/LIBCD.A(CDC_DRV.O)
 .data          0x06031c60        0x0 ../../Compiler/COMMON/SGL_302j/LIB_ELF/LIBCD.A(CDC_CFS.O)
 .data          0x06031c60        0x0 ../../Compiler/COMMON/SGL_302j/LIB_ELF/LIBCD.A(CDC_REG.O)
 .data          0x06031c60        0x0 ../../Compiler/COMMON/SGL_302j/LIB_ELF/LIBCD.A(CDC_SUB.O)
 .data          0x06031c60        0x0 ../../Compiler/COMMON/SGL_302j/LIB_ELF/LIBCD.A(GFS.O)
 .data          0x06031c60        0x0 ../../Compiler/COMMON/SGL_302j/LIB_ELF/LIBCD.A(GFS_BUF.O)
 .data          0x06031c60        0x0 ../../Compiler/COMMON/SGL_302j/LIB_ELF/LIBCD.A(GFS_CDB.O)
 .data          0x06031c60        0x0 ../../Compiler/COMMON/SGL_302j/LIB_ELF/LIBCD.A(GFS_CDC.O)
 .data          0x06031c60        0x0 ../../Compiler/COMMON/SGL_302j/LIB_ELF/LIBCD.A(GFS_CDF.O)
 .data          0x06031c60        0x0 ../../Compiler/COMMON/SGL_302j/LIB_ELF/LIBCD.A(GFS_DIR.O)
 .data          0x06031c60        0x0 ../../Compiler/COMMON/SGL_302j/LIB_ELF/LIBCD.A(GFS_TRN.O)
 .data          0x06031c60        0x0 ../../Compiler/COMMON/SGL_302j/LIB_ELF/LIBCD.A(CDC_DEV.O)
 .data          0x06031c60        0x0 ../../Compiler/COMMON/SGL_302j/LIB_ELF/LIBCD.A(CDC_SEL.O)
 .data          0x06031c60        0x0 ../../Compiler/COMMON/SGL_302j/LIB_ELF/LIBCD.A(CDC_BIF.O)
 .data          0x06031c60        0x0 ../../Compiler/COMMON/SGL_302j/LIB_ELF/LIBCD.A(CDC_BIO.O)
 .data          0x06031c60        0x0 ../../Compiler/COMMON/SGL_302j/LIB_ELF/LIBSGL.A(sglB001.o)
 .data          0x06031c60        0x0 ../../Compiler/COMMON/SGL_302j/LIB_ELF/LIBSGL.A(sglB011.o)
 .data          0x06031c60        0x0 ../../Compiler/COMMON/SGL_302j/LIB_ELF/LIBSGL.A(sglB014.o)
 .data          0x06031c60        0x0 ../../Compiler/COMMON/SGL_302j/LIB_ELF/LIBSGL.A(sglB015.o)
 .data          0x06031c60        0x0 ../../Compiler/COMMON/SGL_302j/LIB_ELF/LIBSGL.A(sglB016.o)
 .data          0x06031c60        0x0 ../../Compiler/COMMON/SGL_302j/LIB_ELF/LIBSGL.A(sglB020.o)
 .data          0x06031c60        0x0 ../../Compiler/COMMON/SGL_302j/LIB_ELF/LIBSGL.A(sglB021.o)
 .data          0x06031c60        0x0 ../../Compiler/COMMON/SGL_302j/LIB_ELF/LIBSGL.A(sglB023.o)
 .data          0x06031c60        0x0 ../../Compiler/COMMON/SGL_302j/LIB_ELF/LIBSGL.A(sglB032.o)
 .data          0x06031c60        0x0 ../../Compiler/COMMON/SGL_302j/LIB_ELF/LIBSGL.A(sglB035.o)
 .data          0x06031c60        0x0 ../../Compiler/COMMON/SGL_302j/LIB_ELF/LIBSGL.A(sglB036.o)
 .data          0x06031c60        0x0 ../../Compiler/COMMON/SGL_302j/LIB_ELF/LIBSGL.A(sglB038.o)
 .data          0x06031c60        0x0 ../../Compiler/COMMON/SGL_302j/LIB_ELF/LIBSGL.A(sglB039.o)
 .data          0x06031c60        0x0 ../../Compiler/COMMON/SGL_302j/LIB_ELF/LIBSGL.A(sglB040.o)
 .data          0x06031c60        0x0 ../../Compiler/COMMON/SGL_302j/LIB_ELF/LIBSGL.A(sglB041.o)
 .data          0x06031c60        0x0 ../../Compiler/COMMON/SGL_302j/LIB_ELF/LIBSGL.A(sglB043.o)
 .data          0x06031c60        0x0 ../../Compiler/COMMON/SGL_302j/LIB_ELF/LIBSGL.A(sglB047.o)
 .data          0x06031c60        0x0 ../../Compiler/COMMON/SGL_302j/LIB_ELF/LIBSGL.A(sglB048.o)
 .data          0x06031c60        0x0 ../../Compiler/COMMON/SGL_302j/LIB_ELF/LIBSGL.A(sglB056.o)
 .data          0x06031c60        0x0 ../../Compiler/COMMON/SGL_302j/LIB_ELF/LIBSGL.A(sglB059.o)
 .data          0x06031c60        0x0 ../../Compiler/COMMON/SGL_302j/LIB_ELF/LIBSGL.A(sglB060.o)
 .data          0x06031c60        0x0 ../../Compiler/COMMON/SGL_302j/LIB_ELF/LIBSGL.A(sglB063.o)
 .data          0x06031c60        0x0 ../../Compiler/COMMON/SGL_302j/LIB_ELF/LIBSGL.A(sglB087.o)
 .data          0x06031c60        0x0 ../../Compiler/COMMON/SGL_302j/LIB_ELF/LIBSGL.A(sglB088.o)
 .data          0x06031c60        0x0 ../../Compiler/COMMON/SGL_302j/LIB_ELF/LIBSGL.A(sglB090.o)
 .data          0x06031c60        0x0 ../../Compiler/COMMON/SGL_302j/LIB_ELF/LIBSGL.A(sglB200.o)
 .data          0x06031c60        0x0 ../../Compiler/COMMON/SGL_302j/LIB_ELF/LIBSGL.A(sglC05.o)
 .data          0x06031c60        0x0 ../../Compiler/COMMON/SGL_302j/LIB_ELF/LIBSGL.A(sglC06.o)
 .data          0x06031c60        0x0 ../../Compiler/COMMON/SGL_302j/LIB_ELF/LIBSGL.A(sglC07.o)
 .data          0x06031c60        0x0 ../../Compiler/COMMON/SGL_302j/LIB_ELF/LIBSGL.A(sglC17.o)
 .data          0x06031c60        0x0 ../../Compiler/COMMON/SGL_302j/LIB_ELF/LIBSGL.A(sglC19.o)
 .data          0x06031c60        0x0 ../../Compiler/COMMON/SGL_302j/LIB_ELF/LIBSGL.A(sglC20.o)
 .data          0x06031c60        0x0 ../../Compiler/COMMON/SGL_302j/LIB_ELF/LIBSGL.A(sglC21.o)
 .data          0x06031c60        0x0 ../../Compiler/COMMON/SGL_302j/LIB_ELF/LIBSGL.A(sglD00.o)
 .data          0x06031c60        0x0 ../../Compiler/COMMON/SGL_302j/LIB_ELF/LIBSGL.A(sglD01.o)
 .data          0x06031c60        0x0 ../../Compiler/COMMON/SGL_302j/LIB_ELF/LIBSGL.A(sglD03.o)
 .data          0x06031c60        0x0 ../../Compiler/COMMON/SGL_302j/LIB_ELF/LIBSGL.A(sglD15.o)
 .data          0x06031c60        0x0 ../../Compiler/COMMON/SGL_302j/LIB_ELF/LIBSGL.A(sglD16.o)
 .data          0x06031c60        0x0 ../../Compiler/COMMON/SGL_302j/LIB_ELF/LIBSGL.A(sglD17.o)
 .data          0x06031c60        0x0 ../../Compiler/COMMON/SGL_302j/LIB_ELF/LIBSGL.A(sglD18.o)
 .data          0x06031c60        0x0 ../../Compiler/COMMON/SGL_302j/LIB_ELF/LIBSGL.A(sglF00.o)
 .data          0x06031c60        0x0 ../../Compiler/COMMON/SGL_302j/LIB_ELF/LIBSGL.A(sglF05.o)
 .data          0x06031c60        0x0 ../../Compiler/COMMON/SGL_302j/LIB_ELF/LIBSGL.A(sglF08.o)
 .data          0x06031c60        0x0 ../../Compiler/COMMON/SGL_302j/LIB_ELF/LIBSGL.A(sglG00.o)
 .data          0x06031c60        0x0 ../../Compiler/COMMON/SGL_302j/LIB_ELF/LIBSGL.A(sglG01.o)
 .data          0x06031c60        0x0 ../../Compiler/COMMON/SGL_302j/LIB_ELF/LIBSGL.A(sglG19.o)
 .data          0x06031c60        0x0 ../../Compiler/COMMON/SGL_302j/LIB_ELF/LIBSGL.A(sglG21.o)
 .data          0x06031c60        0x0 ../../Compiler/COMMON/SGL_302j/LIB_ELF/LIBSGL.A(sglG22.o)
 .data          0x06031c60        0x0 ../../Compiler/COMMON/SGL_302j/LIB_ELF/LIBSGL.A(sglG25.o)
 .data          0x06031c60        0x0 ../../Compiler/COMMON/SGL_302j/LIB_ELF/LIBSGL.A(sglH00.o)
 .data          0x06031c60        0x0 ../../Compiler/COMMON/SGL_302j/LIB_ELF/LIBSGL.A(sglH01.o)
 .data          0x06031c60        0x0 ../../Compiler/COMMON/SGL_302j/LIB_ELF/LIBSGL.A(sglH02.o)
 .data          0x06031c60        0x0 ../../Compiler/COMMON/SGL_302j/LIB_ELF/LIBSGL.A(sglH04.o)
 .data          0x06031c60        0x0 ../../Compiler/COMMON/SGL_302j/LIB_ELF/LIBSGL.A(sglI01.o)
 .data          0x06031c60        0x0 ../../Compiler/COMMON/SGL_302j/LIB_ELF/LIBSGL.A(sglI04.o)
 .data          0x06031c60       0x80 ../../Compiler/COMMON/SGL_302j/LIB_ELF/LIBSGL.A(sglIc0.o)
                0x06031c60                IntPrioMask
 .data          0x06031ce0        0x0 ../../Compiler/COMMON/SGL_302j/LIB_ELF/LIBSGL.A(sglJ00.o)
 .data          0x06031ce0        0x0 ../../Compiler/COMMON/SGL_302j/LIB_ELF/LIBSGL.A(sglJ01.o)
 .data          0x06031ce0        0x0 ../../Compiler/COMMON/SGL_302j/LIB_ELF/LIBSGL.A(sglJ02.o)
 .data          0x06031ce0        0x0 ../../Compiler/COMMON/SGL_302j/LIB_ELF/LIBSGL.A(sglJ03.o)
 .data          0x06031ce0        0x0 ../../Compiler/COMMON/SGL_302j/LIB_ELF/LIBSGL.A(sglJ04.o)
 .data          0x06031ce0        0x0 ../../Compiler/COMMON/SGL_302j/LIB_ELF/LIBSGL.A(sglJ05.o)
 .data          0x06031ce0        0x0 ../../Compiler/COMMON/SGL_302j/LIB_ELF/LIBSGL.A(sglK01.o)
 .data          0x06031ce0        0x0 ../../Compiler/COMMON/SGL_302j/LIB_ELF/LIBSGL.A(sglM01.o)
 .data          0x06031ce0        0x0 ../../Compiler/COMMON/SGL_302j/LIB_ELF/LIBSGL.A(sglA00.o)
 .data          0x06031ce0        0x0 ../../Compiler/COMMON/SGL_302j/LIB_ELF/LIBSGL.A(sglA01.o)
 .data          0x06031ce0        0x0 ../../Compiler/COMMON/SGL_302j/LIB_ELF/LIBSGL.A(sglA20.o)
 .data          0x06031ce0        0x0 ../../Compiler/COMMON/SGL_302j/LIB_ELF/LIBSGL.A(sglB000.o)
 .data          0x06031ce0        0x0 ../../Compiler/COMMON/SGL_302j/LIB_ELF/LIBSGL.A(sglC00.o)
 .data          0x06031ce0        0x0 ../../Compiler/COMMON/SGL_302j/LIB_ELF/LIBSGL.A(sglD02.o)
 .data          0x06031ce0        0x0 ../../Compiler/COMMON/SGL_302j/LIB_ELF/LIBSGL.A(sglI00.o)
 .data          0x06031ce0        0x0 ../../Compiler/COMMON/SGL_302j/LIB_ELF/LIBSGL.A(sglH03.o)
 .data          0x06031ce0        0x0 c:/development/saturn/joengine/compiler/windows/bin/../lib/gcc/sh-elf/9.3.0\libgcc.a(_ashiftrt.o)
 .data          0x06031ce0        0x0 c:/development/saturn/joengine/compiler/windows/bin/../lib/gcc/sh-elf/9.3.0\libgcc.a(_ashiftrt_n.o)
 .data          0x06031ce0        0x0 c:/development/saturn/joengine/compiler/windows/bin/../lib/gcc/sh-elf/9.3.0\libgcc.a(_ashiftlt.o)
 .data          0x06031ce0        0x0 c:/development/saturn/joengine/compiler/windows/bin/../lib/gcc/sh-elf/9.3.0\libgcc.a(_lshiftrt.o)
 .data          0x06031ce0        0x0 c:/development/saturn/joengine/compiler/windows/bin/../lib/gcc/sh-elf/9.3.0\libgcc.a(_sdivsi3.o)
 .data          0x06031ce0        0x0 c:/development/saturn/joengine/compiler/windows/bin/../lib/gcc/sh-elf/9.3.0\libgcc.a(_udivsi3.o)
 .data          0x06031ce0        0x0 c:/development/saturn/joengine/compiler/windows/bin/../lib/gcc/sh-elf/9.3.0\libgcc.a(_addsub_sf.o)
 .data          0x06031ce0        0x0 c:/development/saturn/joengine/compiler/windows/bin/../lib/gcc/sh-elf/9.3.0\libgcc.a(_mul_sf.o)
 .data          0x06031ce0        0x0 c:/development/saturn/joengine/compiler/windows/bin/../lib/gcc/sh-elf/9.3.0\libgcc.a(_div_sf.o)
 .data          0x06031ce0        0x0 c:/development/saturn/joengine/compiler/windows/bin/../lib/gcc/sh-elf/9.3.0\libgcc.a(_gt_sf.o)
 .data          0x06031ce0        0x0 c:/development/saturn/joengine/compiler/windows/bin/../lib/gcc/sh-elf/9.3.0\libgcc.a(_ge_sf.o)