Archive member included to satisfy reference by file (symbol)

../../Compiler/COMMON/SGL_302j/LIB_ELF/SEGA_SYS.A(sys_exit.o)
                              ../../jo_engine/core.o (SYS_Exit)
../../Compiler/COMMON/SGL_302j/LIB_ELF/SEGA_SYS.A(sys_sub.o)
                              ../../Compiler/COMMON/SGL_302j/LIB_ELF/SEGA_SYS.A(sys_exit.o) (SYSUB_SetStackptr)
../../Compiler/COMMON/SGL_302j/LIB_ELF/LIBCD.A(CDC_CMN.O)
                              ../../Compiler/COMMON/SGL_302j/LIB_ELF/SEGA_SYS.A(sys_exit.o) (CDC_GetCurStat)
../../Compiler/COMMON/SGL_302j/LIB_ELF/LIBCD.A(CDC_CFS.O)
                              ../../Compiler/COMMON/SGL_302j/LIB_ELF/SEGA_SYS.A(sys_exit.o) (CDC_ChgDir)
../../Compiler/COMMON/SGL_302j/LIB_ELF/LIBCD.A(CDC_REG.O)
                              ../../Compiler/COMMON/SGL_302j/LIB_ELF/SEGA_SYS.A(sys_exit.o) (CDC_GetHirqReq)
../../Compiler/COMMON/SGL_302j/LIB_ELF/LIBCD.A(CDC_SUB.O)
                              ../../Compiler/COMMON/SGL_302j/LIB_ELF/LIBCD.A(CDC_CMN.O) (CDSUB_UpdStatus)
../../Compiler/COMMON/SGL_302j/LIB_ELF/LIBCD.A(GFS.O)
                              ../../jo_engine/fs.o (GFS_Init)
../../Compiler/COMMON/SGL_302j/LIB_ELF/LIBCD.A(GFS_BUF.O)
                              ../../Compiler/COMMON/SGL_302j/LIB_ELF/LIBCD.A(GFS.O) (GFBF_GetNumData)
../../Compiler/COMMON/SGL_302j/LIB_ELF/LIBCD.A(GFS_CDB.O)
                              ../../Compiler/COMMON/SGL_302j/LIB_ELF/LIBCD.A(GFS.O) (GFCB_Close)
../../Compiler/COMMON/SGL_302j/LIB_ELF/LIBCD.A(GFS_CDC.O)
                              ../../Compiler/COMMON/SGL_302j/LIB_ELF/LIBCD.A(GFS.O) (GFCD_SetCdbfs)
../../Compiler/COMMON/SGL_302j/LIB_ELF/LIBCD.A(GFS_CDF.O)
                              ../../Compiler/COMMON/SGL_302j/LIB_ELF/LIBCD.A(GFS.O) (GFCF_Init)
../../Compiler/COMMON/SGL_302j/LIB_ELF/LIBCD.A(GFS_DIR.O)
                              ../../Compiler/COMMON/SGL_302j/LIB_ELF/LIBCD.A(GFS.O) (GFDR_SetupDirTbl)
../../Compiler/COMMON/SGL_302j/LIB_ELF/LIBCD.A(GFS_TRN.O)
                              ../../Compiler/COMMON/SGL_302j/LIB_ELF/LIBCD.A(GFS.O) (GFTR_Setup)
../../Compiler/COMMON/SGL_302j/LIB_ELF/LIBCD.A(CDC_DRV.O)
                              ../../Compiler/COMMON/SGL_302j/LIB_ELF/LIBCD.A(GFS_CDC.O) (CDC_CdPlay)
../../Compiler/COMMON/SGL_302j/LIB_ELF/LIBCD.A(CDC_DEV.O)
                              ../../Compiler/COMMON/SGL_302j/LIB_ELF/LIBCD.A(GFS_CDC.O) (CDC_CdSetCon)
../../Compiler/COMMON/SGL_302j/LIB_ELF/LIBCD.A(CDC_SEL.O)
                              ../../Compiler/COMMON/SGL_302j/LIB_ELF/LIBCD.A(GFS_CDC.O) (CDC_SetFiltRange)
../../Compiler/COMMON/SGL_302j/LIB_ELF/LIBCD.A(CDC_BIF.O)
                              ../../Compiler/COMMON/SGL_302j/LIB_ELF/LIBCD.A(GFS_CDC.O) (CDC_GetBufSiz)
../../Compiler/COMMON/SGL_302j/LIB_ELF/LIBCD.A(CDC_BIO.O)
                              ../../Compiler/COMMON/SGL_302j/LIB_ELF/LIBCD.A(GFS_CDC.O) (CDC_SetSctLen)
../../Compiler/COMMON/SGL_302j/LIB_ELF/LIBSGL.A(sglB001.o)
                              ../../jo_engine/core.o (slTVOn)
../../Compiler/COMMON/SGL_302j/LIB_ELF/LIBSGL.A(sglB011.o)
                              ../../jo_engine/vdp2.o (slBitMapNbg1)
../../Compiler/COMMON/SGL_302j/LIB_ELF/LIBSGL.A(sglB014.o)
                              ../../jo_engine/vdp2.o (slScrTransparent)
../../Compiler/COMMON/SGL_302j/LIB_ELF/LIBSGL.A(sglB015.o)
                              ../../jo_engine/vdp2.o (slScrAutoDisp)
../../Compiler/COMMON/SGL_302j/LIB_ELF/LIBSGL.A(sglB016.o)
                              ../../jo_engine/vdp2.o (slBack1ColSet)
../../Compiler/COMMON/SGL_302j/LIB_ELF/LIBSGL.A(sglB020.o)
                              ../../jo_engine/vdp2.o (slColorCalc)
../../Compiler/COMMON/SGL_302j/LIB_ELF/LIBSGL.A(sglB021.o)
                              ../../jo_engine/vdp2.o (slColorCalcOn)
../../Compiler/COMMON/SGL_302j/LIB_ELF/LIBSGL.A(sglB023.o)
                              ../../jo_engine/vdp2.o (slColRate)
../../Compiler/COMMON/SGL_302j/LIB_ELF/LIBSGL.A(sglB031.o)
                              ../../jo_engine/vdp2.o (slMapNbg0)
../../Compiler/COMMON/SGL_302j/LIB_ELF/LIBSGL.A(sglB032.o)
                              ../../jo_engine/vdp2.o (slMapNbg1)
../../Compiler/COMMON/SGL_302j/LIB_ELF/LIBSGL.A(sglB033.o)
                              ../../jo_engine/vdp2.o (slMapNbg2)
../../Compiler/COMMON/SGL_302j/LIB_ELF/LIBSGL.A(sglB034.o)
                              ../../jo_engine/vdp2.o (slMapNbg3)
../../Compiler/COMMON/SGL_302j/LIB_ELF/LIBSGL.A(sglB035.o)
                              ../../jo_engine/vdp2.o (sl1MapRA)
../../Compiler/COMMON/SGL_302j/LIB_ELF/LIBSGL.A(sglB036.o)
                              ../../jo_engine/vdp2.o (sl1MapRB)
../../Compiler/COMMON/SGL_302j/LIB_ELF/LIBSGL.A(sglB038.o)
                              ../../jo_engine/vdp2.o (slRparaInitSet)
../../Compiler/COMMON/SGL_302j/LIB_ELF/LIBSGL.A(sglB039.o)
                              ../../jo_engine/vdp2.o (slMakeKtable)
../../Compiler/COMMON/SGL_302j/LIB_ELF/LIBSGL.A(sglB040.o)
[...]
Memory Configuration

Name             Origin             Length             Attributes
*default*        0x00000000         0xffffffff

Linker script and memory map

TARGET(elf32-sh)

SLSTART         0x06004000       0x30
                0x06004000                ___Start = .
 *(SLSTART)
 SLSTART        0x06004000       0x28 ../../Compiler/COMMON/SGL_302j/LIB_ELF/LIBSGL.A(sglI00.o)
                0x06004000                SGL_Start
                0x06004002                slStartSGL

.text           0x06004040    0x18df0
 *(.text)
 .text          0x06004040        0x0 ../../Compiler/COMMON/SGL_302j/LIB_ELF/SGLAREA.O
 .text          0x06004040      0x364 pad_controllers.o
                0x060040c0                initControllers
                0x060040ec                updateControllerButtonStatus
                0x06004104                updateController
                0x06004380                updateControllers
 .text          0x060043a4      0x118 debug.o
                0x0600440c                debug_print
 .text          0x060044bc      0x154 main.o
                0x060044bc                draw_objects
                0x060044f0                application_logic
                0x060045c0                jo_main
 .text          0x06004610       0xe8 font.o
                0x06004610                font_palette_handling
                0x06004694                load_nbg2_font
 .text          0x060046f8      0x338 sprite_manager.o
                0x06004760                init_sprites
                0x0600479c                get_free_sprite
                0x060047d0                create_sprite
                0x06004840                get_free_texture
                0x06004870                load_sprite_texture
                0x060048c4                draw_sprites
 .text          0x06004a30      0x490 satiator_functions.o
                0x06004bf4                satiatorWriteData
                0x06004c6c                satiatorWriteU8
                0x06004c88                satiatorWriteU16
                0x06004cc8                satiatorWriteU32
                0x06004ce4                satiatorEmulateDesc
                0x06004d7c                satiatorTryLaunchFile
                0x06004dd0                satiatorExecutableFilter
                0x06004e30                s_gets
 .text          0x06004ec0       0xd8 background.o
                0x06004f28                load_background
                0x06004f60                init_background
 .text          0x06004f98      0x2ec states/splash.o
                0x06005000                logic_splash
 .text          0x06005284      0x7c8 states/gamelist.o
                0x0600532c                sortDirEntries
                0x06005350                displayGameListItem
                0x06005434                displayGameList
                0x06005514                loadGameList
                0x06005724                launchSelectedGame
                0x06005784                logic_gamelist
 .text          0x06005a4c      0x180 satiator/jhloader.o
                0x06005b78                boot_disc
 .text          0x06005bcc     0x1560 satiator/satiator.o
                0x06005cf8                exec_cmd
                0x06005e68                s_open
                0x06005f80                s_close
                0x06006000                s_seek
                0x06006098                s_read
                0x060061cc                s_write
                0x060062f8                s_sync
                0x06006304                s_truncate
                0x06006398                s_stat
                0x06006560                s_rename
                0x0600669c                s_mkdir
                0x060067ac                s_unlink
                0x060068bc                s_opendir
                0x060069cc                s_chdir
                0x06006adc                s_getcwd
                0x06006c40                s_mode
                0x06006ce8                s_emulate
                0x06006df8                s_get_fw_version
                0x06006f1c                s_get_bootloader_version
                0x06006ff8                s_get_serial_number
                0x060070d4                s_find_cartridge
 .text          0x0600712c      0xf4c satiator/disc_format/cue2desc.o
                0x0600722c                my_strtok
                0x06007294                my_strtok_r
                0x06007334                my_strdup
                0x06007378                cue2desc
 .text          0x06008078      0x450 satiator/disc_format/cdparse.o
                0x0600823c                cdparse_set_error
                0x060082b0                iso2desc
                0x060083f4                image2desc
 .text          0x060084c8      0x7a0 satiator/iapetus/cd/cd.o
                0x06008530                cd_write_command
                0x06008550                cd_read_return_status
                0x06008574                cd_wait_hirq
                0x0600859c                cd_exec_command
                0x060086c0                cd_end_transfer
                0x060086f4                cd_play_fad
                0x0600873c                cd_connect_cd_to_filter
                0x06008770                cd_reset_selector_one
                0x0600877c                cd_reset_selector_all
                0x0600878c                cd_is_data_ready
                0x060087d4                cd_set_sector_size
                0x06008810                cd_get_then_delete_sector_data
                0x06008844                cd_abort_file
                0x06008870                cd_transfer_data_bytes
                0x06008960                cd_get_stat
                0x060089dc                is_cd_auth
                0x06008a44                cd_auth
                0x06008ad0                cd_stop_drive
                0x06008b30                is_cd_present
                0x06008b74                cd_read_sector
 .text          0x06008c68      0x128 satiator/iapetus/cd/cdsect.o
                0x06008cd0                cd_put_sector_data
                0x06008d04                cd_move_sector_data
                0x06008d3c                cd_get_buffer_size
 .text          0x06008d90       0x20 satiator/iapetus/sh2/sh2int.o
                0x06008d90                interrupt_set_level_mask
                0x06008da4                interrupt_get_level_mask
 .text          0x06008db0      0x154 satiator/iapetus/video/vdpinit.o
                0x06008edc                vdp_wait_vblankin
                0x06008ef0                vdp_wait_vblankout
 .text          0x06008f04     0x12fc ../../jo_engine/backup.o
                0x06008f6c                jo_backup_get_free_block_count
                0x06008fbc                jo_backup_format_device
                0x06009094                jo_backup_mount
                0x06009200                jo_backup_read_device
                0x0600940c                jo_backup_file_exists
                0x06009510                jo_backup_get_file_partition
                0x06009610                jo_backup_init_file
                0x0600967c                jo_backup_save
                0x06009980                jo_backup_load_file_comment
                0x06009a74                jo_backup_load_file_contents
                0x06009c68                jo_backup_delete_file
                0x06009dd4                jo_backup_unmount
                0x06009e84                jo_backup_get_file_last_modified_date
                0x06009fd8                jo_backup_get_file_info
                0x0600a178                jo_backup_get_file_size
                0x0600a198                jo_backup_get_last_status
 .text          0x0600a200      0x8a8 ../../jo_engine/tga.o
                0x0600a47c                jo_set_tga_palette_handling
                0x0600a488                __jo_tga_load
                0x0600a5a8                __jo_tga_any_loader_from_stream
                0x0600a5f0                jo_tga_8bits_loader_from_stream
                0x0600a608                jo_tga_loader_from_stream
                0x0600a620                __jo_tga_any_loader
                0x0600a670                jo_tga_8bits_loader
                0x0600a68c                jo_tga_loader
                0x0600a6a8                jo_sprite_add_tga_tileset
                0x0600a900                jo_sprite_add_tga_from_stream
                0x0600a9b8                jo_sprite_add_tga
 .text          0x0600aaa8      0x94c ../../jo_engine/fs.o
                0x0600ab10                jo_fs_init
                0x0600abc0                jo_fs_do_background_jobs
                0x0600ac7c                jo_fs_read_file_async_ptr
                0x0600ae20                jo_fs_cd
                0x0600ae90                jo_fs_read_file_ptr
                0x0600b02c                jo_fs_read_file_in_dir
                0x0600b078                jo_fs_open
                0x0600b174                jo_fs_seek_forward
                0x0600b284                jo_fs_read_next_bytes
                0x0600b368                jo_fs_close
                0x0600b3b4                jo_fs_set_read_sector_count
 .text          0x0600b3f4      0x574 ../../jo_engine/font.o
                0x0600b45c                jo_font_load
                0x0600b6ec                jo_font_print
                0x0600b810                jo_font_print_centered
 .text          0x0600b968      0x118 ../../jo_engine/input.o
                0x0600b9d0                jo_get_inputs_vblank
                0x0600ba18                jo_get_input_type
                0x0600ba5c                jo_get_input_count
 .text          0x0600ba80        0x0 ../../jo_engine/physics.o
 .text          0x0600ba80      0x700 ../../jo_engine/core.o
                0x0600bb5c                __jo_core_set_screens_order
                0x0600bc94                jo_core_init
                0x0600be58                jo_core_add_vblank_callback
                0x0600bed4                jo_core_remove_vblank_callback
                0x0600bf2c                jo_core_add_callback
                0x0600bf74                jo_core_remove_callback
                0x0600bfac                jo_goto_boot_menu
                0x0600bfb8                __jo_core_error
                0x0600c008                jo_core_suspend
                0x0600c048                jo_core_set_restart_game_callback
                0x0600c054                jo_core_run
                0x0600c0d8                jo_dump_vdp1_registers
                0x0600c12c                jo_dump_vdp2_registers
 .text          0x0600c180      0xb50 ../../jo_engine/math.o
                0x0600c1e8                jo_fixed_mult
                0x0600c1fc                jo_fixed_dot
                0x0600c214                jo_fixed_pow
                0x0600c24c                jo_fixed_div
                0x0600c274                jo_fixed_sin
                0x0600c378                jo_gcd
                0x0600c3e0                jo_atan2f_rad
                0x0600c5a4                jo_planar_rotate
                0x0600c710                jo_random
                0x0600c780                jo_vector_fixed_compute_bezier_point
                0x0600c910                jo_vectorf_compute_bezier_point
                0x0600ca60                jo_fixed_sqrt
                0x0600cb10                jo_sqrt
                0x0600cb50                jo_fixed_rsqrt
                0x0600cc60                jo_rsqrt
 .text          0x0600ccd0      0x4b4 ../../jo_engine/malloc.o
                0x0600cd38                jo_add_memory_zone
                0x0600cda8                jo_malloc_with_behaviour
                0x0600cef4                jo_reduce_memory_fragmentation
                0x0600cf68                jo_free
                0x0600cfe4                jo_memory_usage_percent
                0x0600d0e8                jo_memory_fragmentation
 .text          0x0600d184      0x3ec ../../jo_engine/tools.o
                0x0600d1ec                jo_getdate
                0x0600d288                jo_get_current_language
                0x0600d2ac                jo_tools_atoi
                0x0600d32c                jo_strlen
                0x0600d37c                jo_endwith
                0x0600d428                jo_strcmp
                0x0600d458                jo_memset
                0x0600d4fc                jo_map_to_vram
 .text          0x0600d570      0x134 ../../jo_engine/palette.o
                0x0600d5d8                jo_create_palette
                0x0600d62c                jo_set_palette_register
                0x0600d690                jo_get_palette_register
 .text          0x0600d6a4      0x9ec ../../jo_engine/sprites.o
                0x0600d840                jo_sprite_usage_percent
                0x0600d8cc                jo_get_last_sprite_id
                0x0600d8d8                jo_sprite_init
                0x0600d95c                jo_sprite_name2id
                0x0600d9d4                jo_sprite_replace
                0x0600dadc                jo_sprite_add
                0x0600db28                jo_sprite_add_8bits_image
                0x0600db74                jo_sprite_free_from
                0x0600dbec                jo_set_gouraud_shading_colors
                0x0600dc14                jo_set_gouraud_shading_brightness
                0x0600dc54                jo_sprite_draw_4p_fixed
                0x0600dd70                jo_sprite_draw
                0x0600debc                jo_sprite_draw_rotate
                0x0600e05c                jo_sprite_set_clipping_area
 .text          0x0600e090      0x99c ../../jo_engine/map.o
                0x0600e1c0                jo_map_per_pixel_vertical_collision
                0x0600e2f4                jo_map_hitbox_detection_custom_boundaries
                0x0600e364                jo_map_create
                0x0600e3e0                jo_map_add_tile
                0x0600e404                jo_map_add_animated_tile
                0x0600e428                jo_map_draw_background
                0x0600e4c0                jo_map_draw
                0x0600e5bc                jo_map_free
                0x0600e5d4                jo_map_load_from_file
                0x0600e9ac                jo_map_move_tiles_by_attribute
 .text          0x0600ea2c      0x200 ../../jo_engine/list.o
                0x0600ea94                jo_list_init
                0x0600eaa4                jo_list_add
                0x0600eb1c                jo_list_insert_at
                0x0600ebcc                jo_list_remove
 .text          0x0600ec2c      0x2bc ../../jo_engine/sprite_animator.o
                0x0600ed40                jo_replace_sprite_anim
                0x0600edf4                jo_create_sprite_anim
                0x0600eec0                jo_clear_all_sprite_anim
 .text          0x0600eee8      0x7b0 ../../jo_engine/image.o
                0x0600ef50                __jo_bin_load
                0x0600efa0                jo_free_img
                0x0600efe8                jo_bin_loader_from_stream
                0x0600f0b8                jo_bin_loader
                0x0600f13c                jo_replace_color
                0x0600f1a8                jo_sprite_add_bin_tileset
                0x0600f3a0                jo_sprite_add_bin
                0x0600f46c                jo_sprite_add_bin_from_stream
                0x0600f504                jo_sprite_add_image_pack
 .text          0x0600f698     0x11ec ../../jo_engine/vdp2.o
                0x0600f77c                jo_set_default_background_color
                0x0600f7bc                __jo_init_vdp2
                0x0600f818                jo_img_to_vdp2_cells
                0x0600f93c                jo_vdp2_set_rbg0_plane_a_8bits_image
                0x0600fa2c                jo_vdp2_set_rbg0_plane_b_8bits_image
                0x0600fb18                jo_vdp2_enable_rbg0
                0x0600fbc0                jo_vdp2_disable_rbg0
                0x0600fbd8                jo_vdp2_set_nbg0_8bits_image
                0x0600fce4                jo_vdp2_disable_nbg0_line_scroll
                0x0600fd08                jo_vdp2_compute_nbg0_line_scroll
                0x0600fd20                jo_vdp2_enable_nbg0_line_scroll
                0x0600fd90                jo_vdp2_draw_bitmap_nbg1_line
                0x0600fe50                jo_vdp2_clear_bitmap_nbg1
                0x0600fea8                jo_vdp2_set_nbg1_8bits_image
                0x0600ff84                jo_vdp2_set_nbg1_image
                0x060100e0                jo_vdp2_disable_nbg1_line_scroll
                0x06010104                jo_vdp2_compute_nbg1_line_scroll
                0x0601011c                jo_vdp2_enable_nbg1_line_scroll
                0x0601018c                jo_nbg2_clear
                0x060101e8                __jo_set_nbg2_8bits_image
                0x0601028c                jo_nbg2_print
                0x06010344                jo_vdp2_set_nbg2_8bits_font
                0x060103e8                jo_vdp2_set_nbg2_8bits_image
                0x06010454                jo_nbg3_clear
                0x060104b0                __jo_set_nbg3_8bits_image
                0x06010554                jo_nbg3_print
                0x0601060c                jo_vdp2_set_nbg3_8bits_font
                0x060106b0                jo_vdp2_set_nbg3_8bits_image
                0x0601071c                jo_set_displayed_screens
                0x0601072c                jo_disable_all_screens_transparency
                0x06010750                jo_enable_screen_transparency
 .text          0x06010884      0x280 ../../jo_engine/time.o
                0x060108ec                jo_time_init
                0x06010918                jo_get_ticks
                0x060109f8                jo_fixed_point_time
 .text          0x06010b04       0x68 ../../jo_engine/vdp1_command_pipeline.o
 .text          0x06010b6c      0x334 ../../jo_engine/vdp2_malloc.o
                0x06010bd4                jo_vdp2_malloc_init
                0x06010c0c                jo_vdp2_free
                0x06010ccc                jo_vdp2_malloc
 .text          0x06010ea0      0x238 ../../Compiler/COMMON/SGL_302j/LIB_ELF/SEGA_SYS.A(sys_exit.o)
                0x06010ea0                sys_version
                0x06010ec0                SYS_Exit
 *fill*         0x060110d8        0x8 
 .text          0x060110e0        0x6 ../../Compiler/COMMON/SGL_302j/LIB_ELF/SEGA_SYS.A(sys_sub.o)
                0x060110e0                SYSUB_SetStackptr
 *fill*         0x060110e6        0xa 
 .text          0x060110f0      0x3a0 ../../Compiler/COMMON/SGL_302j/LIB_ELF/LIBCD.A(CDC_CMN.O)
                0x060110f0                CDC_GetCurStat
                0x06011140                CDC_GetLastStat
                0x06011158                CDC_GetPeriStat
                0x0601122c                CDC_GetHwInfo
                0x06011294                CDC_TgetToc
                0x060112e4                CDC_GetSes
                0x06011320                CDC_CdInit
                0x060113a4                CDC_CdOpen
                0x060113cc                CDC_DataReady
                0x06011438                CDC_DataEnd
 .text          0x06011490      0x194 ../../Compiler/COMMON/SGL_302j/LIB_ELF/LIBCD.A(CDC_CFS.O)
                0x06011490                CDC_ChgDir
                0x060114c4                CDC_ReadDir
                0x060114f8                CDC_GetFileScope
                0x06011558                CDC_TgetFileInfo
                0x060115b4                CDC_ReadFile
                0x060115e8                CDC_AbortFile
 *fill*         0x06011624        0xc 
 .text          0x06011630      0x2dc ../../Compiler/COMMON/SGL_302j/LIB_ELF/LIBCD.A(CDC_REG.O)
                0x06011630                CDC_GetDataPtr
                0x06011640                CDC_GetHirqReq
                0x06011654                CDC_ClrHirqReq
                0x06011684                CDREG_ClrHirqReq
                0x06011694                CDREG_InitHirqReq
                0x060116bc                CDREG_SetHirqFlag
                0x060116d0                CDC_GetHirqMsk
                0x060116e4                CDC_SetHirqMsk
                0x060116f4                CDC_GetMpegPtr
                0x06011704                CDREG_TgetData
                0x06011760                CDREG_CmdRsp
                0x06011860                CDREG_WaitHirq
                0x060118d0                CDREG_ReadRsp
 *fill*         0x0601190c        0x4 
 .text          0x06011910      0x152 ../../Compiler/COMMON/SGL_302j/LIB_ELF/LIBCD.A(CDC_SUB.O)
                0x06011910                CDSUB_UpdStatus
                0x06011928                CDSUB_UpdCdstat
                0x06011948                CDSUB_CdCmd
                0x060119b8                CDSUB_GetCdstat
                0x060119f8                CDSUB_RspToCdstat
                0x06011a40                CDSUB_SoftTimer
 *fill*         0x06011a62        0xe 
 .text          0x06011a70     0x1adc ../../Compiler/COMMON/SGL_302j/LIB_ELF/LIBCD.A(GFS.O)
                0x06011a70                gfs_version
                0x06011a90                GFS_Init
                0x06011b78                GFS_LoadDir
                0x06011c20                GFS_SetDir
                0x06011c88                GFS_NameToId
                0x06011cec                GFS_IdToName
                0x06011d58                GFS_GetDirInfo
                0x06011dc8                GFS_Reset
                0x06011e4c                GFS_Open
                0x06011f00                GFS_Close
                0x06011f38                GFS_Seek
                0x06011fec                GFS_Tell
                0x0601203c                GFS_IsEof
                0x06012090                GFS_ByteToSct
                0x060120ec                GFS_GetFileSize
                0x06012148                GFS_GetFileInfo
                0x060121bc                GFS_GetNumCdbuf
                0x060121e4                GFS_Load
                0x060122a8                GFS_Fread
                0x06012344                gfs_waitRead
                0x060123ec                GFS_NwFread
                0x060124f8                GFS_NwCdRead
                0x06012570                GFS_NwIsComplete
                0x060125a8                GFS_NwStop
                0x06012614                GFS_NwGetStat
                0x06012690                gfs_recovRdErr
                0x060126c0                GFS_NwExecOne
                0x06012780                GFS_NwExecServer
                0x060127fc                GFS_SetGmode
                0x06012860                GFS_SetTmode
                0x060128cc                GFS_SetReadPara
                0x06012930                GFS_SetTransPara
                0x0601299c                GFS_SetTrFunc
                0x06012a00                GFS_StartTrans
                0x06012a4c                GFS_CdMovePickup
                0x06012ab8                GFS_SetErrFunc
                0x06012ae4                GFS_GetErrStat
                0x06012b08                GFS_ConvTno
                0x06012b30                gfs_chgRoot
                0x06012bfc                gfs_aborttrans
                0x06012c08                gfs_mngSetupFuncTbl
                0x06012c3c                gfs_mngInitWork
                0x06012ce0                gfs_mngGetNumFile
                0x06012d48                GFS_mngAllocGrp
                0x06012d90                gfs_mngFreeGrp
                0x06012d9c                gfs_mngTermAccess
                0x06012e20                gfs_mngSetErrCode
                0x06012ea0                gfs_svrSearchHndl
                0x06012ee0                gfs_svrAddHndl
                0x06012f1c                gfs_svrRemoveHndl
                0x06012f78                GFS_OpenSub
                0x06012fd0                gfs_loadVol
                0x06013094                gfs_getRootDir
                0x06013190                gfs_loadRootDir
                0x06013218                gfs_flowIn
                0x060132c0                gfs_transData
                0x06013364                GFS_GetFad
                0x060133bc                gfs_SetSct
                0x060133fc                gfs_GetFinfo
                0x0601343c                gfs_closeSub
                0x06013478                gfs_getGmode
                0x06013484                gfs_isTaskDone
                0x060134d8                gfs_convFinStat
 *fill*         0x0601354c        0x4 
 .text          0x06013550      0x106 ../../Compiler/COMMON/SGL_302j/LIB_ELF/LIBCD.A(GFS_BUF.O)
                0x06013580                GFBF_GetTranData
                0x060135a8                GFBF_GetNumData
                0x060135d8                GFBF_GetSrcPk
                0x06013600                GFBF_GetSctData
                0x06013624                GFBF_RtnPk
                0x0601364c                gfbf_getSctDt
 *fill*         0x06013656        0xa 
 .text          0x06013660      0x600 ../../Compiler/COMMON/SGL_302j/LIB_ELF/LIBCD.A(GFS_CDB.O)
                0x06013660                GFCB_Setup
                0x06013780                GFCB_Close
                0x060137a8                GFCB_GetLenData
                0x06013854                GFCB_GetLenRoom
                0x06013860                GFCB_SetFilt
                0x060138c8                GFCB_DeleteAllData
                0x060138f0                GFCB_Tell
                0x06013900                gfcb_getSctNum
                0x06013950                GFCB_Seek
                0x06013a4c                GFCB_GetSrcPack
                0x06013b2c                GFCB_GetSctData
                0x06013b64                GFCB_GetDstPack
                0x06013b70                GFCB_RtnPk
                0x06013bb8                GFCB_MovePickup
                0x06013bd4                GFCB_SetCon
                0x06013c08                GFCB_GetPickup
                0x06013c30                GFCB_IsPuOwner
                0x06013c48                GFCB_UngetPickup
 .text          0x06013c60     0x1a10 ../../Compiler/COMMON/SGL_302j/LIB_ELF/LIBCD.A(GFS_CDC.O)
                0x06013c60                GFCD_SetCdbfs
                0x06013c8c                GFCD_Init
                0x06013e90                GFCD_AllocFilt
                0x06013ecc                GFCD_FreeFilt
                0x06013efc                GFCD_AllocBuf
                0x06013f30                GFCD_FreeBuf
                0x06013fd4                GFCD_GetBaseFad
                0x06014008                GFCD_GetPickup
                0x0601403c                GFCD_UngetPickup
                0x06014068                GFCD_IsPuOwner
                0x0601408c                GFCD_SetFilt
                0x06014150                GFCD_GetFilt
                0x06014198                GFCD_SetCon
                0x060141f0                GFCD_Play
                0x06014250                GFCD_GetLenData
                0x060142b8                GFCD_ReqData
                0x06014314                GFCD_EndData
                0x0601435c                GFCD_DelSctData
                0x060143b4                GFCD_CheckDelSctData
                0x060143e4                GFCD_GetStat
                0x06014498                GFCD_MovePickup
                0x060144e4                GFCD_MoveSctData
                0x06014558                GFCD_CheckMove
                0x0601457c                GFCD_GetSctInfo
                0x060145c4                GFCD_ChgDir
                0x06014638                GFCD_SetFiltCon
                0x06014720                GFCD_GetFileInfo
                0x060147fc                GFCD_GetBufSiz
                0x06014834                GFCD_ExecServer
                0x06014908                gfcd_isIdleTask
                0x06014994                gfcd_doTask
                0x06014a40                GFCD_SetTimer
                0x06014a54                GFCD_WaitServer
                0x06014a90                gfcd_doSetFiltTsk
                0x06014c54                gfcd_doSetConTsk
                0x06014ce4                gfcd_doGetLenDataTsk
                0x06014e38                gfcd_doReqDataTsk
                0x06014ed8                gfcd_doDelSctDataTsk
                0x0601500c                gfcd_doMoveSctTsk
                0x06015170                gfcd_doChgDirTsk
                0x0601536c                gfcd_doSetFiltConTsk
                0x060154b0                gfcd_checkEflag
                0x060154d4                gfcd_initCdbMng
                0x06015554                gfcd_setStat
                0x06015580                GFCD_SetCsctFunc
                0x0601559c                GFCD_ChkScdqFlag
                0x060155c0                GFCD_ClrScdqFlag
                0x060155dc                GFCD_WaitScdqFlag
                0x06015620                GFCD_WaitPause
 .text          0x06015670      0x8d8 ../../Compiler/COMMON/SGL_302j/LIB_ELF/LIBCD.A(GFS_CDF.O)
                0x06015670                GFCF_Init
                0x06015710                GFCF_Setup
                0x06015858                GFCF_SetSct
                0x0601589c                GFCF_GetFileInfo
                0x06015910                GFCF_FlowInBuf
                0x06015a64                GFCF_StopInBuf
                0x06015b04                GFCF_Recover
                0x06015b4c                GFCF_Tell
                0x06015b64                GFCF_Seek
                0x06015b7c                GFCF_MovePickup
                0x06015c18                GFCF_cnvIntlvOfs
                0x06015c6c                GFCF_GetStat
                0x06015d04                gfcf_getSctSize
                0x06015d40                gfcf_isCdOk
                0x06015e00                gfcf_getPlayRange
 *fill*         0x06015f48        0x8 
 .text          0x06015f50      0x92c ../../Compiler/COMMON/SGL_302j/LIB_ELF/LIBCD.A(GFS_DIR.O)
                0x06015f50                GFDR_SetupDirTbl
                0x06015fc4                GFDR_NameToId
                0x06016024                GFDR_GetInfoDirId
                0x06016038                GFDR_GetInfoDirName
                0x0601604c                GFDR_GetAtrDirId
                0x06016064                GFDR_GetAtrDirName
                0x0601607c                GFDR_ChgRoot
                0x06016094                GFDR_ChgDir
                0x06016108                gfdr_setupDirIdTbl
                0x0601618c                gfdr_setupDirNameTbl
                0x06016238                gfdr_open
                0x06016260                gfdr_read
                0x06016320                gfdr_readByte
                0x0601634c                gfdr_readWord
                0x06016378                gfdr_readWordNB
                0x060163cc                gfdr_readLongNB
                0x06016418                gfdr_readLongNM
                0x06016440                gfdr_setNextRec
                0x060164c4                gfdr_readDirEnt
                0x06016840                gfdr_setDirrecCd
 *fill*         0x0601687c        0x4 
 .text          0x06016880      0x9c6 ../../Compiler/COMMON/SGL_302j/LIB_ELF/LIBCD.A(GFS_TRN.O)
                0x060168b0                GFTR_Setup
                0x060168f4                GFTR_SetMode
                0x06016908                GFTR_SetUnit
                0x06016914                GFTR_SetTransPara
                0x06016948                GFTR_GetTransPara
                0x06016954                GFTR_GetNumTrans
                0x06016960                GFTR_SetTransMax
                0x0601696c                GFTR_Start
                0x06016978                GFTR_Pause
                0x06016984                GFTR_Stop
                0x06016a3c                GFTR_Exec
                0x06016ac0                GFTR_Idle
                0x06016b38                GFTR_ExecSvr
                0x06016c40                gftr_getSrcPack
                0x06016cc8                gftr_getDstPack
                0x06016d24                gftr_reqScu
                0x06016d30                gftr_execScu
                0x06016dcc                gftr_remScu
                0x06016e00                gfdma_canUse
                0x06016e0c                gfdma_exec
                0x06016e7c                gfdma_getBytecnt
                0x06016eb4                gftr_reqDma0
                0x06016ecc                gftr_execSdma0
                0x06016ef0                gftr_remDma0
                0x06016f08                gftr_reqDma1
                0x06016f20                gftr_execSdma1
                0x06016f44                gftr_remDma1
                0x06016f5c                gftr_reqCpu
                0x06016f68                gftr_execCpu
                0x06016fa8                gftr_remCpu
                0x06016fb4                gftr_reqTrn
                0x06017024                gftr_execTrn
                0x060170fc                gftr_remTrn
                0x06017170                gftr_copyFrac
                0x06017198                GFTR_GetLenData
                0x060171a4                GFTR_GetLenRoom
                0x060171bc                GFTR_GetDstPack
                0x060171f0                GFTR_RtnDstPk
                0x0601720c                GFTR_GetData
                0x06017220                GFTR_SetData
                0x06017234                GFTR_SetTransFunc
 *fill*         0x06017246        0xa 
 .text          0x06017250      0x130 ../../Compiler/COMMON/SGL_302j/LIB_ELF/LIBCD.A(CDC_DRV.O)
                0x06017250                CDC_CdPlay
                0x0601731c                CDC_CdSeek
                0x06017350                CDC_CdScan
 .text          0x06017380       0xa8 ../../Compiler/COMMON/SGL_302j/LIB_ELF/LIBCD.A(CDC_DEV.O)
                0x06017380                CDC_CdSetCon
                0x060173b0                CDC_CdGetCon
                0x060173ec                CDC_CdGetLastBuf
 *fill*         0x06017428        0x8 
 .text          0x06017430      0x2b8 ../../Compiler/COMMON/SGL_302j/LIB_ELF/LIBCD.A(CDC_SEL.O)
                0x06017430                CDC_SetFiltRange
                0x06017464                CDC_GetFiltRange
                0x060174bc                CDC_SetFiltSubh
                0x0601752c                CDC_GetFiltSubh
                0x060175a8                CDC_SetFiltMode
                0x060175dc                CDC_GetFiltMode
                0x06017620                CDC_SetFiltCon
                0x06017660                CDC_GetFiltCon
                0x060176b4                CDC_ResetSelector
 *fill*         0x060176e8        0x8 
 .text          0x060176f0      0x270 ../../Compiler/COMMON/SGL_302j/LIB_ELF/LIBCD.A(CDC_BIF.O)
                0x060176f0                CDC_GetBufSiz
                0x0601774c                CDC_GetSctNum
                0x06017790                CDC_CalActSiz
                0x060177cc                CDC_GetActSiz
                0x0601784c                CDC_GetSctInfo
                0x060178cc                CDC_ExeFadSearch
                0x06017904                CDC_GetFadSearch
 .text          0x06017960      0x1e4 ../../Compiler/COMMON/SGL_302j/LIB_ELF/LIBCD.A(CDC_BIO.O)
                0x06017960                CDC_SetSctLen
                0x06017994                CDC_GetSctData
                0x060179d0                CDC_DelSctData
                0x06017a0c                CDC_GetdelSctData
                0x06017a48                CDC_PutSctData
                0x06017a80                CDC_CopySctData
                0x06017ac4                CDC_MoveSctData
                0x06017b08                CDC_GetCopyErr
 *fill*         0x06017b44        0xc 
 .text          0x06017b50        0x0 ../../Compiler/COMMON/SGL_302j/LIB_ELF/LIBSGL.A(sglB001.o)
 .text          0x06017b50        0x0 ../../Compiler/COMMON/SGL_302j/LIB_ELF/LIBSGL.A(sglB011.o)
 .text          0x06017b50        0x0 ../../Compiler/COMMON/SGL_302j/LIB_ELF/LIBSGL.A(sglB014.o)
 .text          0x06017b50        0x0 ../../Compiler/COMMON/SGL_302j/LIB_ELF/LIBSGL.A(sglB015.o)
 .text          0x06017b50        0x0 ../../Compiler/COMMON/SGL_302j/LIB_ELF/LIBSGL.A(sglB016.o)
 .text          0x06017b50        0x0 ../../Compiler/COMMON/SGL_302j/LIB_ELF/LIBSGL.A(sglB020.o)
 .text          0x06017b50        0x0 ../../Compiler/COMMON/SGL_302j/LIB_ELF/LIBSGL.A(sglB021.o)
 .text          0x06017b50        0x0 ../../Compiler/COMMON/SGL_302j/LIB_ELF/LIBSGL.A(sglB023.o)
 .text          0x06017b50        0x0 ../../Compiler/COMMON/SGL_302j/LIB_ELF/LIBSGL.A(sglB031.o)
 .text          0x06017b50        0x0 ../../Compiler/COMMON/SGL_302j/LIB_ELF/LIBSGL.A(sglB032.o)
 .text          0x06017b50        0x0 ../../Compiler/COMMON/SGL_302j/LIB_ELF/LIBSGL.A(sglB033.o)
 .text          0x06017b50        0x0 ../../Compiler/COMMON/SGL_302j/LIB_ELF/LIBSGL.A(sglB034.o)
 .text          0x06017b50        0x0 ../../Compiler/COMMON/SGL_302j/LIB_ELF/LIBSGL.A(sglB035.o)
 .text          0x06017b50        0x0 ../../Compiler/COMMON/SGL_302j/LIB_ELF/LIBSGL.A(sglB036.o)
 .text          0x06017b50        0x0 ../../Compiler/COMMON/SGL_302j/LIB_ELF/LIBSGL.A(sglB038.o)
 .text          0x06017b50        0x0 ../../Compiler/COMMON/SGL_302j/LIB_ELF/LIBSGL.A(sglB039.o)
 .text          0x06017b50        0x0 ../../Compiler/COMMON/SGL_302j/LIB_ELF/LIBSGL.A(sglB040.o)
 .text          0x06017b50        0x0 ../../Compiler/COMMON/SGL_302j/LIB_ELF/LIBSGL.A(sglB041.o)
 .text          0x06017b50        0x0 ../../Compiler/COMMON/SGL_302j/LIB_ELF/LIBSGL.A(sglB043.o)
 .text          0x06017b50        0x0 ../../Compiler/COMMON/SGL_302j/LIB_ELF/LIBSGL.A(sglB047.o)
 .text          0x06017b50        0x0 ../../Compiler/COMMON/SGL_302j/LIB_ELF/LIBSGL.A(sglB048.o)
 .text          0x06017b50        0x0 ../../Compiler/COMMON/SGL_302j/LIB_ELF/LIBSGL.A(sglB055.o)
 .text          0x06017b50        0x0 ../../Compiler/COMMON/SGL_302j/LIB_ELF/LIBSGL.A(sglB056.o)
 .text          0x06017b50        0x0 ../../Compiler/COMMON/SGL_302j/LIB_ELF/LIBSGL.A(sglB057.o)
 .text          0x06017b50        0x0 ../../Compiler/COMMON/SGL_302j/LIB_ELF/LIBSGL.A(sglB058.o)
 .text          0x06017b50        0x0 ../../Compiler/COMMON/SGL_302j/LIB_ELF/LIBSGL.A(sglB059.o)
 .text          0x06017b50        0x0 ../../Compiler/COMMON/SGL_302j/LIB_ELF/LIBSGL.A(sglB060.o)
 .text          0x06017b50        0x0 ../../Compiler/COMMON/SGL_302j/LIB_ELF/LIBSGL.A(sglB063.o)
 .text          0x06017b50        0x0 ../../Compiler/COMMON/SGL_302j/LIB_ELF/LIBSGL.A(sglB087.o)
 .text          0x06017b50        0x0 ../../Compiler/COMMON/SGL_302j/LIB_ELF/LIBSGL.A(sglB088.o)
 .text          0x06017b50        0x0 ../../Compiler/COMMON/SGL_302j/LIB_ELF/LIBSGL.A(sglB090.o)
 .text          0x06017b50        0x0 ../../Compiler/COMMON/SGL_302j/LIB_ELF/LIBSGL.A(sglB200.o)
 .text          0x06017b50        0x0 ../../Compiler/COMMON/SGL_302j/LIB_ELF/LIBSGL.A(sglC05.o)
 .text          0x06017b50        0x0 ../../Compiler/COMMON/SGL_302j/LIB_ELF/LIBSGL.A(sglC06.o)
 .text          0x06017b50        0x0 ../../Compiler/COMMON/SGL_302j/LIB_ELF/LIBSGL.A(sglC07.o)
 .text          0x06017b50        0x0 ../../Compiler/COMMON/SGL_302j/LIB_ELF/LIBSGL.A(sglC17.o)
 .text          0x06017b50        0x0 ../../Compiler/COMMON/SGL_302j/LIB_ELF/LIBSGL.A(sglC19.o)
 .text          0x06017b50        0x0 ../../Compiler/COMMON/SGL_302j/LIB_ELF/LIBSGL.A(sglC20.o)
 .text          0x06017b50        0x0 ../../Compiler/COMMON/SGL_302j/LIB_ELF/LIBSGL.A(sglC21.o)
 .text          0x06017b50        0x0 ../../Compiler/COMMON/SGL_302j/LIB_ELF/LIBSGL.A(sglD00.o)
 .text          0x06017b50        0x0 ../../Compiler/COMMON/SGL_302j/LIB_ELF/LIBSGL.A(sglD01.o)
 .text          0x06017b50        0x0 ../../Compiler/COMMON/SGL_302j/LIB_ELF/LIBSGL.A(sglD03.o)
 .text          0x06017b50        0x0 ../../Compiler/COMMON/SGL_302j/LIB_ELF/LIBSGL.A(sglD15.o)
 .text          0x06017b50        0x0 ../../Compiler/COMMON/SGL_302j/LIB_ELF/LIBSGL.A(sglD16.o)
 .text          0x06017b50        0x0 ../../Compiler/COMMON/SGL_302j/LIB_ELF/LIBSGL.A(sglD17.o)
 .text          0x06017b50        0x0 ../../Compiler/COMMON/SGL_302j/LIB_ELF/LIBSGL.A(sglD18.o)
 .text          0x06017b50        0x0 ../../Compiler/COMMON/SGL_302j/LIB_ELF/LIBSGL.A(sglF08.o)
 .text          0x06017b50        0x0 ../../Compiler/COMMON/SGL_302j/LIB_ELF/LIBSGL.A(sglH00.o)
 .text          0x06017b50        0x0 ../../Compiler/COMMON/SGL_302j/LIB_ELF/LIBSGL.A(sglH01.o)
 .text          0x06017b50        0x0 ../../Compiler/COMMON/SGL_302j/LIB_ELF/LIBSGL.A(sglH02.o)
 .text          0x06017b50        0x0 ../../Compiler/COMMON/SGL_302j/LIB_ELF/LIBSGL.A(sglH04.o)
 .text          0x06017b50        0x0 ../../Compiler/COMMON/SGL_302j/LIB_ELF/LIBSGL.A(sglI01.o)
 .text          0x06017b50        0x0 ../../Compiler/COMMON/SGL_302j/LIB_ELF/LIBSGL.A(sglI04.o)
 .text          0x06017b50      0x128 ../../Compiler/COMMON/SGL_302j/LIB_ELF/LIBSGL.A(sglIc0.o)
                0x06017b50                slInitSystem
 *fill*         0x06017c78        0x8 
 .text          0x06017c80        0x0 ../../Compiler/COMMON/SGL_302j/LIB_ELF/LIBSGL.A(sglJ00.o)
 .text          0x06017c80        0x0 ../../Compiler/COMMON/SGL_302j/LIB_ELF/LIBSGL.A(sglJ01.o)
 .text          0x06017c80        0x0 ../../Compiler/COMMON/SGL_302j/LIB_ELF/LIBSGL.A(sglJ02.o)
 .text          0x06017c80        0x0 ../../Compiler/COMMON/SGL_302j/LIB_ELF/LIBSGL.A(sglJ03.o)
 .text          0x06017c80        0x0 ../../Compiler/COMMON/SGL_302j/LIB_ELF/LIBSGL.A(sglJ04.o)
 .text          0x06017c80        0x0 ../../Compiler/COMMON/SGL_302j/LIB_ELF/LIBSGL.A(sglJ05.o)
 .text          0x06017c80        0x0 ../../Compiler/COMMON/SGL_302j/LIB_ELF/LIBSGL.A(sglK01.o)
 .text          0x06017c80        0x0 ../../Compiler/COMMON/SGL_302j/LIB_ELF/LIBSGL.A(sglM01.o)
 .text          0x06017c80        0x0 ../../Compiler/COMMON/SGL_302j/LIB_ELF/LIBSGL.A(sglA00.o)
 .text          0x06017c80        0x0 ../../Compiler/COMMON/SGL_302j/LIB_ELF/LIBSGL.A(sglA01.o)
 .text          0x06017c80        0x0 ../../Compiler/COMMON/SGL_302j/LIB_ELF/LIBSGL.A(sglA20.o)
 .text          0x06017c80        0x0 ../../Compiler/COMMON/SGL_302j/LIB_ELF/LIBSGL.A(sglB000.o)
 .text          0x06017c80        0x0 ../../Compiler/COMMON/SGL_302j/LIB_ELF/LIBSGL.A(sglC00.o)
 .text          0x06017c80        0x0 ../../Compiler/COMMON/SGL_302j/LIB_ELF/LIBSGL.A(sglI00.o)
 .text          0x06017c80        0x0 ../../Compiler/COMMON/SGL_302j/LIB_ELF/LIBSGL.A(sglH03.o)
 .text          0x06017c80       0x52 c:/development/saturn/joengine-master/joengine/compiler/windows/bin/../lib/gcc/sh-elf/9.3.0\libgcc.a(_ashiftrt.o)
                0x06017c80                __ashiftrt_r4_31
                0x06017c80                __ashiftrt_r4_32
                0x06017c86                __ashiftrt_r4_30
                0x06017c88                __ashiftrt_r4_29
                0x06017c8a                __ashiftrt_r4_28
                0x06017c8c                __ashiftrt_r4_27
                0x06017c8e                __ashiftrt_r4_26
                0x06017c90                __ashiftrt_r4_25
                0x06017c92                __ashiftrt_r4_24
                0x06017c9a                __ashiftrt_r4_23
                0x06017c9c                __ashiftrt_r4_22
                0x06017c9e                __ashiftrt_r4_21
                0x06017ca0                __ashiftrt_r4_20
                0x06017ca2                __ashiftrt_r4_19
                0x06017ca4                __ashiftrt_r4_18
                0x06017ca6                __ashiftrt_r4_17
                0x06017ca8                __ashiftrt_r4_16
                0x06017cae                __ashiftrt_r4_15
                0x06017cb0                __ashiftrt_r4_14
                0x06017cb2                __ashiftrt_r4_13
                0x06017cb4                __ashiftrt_r4_12
                0x06017cb6                __ashiftrt_r4_11
                0x06017cb8                __ashiftrt_r4_10
                0x06017cba                __ashiftrt_r4_9
                0x06017cbc                __ashiftrt_r4_8
                0x06017cbe                __ashiftrt_r4_7
                0x06017cc0                __ashiftrt_r4_6
                0x06017cc2                __ashiftrt_r4_5
                0x06017cc4                __ashiftrt_r4_4
                0x06017cc6                __ashiftrt_r4_3
                0x06017cc8                __ashiftrt_r4_2
                0x06017cca                __ashiftrt_r4_1
                0x06017cce                __ashiftrt_r4_0
 *fill*         0x06017cd2        0x2 
 .text          0x06017cd4       0x80 c:/development/saturn/joengine-master/joengine/compiler/windows/bin/../lib/gcc/sh-elf/9.3.0\libgcc.a(_ashiftrt_n.o)
                0x06017cd4                __ashrsi3
 .text          0x06017d54       0xbc c:/development/saturn/joengine-master/joengine/compiler/windows/bin/../lib/gcc/sh-elf/9.3.0\libgcc.a(_ashiftlt.o)
                0x06017d54                __ashlsi3
                0x06017d58                __ashlsi3_r0
 .text          0x06017e10       0xbc c:/development/saturn/joengine-master/joengine/compiler/windows/bin/../lib/gcc/sh-elf/9.3.0\libgcc.a(_lshiftrt.o)
                0x06017e10                __lshrsi3
                0x06017e14                __lshrsi3_r0
 .text          0x06017ecc       0x78 c:/development/saturn/joengine-master/joengine/compiler/windows/bin/../lib/gcc/sh-elf/9.3.0\libgcc.a(_movmem.o)
                0x06017ecc                __movmem
                0x06017ecc                __movstr
                0x06017f00                __movstrSI64
                0x06017f00                __movmemSI64
                0x06017f04                __movstrSI60
                0x06017f04                __movmemSI60
                0x06017f08                __movstrSI56
                0x06017f08                __movmemSI56
                0x06017f0c                __movstrSI52
                0x06017f0c                __movmemSI52
                0x06017f10                __movstrSI48
                0x06017f10                __movmemSI48
                0x06017f14                __movmemSI44
                0x06017f14                __movstrSI44
                0x06017f18                __movstrSI40
                0x06017f18                __movmemSI40
                0x06017f1c                __movmemSI36
                0x06017f1c                __movstrSI36
                0x06017f20                __movmemSI32
                0x06017f20                __movstrSI32
                0x06017f24                __movstrSI28
                0x06017f24                __movmemSI28
                0x06017f28                __movmemSI24
                0x06017f28                __movstrSI24
                0x06017f2c                __movstrSI20
                0x06017f2c                __movmemSI20
                0x06017f30                __movstrSI16
                0x06017f30                __movmemSI16
                0x06017f34                __movstrSI12
                0x06017f34                __movmemSI12
                0x06017f38                __movmemSI8
                0x06017f38                __movstrSI8
                0x06017f3c                __movmemSI4
                0x06017f3c                __movstrSI4
 .text          0x06017f44       0xa0 c:/development/saturn/joengine-master/joengine/compiler/windows/bin/../lib/gcc/sh-elf/9.3.0\libgcc.a(_sdivsi3.o)
                0x06017f44                __sdivsi3
 .text          0x06017fe4       0x6c c:/development/saturn/joengine-master/joengine/compiler/windows/bin/../lib/gcc/sh-elf/9.3.0\libgcc.a(_udivsi3.o)
                0x06018006                __udivsi3
 .text          0x06018050      0x21c c:/development/saturn/joengine-master/joengine/compiler/windows/bin/../lib/gcc/sh-elf/9.3.0\libgcc.a(_addsub_sf.o)
                0x060181d0                __addsf3
                0x0601821c                __subsf3
 .text          0x0601826c      0x134 c:/development/saturn/joengine-master/joengine/compiler/windows/bin/../lib/gcc/sh-elf/9.3.0\libgcc.a(_mul_sf.o)
                0x0601826c                __mulsf3
 .text          0x060183a0       0xdc c:/development/saturn/joengine-master/joengine/compiler/windows/bin/../lib/gcc/sh-elf/9.3.0\libgcc.a(_div_sf.o)
                0x060183a0                __divsf3
 .text          0x0601847c       0x54 c:/development/saturn/joengine-master/joengine/compiler/windows/bin/../lib/gcc/sh-elf/9.3.0\libgcc.a(_gt_sf.o)
                0x0601847c                __gtsf2
 .text          0x060184d0       0x54 c:/development/saturn/joengine-master/joengine/compiler/windows/bin/../lib/gcc/sh-elf/9.3.0\libgcc.a(_ge_sf.o)
                0x060184d0                __gesf2
 .text          0x06018524       0x54 c:/development/saturn/joengine-master/joengine/compiler/windows/bin/../lib/gcc/sh-elf/9.3.0\libgcc.a(_lt_sf.o)
                0x06018524                __ltsf2
 .text          0x06018578       0x54 c:/development/saturn/joengine-master/joengine/compiler/windows/bin/../lib/gcc/sh-elf/9.3.0\libgcc.a(_le_sf.o)
                0x06018578                __lesf2
 .text          0x060185cc       0x84 c:/development/saturn/joengine-master/joengine/compiler/windows/bin/../lib/gcc/sh-elf/9.3.0\libgcc.a(_si_to_sf.o)
                0x060185cc                __floatsisf
 .text          0x06018650       0x70 c:/development/saturn/joengine-master/joengine/compiler/windows/bin/../lib/gcc/sh-elf/9.3.0\libgcc.a(_sf_to_si.o)
                0x06018650                __fixsfsi
 .text          0x060186c0       0x3c c:/development/saturn/joengine-master/joengine/compiler/windows/bin/../lib/gcc/sh-elf/9.3.0\libgcc.a(_sf_to_df.o)
                0x060186c0                __extendsfdf2
 .text          0x060186fc        0x0 c:/development/saturn/joengine-master/joengine/compiler/windows/bin/../lib/gcc/sh-elf/9.3.0\libgcc.a(_thenan_sf.o)
 .text          0x060186fc       0x94 c:/development/saturn/joengine-master/joengine/compiler/windows/bin/../lib/gcc/sh-elf/9.3.0\libgcc.a(_usi_to_sf.o)
                0x060186fc                __floatunsisf
 .text          0x06018790      0x3e0 c:/development/saturn/joengine-master/joengine/compiler/windows/bin/../lib/gcc/sh-elf/9.3.0\libgcc.a(_addsub_df.o)
                0x06018acc                __adddf3
                0x06018b1c                __subdf3
 .text          0x06018b70      0x208 c:/development/saturn/joengine-master/joengine/compiler/windows/bin/../lib/gcc/sh-elf/9.3.0\libgcc.a(_mul_df.o)
                0x06018b70                __muldf3
 .text          0x06018d78       0xa8 c:/development/saturn/joengine-master/joengine/compiler/windows/bin/../lib/gcc/sh-elf/9.3.0\libgcc.a(_si_to_df.o)
                0x06018d78                __floatsidf
 .text          0x06018e20       0xa0 c:/development/saturn/joengine-master/joengine/compiler/windows/bin/../lib/gcc/sh-elf/9.3.0\libgcc.a(_df_to_si.o)
                0x06018e20                __fixdfsi
 .text          0x06018ec0       0x28 c:/development/saturn/joengine-master/joengine/compiler/windows/bin/../lib/gcc/sh-elf/9.3.0\libgcc.a(_make_df.o)
                0x06018ec0                __make_dp
 .text          0x06018ee8       0x4c c:/development/saturn/joengine-master/joengine/compiler/windows/bin/../lib/gcc/sh-elf/9.3.0\libgcc.a(_df_to_sf.o)
                0x06018ee8                __truncdfsf2
 .text          0x06018f34        0x0 c:/development/saturn/joengine-master/joengine/compiler/windows/bin/../lib/gcc/sh-elf/9.3.0\libgcc.a(_thenan_df.o)
 .text          0x06018f34       0x54 c:/development/saturn/joengine-master/joengine/compiler/windows/bin/../lib/gcc/sh-elf/9.3.0\libgcc.a(_clzsi2.o)
                0x06018f34                __clzsi2
 .text          0x06018f88      0x11c c:/development/saturn/joengine-master/joengine/compiler/windows/bin/../lib/gcc/sh-elf/9.3.0\libgcc.a(_pack_sf.o)
                0x06018f88                __pack_f
 .text          0x060190a4       0xa0 c:/development/saturn/joengine-master/joengine/compiler/windows/bin/../lib/gcc/sh-elf/9.3.0\libgcc.a(_unpack_sf.o)
                0x060190a4                __unpack_f
 .text          0x06019144       0xac c:/development/saturn/joengine-master/joengine/compiler/windows/bin/../lib/gcc/sh-elf/9.3.0\libgcc.a(_fpcmp_parts_sf.o)
                0x06019144                __fpcmp_parts_f
 .text          0x060191f0       0x20 c:/development/saturn/joengine-master/joengine/compiler/windows/bin/../lib/gcc/sh-elf/9.3.0\libgcc.a(_make_sf.o)
                0x060191f0                __make_fp
 .text          0x06019210      0x274 c:/development/saturn/joengine-master/joengine/compiler/windows/bin/../lib/gcc/sh-elf/9.3.0\libgcc.a(_pack_df.o)
                0x06019210                __pack_d
 .text          0x06019484       0xcc c:/development/saturn/joengine-master/joengine/compiler/windows/bin/../lib/gcc/sh-elf/9.3.0\libgcc.a(_unpack_df.o)
                0x06019484                __unpack_d
 .text          0x06019550        0x0 c:/development/saturn/joengine-master/joengine/compiler/windows/bin/../lib/gcc/sh-elf/9.3.0\libgcc.a(_clz.o)
 .text          0x06019550       0x58 c:/development/saturn/joengine-master/joengine/compiler/windows/bin/../lib/gcc/sh-elf/9.3.0/../../../../sh-elf/lib\libc.a(lib_a-assert.o)
                0x06019550                __assert_func
                0x06019598                __assert
 .text          0x060195a8       0x4c c:/development/saturn/joengine-master/joengine/compiler/windows/bin/../lib/gcc/sh-elf/9.3.0/../../../../sh-elf/lib\libc.a(lib_a-fprintf.o)
                0x060195a8                _fprintf_r
                0x060195a8                _fiprintf_r
                0x060195c8                fprintf
                0x060195c8                fiprintf
 .text          0x060195f4        0x0 c:/development/saturn/joengine-master/joengine/compiler/windows/bin/../lib/gcc/sh-elf/9.3.0/../../../../sh-elf/lib\libc.a(lib_a-impure.o)
 .text          0x060195f4       0x1e c:/development/saturn/joengine-master/joengine/compiler/windows/bin/../lib/gcc/sh-elf/9.3.0/../../../../sh-elf/lib\libc.a(lib_a-memcmp.o)
                0x060195f4                memcmp
 *fill*         0x06019612        0x2 
 .text          0x06019614       0x94 c:/development/saturn/joengine-master/joengine/compiler/windows/bin/../lib/gcc/sh-elf/9.3.0/../../../../sh-elf/lib\libc.a(lib_a-memcpy.o)
                0x06019614                memcpy
 .text          0x060196a8       0x40 c:/development/saturn/joengine-master/joengine/compiler/windows/bin/../lib/gcc/sh-elf/9.3.0/../../../../sh-elf/lib\libc.a(lib_a-memset.o)
                0x060196a8                memset
 .text          0x060196e8      0x37c c:/development/saturn/joengine-master/joengine/compiler/windows/bin/../lib/gcc/sh-elf/9.3.0/../../../../sh-elf/lib\libc.a(lib_a-nano-vfprintf.o)
                0x06019718                __sfputs_r
                0x0601978c                __sprint_r
                0x06019828                _vfiprintf_r
                0x06019828                _vfprintf_r
                0x06019a4c                vfprintf
                0x06019a4c                vfiprintf
 .text          0x06019a64      0x380 c:/development/saturn/joengine-master/joengine/compiler/windows/bin/../lib/gcc/sh-elf/9.3.0/../../../../sh-elf/lib\libc.a(lib_a-nano-vfprintf_i.o)
                0x06019a64                _printf_common
                0x06019b64                _printf_i
 .text          0x06019de4      0x3b8 c:/development/saturn/joengine-master/joengine/compiler/windows/bin/../lib/gcc/sh-elf/9.3.0/../../../../sh-elf/lib\libc.a(lib_a-qsort.o)
                0x06019e90                qsort
 .text          0x0601a19c       0x60 c:/development/saturn/joengine-master/joengine/compiler/windows/bin/../lib/gcc/sh-elf/9.3.0/../../../../sh-elf/lib\libc.a(lib_a-rget.o)
                0x0601a19c                __srget_r
                0x0601a1e8                __srget
 .text          0x0601a1fc       0x8c c:/development/saturn/joengine-master/joengine/compiler/windows/bin/../lib/gcc/sh-elf/9.3.0/../../../../sh-elf/lib\libc.a(lib_a-sprintf.o)
                0x0601a1fc                _siprintf_r
                0x0601a1fc                _sprintf_r
                0x0601a23c                siprintf
                0x0601a23c                sprintf
 .text          0x0601a288       0xd0 c:/development/saturn/joengine-master/joengine/compiler/windows/bin/../lib/gcc/sh-elf/9.3.0/../../../../sh-elf/lib\libc.a(lib_a-sscanf.o)
                0x0601a288                sscanf
                0x0601a288                siscanf
                0x0601a2f0                _siscanf_r
                0x0601a2f0                _sscanf_r
 .text          0x0601a358       0xe0 c:/development/saturn/joengine-master/joengine/compiler/windows/bin/../lib/gcc/sh-elf/9.3.0/../../../../sh-elf/lib\libc.a(lib_a-stdio.o)
                0x0601a358                __sread
                0x0601a394                __seofread
                0x0601a398                __swrite
                0x0601a3e8                __sseek
                0x0601a428                __sclose
 .text          0x0601a438       0x20 c:/development/saturn/joengine-master/joengine/compiler/windows/bin/../lib/gcc/sh-elf/9.3.0/../../../../sh-elf/lib\libc.a(lib_a-strcat.o)
                0x0601a438                strcat
 .text          0x0601a458       0x1e c:/development/saturn/joengine-master/joengine/compiler/windows/bin/../lib/gcc/sh-elf/9.3.0/../../../../sh-elf/lib\libc.a(lib_a-strchr.o)
                0x0601a458                strchr
 *fill*         0x0601a476        0x2 
 .text          0x0601a478       0x38 c:/development/saturn/joengine-master/joengine/compiler/windows/bin/../lib/gcc/sh-elf/9.3.0/../../../../sh-elf/lib\libc.a(lib_a-strcmp.o)
                0x0601a478                strcmp
 .text          0x0601a4b0       0x3c c:/development/saturn/joengine-master/joengine/compiler/windows/bin/../lib/gcc/sh-elf/9.3.0/../../../../sh-elf/lib\libc.a(lib_a-strcpy.o)
                0x0601a4b0                strcpy
 .text          0x0601a4ec       0x20 c:/development/saturn/joengine-master/joengine/compiler/windows/bin/../lib/gcc/sh-elf/9.3.0/../../../../sh-elf/lib\libc.a(lib_a-strlen.o)
                0x0601a4ec                strlen
 .text          0x0601a50c       0x2a c:/development/saturn/joengine-master/joengine/compiler/windows/bin/../lib/gcc/sh-elf/9.3.0/../../../../sh-elf/lib\libc.a(lib_a-strncmp.o)
                0x0601a50c                strncmp
 .text          0x0601a536       0x36 c:/development/saturn/joengine-master/joengine/compiler/windows/bin/../lib/gcc/sh-elf/9.3.0/../../../../sh-elf/lib\libc.a(lib_a-strncpy.o)
                0x0601a536                strncpy
 .text          0x0601a56c       0x40 c:/development/saturn/joengine-master/joengine/compiler/windows/bin/../lib/gcc/sh-elf/9.3.0/../../../../sh-elf/lib\libc.a(lib_a-strrchr.o)
                0x0601a56c                strrchr
 .text          0x0601a5ac       0x36 c:/development/saturn/joengine-master/joengine/compiler/windows/bin/../lib/gcc/sh-elf/9.3.0/../../../../sh-elf/lib\libc.a(lib_a-strstr.o)
                0x0601a5ac                strstr
 *fill*         0x0601a5e2        0x2 
 .text          0x0601a5e4       0x94 c:/development/saturn/joengine-master/joengine/compiler/windows/bin/../lib/gcc/sh-elf/9.3.0/../../../../sh-elf/lib\libc.a(lib_a-vsnprintf.o)
                0x0601a5e4                _vsniprintf_r
                0x0601a5e4                _vsnprintf_r
                0x0601a654                vsnprintf
                0x0601a654                vsniprintf
 .text          0x0601a678       0xdc c:/development/saturn/joengine-master/joengine/compiler/windows/bin/../lib/gcc/sh-elf/9.3.0/../../../../sh-elf/lib\libc.a(lib_a-wbuf.o)
                0x0601a678                __swbuf_r
                0x0601a740                __swbuf
 .text          0x0601a754       0x34 c:/development/saturn/joengine-master/joengine/compiler/windows/bin/../lib/gcc/sh-elf/9.3.0/../../../../sh-elf/lib\libc.a(lib_a-writer.o)
                0x0601a754                _write_r
 .text          0x0601a788       0xcc c:/development/saturn/joengine-master/joengine/compiler/windows/bin/../lib/gcc/sh-elf/9.3.0/../../../../sh-elf/lib\libc.a(lib_a-wsetup.o)
                0x0601a788                __swsetup_r
 .text          0x0601a854       0x18 c:/development/saturn/joengine-master/joengine/compiler/windows/bin/../lib/gcc/sh-elf/9.3.0/../../../../sh-elf/lib\libc.a(lib_a-abort.o)
                0x0601a854                abort
 .text          0x0601a86c       0x30 c:/development/saturn/joengine-master/joengine/compiler/windows/bin/../lib/gcc/sh-elf/9.3.0/../../../../sh-elf/lib\libc.a(lib_a-closer.o)
                0x0601a86c                _close_r
 .text          0x0601a89c      0x1a4 c:/development/saturn/joengine-master/joengine/compiler/windows/bin/../lib/gcc/sh-elf/9.3.0/../../../../sh-elf/lib\libc.a(lib_a-fflush.o)
                0x0601a89c                __sflush_r
                0x0601a9d8                _fflush_r
                0x0601aa18                fflush
 .text          0x0601aa40      0x1d0 c:/development/saturn/joengine-master/joengine/compiler/windows/bin/../lib/gcc/sh-elf/9.3.0/../../../../sh-elf/lib\libc.a(lib_a-findfp.o)
                0x0601aa98                _cleanup_r
                0x0601aaa8                __sfmoreglue
                0x0601aaf4                _cleanup
                0x0601ab08                __sinit
                0x0601ab5c                __sfp
 .text          0x0601ac10      0x118 c:/development/saturn/joengine-master/joengine/compiler/windows/bin/../lib/gcc/sh-elf/9.3.0/../../../../sh-elf/lib\libc.a(lib_a-fputwc.o)
                0x0601ac10                __fputwc
                0x0601acc4                _fputwc_r
                0x0601ace8                fputwc
 .text          0x0601ad28      0x304 c:/development/saturn/joengine-master/joengine/compiler/windows/bin/../lib/gcc/sh-elf/9.3.0/../../../../sh-elf/lib\libc.a(lib_a-fvwrite.o)
                0x0601ad28                __sfvwrite_r
 .text          0x0601b02c       0xb0 c:/development/saturn/joengine-master/joengine/compiler/windows/bin/../lib/gcc/sh-elf/9.3.0/../../../../sh-elf/lib\libc.a(lib_a-fwalk.o)
                0x0601b02c                _fwalk
                0x0601b080                _fwalk_reent
 .text          0x0601b0dc       0x6c c:/development/saturn/joengine-master/joengine/compiler/windows/bin/../lib/gcc/sh-elf/9.3.0/../../../../sh-elf/lib\libc.a(lib_a-locale.o)
                0x0601b0dc                _setlocale_r
                0x0601b128                __locale_mb_cur_max
                0x0601b134                setlocale
 .text          0x0601b148       0x34 c:/development/saturn/joengine-master/joengine/compiler/windows/bin/../lib/gcc/sh-elf/9.3.0/../../../../sh-elf/lib\libc.a(lib_a-lseekr.o)
                0x0601b148                _lseek_r
 .text          0x0601b17c      0x108 c:/development/saturn/joengine-master/joengine/compiler/windows/bin/../lib/gcc/sh-elf/9.3.0/../../../../sh-elf/lib\libc.a(lib_a-makebuf.o)
                0x0601b17c                __swhatbuf_r
                0x0601b1d8                __smakebuf_r
 .text          0x0601b284       0x34 c:/development/saturn/joengine-master/joengine/compiler/windows/bin/../lib/gcc/sh-elf/9.3.0/../../../../sh-elf/lib\libc.a(lib_a-mbtowc_r.o)
                0x0601b284                _mbtowc_r
                0x0601b290                __ascii_mbtowc
 .text          0x0601b2b8       0x1c c:/development/saturn/joengine-master/joengine/compiler/windows/bin/../lib/gcc/sh-elf/9.3.0/../../../../sh-elf/lib\libc.a(lib_a-memchr.o)
                0x0601b2b8                memchr
 .text          0x0601b2d4       0x3c c:/development/saturn/joengine-master/joengine/compiler/windows/bin/../lib/gcc/sh-elf/9.3.0/../../../../sh-elf/lib\libc.a(lib_a-memmove.o)
                0x0601b2d4                memmove
 .text          0x0601b310       0xd0 c:/development/saturn/joengine-master/joengine/compiler/windows/bin/../lib/gcc/sh-elf/9.3.0/../../../../sh-elf/lib\libc.a(lib_a-nano-freer.o)
                0x0601b310                _free_r
 .text          0x0601b3e0       0xf8 c:/development/saturn/joengine-master/joengine/compiler/windows/bin/../lib/gcc/sh-elf/9.3.0/../../../../sh-elf/lib\libc.a(lib_a-nano-mallocr.o)
                0x0601b3e0                _malloc_r
 .text          0x0601b4d8       0x7c c:/development/saturn/joengine-master/joengine/compiler/windows/bin/../lib/gcc/sh-elf/9.3.0/../../../../sh-elf/lib\libc.a(lib_a-nano-reallocr.o)
                0x0601b4d8                _realloc_r
 .text          0x0601b554      0x444 c:/development/saturn/joengine-master/joengine/compiler/windows/bin/../lib/gcc/sh-elf/9.3.0/../../../../sh-elf/lib\libc.a(lib_a-nano-svfprintf.o)
                0x0601b554                __ssputs_r
                0x0601b648                __ssprint_r
                0x0601b77c                _svfprintf_r
                0x0601b77c                _svfiprintf_r
 .text          0x0601b998      0x3f8 c:/development/saturn/joengine-master/joengine/compiler/windows/bin/../lib/gcc/sh-elf/9.3.0/../../../../sh-elf/lib\libc.a(lib_a-nano-svfscanf.o)
                0x0601b998                _sungetc_r
                0x0601ba34                __ssrefill_r
                0x0601ba80                __ssvfiscanf_r
                0x0601ba80                __ssvfscanf_r
 .text          0x0601bd90      0x324 c:/development/saturn/joengine-master/joengine/compiler/windows/bin/../lib/gcc/sh-elf/9.3.0/../../../../sh-elf/lib\libc.a(lib_a-nano-vfscanf_i.o)
                0x0601bd90                _scanf_chars
                0x0601be70                _scanf_i
 .text          0x0601c0b4       0x34 c:/development/saturn/joengine-master/joengine/compiler/windows/bin/../lib/gcc/sh-elf/9.3.0/../../../../sh-elf/lib\libc.a(lib_a-readr.o)
                0x0601c0b4                _read_r
 .text          0x0601c0e8      0x100 c:/development/saturn/joengine-master/joengine/compiler/windows/bin/../lib/gcc/sh-elf/9.3.0/../../../../sh-elf/lib\libc.a(lib_a-reent.o)
                0x0601c0e8                cleanup_glue
                0x0601c114                _reclaim_reent
 .text          0x0601c1e8      0x150 c:/development/saturn/joengine-master/joengine/compiler/windows/bin/../lib/gcc/sh-elf/9.3.0/../../../../sh-elf/lib\libc.a(lib_a-refill.o)
                0x0601c200                __srefill_r
 .text          0x0601c338       0x30 c:/development/saturn/joengine-master/joengine/compiler/windows/bin/../lib/gcc/sh-elf/9.3.0/../../../../sh-elf/lib\libc.a(lib_a-sbrkr.o)
                0x0601c338                _sbrk_r
 .text          0x0601c368       0xa0 c:/development/saturn/joengine-master/joengine/compiler/windows/bin/../lib/gcc/sh-elf/9.3.0/../../../../sh-elf/lib\libc.a(lib_a-sccl.o)
                0x0601c368                __sccl
 .text          0x0601c408      0x1b4 c:/development/saturn/joengine-master/joengine/compiler/windows/bin/../lib/gcc/sh-elf/9.3.0/../../../../sh-elf/lib\libc.a(lib_a-signal.o)
                0x0601c408                _init_signal_r
                0x0601c448                _signal_r
                0x0601c494                _raise_r
                0x0601c50c                __sigtramp_r
                0x0601c570                raise
                0x0601c584                signal
                0x0601c598                _init_signal
                0x0601c5a8                __sigtramp
 .text          0x0601c5bc       0x40 c:/development/saturn/joengine-master/joengine/compiler/windows/bin/../lib/gcc/sh-elf/9.3.0/../../../../sh-elf/lib\libc.a(lib_a-signalr.o)
                0x0601c5bc                _kill_r
                0x0601c5f0                _getpid_r
 .text          0x0601c5fc      0x19c c:/development/saturn/joengine-master/joengine/compiler/windows/bin/../lib/gcc/sh-elf/9.3.0/../../../../sh-elf/lib\libc.a(lib_a-strtol.o)
                0x0601c75c                _strtol_r
                0x0601c768                strtol_l
                0x0601c780                strtol
 .text          0x0601c798      0x16c c:/development/saturn/joengine-master/joengine/compiler/windows/bin/../lib/gcc/sh-elf/9.3.0/../../../../sh-elf/lib\libc.a(lib_a-strtoul.o)
                0x0601c8c8                _strtoul_r
                0x0601c8d4                strtoul_l
                0x0601c8ec                strtoul
 .text          0x0601c904      0x25c c:/development/saturn/joengine-master/joengine/compiler/windows/bin/../lib/gcc/sh-elf/9.3.0/../../../../sh-elf/lib\libc.a(lib_a-syscalls.o)
                0x0601c97c                _read
                0x0601c98c                _lseek
                0x0601c99c                _write
                0x0601c9ac                _close
                0x0601c9bc                _link
                0x0601c9c0                _sbrk
                0x0601ca18                _fstat
                0x0601ca22                _open
                0x0601ca34                _creat
                0x0601ca44                _unlink
                0x0601ca48                isatty
                0x0601ca4c                _isatty
                0x0601ca50                _exit
                0x0601ca60                _kill
                0x0601ca74                _getpid
                0x0601ca78                _raise
                0x0601ca7c                _stat
                0x0601ca8c                _chmod
                0x0601ca9c                _chown
                0x0601caac                _utime
                0x0601cac0                _fork
                0x0601cacc                _wait
                0x0601cadc                _execve
                0x0601caec                _execv
                0x0601cafc                _pipe
                0x0601cb08                _times
                0x0601cb0c                _gettimeofday
                0x0601cb34                __setup_argv_and_call_main
 .text          0x0601cb60       0x14 c:/development/saturn/joengine-master/joengine/compiler/windows/bin/../lib/gcc/sh-elf/9.3.0/../../../../sh-elf/lib\libc.a(lib_a-trap.o)
                0x0601cb60                __trap34
 .text          0x0601cb74      0x1b0 c:/development/saturn/joengine-master/joengine/compiler/windows/bin/../lib/gcc/sh-elf/9.3.0/../../../../sh-elf/lib\libc.a(lib_a-ungetc.o)
                0x0601cb74                __submore
                0x0601cc04                _ungetc_r
                0x0601cd10                ungetc
 .text          0x0601cd24       0x50 c:/development/saturn/joengine-master/joengine/compiler/windows/bin/../lib/gcc/sh-elf/9.3.0/../../../../sh-elf/lib\libc.a(lib_a-wcrtomb.o)
                0x0601cd24                _wcrtomb_r
                0x0601cd5c                wcrtomb
 .text          0x0601cd74       0x2c c:/development/saturn/joengine-master/joengine/compiler/windows/bin/../lib/gcc/sh-elf/9.3.0/../../../../sh-elf/lib\libc.a(lib_a-wctomb_r.o)
                0x0601cd74                _wctomb_r
                0x0601cd80                __ascii_wctomb
 .text          0x0601cda0        0x0 c:/development/saturn/joengine-master/joengine/compiler/windows/bin/../lib/gcc/sh-elf/9.3.0/../../../../sh-elf/lib\libc.a(lib_a-ctype_.o)
 .text          0x0601cda0        0xc c:/development/saturn/joengine-master/joengine/compiler/windows/bin/../lib/gcc/sh-elf/9.3.0/../../../../sh-elf/lib\libc.a(lib_a-errno.o)
                0x0601cda0                __errno
 .text          0x0601cdac       0x34 c:/development/saturn/joengine-master/joengine/compiler/windows/bin/../lib/gcc/sh-elf/9.3.0/../../../../sh-elf/lib\libc.a(lib_a-fstatr.o)
                0x0601cdac                _fstat_r
 .text          0x0601cde0       0x30 c:/development/saturn/joengine-master/joengine/compiler/windows/bin/../lib/gcc/sh-elf/9.3.0/../../../../sh-elf/lib\libc.a(lib_a-isattyr.o)
                0x0601cde0                _isatty_r
 .text          0x0601ce10        0x8 c:/development/saturn/joengine-master/joengine/compiler/windows/bin/../lib/gcc/sh-elf/9.3.0/../../../../sh-elf/lib\libc.a(lib_a-mlock.o)
                0x0601ce10                __malloc_lock
                0x0601ce14                __malloc_unlock
 .text          0x0601ce18       0x16 c:/development/saturn/joengine-master/joengine/compiler/windows/bin/../lib/gcc/sh-elf/9.3.0/../../../../sh-elf/lib\libc.a(lib_a-nano-msizer.o)
                0x0601ce18                _malloc_usable_size_r
 *(.strings)
 *(SEGA_P)
 *(.eh_frame_hdr)
 *(.eh_frame)
                0x0601ce2e                __etext = .

.text.startup   0x0601ce30       0x40
 .text.startup  0x0601ce30       0x40 ../../jo_engine/core.o
                0x0601ce30                main

SLPROG          0x0601ce80    0x10f60
                0x0601ce80                __slprog_start = .
 *(SLPROG)
 SLPROG         0x0601ce80     0x6540 ../../Compiler/COMMON/SGL_302j/LIB_ELF/SGLAREA.O
                0x0601ce80                MasterStack
                0x0601ce84                SlaveStack
                0x0601ce88                MaxVertices
                0x0601ce8a                MaxPolygons
                0x0601ce8c                SortList
                0x0601ce90                SortListSize
                0x0601ce94                TransList
                0x0601ce98                Zbuffer
                0x0601ce9c                SpriteBuf
                0x0601cea0                SpriteBufSize
                0x0601cea4                Pbuffer
                0x0601cea8                CommandBuf
                0x0601ceac                CLOfstBuf
                0x0601ceb0                PCM_Work
                0x0601ceb4                PCM_WkSize
                0x0601ceb8                MaxEvents
                0x0601ceba                EventSize
                0x0601cebc                MaxWorks
                0x0601cebe                WorkSize
                0x0601cec0                RemainEvent
                0x0601cfc0                RemainWork
                0x0601d3c0                EventBuf
                0x0601f3c0                WorkBuf
 SLPROG         0x060233c0       0x20 ../../Compiler/COMMON/SGL_302j/LIB_ELF/LIBSGL.A(sglB001.o)
                0x060233c0                slTVOn
                0x060233ca                slTVOff
 SLPROG         0x060233e0       0x24 ../../Compiler/COMMON/SGL_302j/LIB_ELF/LIBSGL.A(sglB011.o)
                0x060233e0                slBitMapNbg1
 *fill*         0x06023404        0xc 
 SLPROG         0x06023410        0x8 ../../Compiler/COMMON/SGL_302j/LIB_ELF/LIBSGL.A(sglB014.o)
                0x06023410                slScrTransparent
 *fill*         0x06023418        0x8 
 SLPROG         0x06023420      0x40c ../../Compiler/COMMON/SGL_302j/LIB_ELF/LIBSGL.A(sglB015.o)
                0x06023420                slScrAutoDisp
 *fill*         0x0602382c        0x4 
 SLPROG         0x06023830        0xc ../../Compiler/COMMON/SGL_302j/LIB_ELF/LIBSGL.A(sglB016.o)
                0x06023830                slBack1ColSet
 *fill*         0x0602383c        0x4 
 SLPROG         0x06023840       0x10 ../../Compiler/COMMON/SGL_302j/LIB_ELF/LIBSGL.A(sglB020.o)
                0x06023840                slColorCalc
 SLPROG         0x06023850        0xc ../../Compiler/COMMON/SGL_302j/LIB_ELF/LIBSGL.A(sglB021.o)
                0x06023850                slColorCalcOn
 *fill*         0x0602385c        0x4 
 SLPROG         0x06023860        0xc ../../Compiler/COMMON/SGL_302j/LIB_ELF/LIBSGL.A(sglB023.o)
                0x06023860                slColRate
 *fill*         0x0602386c        0x4 
 SLPROG         0x06023870       0xb0 ../../Compiler/COMMON/SGL_302j/LIB_ELF/LIBSGL.A(sglB031.o)
                0x06023870                slMapNbg0
 SLPROG         0x06023920       0xb4 ../../Compiler/COMMON/SGL_302j/LIB_ELF/LIBSGL.A(sglB032.o)
                0x06023920                slMapNbg1
 *fill*         0x060239d4        0xc 
 SLPROG         0x060239e0       0xb0 ../../Compiler/COMMON/SGL_302j/LIB_ELF/LIBSGL.A(sglB033.o)
                0x060239e0                slMapNbg2
 SLPROG         0x06023a90       0xb4 ../../Compiler/COMMON/SGL_302j/LIB_ELF/LIBSGL.A(sglB034.o)
                0x06023a90                slMapNbg3
 *fill*         0x06023b44        0xc 
 SLPROG         0x06023b50       0xd4 ../../Compiler/COMMON/SGL_302j/LIB_ELF/LIBSGL.A(sglB035.o)
                0x06023b50                sl1MapRA
                0x06023be2                rbank_set
 *fill*         0x06023c24        0xc 
 SLPROG         0x06023c30       0xa0 ../../Compiler/COMMON/SGL_302j/LIB_ELF/LIBSGL.A(sglB036.o)
                0x06023c30                sl1MapRB
 SLPROG         0x06023cd0       0x70 ../../Compiler/COMMON/SGL_302j/LIB_ELF/LIBSGL.A(sglB038.o)
                0x06023cd0                slRparaInitSet
 SLPROG         0x06023d40       0x7e ../../Compiler/COMMON/SGL_302j/LIB_ELF/LIBSGL.A(sglB039.o)
                0x06023d40                slMakeKtable
 *fill*         0x06023dbe        0x2 
 SLPROG         0x06023dc0       0x58 ../../Compiler/COMMON/SGL_302j/LIB_ELF/LIBSGL.A(sglB040.o)
                0x06023dc0                slKtableRA
 *fill*         0x06023e18        0x8 
 SLPROG         0x06023e20       0x5c ../../Compiler/COMMON/SGL_302j/LIB_ELF/LIBSGL.A(sglB041.o)
                0x06023e20                slKtableRB
 *fill*         0x06023e7c        0x4 
 SLPROG         0x06023e80        0x8 ../../Compiler/COMMON/SGL_302j/LIB_ELF/LIBSGL.A(sglB043.o)
                0x06023e80                slRparaMode
 *fill*         0x06023e88        0x8 
 SLPROG         0x06023e90        0xc ../../Compiler/COMMON/SGL_302j/LIB_ELF/LIBSGL.A(sglB047.o)
                0x06023e90                slOverRA
 *fill*         0x06023e9c        0x4 
 SLPROG         0x06023ea0       0x10 ../../Compiler/COMMON/SGL_302j/LIB_ELF/LIBSGL.A(sglB048.o)
                0x06023ea0                slOverRB
 SLPROG         0x06023eb0        0xc ../../Compiler/COMMON/SGL_302j/LIB_ELF/LIBSGL.A(sglB055.o)
                0x06023eb0                slPlaneNbg0
 *fill*         0x06023ebc        0x4 
 SLPROG         0x06023ec0        0xc ../../Compiler/COMMON/SGL_302j/LIB_ELF/LIBSGL.A(sglB056.o)
                0x06023ec0                slPlaneNbg1
 *fill*         0x06023ecc        0x4 
 SLPROG         0x06023ed0       0x10 ../../Compiler/COMMON/SGL_302j/LIB_ELF/LIBSGL.A(sglB057.o)
                0x06023ed0                slPlaneNbg2
 SLPROG         0x06023ee0       0x10 ../../Compiler/COMMON/SGL_302j/LIB_ELF/LIBSGL.A(sglB058.o)
                0x06023ee0                slPlaneNbg3
 SLPROG         0x06023ef0        0xc ../../Compiler/COMMON/SGL_302j/LIB_ELF/LIBSGL.A(sglB059.o)
                0x06023ef0                slPlaneRA
 *fill*         0x06023efc        0x4 
 SLPROG         0x06023f00       0x10 ../../Compiler/COMMON/SGL_302j/LIB_ELF/LIBSGL.A(sglB060.o)
                0x06023f00                slPlaneRB
 SLPROG         0x06023f10        0xc ../../Compiler/COMMON/SGL_302j/LIB_ELF/LIBSGL.A(sglB063.o)
                0x06023f10                slPriority
 *fill*         0x06023f1c        0x4 
 SLPROG         0x06023f20       0x18 ../../Compiler/COMMON/SGL_302j/LIB_ELF/LIBSGL.A(sglB087.o)
                0x06023f20                slLineScrollTable0
 *fill*         0x06023f38        0x8 
 SLPROG         0x06023f40        0x8 ../../Compiler/COMMON/SGL_302j/LIB_ELF/LIBSGL.A(sglB088.o)
                0x06023f40                slLineScrollTable1
 *fill*         0x06023f48        0x8 
 SLPROG         0x06023f50        0xc ../../Compiler/COMMON/SGL_302j/LIB_ELF/LIBSGL.A(sglB090.o)
                0x06023f50                slLineScrollMode
 *fill*         0x06023f5c        0x4 
 SLPROG         0x06023f60      0x114 ../../Compiler/COMMON/SGL_302j/LIB_ELF/LIBSGL.A(sglB200.o)
                0x06023f60                slCharRbg0
                0x06023f6c                slCharNbg0
                0x06023f78                slCharNbg1
                0x06023f84                slCharNbg2
                0x06023f9a                slCharNbg3
                0x06023fb2                slPageRbg0
                0x06023fc8                slPageNbg1
                0x06023fd0                slPageNbg2
                0x06023fd8                slPageNbg3
                0x06023fe4                slPageNbg0
 *fill*         0x06024074        0xc 
 SLPROG         0x06024080       0x78 ../../Compiler/COMMON/SGL_302j/LIB_ELF/LIBSGL.A(sglC05.o)
                0x06024080                slSetSprite
 *fill*         0x060240f8        0x8 
 SLPROG         0x06024100       0xfa ../../Compiler/COMMON/SGL_302j/LIB_ELF/LIBSGL.A(sglC06.o)
                0x06024100                slDispSprite
 *fill*         0x060241fa        0x6 
 SLPROG         0x06024200      0x162 ../../Compiler/COMMON/SGL_302j/LIB_ELF/LIBSGL.A(sglC07.o)
                0x06024206                slPutSprite
 *fill*         0x06024362        0xe 
 SLPROG         0x06024370       0x4c ../../Compiler/COMMON/SGL_302j/LIB_ELF/LIBSGL.A(sglC17.o)
                0x06024370                slDispSpriteHV
 *fill*         0x060243bc        0x4 
 SLPROG         0x060243c0       0xd4 ../../Compiler/COMMON/SGL_302j/LIB_ELF/LIBSGL.A(sglC19.o)
                0x060243c0                slDispSprite4P
 *fill*         0x06024494        0xc 
 SLPROG         0x060244a0       0x40 ../../Compiler/COMMON/SGL_302j/LIB_ELF/LIBSGL.A(sglC20.o)
                0x060244a0                SpriteEntry
 SLPROG         0x060244e0      0x4ae ../../Compiler/COMMON/SGL_302j/LIB_ELF/LIBSGL.A(sglC21.o)
                0x06024568                RotSprite
                0x060245f6                SetSprPosition
 *fill*         0x0602498e        0x2 
 SLPROG         0x06024990       0x84 ../../Compiler/COMMON/SGL_302j/LIB_ELF/LIBSGL.A(sglD00.o)
                0x06024990                slCpuDMACopy
                0x06024990                slDMACopy
                0x060249ea                CSH_AllClr
                0x060249ea                slCashPurge
 *fill*         0x06024a14        0xc 
 SLPROG         0x06024a20       0xa0 ../../Compiler/COMMON/SGL_302j/LIB_ELF/LIBSGL.A(sglD01.o)
                0x06024a20                slDMAXCopy
 SLPROG         0x06024ac0        0xc ../../Compiler/COMMON/SGL_302j/LIB_ELF/LIBSGL.A(sglD03.o)
                0x06024ac0                slDMAStatus
 *fill*         0x06024acc        0x4 
 SLPROG         0x06024ad0       0x20 ../../Compiler/COMMON/SGL_302j/LIB_ELF/LIBSGL.A(sglD15.o)
                0x06024ad0                CSH_Purge
 SLPROG         0x06024af0       0x84 ../../Compiler/COMMON/SGL_302j/LIB_ELF/LIBSGL.A(sglD16.o)
                0x06024af0                DMA_ScuSetPrm
                0x06024b38                DMA_SCU_PRM0
 *fill*         0x06024b74        0xc 
 SLPROG         0x06024b80       0x88 ../../Compiler/COMMON/SGL_302j/LIB_ELF/LIBSGL.A(sglD17.o)
                0x06024b80                DMA_ScuStart
 *fill*         0x06024c08        0x8 
 SLPROG         0x06024c10       0x34 ../../Compiler/COMMON/SGL_302j/LIB_ELF/LIBSGL.A(sglD18.o)
                0x06024c10                DMA_ScuGetStatus
 *fill*         0x06024c44        0xc 
 SLPROG         0x06024c50       0x34 ../../Compiler/COMMON/SGL_302j/LIB_ELF/LIBSGL.A(sglF08.o)
                0x06024c50                slDec2Hex
 *fill*         0x06024c84        0xc 
 SLPROG         0x06024c90      0xfc8 ../../Compiler/COMMON/SGL_302j/LIB_ELF/LIBSGL.A(sglH00.o)
                0x06024ca8                slGetPortDir1
                0x06024cb0                slGetPortDir2
                0x06024cb8                slSetPortDir1
                0x06024ce2                slSetPortDir2
                0x06024d1c                slGetPortData1
                0x06024d24                slGetPortData2
                0x06024d2c                slSetPortData1
                0x06024d36                slSetPortData2
                0x06024d48                slGetPortSelect1
                0x06024d52                slGetPortSelect2
                0x06024d5c                slSetPortSelect1
                0x06024d90                slSetPortSelect2
                0x06024dcc                slGetPortExt1
                0x06024dd6                slGetPortExt2
                0x06024de0                slSetPortExt1
                0x06024e10                slSetPortExt2
                0x06024f84                slSmpcDirectAccess
                0x06025004                slInitPeripheral
                0x06025096                slSetResultBuffer
                0x06025122                slCheckIntBackSet
                0x0602512e                slIntBackCancel
                0x06025158                slCheckReset
                0x06025162                slClearReset
                0x06025328                slSmpcCashSend
                0x060253e4                slSmpcCashBlow
                0x060254c0                slGetOptimize
                0x060254ca                slSetOptimize
                0x060254f0                slGetPortMode1
                0x060254fc                slGetPortMode2
                0x0602550a                slSetPortMode1
                0x06025548                slSetPortMode2
                0x060256d4                slRequestCommand
                0x06025744                Smpc_Status
                0x06025748                Smpc_Result
                0x0602574c                Smpc_Peripheral
                0x06025752                Per_Connect1
                0x06025753                Per_Connect2
                0x06025774                SmpcStatusBuf
 *fill*         0x06025c58        0x8 
 SLPROG         0x06025c60       0xa8 ../../Compiler/COMMON/SGL_302j/LIB_ELF/LIBSGL.A(sglH01.o)
                0x06025c60                slGetLanguage
                0x06025c6a                slSetLanguage
                0x06025c8c                slGetSoundEffect
                0x06025c98                slSetSoundEffect
                0x06025cb4                slGetSoundOutput
                0x06025cc0                slSetSoundOutput
                0x06025cdc                slGetHelpWindow
                0x06025ce8                slSetHelpWindow
 *fill*         0x06025d08        0x8 
 SLPROG         0x06025d10      0x470 ../../Compiler/COMMON/SGL_302j/LIB_ELF/LIBSGL.A(sglH02.o)
                0x06026100                smpc_pfr_tbl
                0x06026140                smpc_ptf_tbl
 SLPROG         0x06026180       0x60 ../../Compiler/COMMON/SGL_302j/LIB_ELF/LIBSGL.A(sglH04.o)
                0x06026180                slComPrmIntBack
                0x06026194                slComPrmSetMemory
                0x060261aa                slComPrmSetTime
 SLPROG         0x060261e0      0x3a4 ../../Compiler/COMMON/SGL_302j/LIB_ELF/LIBSGL.A(sglI01.o)
                0x060261e0                slInitSynch
                0x060261fa                slSynch
                0x060262f0                slRandom
                0x0602630e                PCM_EndCheck
                0x060263ca                RetPCMBuf
                0x06026464                PCM_Buf
                0x06026504                Sound_Buf
 *fill*         0x06026584        0xc 
 SLPROG         0x06026590       0x10 ../../Compiler/COMMON/SGL_302j/LIB_ELF/LIBSGL.A(sglI04.o)
                0x06026590                slIntFunction
 SLPROG         0x060265a0       0x74 ../../Compiler/COMMON/SGL_302j/LIB_ELF/LIBSGL.A(sglJ00.o)
                0x060265a0                InitSlaveSH
                0x06026608                SlaveCommand
 *fill*         0x06026614        0xc 
 SLPROG         0x06026620      0x3d0 ../../Compiler/COMMON/SGL_302j/LIB_ELF/LIBSGL.A(sglJ01.o)
                0x06026620                SlaveControl
                0x060269dc                ErasePolygonData
 SLPROG         0x060269f0     0x12b8 ../../Compiler/COMMON/SGL_302j/LIB_ELF/LIBSGL.A(sglJ02.o)
                0x060269f0                sbMakePolygon
                0x06026bd8                sbCalcPolygon
                0x06027910                SetTexture
                0x0602791c                SetPolygon
                0x06027924                SetPosition
                0x0602795c                stvtc_4
                0x06027a14                stvtc_3
                0x06027c24                stvtc_1
                0x06027c38                stvtc_2
                0x06027c4c                stvtc_0
 *fill*         0x06027ca8        0x8 
 SLPROG         0x06027cb0      0x140 ../../Compiler/COMMON/SGL_302j/LIB_ELF/LIBSGL.A(sglJ03.o)
                0x06027cb0                sbMakeDMATable
 SLPROG         0x06027df0      0x470 ../../Compiler/COMMON/SGL_302j/LIB_ELF/LIBSGL.A(sglJ04.o)
                0x06027e4e                sbMakeSprite
                0x06027eb4                sbMakeRotSprite
 SLPROG         0x06028260       0x3c ../../Compiler/COMMON/SGL_302j/LIB_ELF/LIBSGL.A(sglJ05.o)
                0x06028260                sbSortEntry
 *fill*         0x0602829c        0x4 
 SLPROG         0x060282a0       0x6a ../../Compiler/COMMON/SGL_302j/LIB_ELF/LIBSGL.A(sglM01.o)
                0x060282a0                slSetDepthLimit
                0x060282cc                slSetDepthTbl
                0x060282fc                DepthWorkArea
 *fill*         0x0602830a        0x6 
 SLPROG         0x06028310       0x20 ../../Compiler/COMMON/SGL_302j/LIB_ELF/LIBSGL.A(sglA00.o)
                0x06028310                set_imask
                0x06028310                _builtin_set_imask
                0x06028324                _builtin_get_imask
                0x06028324                get_imask
 SLPROG         0x06028330     0x411e ../../Compiler/COMMON/SGL_302j/LIB_ELF/LIBSGL.A(sglA01.o)
                0x06028330                slSin
                0x06028354                slCos
                0x06028378                GetSinCos
                0x0602840c                sin_cos_index_tbl
                0x0602844c                sin_tbl
 *fill*         0x0602c44e        0x2 
 SLPROG         0x0602c450      0x42c ../../Compiler/COMMON/SGL_302j/LIB_ELF/LIBSGL.A(sglA20.o)
                0x0602c450                slInitMatrix
                0x0602c45a                slPushUnitMatrix
                0x0602c46e                slUnitMatrix
 *fill*         0x0602c87c        0x4 
 SLPROG         0x0602c880      0xbd0 ../../Compiler/COMMON/SGL_302j/LIB_ELF/LIBSGL.A(sglB000.o)
                0x0602c880                slInitScroll
                0x0602c9a0                setASC_1to8
                0x0602c9d0                setASC_4to8
                0x0602cae0                TVSizeTbl
                0x0602cb60                TVModeTbl
                0x0602cd38                SGL_ASCII_CG
 SLPROG         0x0602d450      0x134 ../../Compiler/COMMON/SGL_302j/LIB_ELF/LIBSGL.A(sglC00.o)
                0x0602d450                slInitSprite
 *fill*         0x0602d584        0xc 
 SLPROG         0x0602d590      0x75c ../../Compiler/COMMON/SGL_302j/LIB_ELF/LIBSGL.A(sglI00.o)
                0x0602d880                slInitInterrupt
 *fill*         0x0602dcec        0x4 
 SLPROG         0x0602dcf0       0xf0 ../../Compiler/COMMON/SGL_302j/LIB_ELF/LIBSGL.A(sglH03.o)
                0x0602dd54                slSmpcIntBack
                0x0602dde0                __slprog_end = .

.tors           0x0602dde0        0x0
                0x0602dde0                ___ctors = .
 *(.ctors)
                0x0602dde0                ___ctors_end = .
                0x0602dde0                ___dtors = .
 *(.dtors)
                0x0602dde0                ___dtors_end = .

.data           0x0602dde0      0x670
 *(.data)
 .data          0x0602dde0        0x0 ../../Compiler/COMMON/SGL_302j/LIB_ELF/SGLAREA.O
 .data          0x0602dde0        0x0 pad_controllers.o
 .data          0x0602dde0        0x0 debug.o
 .data          0x0602dde0        0x0 main.o
 .data          0x0602dde0        0x0 font.o
 .data          0x0602dde0        0x0 sprite_manager.o
 .data          0x0602dde0        0x0 satiator_functions.o
 .data          0x0602dde0        0x0 background.o
 .data          0x0602dde0        0x0 states/splash.o
 .data          0x0602dde0        0x5 states/gamelist.o
                0x0602dde4                truncatedList
 .data          0x0602dde5        0x0 satiator/jhloader.o
 .data          0x0602dde5        0x0 satiator/satiator.o
 .data          0x0602dde5        0x0 satiator/disc_format/cue2desc.o
 .data          0x0602dde5        0x0 satiator/disc_format/cdparse.o
 *fill*         0x0602dde5        0x3 
 .data          0x0602dde8       0x10 satiator/iapetus/cd/cd.o
                0x0602dde8                sector_size_tbl
 .data          0x0602ddf8        0x0 satiator/iapetus/cd/cdsect.o
 .data          0x0602ddf8        0x0 satiator/iapetus/sh2/sh2int.o
 .data          0x0602ddf8        0x0 satiator/iapetus/video/vdpinit.o
 .data          0x0602ddf8        0x0 ../../jo_engine/backup.o
 .data          0x0602ddf8        0x0 ../../jo_engine/tga.o
 .data          0x0602ddf8        0x4 ../../jo_engine/fs.o
 .data          0x0602ddfc        0x0 ../../jo_engine/font.o
 .data          0x0602ddfc        0x0 ../../jo_engine/input.o
 .data          0x0602ddfc        0x0 ../../jo_engine/physics.o
 .data          0x0602ddfc        0x0 ../../jo_engine/core.o
 .data          0x0602ddfc        0x4 ../../jo_engine/math.o
                0x0602ddfc                jo_random_seed
 .data          0x0602de00        0x0 ../../jo_engine/malloc.o
 .data          0x0602de00        0x0 ../../jo_engine/tools.o
 .data          0x0602de00        0x0 ../../jo_engine/palette.o
 .data          0x0602de00       0x2c ../../jo_engine/sprites.o
                0x0602de04                __jo_gouraud_shading_runtime_index
                0x0602de08                __jo_sprite_pos