Archive member included to satisfy reference by file (symbol)

mode/mode_intf.a(mode_intf.o)
                              Save-Game-Copier/backup-mode.o (MODE_Open)
../../Compiler/COMMON/SGL_302j/LIB_ELF/SEGA_SYS.A(sys_exit.o)
                              ../../jo_engine/core.o (SYS_Exit)
../../Compiler/COMMON/SGL_302j/LIB_ELF/SEGA_SYS.A(sys_sub.o)
                              ../../Compiler/COMMON/SGL_302j/LIB_ELF/SEGA_SYS.A(sys_exit.o) (SYSUB_SetStackptr)
../../Compiler/COMMON/SGL_302j/LIB_ELF/LIBCD.A(CDC_CMN.O)
                              ../../Compiler/COMMON/SGL_302j/LIB_ELF/SEGA_SYS.A(sys_exit.o) (CDC_GetCurStat)
../../Compiler/COMMON/SGL_302j/LIB_ELF/LIBCD.A(CDC_DRV.O)
                              ../../jo_engine/audio.o (CDC_CdPlay)
../../Compiler/COMMON/SGL_302j/LIB_ELF/LIBCD.A(CDC_CFS.O)
                              ../../Compiler/COMMON/SGL_302j/LIB_ELF/SEGA_SYS.A(sys_exit.o) (CDC_ChgDir)
../../Compiler/COMMON/SGL_302j/LIB_ELF/LIBCD.A(CDC_REG.O)
                              ../../Compiler/COMMON/SGL_302j/LIB_ELF/SEGA_SYS.A(sys_exit.o) (CDC_GetHirqReq)
../../Compiler/COMMON/SGL_302j/LIB_ELF/LIBCD.A(CDC_SUB.O)
                              ../../Compiler/COMMON/SGL_302j/LIB_ELF/LIBCD.A(CDC_CMN.O) (CDSUB_UpdStatus)
../../Compiler/COMMON/SGL_302j/LIB_ELF/LIBCD.A(GFS.O)
                              ../../jo_engine/fs.o (GFS_Init)
../../Compiler/COMMON/SGL_302j/LIB_ELF/LIBCD.A(GFS_BUF.O)
                              ../../Compiler/COMMON/SGL_302j/LIB_ELF/LIBCD.A(GFS.O) (GFBF_GetNumData)
../../Compiler/COMMON/SGL_302j/LIB_ELF/LIBCD.A(GFS_CDB.O)
                              ../../Compiler/COMMON/SGL_302j/LIB_ELF/LIBCD.A(GFS.O) (GFCB_Close)
../../Compiler/COMMON/SGL_302j/LIB_ELF/LIBCD.A(GFS_CDC.O)
                              ../../Compiler/COMMON/SGL_302j/LIB_ELF/LIBCD.A(GFS.O) (GFCD_SetCdbfs)
../../Compiler/COMMON/SGL_302j/LIB_ELF/LIBCD.A(GFS_CDF.O)
                              ../../Compiler/COMMON/SGL_302j/LIB_ELF/LIBCD.A(GFS.O) (GFCF_Init)
../../Compiler/COMMON/SGL_302j/LIB_ELF/LIBCD.A(GFS_DIR.O)
                              ../../Compiler/COMMON/SGL_302j/LIB_ELF/LIBCD.A(GFS.O) (GFDR_SetupDirTbl)
../../Compiler/COMMON/SGL_302j/LIB_ELF/LIBCD.A(GFS_TRN.O)
                              ../../Compiler/COMMON/SGL_302j/LIB_ELF/LIBCD.A(GFS.O) (GFTR_Setup)
../../Compiler/COMMON/SGL_302j/LIB_ELF/LIBCD.A(CDC_DEV.O)
                              ../../Compiler/COMMON/SGL_302j/LIB_ELF/LIBCD.A(GFS_CDC.O) (CDC_CdSetCon)
../../Compiler/COMMON/SGL_302j/LIB_ELF/LIBCD.A(CDC_SEL.O)
                              ../../Compiler/COMMON/SGL_302j/LIB_ELF/LIBCD.A(GFS_CDC.O) (CDC_SetFiltRange)
../../Compiler/COMMON/SGL_302j/LIB_ELF/LIBCD.A(CDC_BIF.O)
                              ../../Compiler/COMMON/SGL_302j/LIB_ELF/LIBCD.A(GFS_CDC.O) (CDC_GetBufSiz)
../../Compiler/COMMON/SGL_302j/LIB_ELF/LIBCD.A(CDC_BIO.O)
                              ../../Compiler/COMMON/SGL_302j/LIB_ELF/LIBCD.A(GFS_CDC.O) (CDC_SetSctLen)
../../Compiler/COMMON/SGL_302j/LIB_ELF/LIBSGL.A(sglA17.o)
                              states/gamelist.o (slRotZ)
../../Compiler/COMMON/SGL_302j/LIB_ELF/LIBSGL.A(sglA18.o)
                              states/gamelist.o (slRotY)
../../Compiler/COMMON/SGL_302j/LIB_ELF/LIBSGL.A(sglA19.o)
                              states/gamelist.o (slRotX)
../../Compiler/COMMON/SGL_302j/LIB_ELF/LIBSGL.A(sglA20.o)
                              ../../jo_engine/core.o (slUnitMatrix)
../../Compiler/COMMON/SGL_302j/LIB_ELF/LIBSGL.A(sglA21.o)
                              states/gamelist.o (slPushMatrix)
../../Compiler/COMMON/SGL_302j/LIB_ELF/LIBSGL.A(sglA27.o)
                              states/gamelist.o (slTranslate)
../../Compiler/COMMON/SGL_302j/LIB_ELF/LIBSGL.A(sglB001.o)
                              states/gamelist.o (slTVOn)
../../Compiler/COMMON/SGL_302j/LIB_ELF/LIBSGL.A(sglB011.o)
                              ../../jo_engine/vdp2.o (slBitMapNbg1)
../../Compiler/COMMON/SGL_302j/LIB_ELF/LIBSGL.A(sglB014.o)
                              ../../jo_engine/vdp2.o (slScrTransparent)
../../Compiler/COMMON/SGL_302j/LIB_ELF/LIBSGL.A(sglB015.o)
                              ../../jo_engine/vdp2.o (slScrAutoDisp)
../../Compiler/COMMON/SGL_302j/LIB_ELF/LIBSGL.A(sglB016.o)
                              ../../jo_engine/vdp2.o (slBack1ColSet)
../../Compiler/COMMON/SGL_302j/LIB_ELF/LIBSGL.A(sglB020.o)
                              ../../jo_engine/vdp2.o (slColorCalc)
../../Compiler/COMMON/SGL_302j/LIB_ELF/LIBSGL.A(sglB021.o)
                              ../../jo_engine/vdp2.o (slColorCalcOn)
../../Compiler/COMMON/SGL_302j/LIB_ELF/LIBSGL.A(sglB023.o)
                              ../../jo_engine/vdp2.o (slColRate)
../../Compiler/COMMON/SGL_302j/LIB_ELF/LIBSGL.A(sglB032.o)
                              ../../jo_engine/vdp2.o (slMapNbg1)
../../Compiler/COMMON/SGL_302j/LIB_ELF/LIBSGL.A(sglB035.o)
                              ../../jo_engine/vdp2.o (sl1MapRA)
../../Compiler/COMMON/SGL_302j/LIB_ELF/LIBSGL.A(sglB036.o)
[...]
Memory Configuration

Name             Origin             Length             Attributes
*default*        0x00000000         0xffffffff

Linker script and memory map

TARGET(elf32-sh)

SLSTART         0x06004000       0x30
                0x06004000                ___Start = .
 *(SLSTART)
 SLSTART        0x06004000       0x28 ../../Compiler/COMMON/SGL_302j/LIB_ELF/LIBSGL.A(sglI00.o)
                0x06004000                SGL_Start
                0x06004002                slStartSGL

.text           0x06004040    0x17b20
 *(.text)
 .text          0x06004040        0x0 ../../Compiler/COMMON/SGL_302j/LIB_ELF/SGLAREA.O
 .text          0x06004040      0x420 pad_controllers.o
                0x060040c0                initControllers
                0x060040ec                updateControllerButtonStatus
                0x06004104                updateController
                0x0600443c                updateControllers
 .text          0x06004460      0x238 filelist.o
                0x060044f0                file_list_create
                0x06004648                file_list_sort
                0x06004658                file_list_free
 .text          0x06004698      0x170 main.o
                0x06004698                application_logic
                0x0600471c                draw_objects
                0x060047cc                jo_main
 .text          0x06004808      0x238 fade.o
                0x06004870                fadeInOut
                0x06004884                fadeScreen
                0x0600494c                draw_faded_screen
                0x06004984                debugScreenFade
 .text          0x06004a40      0x338 sprite_manager.o
                0x06004aa8                init_sprites
                0x06004ae4                get_free_sprite
                0x06004b18                create_sprite
                0x06004b88                get_free_texture
                0x06004bb8                load_sprite_texture
                0x06004c0c                draw_sprites
 .text          0x06004d78       0x68 satiator_functions.o
 .text          0x06004de0       0xd4 background.o
                0x06004e48                load_background
                0x06004e80                init_background
 .text          0x06004eb4      0x720 states/splash.o
                0x06004f1c                animateLogo
                0x060051b0                animateBear
                0x06005314                animate
                0x06005340                logic_splash
 .text          0x060055d4      0x270 states/menu.o
                0x0600563c                logic_menu
 .text          0x06005844      0x798 states/gamelist.o
                0x06005844                draw_3d_planes
                0x06005a24                my_tga_palette_handling
                0x06005aa8                my_input
                0x06005d88                init_3d_planes
                0x06005e2c                logic_gamelist
 .text          0x06005fdc      0xd18 Save-Game-Copier/md5/md5.o
                0x06006af8                MD5_Init
                0x06006b20                MD5_Update
                0x06006bf8                MD5_Final
 .text          0x06006cf4      0x390 Save-Game-Copier/backup-cd.o
                0x06006d5c                cdIsBackupDeviceAvailable
                0x06006d64                cdReadSaveFile
                0x06006e34                cdReadBUPHeader
                0x06006f04                cdListSaveFiles
 .text          0x06007084      0x300 Save-Game-Copier/util.o
                0x060070ec                jo_core_suspend
                0x060071cc                __sgc_core_error
                0x0600728c                clearScreen
                0x060072d8                calculateMD5Hash
 .text          0x06007384      0x53c Save-Game-Copier/backup-saturn.o
                0x060073ec                saturnIsBackupDeviceAvailable
                0x06007420                saturnListSaveFiles
                0x06007628                saturnReadSaveFile
                0x0600777c                saturnWriteSaveFile
                0x06007864                saturnDeleteSaveFile
 .text          0x060078c0      0x6d0 Save-Game-Copier/backup-mode.o
                0x06007928                modeIsBackupDeviceAvailable
                0x060079a8                modeReadSaveFile
                0x06007af8                modeWriteSaveFile
                0x06007c18                modeDeleteSaveFile
                0x06007cb4                modeEnter
                0x06007cc8                modeExit
                0x06007cdc                MODE_WaitVSync
                0x06007ce8                modeReadBUPHeader
                0x06007da8                modeListSaveFiles
 .text          0x06007f90      0x6c0 Save-Game-Copier/backup-satiator.o
                0x06007ff8                satiatorEnter
                0x06008028                satiatorIsBackupDeviceAvailable
                0x06008048                satiatorReadSaveFile
                0x06008194                satiatorWriteSaveFile
                0x060082d8                satiatorDeleteSaveFile
                0x06008374                satiatorExit
                0x06008378                satiatorReadBUPHeader
                0x06008430                satiatorListSaveFiles
 .text          0x06008650      0x598 Save-Game-Copier/backup.o
                0x060086b8                isBackupDeviceAvailable
                0x06008730                listSaveFiles
                0x060087b0                readSaveFile
                0x06008830                writeSaveFile
                0x060088a8                deleteSaveFile
                0x06008920                getBackupDeviceName
                0x060089c0                formatDevice
                0x06008a64                isFileBUPExt
                0x06008aec                parseBupHeaderValues
 .text          0x06008be8      0x2a8 Save-Game-Copier/bup_header.o
                0x06008be8                bup_getdate
                0x06008d40                bup_setdate
 .text          0x06008e90      0x21c ../../jo_engine/cd.o
                0x06008e90                interrupt_get_level_mask
                0x06008e9c                interrupt_set_level_mask
                0x06008eb0                cd_write_command
                0x06008ed0                cd_read_return_status
                0x06008ef4                cd_wait_hirq
                0x06008f1c                cd_exec_command
                0x06008fd0                cd_get_stat
                0x0600904c                cd_stop_drive
 .text          0x060090ac     0x1224 ../../jo_engine/satiator.o
                0x060090ac                exec_cmd
                0x0600921c                s_open
                0x06009334                s_close
                0x060093b4                s_seek
                0x0600944c                s_read
                0x06009580                s_write
                0x060096ac                s_sync
                0x060096b8                s_truncate
                0x0600974c                s_stat
                0x06009914                s_rename
                0x06009a50                s_mkdir
                0x06009b60                s_unlink
                0x06009c70                s_opendir
                0x06009d80                s_chdir
                0x06009e90                s_getcwd
                0x06009ff4                s_mode
                0x0600a09c                s_emulate
                0x0600a1ac                s_get_fw_version
 .text          0x0600a2d0      0xeb8 ../../jo_engine/backup.o
                0x0600a3c4                jo_backup_get_free_block_count
                0x0600a3e8                jo_backup_format_device
                0x0600a40c                jo_backup_mount
                0x0600a538                jo_backup_read_device
                0x0600a6c4                jo_backup_file_exists
                0x0600a788                jo_backup_get_file_partition
                0x0600a848                jo_backup_init_file
                0x0600a88c                jo_backup_save
                0x0600aaf0                jo_backup_load_file_comment
                0x0600ab94                jo_backup_load_file_contents
                0x0600ad40                jo_backup_delete_file
                0x0600ae70                jo_backup_unmount
                0x0600af00                jo_backup_get_file_last_modified_date
                0x0600aff4                jo_backup_get_file_info
                0x0600b12c                jo_backup_get_file_size
                0x0600b14c                jo_backup_get_last_status
 .text          0x0600b188      0x778 ../../jo_engine/tga.o
                0x0600b404                jo_set_tga_palette_handling
                0x0600b410                __jo_tga_load
                0x0600b4f0                __jo_tga_any_loader_from_stream
                0x0600b538                jo_tga_8bits_loader_from_stream
                0x0600b550                jo_tga_loader_from_stream
                0x0600b568                __jo_tga_any_loader
                0x0600b5b8                jo_tga_8bits_loader
                0x0600b5d4                jo_tga_loader
                0x0600b5f0                jo_sprite_add_tga_tileset
                0x0600b810                jo_sprite_add_tga_from_stream
                0x0600b86c                jo_sprite_add_tga
 .text          0x0600b900      0x320 ../../jo_engine/audio.o
                0x0600b974                jo_audio_play_cd_track
                0x0600b9b4                jo_audio_set_volume
                0x0600b9c0                jo_audio_stop_cd
                0x0600b9dc                jo_audio_init
                0x0600ba2c                jo_audio_play_sound_on_channel
                0x0600baa0                jo_audio_play_sound
                0x0600bb0c                jo_audio_usage_percent
                0x0600bb70                jo_audio_free_pcm
                0x0600bb7c                jo_audio_stop_sound
                0x0600bbc8                jo_audio_load_pcm_async
                0x0600bbdc                jo_audio_load_pcm
 .text          0x0600bc20      0x5d4 ../../jo_engine/3d.o
                0x0600bc88                jo_3d_init
                0x0600bcb0                jo_3d_create_triangle
                0x0600bcec                jo_3d_create_plane
                0x0600bd2c                jo_3d_create_cube
                0x0600bd88                jo_3d_set_mesh_polygon_transparency
                0x0600bdac                jo_3d_set_mesh_transparency
                0x0600bdfc                jo_3d_set_mesh_polygon_screen_doors
                0x0600be28                jo_3d_set_mesh_screen_doors
                0x0600be80                jo_3d_set_mesh_polygon_light
                0x0600bea4                jo_3d_set_mesh_light
                0x0600bef4                jo_3d_set_mesh_polygon_texture
                0x0600bf4c                jo_3d_set_mesh_texture
                0x0600bfec                jo_3d_set_mesh_polygon_color
                0x0600c04c                jo_3d_set_mesh_color
                0x0600c0f0                jo_3d_free_sprite_quad
                0x0600c11c                jo_3d_create_sprite_quad
 .text          0x0600c1f4      0x70c ../../jo_engine/fs.o
                0x0600c25c                jo_fs_init
                0x0600c2a4                jo_fs_do_background_jobs
                0x0600c360                jo_fs_read_file_async_ptr
                0x0600c464                jo_fs_cd
                0x0600c4a4                jo_fs_read_file_ptr
                0x0600c5a4                jo_fs_read_file_in_dir
                0x0600c6bc                jo_fs_open
                0x0600c73c                jo_fs_seek_forward
                0x0600c81c                jo_fs_read_next_bytes
                0x0600c8d0                jo_fs_close
                0x0600c8f0                jo_fs_set_read_sector_count
 .text          0x0600c900      0x440 ../../jo_engine/font.o
                0x0600c968                jo_font_load
                0x0600cb40                jo_font_print
                0x0600cc28                jo_font_print_centered
 .text          0x0600cd40      0x118 ../../jo_engine/input.o
                0x0600cda8                jo_get_inputs_vblank
                0x0600cdf0                jo_get_input_type
                0x0600ce34                jo_get_input_count
 .text          0x0600ce58        0x0 ../../jo_engine/physics.o
 .text          0x0600ce58      0x454 ../../jo_engine/core.o
                0x0600cee4                __jo_core_set_screens_order
                0x0600d01c                jo_core_init
                0x0600d154                jo_core_add_vblank_callback
                0x0600d1a0                jo_core_remove_vblank_callback
                0x0600d1d0                jo_core_add_callback
                0x0600d1ec                jo_core_remove_callback
                0x0600d200                jo_goto_boot_menu
                0x0600d20c                jo_core_set_restart_game_callback
                0x0600d218                jo_core_run
 .text          0x0600d2ac      0xa50 ../../jo_engine/math.o
                0x0600d312                jo_fixed_mult
                0x0600d31e                jo_fixed_dot
                0x0600d330                jo_fixed_pow
                0x0600d374                jo_fixed_div
                0x0600d398                jo_fixed_sin
                0x0600d484                jo_gcd
                0x0600d4a0                jo_atan2f_rad
                0x0600d678                jo_planar_rotate
                0x0600d7a8                jo_random
                0x0600d818                jo_vector_fixed_compute_bezier_point
                0x0600d93c                jo_vectorf_compute_bezier_point
                0x0600da8c                jo_fixed_sqrt
                0x0600db3c                jo_sqrt
                0x0600db7c                jo_fixed_rsqrt
                0x0600dc8c                jo_rsqrt
 .text          0x0600dcfc      0x224 ../../jo_engine/malloc.o
                0x0600dd64                jo_add_memory_zone
                0x0600dda4                jo_malloc_with_behaviour
                0x0600de84                jo_reduce_memory_fragmentation
                0x0600def8                jo_free
 .text          0x0600df20      0x39c ../../jo_engine/tools.o
                0x0600df88                jo_print
                0x0600dfac                jo_clear_screen_line
                0x0600dff4                jo_clear_screen
                0x0600e018                jo_getdate
                0x0600e080                jo_get_current_language
                0x0600e0a4                jo_tools_atoi
                0x0600e0f0                jo_strlen
                0x0600e110                jo_endwith
                0x0600e174                jo_strcmp
                0x0600e1a4                jo_memset
                0x0600e248                jo_map_to_vram
 .text          0x0600e2bc       0xb4 ../../jo_engine/palette.o
                0x0600e324                jo_create_palette
                0x0600e348                jo_set_palette_register
                0x0600e35c                jo_get_palette_register
 .text          0x0600e370      0x86c ../../jo_engine/sprites.o
                0x0600e4d8                jo_sprite_usage_percent
                0x0600e564                jo_get_last_sprite_id
                0x0600e570                jo_sprite_init
                0x0600e594                jo_sprite_name2id
                0x0600e5d8                jo_sprite_replace
                0x0600e66c                jo_sprite_add
                0x0600e680                jo_sprite_add_8bits_image
                0x0600e694                jo_sprite_free_from
                0x0600e73c                jo_set_gouraud_shading_colors
                0x0600e764                jo_set_gouraud_shading_brightness
                0x0600e7a4                jo_sprite_draw_4p_fixed
                0x0600e8bc                jo_sprite_draw
                0x0600ea08                jo_sprite_draw_rotate
                0x0600eba8                jo_sprite_set_clipping_area
 .text          0x0600ebdc      0xa4c ../../jo_engine/map.o
                0x0600ed0c                jo_map_per_pixel_vertical_collision
                0x0600ee40                jo_map_hitbox_detection_custom_boundaries
                0x0600eeb0                jo_map_create
                0x0600ef00                jo_map_add_tile
                0x0600ef24                jo_map_add_animated_tile
                0x0600ef48                jo_map_draw_background
                0x0600efe0                jo_map_3d_draw
                0x0600f11c                jo_map_draw
                0x0600f218                jo_map_free
                0x0600f230                jo_map_load_from_file
                0x0600f5a8                jo_map_move_tiles_by_attribute
 .text          0x0600f628      0x194 ../../jo_engine/list.o
                0x0600f690                jo_list_init
                0x0600f6a0                jo_list_add
                0x0600f6e4                jo_list_insert_at
                0x0600f75c                jo_list_remove
 .text          0x0600f7bc      0x230 ../../jo_engine/sprite_animator.o
                0x0600f8d0                jo_replace_sprite_anim
                0x0600f938                jo_create_sprite_anim
                0x0600f9c4                jo_clear_all_sprite_anim
 .text          0x0600f9ec      0x590 ../../jo_engine/image.o
                0x0600fa54                __jo_bin_load
                0x0600faa4                jo_free_img
                0x0600fac0                jo_bin_loader_from_stream
                0x0600fb68                jo_bin_loader
                0x0600fbec                jo_replace_color
                0x0600fc28                jo_sprite_add_bin_tileset
                0x0600fd88                jo_sprite_add_bin
                0x0600fdf8                jo_sprite_add_bin_from_stream
                0x0600fe38                jo_sprite_add_image_pack
 .text          0x0600ff7c      0xb44 ../../jo_engine/vdp2.o
                0x06010060                jo_set_default_background_color
                0x060100a0                jo_img_to_vdp2_cells
                0x0601014c                jo_vdp2_set_rbg0_plane_a_8bits_image
                0x06010244                jo_vdp2_set_rbg0_plane_b_8bits_image
                0x06010334                jo_vdp2_enable_rbg0
                0x060103dc                jo_vdp2_disable_rbg0
                0x060103f4                jo_init_nbg0_printf
                0x06010478                __jo_init_vdp2
                0x060104dc                jo_vdp2_disable_nbg0_line_scroll
                0x06010500                jo_vdp2_compute_nbg0_line_scroll
                0x06010518                jo_vdp2_enable_nbg0_line_scroll
                0x06010588                jo_vdp2_draw_bitmap_nbg1_line
                0x06010648                jo_vdp2_clear_bitmap_nbg1
                0x060106a0                jo_vdp2_set_nbg1_8bits_image
                0x0601077c                jo_vdp2_set_nbg1_image
                0x060108ac                jo_vdp2_disable_nbg1_line_scroll
                0x060108d0                jo_vdp2_compute_nbg1_line_scroll
                0x060108e8                jo_vdp2_enable_nbg1_line_scroll
                0x06010958                jo_set_displayed_screens
                0x06010968                jo_disable_all_screens_transparency
                0x0601098c                jo_enable_screen_transparency
 .text          0x06010ac0      0x280 ../../jo_engine/time.o
                0x06010b28                jo_time_init
                0x06010b54                jo_get_ticks
                0x06010c34                jo_fixed_point_time
 .text          0x06010d40       0x68 ../../jo_engine/vdp1_command_pipeline.o
 .text          0x06010da8      0x2e8 ../../jo_engine/vdp2_malloc.o
                0x06010e10                jo_vdp2_malloc_init
                0x06010e48                jo_vdp2_free
                0x06010f08                jo_vdp2_malloc
 .text          0x06011090      0xe18 mode/mode_intf.a(mode_intf.o)
                0x060114ac                waitVSync
                0x060114b8                MODE_Open
                0x06011514                MODE_Close
                0x06011538                MODE_GetMountStatus
                0x060115d4                MODE_GetVersionInfo
                0x06011634                MODE_OpenFile
                0x060116f4                MODE_CloseFile
                0x06011714                MODE_ReadFile
                0x060117a4                MODE_WriteFile
                0x0601180c                MODE_ReadFileListing
                0x06011964                MODE_DeleteFile
                0x060119c8                MODE_Initialize
                0x06011ac4                MODE_ReadDirectoryListing
                0x06011bc8                MODE_AddGame
                0x06011c70                MODE_ClearQueue
                0x06011c90                MODE_SelectDir
                0x06011d30                MODE_GetGameFlags
                0x06011dc8                MODE_MountGame
                0x06011e24                MODE_DoReset
                0x06011e54                MODE_HWReset
 *fill*         0x06011ea8        0x8 
 .text          0x06011eb0      0x238 ../../Compiler/COMMON/SGL_302j/LIB_ELF/SEGA_SYS.A(sys_exit.o)
                0x06011eb0                sys_version
                0x06011ed0                SYS_Exit
 *fill*         0x060120e8        0x8 
 .text          0x060120f0        0x6 ../../Compiler/COMMON/SGL_302j/LIB_ELF/SEGA_SYS.A(sys_sub.o)
                0x060120f0                SYSUB_SetStackptr
 *fill*         0x060120f6        0xa 
 .text          0x06012100      0x3a0 ../../Compiler/COMMON/SGL_302j/LIB_ELF/LIBCD.A(CDC_CMN.O)
                0x06012100                CDC_GetCurStat
                0x06012150                CDC_GetLastStat
                0x06012168                CDC_GetPeriStat
                0x0601223c                CDC_GetHwInfo
                0x060122a4                CDC_TgetToc
                0x060122f4                CDC_GetSes
                0x06012330                CDC_CdInit
                0x060123b4                CDC_CdOpen
                0x060123dc                CDC_DataReady
                0x06012448                CDC_DataEnd
 .text          0x060124a0      0x130 ../../Compiler/COMMON/SGL_302j/LIB_ELF/LIBCD.A(CDC_DRV.O)
                0x060124a0                CDC_CdPlay
                0x0601256c                CDC_CdSeek
                0x060125a0                CDC_CdScan
 .text          0x060125d0      0x194 ../../Compiler/COMMON/SGL_302j/LIB_ELF/LIBCD.A(CDC_CFS.O)
                0x060125d0                CDC_ChgDir
                0x06012604                CDC_ReadDir
                0x06012638                CDC_GetFileScope
                0x06012698                CDC_TgetFileInfo
                0x060126f4                CDC_ReadFile
                0x06012728                CDC_AbortFile
 *fill*         0x06012764        0xc 
 .text          0x06012770      0x2dc ../../Compiler/COMMON/SGL_302j/LIB_ELF/LIBCD.A(CDC_REG.O)
                0x06012770                CDC_GetDataPtr
                0x06012780                CDC_GetHirqReq
                0x06012794                CDC_ClrHirqReq
                0x060127c4                CDREG_ClrHirqReq
                0x060127d4                CDREG_InitHirqReq
                0x060127fc                CDREG_SetHirqFlag
                0x06012810                CDC_GetHirqMsk
                0x06012824                CDC_SetHirqMsk
                0x06012834                CDC_GetMpegPtr
                0x06012844                CDREG_TgetData
                0x060128a0                CDREG_CmdRsp
                0x060129a0                CDREG_WaitHirq
                0x06012a10                CDREG_ReadRsp
 *fill*         0x06012a4c        0x4 
 .text          0x06012a50      0x152 ../../Compiler/COMMON/SGL_302j/LIB_ELF/LIBCD.A(CDC_SUB.O)
                0x06012a50                CDSUB_UpdStatus
                0x06012a68                CDSUB_UpdCdstat
                0x06012a88                CDSUB_CdCmd
                0x06012af8                CDSUB_GetCdstat
                0x06012b38                CDSUB_RspToCdstat
                0x06012b80                CDSUB_SoftTimer
 *fill*         0x06012ba2        0xe 
 .text          0x06012bb0     0x1adc ../../Compiler/COMMON/SGL_302j/LIB_ELF/LIBCD.A(GFS.O)
                0x06012bb0                gfs_version
                0x06012bd0                GFS_Init
                0x06012cb8                GFS_LoadDir
                0x06012d60                GFS_SetDir
                0x06012dc8                GFS_NameToId
                0x06012e2c                GFS_IdToName
                0x06012e98                GFS_GetDirInfo
                0x06012f08                GFS_Reset
                0x06012f8c                GFS_Open
                0x06013040                GFS_Close
                0x06013078                GFS_Seek
                0x0601312c                GFS_Tell
                0x0601317c                GFS_IsEof
                0x060131d0                GFS_ByteToSct
                0x0601322c                GFS_GetFileSize
                0x06013288                GFS_GetFileInfo
                0x060132fc                GFS_GetNumCdbuf
                0x06013324                GFS_Load
                0x060133e8                GFS_Fread
                0x06013484                gfs_waitRead
                0x0601352c                GFS_NwFread
                0x06013638                GFS_NwCdRead
                0x060136b0                GFS_NwIsComplete
                0x060136e8                GFS_NwStop
                0x06013754                GFS_NwGetStat
                0x060137d0                gfs_recovRdErr
                0x06013800                GFS_NwExecOne
                0x060138c0                GFS_NwExecServer
                0x0601393c                GFS_SetGmode
                0x060139a0                GFS_SetTmode
                0x06013a0c                GFS_SetReadPara
                0x06013a70                GFS_SetTransPara
                0x06013adc                GFS_SetTrFunc
                0x06013b40                GFS_StartTrans
                0x06013b8c                GFS_CdMovePickup
                0x06013bf8                GFS_SetErrFunc
                0x06013c24                GFS_GetErrStat
                0x06013c48                GFS_ConvTno
                0x06013c70                gfs_chgRoot
                0x06013d3c                gfs_aborttrans
                0x06013d48                gfs_mngSetupFuncTbl
                0x06013d7c                gfs_mngInitWork
                0x06013e20                gfs_mngGetNumFile
                0x06013e88                GFS_mngAllocGrp
                0x06013ed0                gfs_mngFreeGrp
                0x06013edc                gfs_mngTermAccess
                0x06013f60                gfs_mngSetErrCode
                0x06013fe0                gfs_svrSearchHndl
                0x06014020                gfs_svrAddHndl
                0x0601405c                gfs_svrRemoveHndl
                0x060140b8                GFS_OpenSub
                0x06014110                gfs_loadVol
                0x060141d4                gfs_getRootDir
                0x060142d0                gfs_loadRootDir
                0x06014358                gfs_flowIn
                0x06014400                gfs_transData
                0x060144a4                GFS_GetFad
                0x060144fc                gfs_SetSct
                0x0601453c                gfs_GetFinfo
                0x0601457c                gfs_closeSub
                0x060145b8                gfs_getGmode
                0x060145c4                gfs_isTaskDone
                0x06014618                gfs_convFinStat
 *fill*         0x0601468c        0x4 
 .text          0x06014690      0x106 ../../Compiler/COMMON/SGL_302j/LIB_ELF/LIBCD.A(GFS_BUF.O)
                0x060146c0                GFBF_GetTranData
                0x060146e8                GFBF_GetNumData
                0x06014718                GFBF_GetSrcPk
                0x06014740                GFBF_GetSctData
                0x06014764                GFBF_RtnPk
                0x0601478c                gfbf_getSctDt
 *fill*         0x06014796        0xa 
 .text          0x060147a0      0x600 ../../Compiler/COMMON/SGL_302j/LIB_ELF/LIBCD.A(GFS_CDB.O)
                0x060147a0                GFCB_Setup
                0x060148c0                GFCB_Close
                0x060148e8                GFCB_GetLenData
                0x06014994                GFCB_GetLenRoom
                0x060149a0                GFCB_SetFilt
                0x06014a08                GFCB_DeleteAllData
                0x06014a30                GFCB_Tell
                0x06014a40                gfcb_getSctNum
                0x06014a90                GFCB_Seek
                0x06014b8c                GFCB_GetSrcPack
                0x06014c6c                GFCB_GetSctData
                0x06014ca4                GFCB_GetDstPack
                0x06014cb0                GFCB_RtnPk
                0x06014cf8                GFCB_MovePickup
                0x06014d14                GFCB_SetCon
                0x06014d48                GFCB_GetPickup
                0x06014d70                GFCB_IsPuOwner
                0x06014d88                GFCB_UngetPickup
 .text          0x06014da0     0x1a10 ../../Compiler/COMMON/SGL_302j/LIB_ELF/LIBCD.A(GFS_CDC.O)
                0x06014da0                GFCD_SetCdbfs
                0x06014dcc                GFCD_Init
                0x06014fd0                GFCD_AllocFilt
                0x0601500c                GFCD_FreeFilt
                0x0601503c                GFCD_AllocBuf
                0x06015070                GFCD_FreeBuf
                0x06015114                GFCD_GetBaseFad
                0x06015148                GFCD_GetPickup
                0x0601517c                GFCD_UngetPickup
                0x060151a8                GFCD_IsPuOwner
                0x060151cc                GFCD_SetFilt
                0x06015290                GFCD_GetFilt
                0x060152d8                GFCD_SetCon
                0x06015330                GFCD_Play
                0x06015390                GFCD_GetLenData
                0x060153f8                GFCD_ReqData
                0x06015454                GFCD_EndData
                0x0601549c                GFCD_DelSctData
                0x060154f4                GFCD_CheckDelSctData
                0x06015524                GFCD_GetStat
                0x060155d8                GFCD_MovePickup
                0x06015624                GFCD_MoveSctData
                0x06015698                GFCD_CheckMove
                0x060156bc                GFCD_GetSctInfo
                0x06015704                GFCD_ChgDir
                0x06015778                GFCD_SetFiltCon
                0x06015860                GFCD_GetFileInfo
                0x0601593c                GFCD_GetBufSiz
                0x06015974                GFCD_ExecServer
                0x06015a48                gfcd_isIdleTask
                0x06015ad4                gfcd_doTask
                0x06015b80                GFCD_SetTimer
                0x06015b94                GFCD_WaitServer
                0x06015bd0                gfcd_doSetFiltTsk
                0x06015d94                gfcd_doSetConTsk
                0x06015e24                gfcd_doGetLenDataTsk
                0x06015f78                gfcd_doReqDataTsk
                0x06016018                gfcd_doDelSctDataTsk
                0x0601614c                gfcd_doMoveSctTsk
                0x060162b0                gfcd_doChgDirTsk
                0x060164ac                gfcd_doSetFiltConTsk
                0x060165f0                gfcd_checkEflag
                0x06016614                gfcd_initCdbMng
                0x06016694                gfcd_setStat
                0x060166c0                GFCD_SetCsctFunc
                0x060166dc                GFCD_ChkScdqFlag
                0x06016700                GFCD_ClrScdqFlag
                0x0601671c                GFCD_WaitScdqFlag
                0x06016760                GFCD_WaitPause
 .text          0x060167b0      0x8d8 ../../Compiler/COMMON/SGL_302j/LIB_ELF/LIBCD.A(GFS_CDF.O)
                0x060167b0                GFCF_Init
                0x06016850                GFCF_Setup
                0x06016998                GFCF_SetSct
                0x060169dc                GFCF_GetFileInfo
                0x06016a50                GFCF_FlowInBuf
                0x06016ba4                GFCF_StopInBuf
                0x06016c44                GFCF_Recover
                0x06016c8c                GFCF_Tell
                0x06016ca4                GFCF_Seek
                0x06016cbc                GFCF_MovePickup
                0x06016d58                GFCF_cnvIntlvOfs
                0x06016dac                GFCF_GetStat
                0x06016e44                gfcf_getSctSize
                0x06016e80                gfcf_isCdOk
                0x06016f40                gfcf_getPlayRange
 *fill*         0x06017088        0x8 
 .text          0x06017090      0x92c ../../Compiler/COMMON/SGL_302j/LIB_ELF/LIBCD.A(GFS_DIR.O)
                0x06017090                GFDR_SetupDirTbl
                0x06017104                GFDR_NameToId
                0x06017164                GFDR_GetInfoDirId
                0x06017178                GFDR_GetInfoDirName
                0x0601718c                GFDR_GetAtrDirId
                0x060171a4                GFDR_GetAtrDirName
                0x060171bc                GFDR_ChgRoot
                0x060171d4                GFDR_ChgDir
                0x06017248                gfdr_setupDirIdTbl
                0x060172cc                gfdr_setupDirNameTbl
                0x06017378                gfdr_open
                0x060173a0                gfdr_read
                0x06017460                gfdr_readByte
                0x0601748c                gfdr_readWord
                0x060174b8                gfdr_readWordNB
                0x0601750c                gfdr_readLongNB
                0x06017558                gfdr_readLongNM
                0x06017580                gfdr_setNextRec
                0x06017604                gfdr_readDirEnt
                0x06017980                gfdr_setDirrecCd
 *fill*         0x060179bc        0x4 
 .text          0x060179c0      0x9c6 ../../Compiler/COMMON/SGL_302j/LIB_ELF/LIBCD.A(GFS_TRN.O)
                0x060179f0                GFTR_Setup
                0x06017a34                GFTR_SetMode
                0x06017a48                GFTR_SetUnit
                0x06017a54                GFTR_SetTransPara
                0x06017a88                GFTR_GetTransPara
                0x06017a94                GFTR_GetNumTrans
                0x06017aa0                GFTR_SetTransMax
                0x06017aac                GFTR_Start
                0x06017ab8                GFTR_Pause
                0x06017ac4                GFTR_Stop
                0x06017b7c                GFTR_Exec
                0x06017c00                GFTR_Idle
                0x06017c78                GFTR_ExecSvr
                0x06017d80                gftr_getSrcPack
                0x06017e08                gftr_getDstPack
                0x06017e64                gftr_reqScu
                0x06017e70                gftr_execScu
                0x06017f0c                gftr_remScu
                0x06017f40                gfdma_canUse
                0x06017f4c                gfdma_exec
                0x06017fbc                gfdma_getBytecnt
                0x06017ff4                gftr_reqDma0
                0x0601800c                gftr_execSdma0
                0x06018030                gftr_remDma0
                0x06018048                gftr_reqDma1
                0x06018060                gftr_execSdma1
                0x06018084                gftr_remDma1
                0x0601809c                gftr_reqCpu
                0x060180a8                gftr_execCpu
                0x060180e8                gftr_remCpu
                0x060180f4                gftr_reqTrn
                0x06018164                gftr_execTrn
                0x0601823c                gftr_remTrn
                0x060182b0                gftr_copyFrac
                0x060182d8                GFTR_GetLenData
                0x060182e4                GFTR_GetLenRoom
                0x060182fc                GFTR_GetDstPack
                0x06018330                GFTR_RtnDstPk
                0x0601834c                GFTR_GetData
                0x06018360                GFTR_SetData
                0x06018374                GFTR_SetTransFunc
 *fill*         0x06018386        0xa 
 .text          0x06018390       0xa8 ../../Compiler/COMMON/SGL_302j/LIB_ELF/LIBCD.A(CDC_DEV.O)
                0x06018390                CDC_CdSetCon
                0x060183c0                CDC_CdGetCon
                0x060183fc                CDC_CdGetLastBuf
 *fill*         0x06018438        0x8 
 .text          0x06018440      0x2b8 ../../Compiler/COMMON/SGL_302j/LIB_ELF/LIBCD.A(CDC_SEL.O)
                0x06018440                CDC_SetFiltRange
                0x06018474                CDC_GetFiltRange
                0x060184cc                CDC_SetFiltSubh
                0x0601853c                CDC_GetFiltSubh
                0x060185b8                CDC_SetFiltMode
                0x060185ec                CDC_GetFiltMode
                0x06018630                CDC_SetFiltCon
                0x06018670                CDC_GetFiltCon
                0x060186c4                CDC_ResetSelector
 *fill*         0x060186f8        0x8 
 .text          0x06018700      0x270 ../../Compiler/COMMON/SGL_302j/LIB_ELF/LIBCD.A(CDC_BIF.O)
                0x06018700                CDC_GetBufSiz
                0x0601875c                CDC_GetSctNum
                0x060187a0                CDC_CalActSiz
                0x060187dc                CDC_GetActSiz
                0x0601885c                CDC_GetSctInfo
                0x060188dc                CDC_ExeFadSearch
                0x06018914                CDC_GetFadSearch
 .text          0x06018970      0x1e4 ../../Compiler/COMMON/SGL_302j/LIB_ELF/LIBCD.A(CDC_BIO.O)
                0x06018970                CDC_SetSctLen
                0x060189a4                CDC_GetSctData
                0x060189e0                CDC_DelSctData
                0x06018a1c                CDC_GetdelSctData
                0x06018a58                CDC_PutSctData
                0x06018a90                CDC_CopySctData
                0x06018ad4                CDC_MoveSctData
                0x06018b18                CDC_GetCopyErr
 *fill*         0x06018b54        0xc 
 .text          0x06018b60        0x0 ../../Compiler/COMMON/SGL_302j/LIB_ELF/LIBSGL.A(sglA17.o)
 .text          0x06018b60        0x0 ../../Compiler/COMMON/SGL_302j/LIB_ELF/LIBSGL.A(sglA18.o)
 .text          0x06018b60        0x0 ../../Compiler/COMMON/SGL_302j/LIB_ELF/LIBSGL.A(sglA19.o)
 .text          0x06018b60        0x0 ../../Compiler/COMMON/SGL_302j/LIB_ELF/LIBSGL.A(sglA20.o)
 .text          0x06018b60        0x0 ../../Compiler/COMMON/SGL_302j/LIB_ELF/LIBSGL.A(sglA21.o)
 .text          0x06018b60        0x0 ../../Compiler/COMMON/SGL_302j/LIB_ELF/LIBSGL.A(sglA27.o)
 .text          0x06018b60        0x0 ../../Compiler/COMMON/SGL_302j/LIB_ELF/LIBSGL.A(sglB001.o)
 .text          0x06018b60        0x0 ../../Compiler/COMMON/SGL_302j/LIB_ELF/LIBSGL.A(sglB011.o)
 .text          0x06018b60        0x0 ../../Compiler/COMMON/SGL_302j/LIB_ELF/LIBSGL.A(sglB014.o)
 .text          0x06018b60        0x0 ../../Compiler/COMMON/SGL_302j/LIB_ELF/LIBSGL.A(sglB015.o)
 .text          0x06018b60        0x0 ../../Compiler/COMMON/SGL_302j/LIB_ELF/LIBSGL.A(sglB016.o)
 .text          0x06018b60        0x0 ../../Compiler/COMMON/SGL_302j/LIB_ELF/LIBSGL.A(sglB020.o)
 .text          0x06018b60        0x0 ../../Compiler/COMMON/SGL_302j/LIB_ELF/LIBSGL.A(sglB021.o)
 .text          0x06018b60        0x0 ../../Compiler/COMMON/SGL_302j/LIB_ELF/LIBSGL.A(sglB023.o)
 .text          0x06018b60        0x0 ../../Compiler/COMMON/SGL_302j/LIB_ELF/LIBSGL.A(sglB032.o)
 .text          0x06018b60        0x0 ../../Compiler/COMMON/SGL_302j/LIB_ELF/LIBSGL.A(sglB035.o)
 .text          0x06018b60        0x0 ../../Compiler/COMMON/SGL_302j/LIB_ELF/LIBSGL.A(sglB036.o)
 .text          0x06018b60        0x0 ../../Compiler/COMMON/SGL_302j/LIB_ELF/LIBSGL.A(sglB038.o)
 .text          0x06018b60        0x0 ../../Compiler/COMMON/SGL_302j/LIB_ELF/LIBSGL.A(sglB039.o)
 .text          0x06018b60        0x0 ../../Compiler/COMMON/SGL_302j/LIB_ELF/LIBSGL.A(sglB040.o)
 .text          0x06018b60        0x0 ../../Compiler/COMMON/SGL_302j/LIB_ELF/LIBSGL.A(sglB041.o)
 .text          0x06018b60        0x0 ../../Compiler/COMMON/SGL_302j/LIB_ELF/LIBSGL.A(sglB042.o)
 .text          0x06018b60        0x0 ../../Compiler/COMMON/SGL_302j/LIB_ELF/LIBSGL.A(sglB043.o)
 .text          0x06018b60        0x0 ../../Compiler/COMMON/SGL_302j/LIB_ELF/LIBSGL.A(sglB044.o)
 .text          0x06018b60        0x0 ../../Compiler/COMMON/SGL_302j/LIB_ELF/LIBSGL.A(sglB045.o)
 .text          0x06018b60        0x0 ../../Compiler/COMMON/SGL_302j/LIB_ELF/LIBSGL.A(sglB047.o)
 .text          0x06018b60        0x0 ../../Compiler/COMMON/SGL_302j/LIB_ELF/LIBSGL.A(sglB048.o)
 .text          0x06018b60        0x0 ../../Compiler/COMMON/SGL_302j/LIB_ELF/LIBSGL.A(sglB056.o)
 .text          0x06018b60        0x0 ../../Compiler/COMMON/SGL_302j/LIB_ELF/LIBSGL.A(sglB059.o)
 .text          0x06018b60        0x0 ../../Compiler/COMMON/SGL_302j/LIB_ELF/LIBSGL.A(sglB060.o)
 .text          0x06018b60        0x0 ../../Compiler/COMMON/SGL_302j/LIB_ELF/LIBSGL.A(sglB063.o)
 .text          0x06018b60        0x0 ../../Compiler/COMMON/SGL_302j/LIB_ELF/LIBSGL.A(sglB087.o)
 .text          0x06018b60        0x0 ../../Compiler/COMMON/SGL_302j/LIB_ELF/LIBSGL.A(sglB088.o)
 .text          0x06018b60        0x0 ../../Compiler/COMMON/SGL_302j/LIB_ELF/LIBSGL.A(sglB090.o)
 .text          0x06018b60        0x0 ../../Compiler/COMMON/SGL_302j/LIB_ELF/LIBSGL.A(sglB200.o)
 .text          0x06018b60        0x0 ../../Compiler/COMMON/SGL_302j/LIB_ELF/LIBSGL.A(sglC04.o)
 .text          0x06018b60        0x0 ../../Compiler/COMMON/SGL_302j/LIB_ELF/LIBSGL.A(sglC05.o)
 .text          0x06018b60        0x0 ../../Compiler/COMMON/SGL_302j/LIB_ELF/LIBSGL.A(sglC06.o)
 .text          0x06018b60        0x0 ../../Compiler/COMMON/SGL_302j/LIB_ELF/LIBSGL.A(sglC07.o)
 .text          0x06018b60        0x0 ../../Compiler/COMMON/SGL_302j/LIB_ELF/LIBSGL.A(sglC08.o)
 .text          0x06018b60        0x0 ../../Compiler/COMMON/SGL_302j/LIB_ELF/LIBSGL.A(sglC17.o)
 .text          0x06018b60        0x0 ../../Compiler/COMMON/SGL_302j/LIB_ELF/LIBSGL.A(sglC19.o)
 .text          0x06018b60        0x0 ../../Compiler/COMMON/SGL_302j/LIB_ELF/LIBSGL.A(sglC20.o)
 .text          0x06018b60        0x0 ../../Compiler/COMMON/SGL_302j/LIB_ELF/LIBSGL.A(sglC21.o)
 .text          0x06018b60        0x0 ../../Compiler/COMMON/SGL_302j/LIB_ELF/LIBSGL.A(sglD00.o)
 .text          0x06018b60        0x0 ../../Compiler/COMMON/SGL_302j/LIB_ELF/LIBSGL.A(sglD01.o)
 .text          0x06018b60        0x0 ../../Compiler/COMMON/SGL_302j/LIB_ELF/LIBSGL.A(sglD03.o)
 .text          0x06018b60        0x0 ../../Compiler/COMMON/SGL_302j/LIB_ELF/LIBSGL.A(sglD15.o)
 .text          0x06018b60        0x0 ../../Compiler/COMMON/SGL_302j/LIB_ELF/LIBSGL.A(sglD16.o)
 .text          0x06018b60        0x0 ../../Compiler/COMMON/SGL_302j/LIB_ELF/LIBSGL.A(sglD17.o)
 .text          0x06018b60        0x0 ../../Compiler/COMMON/SGL_302j/LIB_ELF/LIBSGL.A(sglD18.o)
 .text          0x06018b60        0x0 ../../Compiler/COMMON/SGL_302j/LIB_ELF/LIBSGL.A(sglF00.o)
 .text          0x06018b60        0x0 ../../Compiler/COMMON/SGL_302j/LIB_ELF/LIBSGL.A(sglF05.o)
 .text          0x06018b60        0x0 ../../Compiler/COMMON/SGL_302j/LIB_ELF/LIBSGL.A(sglF08.o)
 .text          0x06018b60        0x0 ../../Compiler/COMMON/SGL_302j/LIB_ELF/LIBSGL.A(sglG00.o)
 .text          0x06018b60        0x0 ../../Compiler/COMMON/SGL_302j/LIB_ELF/LIBSGL.A(sglG01.o)
 .text          0x06018b60        0x0 ../../Compiler/COMMON/SGL_302j/LIB_ELF/LIBSGL.A(sglG19.o)
 .text          0x06018b60        0x0 ../../Compiler/COMMON/SGL_302j/LIB_ELF/LIBSGL.A(sglG21.o)
 .text          0x06018b60        0x0 ../../Compiler/COMMON/SGL_302j/LIB_ELF/LIBSGL.A(sglG22.o)
 .text          0x06018b60        0x0 ../../Compiler/COMMON/SGL_302j/LIB_ELF/LIBSGL.A(sglG25.o)
 .text          0x06018b60        0x0 ../../Compiler/COMMON/SGL_302j/LIB_ELF/LIBSGL.A(sglH00.o)
 .text          0x06018b60        0x0 ../../Compiler/COMMON/SGL_302j/LIB_ELF/LIBSGL.A(sglH01.o)
 .text          0x06018b60        0x0 ../../Compiler/COMMON/SGL_302j/LIB_ELF/LIBSGL.A(sglH02.o)
 .text          0x06018b60        0x0 ../../Compiler/COMMON/SGL_302j/LIB_ELF/LIBSGL.A(sglH04.o)
 .text          0x06018b60        0x0 ../../Compiler/COMMON/SGL_302j/LIB_ELF/LIBSGL.A(sglI01.o)
 .text          0x06018b60        0x0 ../../Compiler/COMMON/SGL_302j/LIB_ELF/LIBSGL.A(sglI04.o)
 .text          0x06018b60      0x128 ../../Compiler/COMMON/SGL_302j/LIB_ELF/LIBSGL.A(sglIc0.o)
                0x06018b60                slInitSystem
 *fill*         0x06018c88        0x8 
 .text          0x06018c90        0x0 ../../Compiler/COMMON/SGL_302j/LIB_ELF/LIBSGL.A(sglJ00.o)
 .text          0x06018c90        0x0 ../../Compiler/COMMON/SGL_302j/LIB_ELF/LIBSGL.A(sglJ01.o)
 .text          0x06018c90        0x0 ../../Compiler/COMMON/SGL_302j/LIB_ELF/LIBSGL.A(sglJ02.o)
 .text          0x06018c90        0x0 ../../Compiler/COMMON/SGL_302j/LIB_ELF/LIBSGL.A(sglJ03.o)
 .text          0x06018c90        0x0 ../../Compiler/COMMON/SGL_302j/LIB_ELF/LIBSGL.A(sglJ04.o)
 .text          0x06018c90        0x0 ../../Compiler/COMMON/SGL_302j/LIB_ELF/LIBSGL.A(sglJ05.o)
 .text          0x06018c90        0x0 ../../Compiler/COMMON/SGL_302j/LIB_ELF/LIBSGL.A(sglK01.o)
 .text          0x06018c90        0x0 ../../Compiler/COMMON/SGL_302j/LIB_ELF/LIBSGL.A(sglM01.o)
 .text          0x06018c90        0x0 ../../Compiler/COMMON/SGL_302j/LIB_ELF/LIBSGL.A(sglA00.o)
 .text          0x06018c90        0x0 ../../Compiler/COMMON/SGL_302j/LIB_ELF/LIBSGL.A(sglA01.o)
 .text          0x06018c90        0x0 ../../Compiler/COMMON/SGL_302j/LIB_ELF/LIBSGL.A(sglA24.o)
 .text          0x06018c90        0x0 ../../Compiler/COMMON/SGL_302j/LIB_ELF/LIBSGL.A(sglA28.o)
 .text          0x06018c90        0x0 ../../Compiler/COMMON/SGL_302j/LIB_ELF/LIBSGL.A(sglB000.o)
 .text          0x06018c90        0x0 ../../Compiler/COMMON/SGL_302j/LIB_ELF/LIBSGL.A(sglC00.o)
 .text          0x06018c90        0x0 ../../Compiler/COMMON/SGL_302j/LIB_ELF/LIBSGL.A(sglD02.o)
 .text          0x06018c90        0x0 ../../Compiler/COMMON/SGL_302j/LIB_ELF/LIBSGL.A(sglI00.o)
 .text          0x06018c90        0x0 ../../Compiler/COMMON/SGL_302j/LIB_ELF/LIBSGL.A(sglH03.o)
 .text          0x06018c90       0x52 c:/development/saturn/joengine/compiler/windows/bin/../lib/gcc/sh-elf/9.3.0\libgcc.a(_ashiftrt.o)
                0x06018c90                __ashiftrt_r4_31
                0x06018c90                __ashiftrt_r4_32
                0x06018c96                __ashiftrt_r4_30
                0x06018c98                __ashiftrt_r4_29
                0x06018c9a                __ashiftrt_r4_28
                0x06018c9c                __ashiftrt_r4_27
                0x06018c9e                __ashiftrt_r4_26
                0x06018ca0                __ashiftrt_r4_25
                0x06018ca2                __ashiftrt_r4_24
                0x06018caa                __ashiftrt_r4_23
                0x06018cac                __ashiftrt_r4_22
                0x06018cae                __ashiftrt_r4_21
                0x06018cb0                __ashiftrt_r4_20
                0x06018cb2                __ashiftrt_r4_19
                0x06018cb4                __ashiftrt_r4_18
                0x06018cb6                __ashiftrt_r4_17
                0x06018cb8                __ashiftrt_r4_16
                0x06018cbe                __ashiftrt_r4_15
                0x06018cc0                __ashiftrt_r4_14
                0x06018cc2                __ashiftrt_r4_13
                0x06018cc4                __ashiftrt_r4_12
                0x06018cc6                __ashiftrt_r4_11
                0x06018cc8                __ashiftrt_r4_10
                0x06018cca                __ashiftrt_r4_9
                0x06018ccc                __ashiftrt_r4_8
                0x06018cce                __ashiftrt_r4_7
                0x06018cd0                __ashiftrt_r4_6
                0x06018cd2                __ashiftrt_r4_5
                0x06018cd4                __ashiftrt_r4_4
                0x06018cd6                __ashiftrt_r4_3
                0x06018cd8                __ashiftrt_r4_2
                0x06018cda                __ashiftrt_r4_1
                0x06018cde                __ashiftrt_r4_0
 *fill*         0x06018ce2        0x2 
 .text          0x06018ce4       0x80 c:/development/saturn/joengine/compiler/windows/bin/../lib/gcc/sh-elf/9.3.0\libgcc.a(_ashiftrt_n.o)
                0x06018ce4                __ashrsi3
 .text          0x06018d64       0xbc c:/development/saturn/joengine/compiler/windows/bin/../lib/gcc/sh-elf/9.3.0\libgcc.a(_ashiftlt.o)
                0x06018d64                __ashlsi3
                0x06018d68                __ashlsi3_r0
 .text          0x06018e20       0xbc c:/development/saturn/joengine/compiler/windows/bin/../lib/gcc/sh-elf/9.3.0\libgcc.a(_lshiftrt.o)
                0x06018e20                __lshrsi3
                0x06018e24                __lshrsi3_r0
 .text          0x06018edc       0xa0 c:/development/saturn/joengine/compiler/windows/bin/../lib/gcc/sh-elf/9.3.0\libgcc.a(_sdivsi3.o)
                0x06018edc                __sdivsi3
 .text          0x06018f7c       0x6c c:/development/saturn/joengine/compiler/windows/bin/../lib/gcc/sh-elf/9.3.0\libgcc.a(_udivsi3.o)
                0x06018f9e                __udivsi3
 .text          0x06018fe8      0x21c c:/development/saturn/joengine/compiler/windows/bin/../lib/gcc/sh-elf/9.3.0\libgcc.a(_addsub_sf.o)
                0x06019168                __addsf3
                0x060191b4                __subsf3
 .text          0x06019204      0x134 c:/development/saturn/joengine/compiler/windows/bin/../lib/gcc/sh-elf/9.3.0\libgcc.a(_mul_sf.o)
                0x06019204                __mulsf3
 .text          0x06019338       0xdc c:/development/saturn/joengine/compiler/windows/bin/../lib/gcc/sh-elf/9.3.0\libgcc.a(_div_sf.o)
                0x06019338                __divsf3
 .text          0x06019414       0x54 c:/development/saturn/joengine/compiler/windows/bin/../lib/gcc/sh-elf/9.3.0\libgcc.a(_gt_sf.o)
                0x06019414                __gtsf2
 .text          0x06019468       0x54 c:/development/saturn/joengine/compiler/windows/bin/../lib/gcc/sh-elf/9.3.0\libgcc.a(_ge_sf.o)
                0x06019468                __gesf2
 .text          0x060194bc       0x54 c:/development/saturn/joengine/compiler/windows/bin/../lib/gcc/sh-elf/9.3.0\libgcc.a(_lt_sf.o)
                0x060194bc                __ltsf2
 .text          0x06019510       0x54 c:/development/saturn/joengine/compiler/windows/bin/../lib/gcc/sh-elf/9.3.0\libgcc.a(_le_sf.o)
                0x06019510                __lesf2
 .text          0x06019564       0x84 c:/development/saturn/joengine/compiler/windows/bin/../lib/gcc/sh-elf/9.3.0\libgcc.a(_si_to_sf.o)
                0x06019564                __floatsisf
 .text          0x060195e8       0x70 c:/development/saturn/joengine/compiler/windows/bin/../lib/gcc/sh-elf/9.3.0\libgcc.a(_sf_to_si.o)
                0x060195e8                __fixsfsi
 .text          0x06019658       0x3c c:/development/saturn/joengine/compiler/windows/bin/../lib/gcc/sh-elf/9.3.0\libgcc.a(_sf_to_df.o)
                0x06019658                __extendsfdf2
 .text          0x06019694        0x0 c:/development/saturn/joengine/compiler/windows/bin/../lib/gcc/sh-elf/9.3.0\libgcc.a(_thenan_sf.o)
 .text          0x06019694       0x94 c:/development/saturn/joengine/compiler/windows/bin/../lib/gcc/sh-elf/9.3.0\libgcc.a(_usi_to_sf.o)
                0x06019694                __floatunsisf
 .text          0x06019728      0x3e0 c:/development/saturn/joengine/compiler/windows/bin/../lib/gcc/sh-elf/9.3.0\libgcc.a(_addsub_df.o)
                0x06019a64                __adddf3
                0x06019ab4                __subdf3
 .text          0x06019b08      0x208 c:/development/saturn/joengine/compiler/windows/bin/../lib/gcc/sh-elf/9.3.0\libgcc.a(_mul_df.o)
                0x06019b08                __muldf3
 .text          0x06019d10       0xa8 c:/development/saturn/joengine/compiler/windows/bin/../lib/gcc/sh-elf/9.3.0\libgcc.a(_si_to_df.o)
                0x06019d10                __floatsidf
 .text          0x06019db8       0xa0 c:/development/saturn/joengine/compiler/windows/bin/../lib/gcc/sh-elf/9.3.0\libgcc.a(_df_to_si.o)
                0x06019db8                __fixdfsi
 .text          0x06019e58       0x28 c:/development/saturn/joengine/compiler/windows/bin/../lib/gcc/sh-elf/9.3.0\libgcc.a(_make_df.o)
                0x06019e58                __make_dp
 .text          0x06019e80       0x4c c:/development/saturn/joengine/compiler/windows/bin/../lib/gcc/sh-elf/9.3.0\libgcc.a(_df_to_sf.o)
                0x06019e80                __truncdfsf2
 .text          0x06019ecc        0x0 c:/development/saturn/joengine/compiler/windows/bin/../lib/gcc/sh-elf/9.3.0\libgcc.a(_thenan_df.o)
 .text          0x06019ecc       0x54 c:/development/saturn/joengine/compiler/windows/bin/../lib/gcc/sh-elf/9.3.0\libgcc.a(_clzsi2.o)
                0x06019ecc                __clzsi2
 .text          0x06019f20      0x11c c:/development/saturn/joengine/compiler/windows/bin/../lib/gcc/sh-elf/9.3.0\libgcc.a(_pack_sf.o)
                0x06019f20                __pack_f
 .text          0x0601a03c       0xa0 c:/development/saturn/joengine/compiler/windows/bin/../lib/gcc/sh-elf/9.3.0\libgcc.a(_unpack_sf.o)
                0x0601a03c                __unpack_f
 .text          0x0601a0dc       0xac c:/development/saturn/joengine/compiler/windows/bin/../lib/gcc/sh-elf/9.3.0\libgcc.a(_fpcmp_parts_sf.o)
                0x0601a0dc                __fpcmp_parts_f
 .text          0x0601a188       0x20 c:/development/saturn/joengine/compiler/windows/bin/../lib/gcc/sh-elf/9.3.0\libgcc.a(_make_sf.o)
                0x0601a188                __make_fp
 .text          0x0601a1a8      0x274 c:/development/saturn/joengine/compiler/windows/bin/../lib/gcc/sh-elf/9.3.0\libgcc.a(_pack_df.o)
                0x0601a1a8                __pack_d
 .text          0x0601a41c       0xcc c:/development/saturn/joengine/compiler/windows/bin/../lib/gcc/sh-elf/9.3.0\libgcc.a(_unpack_df.o)
                0x0601a41c                __unpack_d
 .text          0x0601a4e8        0x0 c:/development/saturn/joengine/compiler/windows/bin/../lib/gcc/sh-elf/9.3.0\libgcc.a(_clz.o)
 .text          0x0601a4e8       0x1e c:/development/saturn/joengine/compiler/windows/bin/../lib/gcc/sh-elf/9.3.0/../../../../sh-elf/lib\libc.a(lib_a-memcmp.o)
                0x0601a4e8                memcmp
 *fill*         0x0601a506        0x2 
 .text          0x0601a508       0x94 c:/development/saturn/joengine/compiler/windows/bin/../lib/gcc/sh-elf/9.3.0/../../../../sh-elf/lib\libc.a(lib_a-memcpy.o)
                0x0601a508                memcpy
 .text          0x0601a59c       0x40 c:/development/saturn/joengine/compiler/windows/bin/../lib/gcc/sh-elf/9.3.0/../../../../sh-elf/lib\libc.a(lib_a-memset.o)
                0x0601a59c                memset
 .text          0x0601a5dc      0x3b8 c:/development/saturn/joengine/compiler/windows/bin/../lib/gcc/sh-elf/9.3.0/../../../../sh-elf/lib\libc.a(lib_a-qsort.o)
                0x0601a688                qsort
 .text          0x0601a994       0xf8 c:/development/saturn/joengine/compiler/windows/bin/../lib/gcc/sh-elf/9.3.0/../../../../sh-elf/lib\libc.a(lib_a-snprintf.o)
                0x0601a994                _snprintf_r
                0x0601a994                _sniprintf_r
                0x0601aa0c                snprintf
                0x0601aa0c                sniprintf
 .text          0x0601aa8c       0x8c c:/development/saturn/joengine/compiler/windows/bin/../lib/gcc/sh-elf/9.3.0/../../../../sh-elf/lib\libc.a(lib_a-sprintf.o)
                0x0601aa8c                _siprintf_r
                0x0601aa8c                _sprintf_r
                0x0601aacc                siprintf
                0x0601aacc                sprintf
 .text          0x0601ab18       0x20 c:/development/saturn/joengine/compiler/windows/bin/../lib/gcc/sh-elf/9.3.0/../../../../sh-elf/lib\libc.a(lib_a-strcat.o)
                0x0601ab18                strcat
 .text          0x0601ab38       0x38 c:/development/saturn/joengine/compiler/windows/bin/../lib/gcc/sh-elf/9.3.0/../../../../sh-elf/lib\libc.a(lib_a-strcmp.o)
                0x0601ab38                strcmp
 .text          0x0601ab70       0x3c c:/development/saturn/joengine/compiler/windows/bin/../lib/gcc/sh-elf/9.3.0/../../../../sh-elf/lib\libc.a(lib_a-strcpy.o)
                0x0601ab70                strcpy
 .text          0x0601abac       0x20 c:/development/saturn/joengine/compiler/windows/bin/../lib/gcc/sh-elf/9.3.0/../../../../sh-elf/lib\libc.a(lib_a-strlen.o)
                0x0601abac                strlen
 .text          0x0601abcc       0x2a c:/development/saturn/joengine/compiler/windows/bin/../lib/gcc/sh-elf/9.3.0/../../../../sh-elf/lib\libc.a(lib_a-strncmp.o)
                0x0601abcc                strncmp
 .text          0x0601abf6       0x36 c:/development/saturn/joengine/compiler/windows/bin/../lib/gcc/sh-elf/9.3.0/../../../../sh-elf/lib\libc.a(lib_a-strncpy.o)
                0x0601abf6                strncpy
 .text          0x0601ac2c        0x0 c:/development/saturn/joengine/compiler/windows/bin/../lib/gcc/sh-elf/9.3.0/../../../../sh-elf/lib\libc.a(lib_a-impure.o)
 .text          0x0601ac2c      0x444 c:/development/saturn/joengine/compiler/windows/bin/../lib/gcc/sh-elf/9.3.0/../../../../sh-elf/lib\libc.a(lib_a-nano-svfprintf.o)
                0x0601ac2c                __ssputs_r
                0x0601ad20                __ssprint_r
                0x0601ae54                _svfprintf_r
                0x0601ae54                _svfiprintf_r
 .text          0x0601b070      0x380 c:/development/saturn/joengine/compiler/windows/bin/../lib/gcc/sh-elf/9.3.0/../../../../sh-elf/lib\libc.a(lib_a-nano-vfprintf_i.o)
                0x0601b070                _printf_common
                0x0601b170                _printf_i
 .text          0x0601b3f0       0x1c c:/development/saturn/joengine/compiler/windows/bin/../lib/gcc/sh-elf/9.3.0/../../../../sh-elf/lib\libc.a(lib_a-memchr.o)
                0x0601b3f0                memchr
 .text          0x0601b40c       0x3c c:/development/saturn/joengine/compiler/windows/bin/../lib/gcc/sh-elf/9.3.0/../../../../sh-elf/lib\libc.a(lib_a-memmove.o)
                0x0601b40c                memmove
 .text          0x0601b448       0xd0 c:/development/saturn/joengine/compiler/windows/bin/../lib/gcc/sh-elf/9.3.0/../../../../sh-elf/lib\libc.a(lib_a-nano-freer.o)
                0x0601b448                _free_r
 .text          0x0601b518       0xf8 c:/development/saturn/joengine/compiler/windows/bin/../lib/gcc/sh-elf/9.3.0/../../../../sh-elf/lib\libc.a(lib_a-nano-mallocr.o)
                0x0601b518                _malloc_r
 .text          0x0601b610       0x7c c:/development/saturn/joengine/compiler/windows/bin/../lib/gcc/sh-elf/9.3.0/../../../../sh-elf/lib\libc.a(lib_a-nano-reallocr.o)
                0x0601b610                _realloc_r
 .text          0x0601b68c       0x30 c:/development/saturn/joengine/compiler/windows/bin/../lib/gcc/sh-elf/9.3.0/../../../../sh-elf/lib\libc.a(lib_a-sbrkr.o)
                0x0601b68c                _sbrk_r
 .text          0x0601b6bc      0x25c c:/development/saturn/joengine/compiler/windows/bin/../lib/gcc/sh-elf/9.3.0/../../../../sh-elf/lib\libc.a(lib_a-syscalls.o)
                0x0601b734                _read
                0x0601b744                _lseek
                0x0601b754                _write
                0x0601b764                _close
                0x0601b774                _link
                0x0601b778                _sbrk
                0x0601b7d0                _fstat
                0x0601b7da                _open
                0x0601b7ec                _creat
                0x0601b7fc                _unlink
                0x0601b800                isatty
                0x0601b804                _isatty
                0x0601b808                _exit
                0x0601b818                _kill
                0x0601b82c                _getpid
                0x0601b830                _raise
                0x0601b834                _stat
                0x0601b844                _chmod
                0x0601b854                _chown
                0x0601b864                _utime
                0x0601b878                _fork
                0x0601b884                _wait
                0x0601b894                _execve
                0x0601b8a4                _execv
                0x0601b8b4                _pipe
                0x0601b8c0                _times
                0x0601b8c4                _gettimeofday
                0x0601b8ec                __setup_argv_and_call_main
 .text          0x0601b918       0x14 c:/development/saturn/joengine/compiler/windows/bin/../lib/gcc/sh-elf/9.3.0/../../../../sh-elf/lib\libc.a(lib_a-trap.o)
                0x0601b918                __trap34
 .text          0x0601b92c       0x18 c:/development/saturn/joengine/compiler/windows/bin/../lib/gcc/sh-elf/9.3.0/../../../../sh-elf/lib\libc.a(lib_a-abort.o)
                0x0601b92c                abort
 .text          0x0601b944        0x8 c:/development/saturn/joengine/compiler/windows/bin/../lib/gcc/sh-elf/9.3.0/../../../../sh-elf/lib\libc.a(lib_a-mlock.o)
                0x0601b944                __malloc_lock
                0x0601b948                __malloc_unlock
 .text          0x0601b94c       0x16 c:/development/saturn/joengine/compiler/windows/bin/../lib/gcc/sh-elf/9.3.0/../../../../sh-elf/lib\libc.a(lib_a-nano-msizer.o)
                0x0601b94c                _malloc_usable_size_r
 *fill*         0x0601b962        0x2 
 .text          0x0601b964      0x1b4 c:/development/saturn/joengine/compiler/windows/bin/../lib/gcc/sh-elf/9.3.0/../../../../sh-elf/lib\libc.a(lib_a-signal.o)
                0x0601b964                _init_signal_r
                0x0601b9a4                _signal_r
                0x0601b9f0                _raise_r
                0x0601ba68                __sigtramp_r
                0x0601bacc                raise
                0x0601bae0                signal
                0x0601baf4                _init_signal
                0x0601bb04                __sigtramp
 .text          0x0601bb18       0x40 c:/development/saturn/joengine/compiler/windows/bin/../lib/gcc/sh-elf/9.3.0/../../../../sh-elf/lib\libc.a(lib_a-signalr.o)
                0x0601bb18                _kill_r
                0x0601bb4c                _getpid_r
 *(.strings)
 *(SEGA_P)
 *(.eh_frame_hdr)
 *(.eh_frame)
                0x0601bb58                __etext = .

.text.startup   0x0601bb60       0x40
 .text.startup  0x0601bb60       0x40 ../../jo_engine/core.o
                0x0601bb60                main

SLPROG          0x0601bba0    0x13000
                0x0601bba0                __slprog_start = .
 *(SLPROG)
 SLPROG         0x0601bba0     0x6540 ../../Compiler/COMMON/SGL_302j/LIB_ELF/SGLAREA.O
                0x0601bba0                MasterStack
                0x0601bba4                SlaveStack
                0x0601bba8                MaxVertices
                0x0601bbaa                MaxPolygons
                0x0601bbac                SortList
                0x0601bbb0                SortListSize
                0x0601bbb4                TransList
                0x0601bbb8                Zbuffer
                0x0601bbbc                SpriteBuf
                0x0601bbc0                SpriteBufSize
                0x0601bbc4                Pbuffer
                0x0601bbc8                CommandBuf
                0x0601bbcc                CLOfstBuf
                0x0601bbd0                PCM_Work
                0x0601bbd4                PCM_WkSize
                0x0601bbd8                MaxEvents
                0x0601bbda                EventSize
                0x0601bbdc                MaxWorks
                0x0601bbde                WorkSize
                0x0601bbe0                RemainEvent
                0x0601bce0                RemainWork
                0x0601c0e0                EventBuf
                0x0601e0e0                WorkBuf
 SLPROG         0x060220e0       0x78 ../../Compiler/COMMON/SGL_302j/LIB_ELF/LIBSGL.A(sglA17.o)
                0x060220e0                slRotZ
                0x060220ea                slRotZSC
 *fill*         0x06022158        0x8 
 SLPROG         0x06022160       0x78 ../../Compiler/COMMON/SGL_302j/LIB_ELF/LIBSGL.A(sglA18.o)
                0x06022160                slRotY
                0x0602216a                slRotYSC
 *fill*         0x060221d8        0x8 
 SLPROG         0x060221e0       0x78 ../../Compiler/COMMON/SGL_302j/LIB_ELF/LIBSGL.A(sglA19.o)
                0x060221e0                slRotX
                0x060221ea                slRotXSC
 *fill*         0x06022258        0x8 
 SLPROG         0x06022260      0x42c ../../Compiler/COMMON/SGL_302j/LIB_ELF/LIBSGL.A(sglA20.o)
                0x06022260                slInitMatrix
                0x0602226a                slPushUnitMatrix
                0x0602227e                slUnitMatrix
 *fill*         0x0602268c        0x4 
 SLPROG         0x06022690       0x48 ../../Compiler/COMMON/SGL_302j/LIB_ELF/LIBSGL.A(sglA21.o)
                0x06022690                slPushMatrix
                0x060226c4                slDecMatrixPtr
                0x060226c4                slPopMatrix
 *fill*         0x060226d8        0x8 
 SLPROG         0x060226e0       0x50 ../../Compiler/COMMON/SGL_302j/LIB_ELF/LIBSGL.A(sglA27.o)
                0x060226e0                slTranslate
 SLPROG         0x06022730       0x20 ../../Compiler/COMMON/SGL_302j/LIB_ELF/LIBSGL.A(sglB001.o)
                0x06022730                slTVOn
                0x0602273a                slTVOff
 SLPROG         0x06022750       0x24 ../../Compiler/COMMON/SGL_302j/LIB_ELF/LIBSGL.A(sglB011.o)
                0x06022750                slBitMapNbg1
 *fill*         0x06022774        0xc 
 SLPROG         0x06022780        0x8 ../../Compiler/COMMON/SGL_302j/LIB_ELF/LIBSGL.A(sglB014.o)
                0x06022780                slScrTransparent
 *fill*         0x06022788        0x8 
 SLPROG         0x06022790      0x40c ../../Compiler/COMMON/SGL_302j/LIB_ELF/LIBSGL.A(sglB015.o)
                0x06022790                slScrAutoDisp
 *fill*         0x06022b9c        0x4 
 SLPROG         0x06022ba0        0xc ../../Compiler/COMMON/SGL_302j/LIB_ELF/LIBSGL.A(sglB016.o)
                0x06022ba0                slBack1ColSet
 *fill*         0x06022bac        0x4 
 SLPROG         0x06022bb0       0x10 ../../Compiler/COMMON/SGL_302j/LIB_ELF/LIBSGL.A(sglB020.o)
                0x06022bb0                slColorCalc
 SLPROG         0x06022bc0        0xc ../../Compiler/COMMON/SGL_302j/LIB_ELF/LIBSGL.A(sglB021.o)
                0x06022bc0                slColorCalcOn
 *fill*         0x06022bcc        0x4 
 SLPROG         0x06022bd0        0xc ../../Compiler/COMMON/SGL_302j/LIB_ELF/LIBSGL.A(sglB023.o)
                0x06022bd0                slColRate
 *fill*         0x06022bdc        0x4 
 SLPROG         0x06022be0       0xb4 ../../Compiler/COMMON/SGL_302j/LIB_ELF/LIBSGL.A(sglB032.o)
                0x06022be0                slMapNbg1
 *fill*         0x06022c94        0xc 
 SLPROG         0x06022ca0       0xd4 ../../Compiler/COMMON/SGL_302j/LIB_ELF/LIBSGL.A(sglB035.o)
                0x06022ca0                sl1MapRA
                0x06022d32                rbank_set
 *fill*         0x06022d74        0xc 
 SLPROG         0x06022d80       0xa0 ../../Compiler/COMMON/SGL_302j/LIB_ELF/LIBSGL.A(sglB036.o)
                0x06022d80                sl1MapRB
 SLPROG         0x06022e20       0x70 ../../Compiler/COMMON/SGL_302j/LIB_ELF/LIBSGL.A(sglB038.o)
                0x06022e20                slRparaInitSet
 SLPROG         0x06022e90       0x7e ../../Compiler/COMMON/SGL_302j/LIB_ELF/LIBSGL.A(sglB039.o)
                0x06022e90                slMakeKtable
 *fill*         0x06022f0e        0x2 
 SLPROG         0x06022f10       0x58 ../../Compiler/COMMON/SGL_302j/LIB_ELF/LIBSGL.A(sglB040.o)
                0x06022f10                slKtableRA
 *fill*         0x06022f68        0x8 
 SLPROG         0x06022f70       0x5c ../../Compiler/COMMON/SGL_302j/LIB_ELF/LIBSGL.A(sglB041.o)
                0x06022f70                slKtableRB
 *fill*         0x06022fcc        0x4 
 SLPROG         0x06022fd0       0x10 ../../Compiler/COMMON/SGL_302j/LIB_ELF/LIBSGL.A(sglB042.o)
                0x06022fd0                slCurRpara
 SLPROG         0x06022fe0        0x8 ../../Compiler/COMMON/SGL_302j/LIB_ELF/LIBSGL.A(sglB043.o)
                0x06022fe0                slRparaMode
 *fill*         0x06022fe8        0x8 
 SLPROG         0x06022ff0      0x4e4 ../../Compiler/COMMON/SGL_302j/LIB_ELF/LIBSGL.A(sglB044.o)
                0x06022ff0                slScrMatSet
 *fill*         0x060234d4        0xc 
 SLPROG         0x060234e0       0x28 ../../Compiler/COMMON/SGL_302j/LIB_ELF/LIBSGL.A(sglB045.o)
                0x060234e0                slScrMatConv
 *fill*         0x06023508        0x8 
 SLPROG         0x06023510        0xc ../../Compiler/COMMON/SGL_302j/LIB_ELF/LIBSGL.A(sglB047.o)
                0x06023510                slOverRA
 *fill*         0x0602351c        0x4 
 SLPROG         0x06023520       0x10 ../../Compiler/COMMON/SGL_302j/LIB_ELF/LIBSGL.A(sglB048.o)
                0x06023520                slOverRB
 SLPROG         0x06023530        0xc ../../Compiler/COMMON/SGL_302j/LIB_ELF/LIBSGL.A(sglB056.o)
                0x06023530                slPlaneNbg1
 *fill*         0x0602353c        0x4 
 SLPROG         0x06023540        0xc ../../Compiler/COMMON/SGL_302j/LIB_ELF/LIBSGL.A(sglB059.o)
                0x06023540                slPlaneRA
 *fill*         0x0602354c        0x4 
 SLPROG         0x06023550       0x10 ../../Compiler/COMMON/SGL_302j/LIB_ELF/LIBSGL.A(sglB060.o)
                0x06023550                slPlaneRB
 SLPROG         0x06023560        0xc ../../Compiler/COMMON/SGL_302j/LIB_ELF/LIBSGL.A(sglB063.o)
                0x06023560                slPriority
 *fill*         0x0602356c        0x4 
 SLPROG         0x06023570       0x18 ../../Compiler/COMMON/SGL_302j/LIB_ELF/LIBSGL.A(sglB087.o)
                0x06023570                slLineScrollTable0
 *fill*         0x06023588        0x8 
 SLPROG         0x06023590        0x8 ../../Compiler/COMMON/SGL_302j/LIB_ELF/LIBSGL.A(sglB088.o)
                0x06023590                slLineScrollTable1
 *fill*         0x06023598        0x8 
 SLPROG         0x060235a0        0xc ../../Compiler/COMMON/SGL_302j/LIB_ELF/LIBSGL.A(sglB090.o)
                0x060235a0                slLineScrollMode
 *fill*         0x060235ac        0x4 
 SLPROG         0x060235b0      0x114 ../../Compiler/COMMON/SGL_302j/LIB_ELF/LIBSGL.A(sglB200.o)
                0x060235b0                slCharRbg0
                0x060235bc                slCharNbg0
                0x060235c8                slCharNbg1
                0x060235d4                slCharNbg2
                0x060235ea                slCharNbg3
                0x06023602                slPageRbg0
                0x06023618                slPageNbg1
                0x06023620                slPageNbg2
                0x06023628                slPageNbg3
                0x06023634                slPageNbg0
 *fill*         0x060236c4        0xc 
 SLPROG         0x060236d0       0x2c ../../Compiler/COMMON/SGL_302j/LIB_ELF/LIBSGL.A(sglC04.o)
                0x060236d0                slZdspLevel
 *fill*         0x060236fc        0x4 
 SLPROG         0x06023700       0x78 ../../Compiler/COMMON/SGL_302j/LIB_ELF/LIBSGL.A(sglC05.o)
                0x06023700                slSetSprite
 *fill*         0x06023778        0x8 
 SLPROG         0x06023780       0xfa ../../Compiler/COMMON/SGL_302j/LIB_ELF/LIBSGL.A(sglC06.o)
                0x06023780                slDispSprite
 *fill*         0x0602387a        0x6 
 SLPROG         0x06023880      0x162 ../../Compiler/COMMON/SGL_302j/LIB_ELF/LIBSGL.A(sglC07.o)
                0x06023886                slPutSprite
 *fill*         0x060239e2        0xe 
 SLPROG         0x060239f0     0x1218 ../../Compiler/COMMON/SGL_302j/LIB_ELF/LIBSGL.A(sglC08.o)
                0x060239f0                slPutPolygon
                0x0602466c                MsCalcDepthFlat
 *fill*         0x06024c08        0x8 
 SLPROG         0x06024c10       0x4c ../../Compiler/COMMON/SGL_302j/LIB_ELF/LIBSGL.A(sglC17.o)
                0x06024c10                slDispSpriteHV
 *fill*         0x06024c5c        0x4 
 SLPROG         0x06024c60       0xd4 ../../Compiler/COMMON/SGL_302j/LIB_ELF/LIBSGL.A(sglC19.o)
                0x06024c60                slDispSprite4P
 *fill*         0x06024d34        0xc 
 SLPROG         0x06024d40       0x40 ../../Compiler/COMMON/SGL_302j/LIB_ELF/LIBSGL.A(sglC20.o)
                0x06024d40                SpriteEntry
 SLPROG         0x06024d80      0x4ae ../../Compiler/COMMON/SGL_302j/LIB_ELF/LIBSGL.A(sglC21.o)
                0x06024e08                RotSprite
                0x06024e96                SetSprPosition
 *fill*         0x0602522e        0x2 
 SLPROG         0x06025230       0x84 ../../Compiler/COMMON/SGL_302j/LIB_ELF/LIBSGL.A(sglD00.o)
                0x06025230                slCpuDMACopy
                0x06025230                slDMACopy
                0x0602528a                CSH_AllClr
                0x0602528a                slCashPurge
 *fill*         0x060252b4        0xc 
 SLPROG         0x060252c0       0xa0 ../../Compiler/COMMON/SGL_302j/LIB_ELF/LIBSGL.A(sglD01.o)
                0x060252c0                slDMAXCopy
 SLPROG         0x06025360        0xc ../../Compiler/COMMON/SGL_302j/LIB_ELF/LIBSGL.A(sglD03.o)
                0x06025360                slDMAStatus
 *fill*         0x0602536c        0x4 
 SLPROG         0x06025370       0x20 ../../Compiler/COMMON/SGL_302j/LIB_ELF/LIBSGL.A(sglD15.o)
                0x06025370                CSH_Purge
 SLPROG         0x06025390       0x84 ../../Compiler/COMMON/SGL_302j/LIB_ELF/LIBSGL.A(sglD16.o)
                0x06025390                DMA_ScuSetPrm
                0x060253d8                DMA_SCU_PRM0
 *fill*         0x06025414        0xc 
 SLPROG         0x06025420       0x88 ../../Compiler/COMMON/SGL_302j/LIB_ELF/LIBSGL.A(sglD17.o)
                0x06025420                DMA_ScuStart
 *fill*         0x060254a8        0x8 
 SLPROG         0x060254b0       0x34 ../../Compiler/COMMON/SGL_302j/LIB_ELF/LIBSGL.A(sglD18.o)
                0x060254b0                DMA_ScuGetStatus
 *fill*         0x060254e4        0xc 
 SLPROG         0x060254f0       0x4e ../../Compiler/COMMON/SGL_302j/LIB_ELF/LIBSGL.A(sglF00.o)
                0x060254f0                slCurScrn
                0x06025500                slCurColor
                0x0602550a                slLocate
                0x0602553c                CurrentScreen
 *fill*         0x0602553e        0x2 
 SLPROG         0x06025540       0x1c ../../Compiler/COMMON/SGL_302j/LIB_ELF/LIBSGL.A(sglF05.o)
                0x06025540                slPrint
 *fill*         0x0602555c        0x4 
 SLPROG         0x06025560       0x34 ../../Compiler/COMMON/SGL_302j/LIB_ELF/LIBSGL.A(sglF08.o)
                0x06025560                slDec2Hex
 *fill*         0x06025594        0xc 
 SLPROG         0x060255a0      0x1d0 ../../Compiler/COMMON/SGL_302j/LIB_ELF/LIBSGL.A(sglG00.o)
                0x060255a0                slInitSound
                0x060256a4                slWaitSound
                0x060256bc                slSndFlush
 SLPROG         0x06025770       0x18 ../../Compiler/COMMON/SGL_302j/LIB_ELF/LIBSGL.A(sglG01.o)
                0x06025770                slSndVolume
 *fill*         0x06025788        0x8 
 SLPROG         0x06025790       0x4c ../../Compiler/COMMON/SGL_302j/LIB_ELF/LIBSGL.A(sglG19.o)
                0x06025790                slCDDAOn
 *fill*         0x060257dc        0x4 
 SLPROG         0x060257e0      0x1e0 ../../Compiler/COMMON/SGL_302j/LIB_ELF/LIBSGL.A(sglG21.o)
                0x060257e8                slPCMOn
                0x06025906                slSndPCMNum
 SLPROG         0x060259c0       0x48 ../../Compiler/COMMON/SGL_302j/LIB_ELF/LIBSGL.A(sglG22.o)
                0x060259c0                slPCMOff
 *fill*         0x06025a08        0x8 
 SLPROG         0x06025a10       0x18 ../../Compiler/COMMON/SGL_302j/LIB_ELF/LIBSGL.A(sglG25.o)
                0x06025a10                slPCMStat
 *fill*         0x06025a28        0x8 
 SLPROG         0x06025a30      0xfc8 ../../Compiler/COMMON/SGL_302j/LIB_ELF/LIBSGL.A(sglH00.o)
                0x06025a48                slGetPortDir1
                0x06025a50                slGetPortDir2
                0x06025a58                slSetPortDir1
                0x06025a82                slSetPortDir2
                0x06025abc                slGetPortData1
                0x06025ac4                slGetPortData2
                0x06025acc                slSetPortData1
                0x06025ad6                slSetPortData2
                0x06025ae8                slGetPortSelect1
                0x06025af2                slGetPortSelect2
                0x06025afc                slSetPortSelect1
                0x06025b30                slSetPortSelect2
                0x06025b6c                slGetPortExt1
                0x06025b76                slGetPortExt2
                0x06025b80                slSetPortExt1
                0x06025bb0                slSetPortExt2
                0x06025d24                slSmpcDirectAccess
                0x06025da4                slInitPeripheral
                0x06025e36                slSetResultBuffer
                0x06025ec2                slCheckIntBackSet
                0x06025ece                slIntBackCancel
                0x06025ef8                slCheckReset
                0x06025f02                slClearReset
                0x060260c8                slSmpcCashSend
                0x06026184                slSmpcCashBlow
                0x06026260                slGetOptimize
                0x0602626a                slSetOptimize
                0x06026290                slGetPortMode1
                0x0602629c                slGetPortMode2
                0x060262aa                slSetPortMode1
                0x060262e8                slSetPortMode2
                0x06026474                slRequestCommand
                0x060264e4                Smpc_Status
                0x060264e8                Smpc_Result
                0x060264ec                Smpc_Peripheral
                0x060264f2                Per_Connect1
                0x060264f3                Per_Connect2
                0x06026514                SmpcStatusBuf
 *fill*         0x060269f8        0x8 
 SLPROG         0x06026a00       0xa8 ../../Compiler/COMMON/SGL_302j/LIB_ELF/LIBSGL.A(sglH01.o)
                0x06026a00                slGetLanguage
                0x06026a0a                slSetLanguage
                0x06026a2c                slGetSoundEffect
                0x06026a38                slSetSoundEffect
                0x06026a54                slGetSoundOutput
                0x06026a60                slSetSoundOutput
                0x06026a7c                slGetHelpWindow
                0x06026a88                slSetHelpWindow
 *fill*         0x06026aa8        0x8 
 SLPROG         0x06026ab0      0x470 ../../Compiler/COMMON/SGL_302j/LIB_ELF/LIBSGL.A(sglH02.o)
                0x06026ea0                smpc_pfr_tbl
                0x06026ee0                smpc_ptf_tbl
 SLPROG         0x06026f20       0x60 ../../Compiler/COMMON/SGL_302j/LIB_ELF/LIBSGL.A(sglH04.o)
                0x06026f20                slComPrmIntBack
                0x06026f34                slComPrmSetMemory
                0x06026f4a                slComPrmSetTime
 SLPROG         0x06026f80      0x3a4 ../../Compiler/COMMON/SGL_302j/LIB_ELF/LIBSGL.A(sglI01.o)
                0x06026f80                slInitSynch
                0x06026f9a                slSynch
                0x06027090                slRandom
                0x060270ae                PCM_EndCheck
                0x0602716a                RetPCMBuf
                0x06027204                PCM_Buf
                0x060272a4                Sound_Buf
 *fill*         0x06027324        0xc 
 SLPROG         0x06027330       0x10 ../../Compiler/COMMON/SGL_302j/LIB_ELF/LIBSGL.A(sglI04.o)
                0x06027330                slIntFunction
 SLPROG         0x06027340       0x74 ../../Compiler/COMMON/SGL_302j/LIB_ELF/LIBSGL.A(sglJ00.o)
                0x06027340                InitSlaveSH
                0x060273a8                SlaveCommand
 *fill*         0x060273b4        0xc 
 SLPROG         0x060273c0      0x3d0 ../../Compiler/COMMON/SGL_302j/LIB_ELF/LIBSGL.A(sglJ01.o)
                0x060273c0                SlaveControl
                0x0602777c                ErasePolygonData
 SLPROG         0x06027790     0x12b8 ../../Compiler/COMMON/SGL_302j/LIB_ELF/LIBSGL.A(sglJ02.o)
                0x06027790                sbMakePolygon
                0x06027978                sbCalcPolygon
                0x060286b0                SetTexture
                0x060286bc                SetPolygon
                0x060286c4                SetPosition
                0x060286fc                stvtc_4
                0x060287b4                stvtc_3
                0x060289c4                stvtc_1
                0x060289d8                stvtc_2
                0x060289ec                stvtc_0
 *fill*         0x06028a48        0x8 
 SLPROG         0x06028a50      0x140 ../../Compiler/COMMON/SGL_302j/LIB_ELF/LIBSGL.A(sglJ03.o)
                0x06028a50                sbMakeDMATable
 SLPROG         0x06028b90      0x470 ../../Compiler/COMMON/SGL_302j/LIB_ELF/LIBSGL.A(sglJ04.o)
                0x06028bee                sbMakeSprite
                0x06028c54                sbMakeRotSprite
 SLPROG         0x06029000       0x3c ../../Compiler/COMMON/SGL_302j/LIB_ELF/LIBSGL.A(sglJ05.o)
                0x06029000                sbSortEntry
 *fill*         0x0602903c        0x4 
 SLPROG         0x06029040       0x6a ../../Compiler/COMMON/SGL_302j/LIB_ELF/LIBSGL.A(sglM01.o)
                0x06029040                slSetDepthLimit
                0x0602906c                slSetDepthTbl
                0x0602909c                DepthWorkArea
 *fill*         0x060290aa        0x6 
 SLPROG         0x060290b0       0x20 ../../Compiler/COMMON/SGL_302j/LIB_ELF/LIBSGL.A(sglA00.o)
                0x060290b0                set_imask
                0x060290b0                _builtin_set_imask
                0x060290c4                _builtin_get_imask
                0x060290c4                get_imask
 SLPROG         0x060290d0     0x411e ../../Compiler/COMMON/SGL_302j/LIB_ELF/LIBSGL.A(sglA01.o)
                0x060290d0                slSin
                0x060290f4                slCos
                0x06029118                GetSinCos
                0x060291ac                sin_cos_index_tbl
                0x060291ec                sin_tbl
 *fill*         0x0602d1ee        0x2 
 SLPROG         0x0602d1f0      0x3c2 ../../Compiler/COMMON/SGL_302j/LIB_ELF/LIBSGL.A(sglA24.o)
                0x0602d1f0                slInversMatrix
 *fill*         0x0602d5b2        0xe 
 SLPROG         0x0602d5c0       0x70 ../../Compiler/COMMON/SGL_302j/LIB_ELF/LIBSGL.A(sglA28.o)
                0x0602d5c0                slScale
 SLPROG         0x0602d630      0xbd0 ../../Compiler/COMMON/SGL_302j/LIB_ELF/LIBSGL.A(sglB000.o)
                0x0602d630                slInitScroll
                0x0602d750                setASC_1to8
                0x0602d780                setASC_4to8
                0x0602d890                TVSizeTbl
                0x0602d910                TVModeTbl
                0x0602dae8                SGL_ASCII_CG
 SLPROG         0x0602e200      0x134 ../../Compiler/COMMON/SGL_302j/LIB_ELF/LIBSGL.A(sglC00.o)
                0x0602e200                slInitSprite
 *fill*         0x0602e334        0xc 
 SLPROG         0x0602e340       0x10 ../../Compiler/COMMON/SGL_302j/LIB_ELF/LIBSGL.A(sglD02.o)
                0x0602e340                slDMAWait
 SLPROG         0x0602e350      0x75c ../../Compiler/COMMON/SGL_302j/LIB_ELF/LIBSGL.A(sglI00.o)
                0x0602e640                slInitInterrupt
 *fill*         0x0602eaac        0x4 
 SLPROG         0x0602eab0       0xf0 ../../Compiler/COMMON/SGL_302j/LIB_ELF/LIBSGL.A(sglH03.o)
                0x0602eb14                slSmpcIntBack
                0x0602eba0                __slprog_end = .

.tors           0x0602eba0        0x0
                0x0602eba0                ___ctors = .
 *(.ctors)
                0x0602eba0                ___ctors_end = .
                0x0602eba0                ___dtors = .
 *(.dtors)
                0x0602eba0                ___dtors_end = .

.data           0x0602eba0     0x6d60
 *(.data)
 .data          0x0602eba0        0x0 ../../Compiler/COMMON/SGL_302j/LIB_ELF/SGLAREA.O
 .data          0x0602eba0        0x0 pad_controllers.o
 .data          0x0602eba0        0x0 filelist.o
 .data          0x0602eba0        0x0 main.o
 .data          0x0602eba0        0x4 fade.o
                0x0602eba0                screen_active
 .data          0x0602eba4        0x0 sprite_manager.o
 .data          0x0602eba4        0x0 satiator_functions.o
 .data          0x0602eba4        0x0 background.o
 .data          0x0602eba4        0x1 states/splash.o
 *fill*         0x0602eba5        0x3 
 .data          0x0602eba8        0x4 states/menu.o
 .data          0x0602ebac        0x4 states/gamelist.o
 .data          0x0602ebb0        0x0 Save-Game-Copier/md5/md5.o
 .data          0x0602ebb0        0x0 Save-Game-Copier/backup-cd.o
 .data          0x0602ebb0        0x0 Save-Game-Copier/util.o
 .data          0x0602ebb0        0x0 Save-Game-Copier/backup-saturn.o
 .data          0x0602ebb0        0x4 Save-Game-Copier/backup-mode.o
                0x0602ebb0                SaveDirectory
 .data          0x0602ebb4        0x0 Save-Game-Copier/backup-satiator.o
 .data          0x0602ebb4        0x0 Save-Game-Copier/backup.o
 .data          0x0602ebb4        0x0 Save-Game-Copier/bup_header.o
 .data          0x0602ebb4        0x0 ../../jo_engine/cd.o
 .data          0x0602ebb4        0x0 ../../jo_engine/satiator.o
 .data          0x0602ebb4        0x0 ../../jo_engine/backup.o
 .data          0x0602ebb4        0x0 ../../jo_engine/tga.o
 .data          0x0602ebb4     0x682f ../../jo_engine/audio.o
                0x0602ebf0                sddrvstsk
 *fill*         0x060353e3        0x1 
 .data          0x060353e4       0x28 ../../jo_engine/3d.o
 .data          0x0603540c        0x4 ../../jo_engine/fs.o
 .data          0x06035410        0x0 ../../jo_engine/font.o
 .data          0x06035410        0x0 ../../jo_engine/input.o
 .data          0x06035410        0x0 ../../jo_engine/physics.o
 .data          0x06035410        0x0 ../../jo_engine/core.o
 .data          0x06035410        0x4 ../../jo_engine/math.o
                0x06035410                jo_random_seed
 .data          0x06035414        0x0 ../../jo_engine/malloc.o
 .data          0x06035414        0x0 ../../jo_engine/tools.o
 .data          0x06035414        0x0 ../../jo_engine/palette.o
 .data          0x06035414       0x2c ../../jo_engine/sprites.o
                0x06035418                __jo_gouraud_shading_runtime_index
                0x0603541c                __jo_sprite_pos
                0x06035428                __jo_sprite_attributes
 .data          0x06035440        0x0 ../../jo_engine/map.o
 .data          0x06035440        0x0 ../../jo_engine/list.o
 .data          0x06035440        0x4 ../../jo_engine/sprite_animator.o
 .data          0x06035444        0x0 ../../jo_engine/image.o
 .data          0x06035444        0x0 ../../jo_engine/vdp2.o
 .data          0x06035444        0x0 ../../jo_engine/time.o
 .data          0x06035444        0x0 ../../jo_engine/vdp1_command_pipeline.o
 .data          0x06035444       0x10 ../../jo_engine/vdp2_malloc.o
 .data          0x06035454        0x0 mode/mode_intf.a(mode_intf.o)
 *fill*         0x06035454        0xc 
 .data          0x06035460        0x0 ../../Compiler/COMMON/SGL_302j/LIB_ELF/SEGA_SYS.A(sys_exit.o)
 .data          0x06035460        0x0 ../../Compiler/COMMON/SGL_302j/LIB_ELF/SEGA_SYS.A(sys_sub.o)
 .data          0x06035460        0x0 ../../Compiler/COMMON/SGL_302j/LIB_ELF/LIBCD.A(CDC_CMN.O)
 .data          0x06035460        0x0 ../../Compiler/COMMON/SGL_302j/LIB_ELF/LIBCD.A(CDC_DRV.O)
 .data          0x06035460        0x0 ../../Compiler/COMMON/SGL_302j/LIB_ELF/LIBCD.A(CDC_CFS.O)
 .data          0x06035460        0x0 ../../Compiler/COMMON/SGL_302j/LIB_ELF/LIBCD.A(CDC_REG.O)
 .data          0x06035460        0x0 ../../Compiler/COMMON/SGL_302j/LIB_ELF/LIBCD.A(CDC_SUB.O)
 .data          0x06035460        0x0 ../../Compiler/COMMON/SGL_302j/LIB_ELF/LIBCD.A(GFS.O)
 .data          0x06035460        0x0 ../../Compiler/COMMON/SGL_302j/LIB_ELF/LIBCD.A(GFS_BUF.O)
 .data          0x06035460        0x0 ../../Compiler/COMMON/SGL_302j/LIB_ELF/LIBCD.A(GFS_CDB.O)
 .data          0x06035460        0x0 ../../Compiler/COMMON/SGL_302j/LIB_ELF/LIBCD.A(GFS_CDC.O)
 .data          0x06035460        0x0 ../../Compiler/COMMON/SGL_302j/LIB_ELF/LIBCD.A(GFS_CDF.O)
 .data          0x06035460        0x0 ../../Compiler/COMMON/SGL_302j/LIB_ELF/LIBCD.A(GFS_DIR.O)
 .data          0x06035460        0x0 ../../Compiler/COMMON/SGL_302j/LIB_ELF/LIBCD.A(GFS_TRN.O)
 .data          0x06035460        0x0 ../../Compiler/COMMON/SGL_302j/LIB_ELF/LIBCD.A(CDC_DEV.O)
 .data          0x06035460        0x0 ../../Compiler/COMMON/SGL_302j/LIB_ELF/LIBCD.A(CDC_SEL.O)
 .data          0x06035460        0x0 ../../Compiler/COMMON/SGL_302j/LIB_ELF/LIBCD.A(CDC_BIF.O)
 .data          0x06035460        0x0 ../../Compiler/COMMON/SGL_302j/LIB_ELF/LIBCD.A(CDC_BIO.O)
 .data          0x06035460        0x0 ../../Compiler/COMMON/SGL_302j/LIB_ELF/LIBSGL.A(sglA17.o)
 .data          0x06035460        0x0 ../../Compiler/COMMON/SGL_302j/LIB_ELF/LIBSGL.A(sglA18.o)
 .data          0x06035460        0x0 ../../Compiler/COMMON/SGL_302j/LIB_ELF/LIBSGL.A(sglA19.o)
 .data          0x06035460        0x0 ../../Compiler/COMMON/SGL_302j/LIB_ELF/LIBSGL.A(sglA20.o)
 .data          0x06035460        0x0 ../../Compiler/COMMON/SGL_302j/LIB_ELF/LIBSGL.A(sglA21.o)
 .data          0x06035460        0x0 ../../Compiler/COMMON/SGL_302j/LIB_ELF/LIBSGL.A(sglA27.o)
 .data          0x06035460        0x0 ../../Compiler/COMMON/SGL_302j/LIB_ELF/LIBSGL.A(sglB001.o)
 .data          0x06035460        0x0 ../../Compiler/COMMON/SGL_302j/LIB_ELF/LIBSGL.A(sglB011.o)
 .data          0x06035460        0x0 ../../Compiler/COMMON/SGL_302j/LIB_ELF/LIBSGL.A(sglB014.o)
 .data          0x06035460        0x0 ../../Compiler/COMMON/SGL_302j/LIB_ELF/LIBSGL.A(sglB015.o)
 .data          0x06035460        0x0 ../../Compiler/COMMON/SGL_302j/LIB_ELF/LIBSGL.A(sglB016.o)
 .data          0x06035460        0x0 ../../Compiler/COMMON/SGL_302j/LIB_ELF/LIBSGL.A(sglB020.o)
 .data          0x06035460        0x0 ../../Compiler/COMMON/SGL_302j/LIB_ELF/LIBSGL.A(sglB021.o)
 .data          0x06035460        0x0 ../../Compiler/COMMON/SGL_302j/LIB_ELF/LIBSGL.A(sglB023.o)
 .data          0x06035460        0x0 ../../Compiler/COMMON/SGL_302j/LIB_ELF/LIBSGL.A(sglB032.o)
 .data          0x06035460        0x0 ../../Compiler/COMMON/SGL_302j/LIB_ELF/LIBSGL.A(sglB035.o)
 .data          0x06035460        0x0 ../../Compiler/COMMON/SGL_302j/LIB_ELF/LIBSGL.A(sglB036.o)
 .data          0x06035460        0x0 ../../Compiler/COMMON/SGL_302j/LIB_ELF/LIBSGL.A(sglB038.o)
 .data          0x06035460        0x0 ../../Compiler/COMMON/SGL_302j/LIB_ELF/LIBSGL.A(sglB039.o)
 .data          0x06035460        0x0 ../../Compiler/COMMON/SGL_302j/LIB_ELF/LIBSGL.A(sglB040.o)
 .data          0x06035460        0x0 ../../Compiler/COMMON/SGL_302j/LIB_ELF/LIBSGL.A(sglB041.o)
 .data          0x06035460        0x0 ../../Compiler/COMMON/SGL_302j/LIB_ELF/LIBSGL.A(sglB042.o)
 .data          0x06035460        0x0 ../../Compiler/COMMON/SGL_302j/LIB_ELF/LIBSGL.A(sglB043.o)
 .data          0x06035460        0x0 ../../Compiler/COMMON/SGL_302j/LIB_ELF/LIBSGL.A(sglB044.o)
 .data          0x06035460        0x0 ../../Compiler/COMMON/SGL_302j/LIB_ELF/LIBSGL.A(sglB045.o)
 .data          0x06035460        0x0 ../../Compiler/COMMON/SGL_302j/LIB_ELF/LIBSGL.A(sglB047.o)
 .data          0x06035460        0x0 ../../Compiler/COMMON/SGL_302j/LIB_ELF/LIBSGL.A(sglB048.o)
 .data          0x06035460        0x0 ../../Compiler/COMMON/SGL_302j/LIB_ELF/LIBSGL.A(sglB056.o)
 .data          0x06035460        0x0 ../../Compiler/COMMON/SGL_302j/LIB_ELF/LIBSGL.A(sglB059.o)