Archive member included to satisfy reference by file (symbol)

../../Compiler/COMMON/SGL_302j/LIB_ELF/SEGA_SYS.A(sys_exit.o)
                              ../../jo_engine/core.o (SYS_Exit)
../../Compiler/COMMON/SGL_302j/LIB_ELF/SEGA_SYS.A(sys_sub.o)
                              ../../Compiler/COMMON/SGL_302j/LIB_ELF/SEGA_SYS.A(sys_exit.o) (SYSUB_SetStackptr)
../../Compiler/COMMON/SGL_302j/LIB_ELF/LIBCD.A(CDC_CMN.O)
                              ../../Compiler/COMMON/SGL_302j/LIB_ELF/SEGA_SYS.A(sys_exit.o) (CDC_GetCurStat)
../../Compiler/COMMON/SGL_302j/LIB_ELF/LIBCD.A(CDC_CFS.O)
                              ../../Compiler/COMMON/SGL_302j/LIB_ELF/SEGA_SYS.A(sys_exit.o) (CDC_ChgDir)
../../Compiler/COMMON/SGL_302j/LIB_ELF/LIBCD.A(CDC_REG.O)
                              ../../Compiler/COMMON/SGL_302j/LIB_ELF/SEGA_SYS.A(sys_exit.o) (CDC_GetHirqReq)
../../Compiler/COMMON/SGL_302j/LIB_ELF/LIBCD.A(CDC_SUB.O)
                              ../../Compiler/COMMON/SGL_302j/LIB_ELF/LIBCD.A(CDC_CMN.O) (CDSUB_UpdStatus)
../../Compiler/COMMON/SGL_302j/LIB_ELF/LIBCD.A(GFS.O)
                              ../../jo_engine/fs.o (GFS_Init)
../../Compiler/COMMON/SGL_302j/LIB_ELF/LIBCD.A(GFS_BUF.O)
                              ../../Compiler/COMMON/SGL_302j/LIB_ELF/LIBCD.A(GFS.O) (GFBF_GetNumData)
../../Compiler/COMMON/SGL_302j/LIB_ELF/LIBCD.A(GFS_CDB.O)
                              ../../Compiler/COMMON/SGL_302j/LIB_ELF/LIBCD.A(GFS.O) (GFCB_Close)
../../Compiler/COMMON/SGL_302j/LIB_ELF/LIBCD.A(GFS_CDC.O)
                              ../../Compiler/COMMON/SGL_302j/LIB_ELF/LIBCD.A(GFS.O) (GFCD_SetCdbfs)
../../Compiler/COMMON/SGL_302j/LIB_ELF/LIBCD.A(GFS_CDF.O)
                              ../../Compiler/COMMON/SGL_302j/LIB_ELF/LIBCD.A(GFS.O) (GFCF_Init)
../../Compiler/COMMON/SGL_302j/LIB_ELF/LIBCD.A(GFS_DIR.O)
                              ../../Compiler/COMMON/SGL_302j/LIB_ELF/LIBCD.A(GFS.O) (GFDR_SetupDirTbl)
../../Compiler/COMMON/SGL_302j/LIB_ELF/LIBCD.A(GFS_TRN.O)
                              ../../Compiler/COMMON/SGL_302j/LIB_ELF/LIBCD.A(GFS.O) (GFTR_Setup)
../../Compiler/COMMON/SGL_302j/LIB_ELF/LIBCD.A(CDC_DRV.O)
                              ../../Compiler/COMMON/SGL_302j/LIB_ELF/LIBCD.A(GFS_CDC.O) (CDC_CdPlay)
../../Compiler/COMMON/SGL_302j/LIB_ELF/LIBCD.A(CDC_DEV.O)
                              ../../Compiler/COMMON/SGL_302j/LIB_ELF/LIBCD.A(GFS_CDC.O) (CDC_CdSetCon)
../../Compiler/COMMON/SGL_302j/LIB_ELF/LIBCD.A(CDC_SEL.O)
                              ../../Compiler/COMMON/SGL_302j/LIB_ELF/LIBCD.A(GFS_CDC.O) (CDC_SetFiltRange)
../../Compiler/COMMON/SGL_302j/LIB_ELF/LIBCD.A(CDC_BIF.O)
                              ../../Compiler/COMMON/SGL_302j/LIB_ELF/LIBCD.A(GFS_CDC.O) (CDC_GetBufSiz)
../../Compiler/COMMON/SGL_302j/LIB_ELF/LIBCD.A(CDC_BIO.O)
                              ../../Compiler/COMMON/SGL_302j/LIB_ELF/LIBCD.A(GFS_CDC.O) (CDC_SetSctLen)
../../Compiler/COMMON/SGL_302j/LIB_ELF/LIBSGL.A(sglB001.o)
                              ../../jo_engine/core.o (slTVOn)
../../Compiler/COMMON/SGL_302j/LIB_ELF/LIBSGL.A(sglB011.o)
                              ../../jo_engine/vdp2.o (slBitMapNbg1)
../../Compiler/COMMON/SGL_302j/LIB_ELF/LIBSGL.A(sglB014.o)
                              ../../jo_engine/vdp2.o (slScrTransparent)
../../Compiler/COMMON/SGL_302j/LIB_ELF/LIBSGL.A(sglB015.o)
                              ../../jo_engine/vdp2.o (slScrAutoDisp)
../../Compiler/COMMON/SGL_302j/LIB_ELF/LIBSGL.A(sglB016.o)
                              ../../jo_engine/vdp2.o (slBack1ColSet)
../../Compiler/COMMON/SGL_302j/LIB_ELF/LIBSGL.A(sglB020.o)
                              ../../jo_engine/vdp2.o (slColorCalc)
../../Compiler/COMMON/SGL_302j/LIB_ELF/LIBSGL.A(sglB021.o)
                              ../../jo_engine/vdp2.o (slColorCalcOn)
../../Compiler/COMMON/SGL_302j/LIB_ELF/LIBSGL.A(sglB023.o)
                              ../../jo_engine/vdp2.o (slColRate)
../../Compiler/COMMON/SGL_302j/LIB_ELF/LIBSGL.A(sglB031.o)
                              ../../jo_engine/vdp2.o (slMapNbg0)
../../Compiler/COMMON/SGL_302j/LIB_ELF/LIBSGL.A(sglB032.o)
                              ../../jo_engine/vdp2.o (slMapNbg1)
../../Compiler/COMMON/SGL_302j/LIB_ELF/LIBSGL.A(sglB033.o)
                              ../../jo_engine/vdp2.o (slMapNbg2)
../../Compiler/COMMON/SGL_302j/LIB_ELF/LIBSGL.A(sglB034.o)
                              ../../jo_engine/vdp2.o (slMapNbg3)
../../Compiler/COMMON/SGL_302j/LIB_ELF/LIBSGL.A(sglB035.o)
                              ../../jo_engine/vdp2.o (sl1MapRA)
../../Compiler/COMMON/SGL_302j/LIB_ELF/LIBSGL.A(sglB036.o)
                              ../../jo_engine/vdp2.o (sl1MapRB)
../../Compiler/COMMON/SGL_302j/LIB_ELF/LIBSGL.A(sglB038.o)
                              ../../jo_engine/vdp2.o (slRparaInitSet)
../../Compiler/COMMON/SGL_302j/LIB_ELF/LIBSGL.A(sglB039.o)
                              ../../jo_engine/vdp2.o (slMakeKtable)
../../Compiler/COMMON/SGL_302j/LIB_ELF/LIBSGL.A(sglB040.o)
[...]
Memory Configuration

Name             Origin             Length             Attributes
*default*        0x00000000         0xffffffff

Linker script and memory map

TARGET(elf32-sh)

SLSTART         0x06004000       0x30
                0x06004000                ___Start = .
 *(SLSTART)
 SLSTART        0x06004000       0x28 ../../Compiler/COMMON/SGL_302j/LIB_ELF/LIBSGL.A(sglI00.o)
                0x06004000                SGL_Start
                0x06004002                slStartSGL

.text           0x06004040    0x161e0
 *(.text)
 .text          0x06004040        0x0 ../../Compiler/COMMON/SGL_302j/LIB_ELF/SGLAREA.O
 .text          0x06004040      0x364 pad_controllers.o
                0x060040c0                initControllers
                0x060040ec                updateControllerButtonStatus
                0x06004104                updateController
                0x06004380                updateControllers
 .text          0x060043a4      0x154 main.o
                0x060043a4                draw_objects
                0x060043d8                application_logic
                0x060044a8                jo_main
 .text          0x060044f8       0xe8 font.o
                0x060044f8                font_palette_handling
                0x0600457c                load_nbg2_font
 .text          0x060045e0      0x338 sprite_manager.o
                0x06004648                init_sprites
                0x06004684                get_free_sprite
                0x060046b8                create_sprite
                0x06004728                get_free_texture
                0x06004758                load_sprite_texture
                0x060047ac                draw_sprites
 .text          0x06004918      0x568 satiator_functions.o
                0x06004adc                satiatorWriteData
                0x06004b54                satiatorWriteU8
                0x06004b70                satiatorWriteU16
                0x06004bb0                satiatorWriteU32
                0x06004bcc                iso2desc
                0x06004d20                file2desc
                0x06004d2c                satiatorEmulateDesc
                0x06004dc4                satiatorTryLaunchFile
                0x06004e18                satiatorExecutableFilter
 .text          0x06004e80       0xd8 background.o
                0x06004ee8                load_background
                0x06004f20                init_background
 .text          0x06004f58      0x304 states/splash.o
                0x06004fc0                logic_splash
 .text          0x0600525c      0x7a0 states/gamelist.o
                0x06005484                sortDirEntries
                0x060054a8                displayGameListItem
                0x0600558c                displayGameList
                0x0600566c                loadGameList
                0x060056b4                launchSelectedGame
                0x0600570c                logic_gamelist
 .text          0x060059fc      0x180 satiator/jhloader.o
                0x06005b28                boot_disc
 .text          0x06005b7c     0x1560 satiator/satiator.o
                0x06005ca8                exec_cmd
                0x06005e18                s_open
                0x06005f30                s_close
                0x06005fb0                s_seek
                0x06006048                s_read
                0x0600617c                s_write
                0x060062a8                s_sync
                0x060062b4                s_truncate
                0x06006348                s_stat
                0x06006510                s_rename
                0x0600664c                s_mkdir
                0x0600675c                s_unlink
                0x0600686c                s_opendir
                0x0600697c                s_chdir
                0x06006a8c                s_getcwd
                0x06006bf0                s_mode
                0x06006c98                s_emulate
                0x06006da8                s_get_fw_version
                0x06006ecc                s_get_bootloader_version
                0x06006fa8                s_get_serial_number
                0x06007084                s_find_cartridge
 .text          0x060070dc      0x7a0 satiator/iapetus/cd/cd.o
                0x06007144                cd_write_command
                0x06007164                cd_read_return_status
                0x06007188                cd_wait_hirq
                0x060071b0                cd_exec_command
                0x060072d4                cd_end_transfer
                0x06007308                cd_play_fad
                0x06007350                cd_connect_cd_to_filter
                0x06007384                cd_reset_selector_one
                0x06007390                cd_reset_selector_all
                0x060073a0                cd_is_data_ready
                0x060073e8                cd_set_sector_size
                0x06007424                cd_get_then_delete_sector_data
                0x06007458                cd_abort_file
                0x06007484                cd_transfer_data_bytes
                0x06007574                cd_get_stat
                0x060075f0                is_cd_auth
                0x06007658                cd_auth
                0x060076e4                cd_stop_drive
                0x06007744                is_cd_present
                0x06007788                cd_read_sector
 .text          0x0600787c      0x128 satiator/iapetus/cd/cdsect.o
                0x060078e4                cd_put_sector_data
                0x06007918                cd_move_sector_data
                0x06007950                cd_get_buffer_size
 .text          0x060079a4       0x20 satiator/iapetus/sh2/sh2int.o
                0x060079a4                interrupt_set_level_mask
                0x060079b8                interrupt_get_level_mask
 .text          0x060079c4      0x154 satiator/iapetus/video/vdpinit.o
                0x06007af0                vdp_wait_vblankin
                0x06007b04                vdp_wait_vblankout
 .text          0x06007b18     0x12fc ../../jo_engine/backup.o
                0x06007b80                jo_backup_get_free_block_count
                0x06007bd0                jo_backup_format_device
                0x06007ca8                jo_backup_mount
                0x06007e14                jo_backup_read_device
                0x06008020                jo_backup_file_exists
                0x06008124                jo_backup_get_file_partition
                0x06008224                jo_backup_init_file
                0x06008290                jo_backup_save
                0x06008594                jo_backup_load_file_comment
                0x06008688                jo_backup_load_file_contents
                0x0600887c                jo_backup_delete_file
                0x060089e8                jo_backup_unmount
                0x06008a98                jo_backup_get_file_last_modified_date
                0x06008bec                jo_backup_get_file_info
                0x06008d8c                jo_backup_get_file_size
                0x06008dac                jo_backup_get_last_status
 .text          0x06008e14      0x8a8 ../../jo_engine/tga.o
                0x06009090                jo_set_tga_palette_handling
                0x0600909c                __jo_tga_load
                0x060091bc                __jo_tga_any_loader_from_stream
                0x06009204                jo_tga_8bits_loader_from_stream
                0x0600921c                jo_tga_loader_from_stream
                0x06009234                __jo_tga_any_loader
                0x06009284                jo_tga_8bits_loader
                0x060092a0                jo_tga_loader
                0x060092bc                jo_sprite_add_tga_tileset
                0x06009514                jo_sprite_add_tga_from_stream
                0x060095cc                jo_sprite_add_tga
 .text          0x060096bc      0x94c ../../jo_engine/fs.o
                0x06009724                jo_fs_init
                0x060097d4                jo_fs_do_background_jobs
                0x06009890                jo_fs_read_file_async_ptr
                0x06009a34                jo_fs_cd
                0x06009aa4                jo_fs_read_file_ptr
                0x06009c40                jo_fs_read_file_in_dir
                0x06009c8c                jo_fs_open
                0x06009d88                jo_fs_seek_forward
                0x06009e98                jo_fs_read_next_bytes
                0x06009f7c                jo_fs_close
                0x06009fc8                jo_fs_set_read_sector_count
 .text          0x0600a008      0x574 ../../jo_engine/font.o
                0x0600a070                jo_font_load
                0x0600a300                jo_font_print
                0x0600a424                jo_font_print_centered
 .text          0x0600a57c      0x118 ../../jo_engine/input.o
                0x0600a5e4                jo_get_inputs_vblank
                0x0600a62c                jo_get_input_type
                0x0600a670                jo_get_input_count
 .text          0x0600a694        0x0 ../../jo_engine/physics.o
 .text          0x0600a694      0x700 ../../jo_engine/core.o
                0x0600a770                __jo_core_set_screens_order
                0x0600a8a8                jo_core_init
                0x0600aa6c                jo_core_add_vblank_callback
                0x0600aae8                jo_core_remove_vblank_callback
                0x0600ab40                jo_core_add_callback
                0x0600ab88                jo_core_remove_callback
                0x0600abc0                jo_goto_boot_menu
                0x0600abcc                __jo_core_error
                0x0600ac1c                jo_core_suspend
                0x0600ac5c                jo_core_set_restart_game_callback
                0x0600ac68                jo_core_run
                0x0600acec                jo_dump_vdp1_registers
                0x0600ad40                jo_dump_vdp2_registers
 .text          0x0600ad94      0xb50 ../../jo_engine/math.o
                0x0600adfc                jo_fixed_mult
                0x0600ae10                jo_fixed_dot
                0x0600ae28                jo_fixed_pow
                0x0600ae60                jo_fixed_div
                0x0600ae88                jo_fixed_sin
                0x0600af8c                jo_gcd
                0x0600aff4                jo_atan2f_rad
                0x0600b1b8                jo_planar_rotate
                0x0600b324                jo_random
                0x0600b394                jo_vector_fixed_compute_bezier_point
                0x0600b524                jo_vectorf_compute_bezier_point
                0x0600b674                jo_fixed_sqrt
                0x0600b724                jo_sqrt
                0x0600b764                jo_fixed_rsqrt
                0x0600b874                jo_rsqrt
 .text          0x0600b8e4      0x4b4 ../../jo_engine/malloc.o
                0x0600b94c                jo_add_memory_zone
                0x0600b9bc                jo_malloc_with_behaviour
                0x0600bb08                jo_reduce_memory_fragmentation
                0x0600bb7c                jo_free
                0x0600bbf8                jo_memory_usage_percent
                0x0600bcfc                jo_memory_fragmentation
 .text          0x0600bd98      0x3ec ../../jo_engine/tools.o
                0x0600be00                jo_getdate
                0x0600be9c                jo_get_current_language
                0x0600bec0                jo_tools_atoi
                0x0600bf40                jo_strlen
                0x0600bf90                jo_endwith
                0x0600c03c                jo_strcmp
                0x0600c06c                jo_memset
                0x0600c110                jo_map_to_vram
 .text          0x0600c184      0x134 ../../jo_engine/palette.o
                0x0600c1ec                jo_create_palette
                0x0600c240                jo_set_palette_register
                0x0600c2a4                jo_get_palette_register
 .text          0x0600c2b8      0x9ec ../../jo_engine/sprites.o
                0x0600c454                jo_sprite_usage_percent
                0x0600c4e0                jo_get_last_sprite_id
                0x0600c4ec                jo_sprite_init
                0x0600c570                jo_sprite_name2id
                0x0600c5e8                jo_sprite_replace
                0x0600c6f0                jo_sprite_add
                0x0600c73c                jo_sprite_add_8bits_image
                0x0600c788                jo_sprite_free_from
                0x0600c800                jo_set_gouraud_shading_colors
                0x0600c828                jo_set_gouraud_shading_brightness
                0x0600c868                jo_sprite_draw_4p_fixed
                0x0600c984                jo_sprite_draw
                0x0600cad0                jo_sprite_draw_rotate
                0x0600cc70                jo_sprite_set_clipping_area
 .text          0x0600cca4      0x99c ../../jo_engine/map.o
                0x0600cdd4                jo_map_per_pixel_vertical_collision
                0x0600cf08                jo_map_hitbox_detection_custom_boundaries
                0x0600cf78                jo_map_create
                0x0600cff4                jo_map_add_tile
                0x0600d018                jo_map_add_animated_tile
                0x0600d03c                jo_map_draw_background
                0x0600d0d4                jo_map_draw
                0x0600d1d0                jo_map_free
                0x0600d1e8                jo_map_load_from_file
                0x0600d5c0                jo_map_move_tiles_by_attribute
 .text          0x0600d640      0x200 ../../jo_engine/list.o
                0x0600d6a8                jo_list_init
                0x0600d6b8                jo_list_add
                0x0600d730                jo_list_insert_at
                0x0600d7e0                jo_list_remove
 .text          0x0600d840      0x2bc ../../jo_engine/sprite_animator.o
                0x0600d954                jo_replace_sprite_anim
                0x0600da08                jo_create_sprite_anim
                0x0600dad4                jo_clear_all_sprite_anim
 .text          0x0600dafc      0x7b0 ../../jo_engine/image.o
                0x0600db64                __jo_bin_load
                0x0600dbb4                jo_free_img
                0x0600dbfc                jo_bin_loader_from_stream
                0x0600dccc                jo_bin_loader
                0x0600dd50                jo_replace_color
                0x0600ddbc                jo_sprite_add_bin_tileset
                0x0600dfb4                jo_sprite_add_bin
                0x0600e080                jo_sprite_add_bin_from_stream
                0x0600e118                jo_sprite_add_image_pack
 .text          0x0600e2ac     0x11ec ../../jo_engine/vdp2.o
                0x0600e390                jo_set_default_background_color
                0x0600e3d0                __jo_init_vdp2
                0x0600e42c                jo_img_to_vdp2_cells
                0x0600e550                jo_vdp2_set_rbg0_plane_a_8bits_image
                0x0600e640                jo_vdp2_set_rbg0_plane_b_8bits_image
                0x0600e72c                jo_vdp2_enable_rbg0
                0x0600e7d4                jo_vdp2_disable_rbg0
                0x0600e7ec                jo_vdp2_set_nbg0_8bits_image
                0x0600e8f8                jo_vdp2_disable_nbg0_line_scroll
                0x0600e91c                jo_vdp2_compute_nbg0_line_scroll
                0x0600e934                jo_vdp2_enable_nbg0_line_scroll
                0x0600e9a4                jo_vdp2_draw_bitmap_nbg1_line
                0x0600ea64                jo_vdp2_clear_bitmap_nbg1
                0x0600eabc                jo_vdp2_set_nbg1_8bits_image
                0x0600eb98                jo_vdp2_set_nbg1_image
                0x0600ecf4                jo_vdp2_disable_nbg1_line_scroll
                0x0600ed18                jo_vdp2_compute_nbg1_line_scroll
                0x0600ed30                jo_vdp2_enable_nbg1_line_scroll
                0x0600eda0                jo_nbg2_clear
                0x0600edfc                __jo_set_nbg2_8bits_image
                0x0600eea0                jo_nbg2_print
                0x0600ef58                jo_vdp2_set_nbg2_8bits_font
                0x0600effc                jo_vdp2_set_nbg2_8bits_image
                0x0600f068                jo_nbg3_clear
                0x0600f0c4                __jo_set_nbg3_8bits_image
                0x0600f168                jo_nbg3_print
                0x0600f220                jo_vdp2_set_nbg3_8bits_font
                0x0600f2c4                jo_vdp2_set_nbg3_8bits_image
                0x0600f330                jo_set_displayed_screens
                0x0600f340                jo_disable_all_screens_transparency
                0x0600f364                jo_enable_screen_transparency
 .text          0x0600f498      0x280 ../../jo_engine/time.o
                0x0600f500                jo_time_init
                0x0600f52c                jo_get_ticks
                0x0600f60c                jo_fixed_point_time
 .text          0x0600f718       0x68 ../../jo_engine/vdp1_command_pipeline.o
 .text          0x0600f780      0x334 ../../jo_engine/vdp2_malloc.o
                0x0600f7e8                jo_vdp2_malloc_init
                0x0600f820                jo_vdp2_free
                0x0600f8e0                jo_vdp2_malloc
 *fill*         0x0600fab4        0xc 
 .text          0x0600fac0      0x238 ../../Compiler/COMMON/SGL_302j/LIB_ELF/SEGA_SYS.A(sys_exit.o)
                0x0600fac0                sys_version
                0x0600fae0                SYS_Exit
 *fill*         0x0600fcf8        0x8 
 .text          0x0600fd00        0x6 ../../Compiler/COMMON/SGL_302j/LIB_ELF/SEGA_SYS.A(sys_sub.o)
                0x0600fd00                SYSUB_SetStackptr
 *fill*         0x0600fd06        0xa 
 .text          0x0600fd10      0x3a0 ../../Compiler/COMMON/SGL_302j/LIB_ELF/LIBCD.A(CDC_CMN.O)
                0x0600fd10                CDC_GetCurStat
                0x0600fd60                CDC_GetLastStat
                0x0600fd78                CDC_GetPeriStat
                0x0600fe4c                CDC_GetHwInfo
                0x0600feb4                CDC_TgetToc
                0x0600ff04                CDC_GetSes
                0x0600ff40                CDC_CdInit
                0x0600ffc4                CDC_CdOpen
                0x0600ffec                CDC_DataReady
                0x06010058                CDC_DataEnd
 .text          0x060100b0      0x194 ../../Compiler/COMMON/SGL_302j/LIB_ELF/LIBCD.A(CDC_CFS.O)
                0x060100b0                CDC_ChgDir
                0x060100e4                CDC_ReadDir
                0x06010118                CDC_GetFileScope
                0x06010178                CDC_TgetFileInfo
                0x060101d4                CDC_ReadFile
                0x06010208                CDC_AbortFile
 *fill*         0x06010244        0xc 
 .text          0x06010250      0x2dc ../../Compiler/COMMON/SGL_302j/LIB_ELF/LIBCD.A(CDC_REG.O)
                0x06010250                CDC_GetDataPtr
                0x06010260                CDC_GetHirqReq
                0x06010274                CDC_ClrHirqReq
                0x060102a4                CDREG_ClrHirqReq
                0x060102b4                CDREG_InitHirqReq
                0x060102dc                CDREG_SetHirqFlag
                0x060102f0                CDC_GetHirqMsk
                0x06010304                CDC_SetHirqMsk
                0x06010314                CDC_GetMpegPtr
                0x06010324                CDREG_TgetData
                0x06010380                CDREG_CmdRsp
                0x06010480                CDREG_WaitHirq
                0x060104f0                CDREG_ReadRsp
 *fill*         0x0601052c        0x4 
 .text          0x06010530      0x152 ../../Compiler/COMMON/SGL_302j/LIB_ELF/LIBCD.A(CDC_SUB.O)
                0x06010530                CDSUB_UpdStatus
                0x06010548                CDSUB_UpdCdstat
                0x06010568                CDSUB_CdCmd
                0x060105d8                CDSUB_GetCdstat
                0x06010618                CDSUB_RspToCdstat
                0x06010660                CDSUB_SoftTimer
 *fill*         0x06010682        0xe 
 .text          0x06010690     0x1adc ../../Compiler/COMMON/SGL_302j/LIB_ELF/LIBCD.A(GFS.O)
                0x06010690                gfs_version
                0x060106b0                GFS_Init
                0x06010798                GFS_LoadDir
                0x06010840                GFS_SetDir
                0x060108a8                GFS_NameToId
                0x0601090c                GFS_IdToName
                0x06010978                GFS_GetDirInfo
                0x060109e8                GFS_Reset
                0x06010a6c                GFS_Open
                0x06010b20                GFS_Close
                0x06010b58                GFS_Seek
                0x06010c0c                GFS_Tell
                0x06010c5c                GFS_IsEof
                0x06010cb0                GFS_ByteToSct
                0x06010d0c                GFS_GetFileSize
                0x06010d68                GFS_GetFileInfo
                0x06010ddc                GFS_GetNumCdbuf
                0x06010e04                GFS_Load
                0x06010ec8                GFS_Fread
                0x06010f64                gfs_waitRead
                0x0601100c                GFS_NwFread
                0x06011118                GFS_NwCdRead
                0x06011190                GFS_NwIsComplete
                0x060111c8                GFS_NwStop
                0x06011234                GFS_NwGetStat
                0x060112b0                gfs_recovRdErr
                0x060112e0                GFS_NwExecOne
                0x060113a0                GFS_NwExecServer
                0x0601141c                GFS_SetGmode
                0x06011480                GFS_SetTmode
                0x060114ec                GFS_SetReadPara
                0x06011550                GFS_SetTransPara
                0x060115bc                GFS_SetTrFunc
                0x06011620                GFS_StartTrans
                0x0601166c                GFS_CdMovePickup
                0x060116d8                GFS_SetErrFunc
                0x06011704                GFS_GetErrStat
                0x06011728                GFS_ConvTno
                0x06011750                gfs_chgRoot
                0x0601181c                gfs_aborttrans
                0x06011828                gfs_mngSetupFuncTbl
                0x0601185c                gfs_mngInitWork
                0x06011900                gfs_mngGetNumFile
                0x06011968                GFS_mngAllocGrp
                0x060119b0                gfs_mngFreeGrp
                0x060119bc                gfs_mngTermAccess
                0x06011a40                gfs_mngSetErrCode
                0x06011ac0                gfs_svrSearchHndl
                0x06011b00                gfs_svrAddHndl
                0x06011b3c                gfs_svrRemoveHndl
                0x06011b98                GFS_OpenSub
                0x06011bf0                gfs_loadVol
                0x06011cb4                gfs_getRootDir
                0x06011db0                gfs_loadRootDir
                0x06011e38                gfs_flowIn
                0x06011ee0                gfs_transData
                0x06011f84                GFS_GetFad
                0x06011fdc                gfs_SetSct
                0x0601201c                gfs_GetFinfo
                0x0601205c                gfs_closeSub
                0x06012098                gfs_getGmode
                0x060120a4                gfs_isTaskDone
                0x060120f8                gfs_convFinStat
 *fill*         0x0601216c        0x4 
 .text          0x06012170      0x106 ../../Compiler/COMMON/SGL_302j/LIB_ELF/LIBCD.A(GFS_BUF.O)
                0x060121a0                GFBF_GetTranData
                0x060121c8                GFBF_GetNumData
                0x060121f8                GFBF_GetSrcPk
                0x06012220                GFBF_GetSctData
                0x06012244                GFBF_RtnPk
                0x0601226c                gfbf_getSctDt
 *fill*         0x06012276        0xa 
 .text          0x06012280      0x600 ../../Compiler/COMMON/SGL_302j/LIB_ELF/LIBCD.A(GFS_CDB.O)
                0x06012280                GFCB_Setup
                0x060123a0                GFCB_Close
                0x060123c8                GFCB_GetLenData
                0x06012474                GFCB_GetLenRoom
                0x06012480                GFCB_SetFilt
                0x060124e8                GFCB_DeleteAllData
                0x06012510                GFCB_Tell
                0x06012520                gfcb_getSctNum
                0x06012570                GFCB_Seek
                0x0601266c                GFCB_GetSrcPack
                0x0601274c                GFCB_GetSctData
                0x06012784                GFCB_GetDstPack
                0x06012790                GFCB_RtnPk
                0x060127d8                GFCB_MovePickup
                0x060127f4                GFCB_SetCon
                0x06012828                GFCB_GetPickup
                0x06012850                GFCB_IsPuOwner
                0x06012868                GFCB_UngetPickup
 .text          0x06012880     0x1a10 ../../Compiler/COMMON/SGL_302j/LIB_ELF/LIBCD.A(GFS_CDC.O)
                0x06012880                GFCD_SetCdbfs
                0x060128ac                GFCD_Init
                0x06012ab0                GFCD_AllocFilt
                0x06012aec                GFCD_FreeFilt
                0x06012b1c                GFCD_AllocBuf
                0x06012b50                GFCD_FreeBuf
                0x06012bf4                GFCD_GetBaseFad
                0x06012c28                GFCD_GetPickup
                0x06012c5c                GFCD_UngetPickup
                0x06012c88                GFCD_IsPuOwner
                0x06012cac                GFCD_SetFilt
                0x06012d70                GFCD_GetFilt
                0x06012db8                GFCD_SetCon
                0x06012e10                GFCD_Play
                0x06012e70                GFCD_GetLenData
                0x06012ed8                GFCD_ReqData
                0x06012f34                GFCD_EndData
                0x06012f7c                GFCD_DelSctData
                0x06012fd4                GFCD_CheckDelSctData
                0x06013004                GFCD_GetStat
                0x060130b8                GFCD_MovePickup
                0x06013104                GFCD_MoveSctData
                0x06013178                GFCD_CheckMove
                0x0601319c                GFCD_GetSctInfo
                0x060131e4                GFCD_ChgDir
                0x06013258                GFCD_SetFiltCon
                0x06013340                GFCD_GetFileInfo
                0x0601341c                GFCD_GetBufSiz
                0x06013454                GFCD_ExecServer
                0x06013528                gfcd_isIdleTask
                0x060135b4                gfcd_doTask
                0x06013660                GFCD_SetTimer
                0x06013674                GFCD_WaitServer
                0x060136b0                gfcd_doSetFiltTsk
                0x06013874                gfcd_doSetConTsk
                0x06013904                gfcd_doGetLenDataTsk
                0x06013a58                gfcd_doReqDataTsk
                0x06013af8                gfcd_doDelSctDataTsk
                0x06013c2c                gfcd_doMoveSctTsk
                0x06013d90                gfcd_doChgDirTsk
                0x06013f8c                gfcd_doSetFiltConTsk
                0x060140d0                gfcd_checkEflag
                0x060140f4                gfcd_initCdbMng
                0x06014174                gfcd_setStat
                0x060141a0                GFCD_SetCsctFunc
                0x060141bc                GFCD_ChkScdqFlag
                0x060141e0                GFCD_ClrScdqFlag
                0x060141fc                GFCD_WaitScdqFlag
                0x06014240                GFCD_WaitPause
 .text          0x06014290      0x8d8 ../../Compiler/COMMON/SGL_302j/LIB_ELF/LIBCD.A(GFS_CDF.O)
                0x06014290                GFCF_Init
                0x06014330                GFCF_Setup
                0x06014478                GFCF_SetSct
                0x060144bc                GFCF_GetFileInfo
                0x06014530                GFCF_FlowInBuf
                0x06014684                GFCF_StopInBuf
                0x06014724                GFCF_Recover
                0x0601476c                GFCF_Tell
                0x06014784                GFCF_Seek
                0x0601479c                GFCF_MovePickup
                0x06014838                GFCF_cnvIntlvOfs
                0x0601488c                GFCF_GetStat
                0x06014924                gfcf_getSctSize
                0x06014960                gfcf_isCdOk
                0x06014a20                gfcf_getPlayRange
 *fill*         0x06014b68        0x8 
 .text          0x06014b70      0x92c ../../Compiler/COMMON/SGL_302j/LIB_ELF/LIBCD.A(GFS_DIR.O)
                0x06014b70                GFDR_SetupDirTbl
                0x06014be4                GFDR_NameToId
                0x06014c44                GFDR_GetInfoDirId
                0x06014c58                GFDR_GetInfoDirName
                0x06014c6c                GFDR_GetAtrDirId
                0x06014c84                GFDR_GetAtrDirName
                0x06014c9c                GFDR_ChgRoot
                0x06014cb4                GFDR_ChgDir
                0x06014d28                gfdr_setupDirIdTbl
                0x06014dac                gfdr_setupDirNameTbl
                0x06014e58                gfdr_open
                0x06014e80                gfdr_read
                0x06014f40                gfdr_readByte
                0x06014f6c                gfdr_readWord
                0x06014f98                gfdr_readWordNB
                0x06014fec                gfdr_readLongNB
                0x06015038                gfdr_readLongNM
                0x06015060                gfdr_setNextRec
                0x060150e4                gfdr_readDirEnt
                0x06015460                gfdr_setDirrecCd
 *fill*         0x0601549c        0x4 
 .text          0x060154a0      0x9c6 ../../Compiler/COMMON/SGL_302j/LIB_ELF/LIBCD.A(GFS_TRN.O)
                0x060154d0                GFTR_Setup
                0x06015514                GFTR_SetMode
                0x06015528                GFTR_SetUnit
                0x06015534                GFTR_SetTransPara
                0x06015568                GFTR_GetTransPara
                0x06015574                GFTR_GetNumTrans
                0x06015580                GFTR_SetTransMax
                0x0601558c                GFTR_Start
                0x06015598                GFTR_Pause
                0x060155a4                GFTR_Stop
                0x0601565c                GFTR_Exec
                0x060156e0                GFTR_Idle
                0x06015758                GFTR_ExecSvr
                0x06015860                gftr_getSrcPack
                0x060158e8                gftr_getDstPack
                0x06015944                gftr_reqScu
                0x06015950                gftr_execScu
                0x060159ec                gftr_remScu
                0x06015a20                gfdma_canUse
                0x06015a2c                gfdma_exec
                0x06015a9c                gfdma_getBytecnt
                0x06015ad4                gftr_reqDma0
                0x06015aec                gftr_execSdma0
                0x06015b10                gftr_remDma0
                0x06015b28                gftr_reqDma1
                0x06015b40                gftr_execSdma1
                0x06015b64                gftr_remDma1
                0x06015b7c                gftr_reqCpu
                0x06015b88                gftr_execCpu
                0x06015bc8                gftr_remCpu
                0x06015bd4                gftr_reqTrn
                0x06015c44                gftr_execTrn
                0x06015d1c                gftr_remTrn
                0x06015d90                gftr_copyFrac
                0x06015db8                GFTR_GetLenData
                0x06015dc4                GFTR_GetLenRoom
                0x06015ddc                GFTR_GetDstPack
                0x06015e10                GFTR_RtnDstPk
                0x06015e2c                GFTR_GetData
                0x06015e40                GFTR_SetData
                0x06015e54                GFTR_SetTransFunc
 *fill*         0x06015e66        0xa 
 .text          0x06015e70      0x130 ../../Compiler/COMMON/SGL_302j/LIB_ELF/LIBCD.A(CDC_DRV.O)
                0x06015e70                CDC_CdPlay
                0x06015f3c                CDC_CdSeek
                0x06015f70                CDC_CdScan
 .text          0x06015fa0       0xa8 ../../Compiler/COMMON/SGL_302j/LIB_ELF/LIBCD.A(CDC_DEV.O)
                0x06015fa0                CDC_CdSetCon
                0x06015fd0                CDC_CdGetCon
                0x0601600c                CDC_CdGetLastBuf
 *fill*         0x06016048        0x8 
 .text          0x06016050      0x2b8 ../../Compiler/COMMON/SGL_302j/LIB_ELF/LIBCD.A(CDC_SEL.O)
                0x06016050                CDC_SetFiltRange
                0x06016084                CDC_GetFiltRange
                0x060160dc                CDC_SetFiltSubh
                0x0601614c                CDC_GetFiltSubh
                0x060161c8                CDC_SetFiltMode
                0x060161fc                CDC_GetFiltMode
                0x06016240                CDC_SetFiltCon
                0x06016280                CDC_GetFiltCon
                0x060162d4                CDC_ResetSelector
 *fill*         0x06016308        0x8 
 .text          0x06016310      0x270 ../../Compiler/COMMON/SGL_302j/LIB_ELF/LIBCD.A(CDC_BIF.O)
                0x06016310                CDC_GetBufSiz
                0x0601636c                CDC_GetSctNum
                0x060163b0                CDC_CalActSiz
                0x060163ec                CDC_GetActSiz
                0x0601646c                CDC_GetSctInfo
                0x060164ec                CDC_ExeFadSearch
                0x06016524                CDC_GetFadSearch
 .text          0x06016580      0x1e4 ../../Compiler/COMMON/SGL_302j/LIB_ELF/LIBCD.A(CDC_BIO.O)
                0x06016580                CDC_SetSctLen
                0x060165b4                CDC_GetSctData
                0x060165f0                CDC_DelSctData
                0x0601662c                CDC_GetdelSctData
                0x06016668                CDC_PutSctData
                0x060166a0                CDC_CopySctData
                0x060166e4                CDC_MoveSctData
                0x06016728                CDC_GetCopyErr
 *fill*         0x06016764        0xc 
 .text          0x06016770        0x0 ../../Compiler/COMMON/SGL_302j/LIB_ELF/LIBSGL.A(sglB001.o)
 .text          0x06016770        0x0 ../../Compiler/COMMON/SGL_302j/LIB_ELF/LIBSGL.A(sglB011.o)
 .text          0x06016770        0x0 ../../Compiler/COMMON/SGL_302j/LIB_ELF/LIBSGL.A(sglB014.o)
 .text          0x06016770        0x0 ../../Compiler/COMMON/SGL_302j/LIB_ELF/LIBSGL.A(sglB015.o)
 .text          0x06016770        0x0 ../../Compiler/COMMON/SGL_302j/LIB_ELF/LIBSGL.A(sglB016.o)
 .text          0x06016770        0x0 ../../Compiler/COMMON/SGL_302j/LIB_ELF/LIBSGL.A(sglB020.o)
 .text          0x06016770        0x0 ../../Compiler/COMMON/SGL_302j/LIB_ELF/LIBSGL.A(sglB021.o)
 .text          0x06016770        0x0 ../../Compiler/COMMON/SGL_302j/LIB_ELF/LIBSGL.A(sglB023.o)
 .text          0x06016770        0x0 ../../Compiler/COMMON/SGL_302j/LIB_ELF/LIBSGL.A(sglB031.o)
 .text          0x06016770        0x0 ../../Compiler/COMMON/SGL_302j/LIB_ELF/LIBSGL.A(sglB032.o)
 .text          0x06016770        0x0 ../../Compiler/COMMON/SGL_302j/LIB_ELF/LIBSGL.A(sglB033.o)
 .text          0x06016770        0x0 ../../Compiler/COMMON/SGL_302j/LIB_ELF/LIBSGL.A(sglB034.o)
 .text          0x06016770        0x0 ../../Compiler/COMMON/SGL_302j/LIB_ELF/LIBSGL.A(sglB035.o)
 .text          0x06016770        0x0 ../../Compiler/COMMON/SGL_302j/LIB_ELF/LIBSGL.A(sglB036.o)
 .text          0x06016770        0x0 ../../Compiler/COMMON/SGL_302j/LIB_ELF/LIBSGL.A(sglB038.o)
 .text          0x06016770        0x0 ../../Compiler/COMMON/SGL_302j/LIB_ELF/LIBSGL.A(sglB039.o)
 .text          0x06016770        0x0 ../../Compiler/COMMON/SGL_302j/LIB_ELF/LIBSGL.A(sglB040.o)
 .text          0x06016770        0x0 ../../Compiler/COMMON/SGL_302j/LIB_ELF/LIBSGL.A(sglB041.o)
 .text          0x06016770        0x0 ../../Compiler/COMMON/SGL_302j/LIB_ELF/LIBSGL.A(sglB043.o)
 .text          0x06016770        0x0 ../../Compiler/COMMON/SGL_302j/LIB_ELF/LIBSGL.A(sglB047.o)
 .text          0x06016770        0x0 ../../Compiler/COMMON/SGL_302j/LIB_ELF/LIBSGL.A(sglB048.o)
 .text          0x06016770        0x0 ../../Compiler/COMMON/SGL_302j/LIB_ELF/LIBSGL.A(sglB055.o)
 .text          0x06016770        0x0 ../../Compiler/COMMON/SGL_302j/LIB_ELF/LIBSGL.A(sglB056.o)
 .text          0x06016770        0x0 ../../Compiler/COMMON/SGL_302j/LIB_ELF/LIBSGL.A(sglB057.o)
 .text          0x06016770        0x0 ../../Compiler/COMMON/SGL_302j/LIB_ELF/LIBSGL.A(sglB058.o)
 .text          0x06016770        0x0 ../../Compiler/COMMON/SGL_302j/LIB_ELF/LIBSGL.A(sglB059.o)
 .text          0x06016770        0x0 ../../Compiler/COMMON/SGL_302j/LIB_ELF/LIBSGL.A(sglB060.o)
 .text          0x06016770        0x0 ../../Compiler/COMMON/SGL_302j/LIB_ELF/LIBSGL.A(sglB063.o)
 .text          0x06016770        0x0 ../../Compiler/COMMON/SGL_302j/LIB_ELF/LIBSGL.A(sglB087.o)
 .text          0x06016770        0x0 ../../Compiler/COMMON/SGL_302j/LIB_ELF/LIBSGL.A(sglB088.o)
 .text          0x06016770        0x0 ../../Compiler/COMMON/SGL_302j/LIB_ELF/LIBSGL.A(sglB090.o)
 .text          0x06016770        0x0 ../../Compiler/COMMON/SGL_302j/LIB_ELF/LIBSGL.A(sglB200.o)
 .text          0x06016770        0x0 ../../Compiler/COMMON/SGL_302j/LIB_ELF/LIBSGL.A(sglC05.o)
 .text          0x06016770        0x0 ../../Compiler/COMMON/SGL_302j/LIB_ELF/LIBSGL.A(sglC06.o)
 .text          0x06016770        0x0 ../../Compiler/COMMON/SGL_302j/LIB_ELF/LIBSGL.A(sglC07.o)
 .text          0x06016770        0x0 ../../Compiler/COMMON/SGL_302j/LIB_ELF/LIBSGL.A(sglC17.o)
 .text          0x06016770        0x0 ../../Compiler/COMMON/SGL_302j/LIB_ELF/LIBSGL.A(sglC19.o)
 .text          0x06016770        0x0 ../../Compiler/COMMON/SGL_302j/LIB_ELF/LIBSGL.A(sglC20.o)
 .text          0x06016770        0x0 ../../Compiler/COMMON/SGL_302j/LIB_ELF/LIBSGL.A(sglC21.o)
 .text          0x06016770        0x0 ../../Compiler/COMMON/SGL_302j/LIB_ELF/LIBSGL.A(sglD00.o)
 .text          0x06016770        0x0 ../../Compiler/COMMON/SGL_302j/LIB_ELF/LIBSGL.A(sglD01.o)
 .text          0x06016770        0x0 ../../Compiler/COMMON/SGL_302j/LIB_ELF/LIBSGL.A(sglD03.o)
 .text          0x06016770        0x0 ../../Compiler/COMMON/SGL_302j/LIB_ELF/LIBSGL.A(sglD15.o)
 .text          0x06016770        0x0 ../../Compiler/COMMON/SGL_302j/LIB_ELF/LIBSGL.A(sglD16.o)
 .text          0x06016770        0x0 ../../Compiler/COMMON/SGL_302j/LIB_ELF/LIBSGL.A(sglD17.o)
 .text          0x06016770        0x0 ../../Compiler/COMMON/SGL_302j/LIB_ELF/LIBSGL.A(sglD18.o)
 .text          0x06016770        0x0 ../../Compiler/COMMON/SGL_302j/LIB_ELF/LIBSGL.A(sglF08.o)
 .text          0x06016770        0x0 ../../Compiler/COMMON/SGL_302j/LIB_ELF/LIBSGL.A(sglH00.o)
 .text          0x06016770        0x0 ../../Compiler/COMMON/SGL_302j/LIB_ELF/LIBSGL.A(sglH01.o)
 .text          0x06016770        0x0 ../../Compiler/COMMON/SGL_302j/LIB_ELF/LIBSGL.A(sglH02.o)
 .text          0x06016770        0x0 ../../Compiler/COMMON/SGL_302j/LIB_ELF/LIBSGL.A(sglH04.o)
 .text          0x06016770        0x0 ../../Compiler/COMMON/SGL_302j/LIB_ELF/LIBSGL.A(sglI01.o)
 .text          0x06016770        0x0 ../../Compiler/COMMON/SGL_302j/LIB_ELF/LIBSGL.A(sglI04.o)
 .text          0x06016770      0x128 ../../Compiler/COMMON/SGL_302j/LIB_ELF/LIBSGL.A(sglIc0.o)
                0x06016770                slInitSystem
 *fill*         0x06016898        0x8 
 .text          0x060168a0        0x0 ../../Compiler/COMMON/SGL_302j/LIB_ELF/LIBSGL.A(sglJ00.o)
 .text          0x060168a0        0x0 ../../Compiler/COMMON/SGL_302j/LIB_ELF/LIBSGL.A(sglJ01.o)
 .text          0x060168a0        0x0 ../../Compiler/COMMON/SGL_302j/LIB_ELF/LIBSGL.A(sglJ02.o)
 .text          0x060168a0        0x0 ../../Compiler/COMMON/SGL_302j/LIB_ELF/LIBSGL.A(sglJ03.o)
 .text          0x060168a0        0x0 ../../Compiler/COMMON/SGL_302j/LIB_ELF/LIBSGL.A(sglJ04.o)
 .text          0x060168a0        0x0 ../../Compiler/COMMON/SGL_302j/LIB_ELF/LIBSGL.A(sglJ05.o)
 .text          0x060168a0        0x0 ../../Compiler/COMMON/SGL_302j/LIB_ELF/LIBSGL.A(sglK01.o)
 .text          0x060168a0        0x0 ../../Compiler/COMMON/SGL_302j/LIB_ELF/LIBSGL.A(sglM01.o)
 .text          0x060168a0        0x0 ../../Compiler/COMMON/SGL_302j/LIB_ELF/LIBSGL.A(sglA00.o)
 .text          0x060168a0        0x0 ../../Compiler/COMMON/SGL_302j/LIB_ELF/LIBSGL.A(sglA01.o)
 .text          0x060168a0        0x0 ../../Compiler/COMMON/SGL_302j/LIB_ELF/LIBSGL.A(sglA20.o)
 .text          0x060168a0        0x0 ../../Compiler/COMMON/SGL_302j/LIB_ELF/LIBSGL.A(sglB000.o)
 .text          0x060168a0        0x0 ../../Compiler/COMMON/SGL_302j/LIB_ELF/LIBSGL.A(sglC00.o)
 .text          0x060168a0        0x0 ../../Compiler/COMMON/SGL_302j/LIB_ELF/LIBSGL.A(sglI00.o)
 .text          0x060168a0        0x0 ../../Compiler/COMMON/SGL_302j/LIB_ELF/LIBSGL.A(sglH03.o)
 .text          0x060168a0       0x52 c:/development/saturn/jo-orig/joengine/compiler/windows/bin/../lib/gcc/sh-elf/9.3.0\libgcc.a(_ashiftrt.o)
                0x060168a0                __ashiftrt_r4_31
                0x060168a0                __ashiftrt_r4_32
                0x060168a6                __ashiftrt_r4_30
                0x060168a8                __ashiftrt_r4_29
                0x060168aa                __ashiftrt_r4_28
                0x060168ac                __ashiftrt_r4_27
                0x060168ae                __ashiftrt_r4_26
                0x060168b0                __ashiftrt_r4_25
                0x060168b2                __ashiftrt_r4_24
                0x060168ba                __ashiftrt_r4_23
                0x060168bc                __ashiftrt_r4_22
                0x060168be                __ashiftrt_r4_21
                0x060168c0                __ashiftrt_r4_20
                0x060168c2                __ashiftrt_r4_19
                0x060168c4                __ashiftrt_r4_18
                0x060168c6                __ashiftrt_r4_17
                0x060168c8                __ashiftrt_r4_16
                0x060168ce                __ashiftrt_r4_15
                0x060168d0                __ashiftrt_r4_14
                0x060168d2                __ashiftrt_r4_13
                0x060168d4                __ashiftrt_r4_12
                0x060168d6                __ashiftrt_r4_11
                0x060168d8                __ashiftrt_r4_10
                0x060168da                __ashiftrt_r4_9
                0x060168dc                __ashiftrt_r4_8
                0x060168de                __ashiftrt_r4_7
                0x060168e0                __ashiftrt_r4_6
                0x060168e2                __ashiftrt_r4_5
                0x060168e4                __ashiftrt_r4_4
                0x060168e6                __ashiftrt_r4_3
                0x060168e8                __ashiftrt_r4_2
                0x060168ea                __ashiftrt_r4_1
                0x060168ee                __ashiftrt_r4_0
 *fill*         0x060168f2        0x2 
 .text          0x060168f4       0x80 c:/development/saturn/jo-orig/joengine/compiler/windows/bin/../lib/gcc/sh-elf/9.3.0\libgcc.a(_ashiftrt_n.o)
                0x060168f4                __ashrsi3
 .text          0x06016974       0xbc c:/development/saturn/jo-orig/joengine/compiler/windows/bin/../lib/gcc/sh-elf/9.3.0\libgcc.a(_ashiftlt.o)
                0x06016974                __ashlsi3
                0x06016978                __ashlsi3_r0
 .text          0x06016a30       0xbc c:/development/saturn/jo-orig/joengine/compiler/windows/bin/../lib/gcc/sh-elf/9.3.0\libgcc.a(_lshiftrt.o)
                0x06016a30                __lshrsi3
                0x06016a34                __lshrsi3_r0
 .text          0x06016aec       0x78 c:/development/saturn/jo-orig/joengine/compiler/windows/bin/../lib/gcc/sh-elf/9.3.0\libgcc.a(_movmem.o)
                0x06016aec                __movmem
                0x06016aec                __movstr
                0x06016b20                __movstrSI64
                0x06016b20                __movmemSI64
                0x06016b24                __movstrSI60
                0x06016b24                __movmemSI60
                0x06016b28                __movstrSI56
                0x06016b28                __movmemSI56
                0x06016b2c                __movstrSI52
                0x06016b2c                __movmemSI52
                0x06016b30                __movstrSI48
                0x06016b30                __movmemSI48
                0x06016b34                __movmemSI44
                0x06016b34                __movstrSI44
                0x06016b38                __movstrSI40
                0x06016b38                __movmemSI40
                0x06016b3c                __movmemSI36
                0x06016b3c                __movstrSI36
                0x06016b40                __movmemSI32
                0x06016b40                __movstrSI32
                0x06016b44                __movstrSI28
                0x06016b44                __movmemSI28
                0x06016b48                __movmemSI24
                0x06016b48                __movstrSI24
                0x06016b4c                __movstrSI20
                0x06016b4c                __movmemSI20
                0x06016b50                __movstrSI16
                0x06016b50                __movmemSI16
                0x06016b54                __movstrSI12
                0x06016b54                __movmemSI12
                0x06016b58                __movmemSI8
                0x06016b58                __movstrSI8
                0x06016b5c                __movmemSI4
                0x06016b5c                __movstrSI4
 .text          0x06016b64       0xa0 c:/development/saturn/jo-orig/joengine/compiler/windows/bin/../lib/gcc/sh-elf/9.3.0\libgcc.a(_sdivsi3.o)
                0x06016b64                __sdivsi3
 .text          0x06016c04       0x6c c:/development/saturn/jo-orig/joengine/compiler/windows/bin/../lib/gcc/sh-elf/9.3.0\libgcc.a(_udivsi3.o)
                0x06016c26                __udivsi3
 .text          0x06016c70      0x21c c:/development/saturn/jo-orig/joengine/compiler/windows/bin/../lib/gcc/sh-elf/9.3.0\libgcc.a(_addsub_sf.o)
                0x06016df0                __addsf3
                0x06016e3c                __subsf3
 .text          0x06016e8c      0x134 c:/development/saturn/jo-orig/joengine/compiler/windows/bin/../lib/gcc/sh-elf/9.3.0\libgcc.a(_mul_sf.o)
                0x06016e8c                __mulsf3
 .text          0x06016fc0       0xdc c:/development/saturn/jo-orig/joengine/compiler/windows/bin/../lib/gcc/sh-elf/9.3.0\libgcc.a(_div_sf.o)
                0x06016fc0                __divsf3
 .text          0x0601709c       0x54 c:/development/saturn/jo-orig/joengine/compiler/windows/bin/../lib/gcc/sh-elf/9.3.0\libgcc.a(_gt_sf.o)
                0x0601709c                __gtsf2
 .text          0x060170f0       0x54 c:/development/saturn/jo-orig/joengine/compiler/windows/bin/../lib/gcc/sh-elf/9.3.0\libgcc.a(_ge_sf.o)
                0x060170f0                __gesf2
 .text          0x06017144       0x54 c:/development/saturn/jo-orig/joengine/compiler/windows/bin/../lib/gcc/sh-elf/9.3.0\libgcc.a(_lt_sf.o)
                0x06017144                __ltsf2
 .text          0x06017198       0x54 c:/development/saturn/jo-orig/joengine/compiler/windows/bin/../lib/gcc/sh-elf/9.3.0\libgcc.a(_le_sf.o)
                0x06017198                __lesf2
 .text          0x060171ec       0x84 c:/development/saturn/jo-orig/joengine/compiler/windows/bin/../lib/gcc/sh-elf/9.3.0\libgcc.a(_si_to_sf.o)
                0x060171ec                __floatsisf
 .text          0x06017270       0x70 c:/development/saturn/jo-orig/joengine/compiler/windows/bin/../lib/gcc/sh-elf/9.3.0\libgcc.a(_sf_to_si.o)
                0x06017270                __fixsfsi
 .text          0x060172e0       0x3c c:/development/saturn/jo-orig/joengine/compiler/windows/bin/../lib/gcc/sh-elf/9.3.0\libgcc.a(_sf_to_df.o)
                0x060172e0                __extendsfdf2
 .text          0x0601731c        0x0 c:/development/saturn/jo-orig/joengine/compiler/windows/bin/../lib/gcc/sh-elf/9.3.0\libgcc.a(_thenan_sf.o)
 .text          0x0601731c       0x94 c:/development/saturn/jo-orig/joengine/compiler/windows/bin/../lib/gcc/sh-elf/9.3.0\libgcc.a(_usi_to_sf.o)
                0x0601731c                __floatunsisf
 .text          0x060173b0      0x3e0 c:/development/saturn/jo-orig/joengine/compiler/windows/bin/../lib/gcc/sh-elf/9.3.0\libgcc.a(_addsub_df.o)
                0x060176ec                __adddf3
                0x0601773c                __subdf3
 .text          0x06017790      0x208 c:/development/saturn/jo-orig/joengine/compiler/windows/bin/../lib/gcc/sh-elf/9.3.0\libgcc.a(_mul_df.o)
                0x06017790                __muldf3
 .text          0x06017998       0xa8 c:/development/saturn/jo-orig/joengine/compiler/windows/bin/../lib/gcc/sh-elf/9.3.0\libgcc.a(_si_to_df.o)
                0x06017998                __floatsidf
 .text          0x06017a40       0xa0 c:/development/saturn/jo-orig/joengine/compiler/windows/bin/../lib/gcc/sh-elf/9.3.0\libgcc.a(_df_to_si.o)
                0x06017a40                __fixdfsi
 .text          0x06017ae0       0x28 c:/development/saturn/jo-orig/joengine/compiler/windows/bin/../lib/gcc/sh-elf/9.3.0\libgcc.a(_make_df.o)
                0x06017ae0                __make_dp
 .text          0x06017b08       0x4c c:/development/saturn/jo-orig/joengine/compiler/windows/bin/../lib/gcc/sh-elf/9.3.0\libgcc.a(_df_to_sf.o)
                0x06017b08                __truncdfsf2
 .text          0x06017b54        0x0 c:/development/saturn/jo-orig/joengine/compiler/windows/bin/../lib/gcc/sh-elf/9.3.0\libgcc.a(_thenan_df.o)
 .text          0x06017b54       0x54 c:/development/saturn/jo-orig/joengine/compiler/windows/bin/../lib/gcc/sh-elf/9.3.0\libgcc.a(_clzsi2.o)
                0x06017b54                __clzsi2
 .text          0x06017ba8      0x11c c:/development/saturn/jo-orig/joengine/compiler/windows/bin/../lib/gcc/sh-elf/9.3.0\libgcc.a(_pack_sf.o)
                0x06017ba8                __pack_f
 .text          0x06017cc4       0xa0 c:/development/saturn/jo-orig/joengine/compiler/windows/bin/../lib/gcc/sh-elf/9.3.0\libgcc.a(_unpack_sf.o)
                0x06017cc4                __unpack_f
 .text          0x06017d64       0xac c:/development/saturn/jo-orig/joengine/compiler/windows/bin/../lib/gcc/sh-elf/9.3.0\libgcc.a(_fpcmp_parts_sf.o)
                0x06017d64                __fpcmp_parts_f
 .text          0x06017e10       0x20 c:/development/saturn/jo-orig/joengine/compiler/windows/bin/../lib/gcc/sh-elf/9.3.0\libgcc.a(_make_sf.o)
                0x06017e10                __make_fp
 .text          0x06017e30      0x274 c:/development/saturn/jo-orig/joengine/compiler/windows/bin/../lib/gcc/sh-elf/9.3.0\libgcc.a(_pack_df.o)
                0x06017e30                __pack_d
 .text          0x060180a4       0xcc c:/development/saturn/jo-orig/joengine/compiler/windows/bin/../lib/gcc/sh-elf/9.3.0\libgcc.a(_unpack_df.o)
                0x060180a4                __unpack_d
 .text          0x06018170        0x0 c:/development/saturn/jo-orig/joengine/compiler/windows/bin/../lib/gcc/sh-elf/9.3.0\libgcc.a(_clz.o)
 .text          0x06018170        0x0 c:/development/saturn/jo-orig/joengine/compiler/windows/bin/../lib/gcc/sh-elf/9.3.0/../../../../sh-elf/lib\libc.a(lib_a-impure.o)
 .text          0x06018170       0x1e c:/development/saturn/jo-orig/joengine/compiler/windows/bin/../lib/gcc/sh-elf/9.3.0/../../../../sh-elf/lib\libc.a(lib_a-memcmp.o)
                0x06018170                memcmp
 *fill*         0x0601818e        0x2 
 .text          0x06018190       0x94 c:/development/saturn/jo-orig/joengine/compiler/windows/bin/../lib/gcc/sh-elf/9.3.0/../../../../sh-elf/lib\libc.a(lib_a-memcpy.o)
                0x06018190                memcpy
 .text          0x06018224       0x40 c:/development/saturn/jo-orig/joengine/compiler/windows/bin/../lib/gcc/sh-elf/9.3.0/../../../../sh-elf/lib\libc.a(lib_a-memset.o)
                0x06018224                memset
 .text          0x06018264      0x3b8 c:/development/saturn/jo-orig/joengine/compiler/windows/bin/../lib/gcc/sh-elf/9.3.0/../../../../sh-elf/lib\libc.a(lib_a-qsort.o)
                0x06018310                qsort
 .text          0x0601861c       0x60 c:/development/saturn/jo-orig/joengine/compiler/windows/bin/../lib/gcc/sh-elf/9.3.0/../../../../sh-elf/lib\libc.a(lib_a-rget.o)
                0x0601861c                __srget_r
                0x06018668                __srget
 .text          0x0601867c       0x8c c:/development/saturn/jo-orig/joengine/compiler/windows/bin/../lib/gcc/sh-elf/9.3.0/../../../../sh-elf/lib\libc.a(lib_a-sprintf.o)
                0x0601867c                _siprintf_r
                0x0601867c                _sprintf_r
                0x060186bc                siprintf
                0x060186bc                sprintf
 .text          0x06018708       0x20 c:/development/saturn/jo-orig/joengine/compiler/windows/bin/../lib/gcc/sh-elf/9.3.0/../../../../sh-elf/lib\libc.a(lib_a-strcat.o)
                0x06018708                strcat
 .text          0x06018728       0x38 c:/development/saturn/jo-orig/joengine/compiler/windows/bin/../lib/gcc/sh-elf/9.3.0/../../../../sh-elf/lib\libc.a(lib_a-strcmp.o)
                0x06018728                strcmp
 .text          0x06018760       0x3c c:/development/saturn/jo-orig/joengine/compiler/windows/bin/../lib/gcc/sh-elf/9.3.0/../../../../sh-elf/lib\libc.a(lib_a-strcpy.o)
                0x06018760                strcpy
 .text          0x0601879c       0x20 c:/development/saturn/jo-orig/joengine/compiler/windows/bin/../lib/gcc/sh-elf/9.3.0/../../../../sh-elf/lib\libc.a(lib_a-strlen.o)
                0x0601879c                strlen
 .text          0x060187bc       0x2a c:/development/saturn/jo-orig/joengine/compiler/windows/bin/../lib/gcc/sh-elf/9.3.0/../../../../sh-elf/lib\libc.a(lib_a-strncmp.o)
                0x060187bc                strncmp
 .text          0x060187e6       0x36 c:/development/saturn/jo-orig/joengine/compiler/windows/bin/../lib/gcc/sh-elf/9.3.0/../../../../sh-elf/lib\libc.a(lib_a-strncpy.o)
                0x060187e6                strncpy
 .text          0x0601881c       0x40 c:/development/saturn/jo-orig/joengine/compiler/windows/bin/../lib/gcc/sh-elf/9.3.0/../../../../sh-elf/lib\libc.a(lib_a-strrchr.o)
                0x0601881c                strrchr
 .text          0x0601885c       0x36 c:/development/saturn/jo-orig/joengine/compiler/windows/bin/../lib/gcc/sh-elf/9.3.0/../../../../sh-elf/lib\libc.a(lib_a-strstr.o)
                0x0601885c                strstr
 *fill*         0x06018892        0x2 
 .text          0x06018894       0xdc c:/development/saturn/jo-orig/joengine/compiler/windows/bin/../lib/gcc/sh-elf/9.3.0/../../../../sh-elf/lib\libc.a(lib_a-wbuf.o)
                0x06018894                __swbuf_r
                0x0601895c                __swbuf
 .text          0x06018970       0xcc c:/development/saturn/jo-orig/joengine/compiler/windows/bin/../lib/gcc/sh-elf/9.3.0/../../../../sh-elf/lib\libc.a(lib_a-wsetup.o)
                0x06018970                __swsetup_r
 .text          0x06018a3c      0x1a4 c:/development/saturn/jo-orig/joengine/compiler/windows/bin/../lib/gcc/sh-elf/9.3.0/../../../../sh-elf/lib\libc.a(lib_a-fflush.o)
                0x06018a3c                __sflush_r
                0x06018b78                _fflush_r
                0x06018bb8                fflush
 .text          0x06018be0      0x1d0 c:/development/saturn/jo-orig/joengine/compiler/windows/bin/../lib/gcc/sh-elf/9.3.0/../../../../sh-elf/lib\libc.a(lib_a-findfp.o)
                0x06018c38                _cleanup_r
                0x06018c48                __sfmoreglue
                0x06018c94                _cleanup
                0x06018ca8                __sinit
                0x06018cfc                __sfp
 .text          0x06018db0       0xb0 c:/development/saturn/jo-orig/joengine/compiler/windows/bin/../lib/gcc/sh-elf/9.3.0/../../../../sh-elf/lib\libc.a(lib_a-fwalk.o)
                0x06018db0                _fwalk
                0x06018e04                _fwalk_reent
 .text          0x06018e60      0x108 c:/development/saturn/jo-orig/joengine/compiler/windows/bin/../lib/gcc/sh-elf/9.3.0/../../../../sh-elf/lib\libc.a(lib_a-makebuf.o)
                0x06018e60                __swhatbuf_r
                0x06018ebc                __smakebuf_r
 .text          0x06018f68       0xd0 c:/development/saturn/jo-orig/joengine/compiler/windows/bin/../lib/gcc/sh-elf/9.3.0/../../../../sh-elf/lib\libc.a(lib_a-nano-freer.o)
                0x06018f68                _free_r
 .text          0x06019038       0xf8 c:/development/saturn/jo-orig/joengine/compiler/windows/bin/../lib/gcc/sh-elf/9.3.0/../../../../sh-elf/lib\libc.a(lib_a-nano-mallocr.o)
                0x06019038                _malloc_r
 .text          0x06019130      0x444 c:/development/saturn/jo-orig/joengine/compiler/windows/bin/../lib/gcc/sh-elf/9.3.0/../../../../sh-elf/lib\libc.a(lib_a-nano-svfprintf.o)
                0x06019130                __ssputs_r
                0x06019224                __ssprint_r
                0x06019358                _svfprintf_r
                0x06019358                _svfiprintf_r
 .text          0x06019574      0x380 c:/development/saturn/jo-orig/joengine/compiler/windows/bin/../lib/gcc/sh-elf/9.3.0/../../../../sh-elf/lib\libc.a(lib_a-nano-vfprintf_i.o)
                0x06019574                _printf_common
                0x06019674                _printf_i
 .text          0x060198f4      0x150 c:/development/saturn/jo-orig/joengine/compiler/windows/bin/../lib/gcc/sh-elf/9.3.0/../../../../sh-elf/lib\libc.a(lib_a-refill.o)
                0x0601990c                __srefill_r
 .text          0x06019a44       0x30 c:/development/saturn/jo-orig/joengine/compiler/windows/bin/../lib/gcc/sh-elf/9.3.0/../../../../sh-elf/lib\libc.a(lib_a-sbrkr.o)
                0x06019a44                _sbrk_r
 .text          0x06019a74       0xe0 c:/development/saturn/jo-orig/joengine/compiler/windows/bin/../lib/gcc/sh-elf/9.3.0/../../../../sh-elf/lib\libc.a(lib_a-stdio.o)
                0x06019a74                __sread
                0x06019ab0                __seofread
                0x06019ab4                __swrite
                0x06019b04                __sseek
                0x06019b44                __sclose
 .text          0x06019b54       0x1e c:/development/saturn/jo-orig/joengine/compiler/windows/bin/../lib/gcc/sh-elf/9.3.0/../../../../sh-elf/lib\libc.a(lib_a-strchr.o)
                0x06019b54                strchr
 *fill*         0x06019b72        0x2 
 .text          0x06019b74      0x25c c:/development/saturn/jo-orig/joengine/compiler/windows/bin/../lib/gcc/sh-elf/9.3.0/../../../../sh-elf/lib\libc.a(lib_a-syscalls.o)
                0x06019bec                _read
                0x06019bfc                _lseek
                0x06019c0c                _write
                0x06019c1c                _close
                0x06019c2c                _link
                0x06019c30                _sbrk
                0x06019c88                _fstat
                0x06019c92                _open
                0x06019ca4                _creat
                0x06019cb4                _unlink
                0x06019cb8                isatty
                0x06019cbc                _isatty
                0x06019cc0                _exit
                0x06019cd0                _kill
                0x06019ce4                _getpid
                0x06019ce8                _raise
                0x06019cec                _stat
                0x06019cfc                _chmod
                0x06019d0c                _chown
                0x06019d1c                _utime
                0x06019d30                _fork
                0x06019d3c                _wait
                0x06019d4c                _execve
                0x06019d5c                _execv
                0x06019d6c                _pipe
                0x06019d78                _times
                0x06019d7c                _gettimeofday
                0x06019da4                __setup_argv_and_call_main
 .text          0x06019dd0       0x14 c:/development/saturn/jo-orig/joengine/compiler/windows/bin/../lib/gcc/sh-elf/9.3.0/../../../../sh-elf/lib\libc.a(lib_a-trap.o)
                0x06019dd0                __trap34
 .text          0x06019de4       0x34 c:/development/saturn/jo-orig/joengine/compiler/windows/bin/../lib/gcc/sh-elf/9.3.0/../../../../sh-elf/lib\libc.a(lib_a-writer.o)
                0x06019de4                _write_r
 .text          0x06019e18       0x18 c:/development/saturn/jo-orig/joengine/compiler/windows/bin/../lib/gcc/sh-elf/9.3.0/../../../../sh-elf/lib\libc.a(lib_a-abort.o)
                0x06019e18                abort
 .text          0x06019e30       0x30 c:/development/saturn/jo-orig/joengine/compiler/windows/bin/../lib/gcc/sh-elf/9.3.0/../../../../sh-elf/lib\libc.a(lib_a-closer.o)
                0x06019e30                _close_r
 .text          0x06019e60       0x34 c:/development/saturn/jo-orig/joengine/compiler/windows/bin/../lib/gcc/sh-elf/9.3.0/../../../../sh-elf/lib\libc.a(lib_a-fstatr.o)
                0x06019e60                _fstat_r
 .text          0x06019e94       0x30 c:/development/saturn/jo-orig/joengine/compiler/windows/bin/../lib/gcc/sh-elf/9.3.0/../../../../sh-elf/lib\libc.a(lib_a-isattyr.o)
                0x06019e94                _isatty_r
 .text          0x06019ec4       0x34 c:/development/saturn/jo-orig/joengine/compiler/windows/bin/../lib/gcc/sh-elf/9.3.0/../../../../sh-elf/lib\libc.a(lib_a-lseekr.o)
                0x06019ec4                _lseek_r
 .text          0x06019ef8       0x1c c:/development/saturn/jo-orig/joengine/compiler/windows/bin/../lib/gcc/sh-elf/9.3.0/../../../../sh-elf/lib\libc.a(lib_a-memchr.o)
                0x06019ef8                memchr
 .text          0x06019f14       0x3c c:/development/saturn/jo-orig/joengine/compiler/windows/bin/../lib/gcc/sh-elf/9.3.0/../../../../sh-elf/lib\libc.a(lib_a-memmove.o)
                0x06019f14                memmove
 .text          0x06019f50        0x8 c:/development/saturn/jo-orig/joengine/compiler/windows/bin/../lib/gcc/sh-elf/9.3.0/../../../../sh-elf/lib\libc.a(lib_a-mlock.o)
                0x06019f50                __malloc_lock
                0x06019f54                __malloc_unlock
 .text          0x06019f58       0x7c c:/development/saturn/jo-orig/joengine/compiler/windows/bin/../lib/gcc/sh-elf/9.3.0/../../../../sh-elf/lib\libc.a(lib_a-nano-reallocr.o)
                0x06019f58                _realloc_r
 .text          0x06019fd4       0x34 c:/development/saturn/jo-orig/joengine/compiler/windows/bin/../lib/gcc/sh-elf/9.3.0/../../../../sh-elf/lib\libc.a(lib_a-readr.o)
                0x06019fd4                _read_r
 .text          0x0601a008      0x1b4 c:/development/saturn/jo-orig/joengine/compiler/windows/bin/../lib/gcc/sh-elf/9.3.0/../../../../sh-elf/lib\libc.a(lib_a-signal.o)
                0x0601a008                _init_signal_r
                0x0601a048                _signal_r
                0x0601a094                _raise_r
                0x0601a10c                __sigtramp_r
                0x0601a170                raise
                0x0601a184                signal
                0x0601a198                _init_signal
                0x0601a1a8                __sigtramp
 .text          0x0601a1bc       0x40 c:/development/saturn/jo-orig/joengine/compiler/windows/bin/../lib/gcc/sh-elf/9.3.0/../../../../sh-elf/lib\libc.a(lib_a-signalr.o)
                0x0601a1bc                _kill_r
                0x0601a1f0                _getpid_r
 .text          0x0601a1fc       0x16 c:/development/saturn/jo-orig/joengine/compiler/windows/bin/../lib/gcc/sh-elf/9.3.0/../../../../sh-elf/lib\libc.a(lib_a-nano-msizer.o)
                0x0601a1fc                _malloc_usable_size_r
 *(.strings)
 *(SEGA_P)
 *(.eh_frame_hdr)
 *(.eh_frame)
                0x0601a212                __etext = .

.text.startup   0x0601a220       0x40
 .text.startup  0x0601a220       0x40 ../../jo_engine/core.o
                0x0601a220                main

SLPROG          0x0601a260    0x10f60
                0x0601a260                __slprog_start = .
 *(SLPROG)
 SLPROG         0x0601a260     0x6540 ../../Compiler/COMMON/SGL_302j/LIB_ELF/SGLAREA.O
                0x0601a260                MasterStack
                0x0601a264                SlaveStack
                0x0601a268                MaxVertices
                0x0601a26a                MaxPolygons
                0x0601a26c                SortList
                0x0601a270                SortListSize
                0x0601a274                TransList
                0x0601a278                Zbuffer
                0x0601a27c                SpriteBuf
                0x0601a280                SpriteBufSize
                0x0601a284                Pbuffer
                0x0601a288                CommandBuf
                0x0601a28c                CLOfstBuf
                0x0601a290                PCM_Work
                0x0601a294                PCM_WkSize
                0x0601a298                MaxEvents
                0x0601a29a                EventSize
                0x0601a29c                MaxWorks
                0x0601a29e                WorkSize
                0x0601a2a0                RemainEvent
                0x0601a3a0                RemainWork
                0x0601a7a0                EventBuf
                0x0601c7a0                WorkBuf
 SLPROG         0x060207a0       0x20 ../../Compiler/COMMON/SGL_302j/LIB_ELF/LIBSGL.A(sglB001.o)
                0x060207a0                slTVOn
                0x060207aa                slTVOff
 SLPROG         0x060207c0       0x24 ../../Compiler/COMMON/SGL_302j/LIB_ELF/LIBSGL.A(sglB011.o)
                0x060207c0                slBitMapNbg1
 *fill*         0x060207e4        0xc 
 SLPROG         0x060207f0        0x8 ../../Compiler/COMMON/SGL_302j/LIB_ELF/LIBSGL.A(sglB014.o)
                0x060207f0                slScrTransparent
 *fill*         0x060207f8        0x8 
 SLPROG         0x06020800      0x40c ../../Compiler/COMMON/SGL_302j/LIB_ELF/LIBSGL.A(sglB015.o)
                0x06020800                slScrAutoDisp
 *fill*         0x06020c0c        0x4 
 SLPROG         0x06020c10        0xc ../../Compiler/COMMON/SGL_302j/LIB_ELF/LIBSGL.A(sglB016.o)
                0x06020c10                slBack1ColSet
 *fill*         0x06020c1c        0x4 
 SLPROG         0x06020c20       0x10 ../../Compiler/COMMON/SGL_302j/LIB_ELF/LIBSGL.A(sglB020.o)
                0x06020c20                slColorCalc
 SLPROG         0x06020c30        0xc ../../Compiler/COMMON/SGL_302j/LIB_ELF/LIBSGL.A(sglB021.o)
                0x06020c30                slColorCalcOn
 *fill*         0x06020c3c        0x4 
 SLPROG         0x06020c40        0xc ../../Compiler/COMMON/SGL_302j/LIB_ELF/LIBSGL.A(sglB023.o)
                0x06020c40                slColRate
 *fill*         0x06020c4c        0x4 
 SLPROG         0x06020c50       0xb0 ../../Compiler/COMMON/SGL_302j/LIB_ELF/LIBSGL.A(sglB031.o)
                0x06020c50                slMapNbg0
 SLPROG         0x06020d00       0xb4 ../../Compiler/COMMON/SGL_302j/LIB_ELF/LIBSGL.A(sglB032.o)
                0x06020d00                slMapNbg1
 *fill*         0x06020db4        0xc 
 SLPROG         0x06020dc0       0xb0 ../../Compiler/COMMON/SGL_302j/LIB_ELF/LIBSGL.A(sglB033.o)
                0x06020dc0                slMapNbg2
 SLPROG         0x06020e70       0xb4 ../../Compiler/COMMON/SGL_302j/LIB_ELF/LIBSGL.A(sglB034.o)
                0x06020e70                slMapNbg3
 *fill*         0x06020f24        0xc 
 SLPROG         0x06020f30       0xd4 ../../Compiler/COMMON/SGL_302j/LIB_ELF/LIBSGL.A(sglB035.o)
                0x06020f30                sl1MapRA
                0x06020fc2                rbank_set
 *fill*         0x06021004        0xc 
 SLPROG         0x06021010       0xa0 ../../Compiler/COMMON/SGL_302j/LIB_ELF/LIBSGL.A(sglB036.o)
                0x06021010                sl1MapRB
 SLPROG         0x060210b0       0x70 ../../Compiler/COMMON/SGL_302j/LIB_ELF/LIBSGL.A(sglB038.o)
                0x060210b0                slRparaInitSet
 SLPROG         0x06021120       0x7e ../../Compiler/COMMON/SGL_302j/LIB_ELF/LIBSGL.A(sglB039.o)
                0x06021120                slMakeKtable
 *fill*         0x0602119e        0x2 
 SLPROG         0x060211a0       0x58 ../../Compiler/COMMON/SGL_302j/LIB_ELF/LIBSGL.A(sglB040.o)
                0x060211a0                slKtableRA
 *fill*         0x060211f8        0x8 
 SLPROG         0x06021200       0x5c ../../Compiler/COMMON/SGL_302j/LIB_ELF/LIBSGL.A(sglB041.o)
                0x06021200                slKtableRB
 *fill*         0x0602125c        0x4 
 SLPROG         0x06021260        0x8 ../../Compiler/COMMON/SGL_302j/LIB_ELF/LIBSGL.A(sglB043.o)
                0x06021260                slRparaMode
 *fill*         0x06021268        0x8 
 SLPROG         0x06021270        0xc ../../Compiler/COMMON/SGL_302j/LIB_ELF/LIBSGL.A(sglB047.o)
                0x06021270                slOverRA
 *fill*         0x0602127c        0x4 
 SLPROG         0x06021280       0x10 ../../Compiler/COMMON/SGL_302j/LIB_ELF/LIBSGL.A(sglB048.o)
                0x06021280                slOverRB
 SLPROG         0x06021290        0xc ../../Compiler/COMMON/SGL_302j/LIB_ELF/LIBSGL.A(sglB055.o)
                0x06021290                slPlaneNbg0
 *fill*         0x0602129c        0x4 
 SLPROG         0x060212a0        0xc ../../Compiler/COMMON/SGL_302j/LIB_ELF/LIBSGL.A(sglB056.o)
                0x060212a0                slPlaneNbg1
 *fill*         0x060212ac        0x4 
 SLPROG         0x060212b0       0x10 ../../Compiler/COMMON/SGL_302j/LIB_ELF/LIBSGL.A(sglB057.o)
                0x060212b0                slPlaneNbg2
 SLPROG         0x060212c0       0x10 ../../Compiler/COMMON/SGL_302j/LIB_ELF/LIBSGL.A(sglB058.o)
                0x060212c0                slPlaneNbg3
 SLPROG         0x060212d0        0xc ../../Compiler/COMMON/SGL_302j/LIB_ELF/LIBSGL.A(sglB059.o)
                0x060212d0                slPlaneRA
 *fill*         0x060212dc        0x4 
 SLPROG         0x060212e0       0x10 ../../Compiler/COMMON/SGL_302j/LIB_ELF/LIBSGL.A(sglB060.o)
                0x060212e0                slPlaneRB
 SLPROG         0x060212f0        0xc ../../Compiler/COMMON/SGL_302j/LIB_ELF/LIBSGL.A(sglB063.o)
                0x060212f0                slPriority
 *fill*         0x060212fc        0x4 
 SLPROG         0x06021300       0x18 ../../Compiler/COMMON/SGL_302j/LIB_ELF/LIBSGL.A(sglB087.o)
                0x06021300                slLineScrollTable0
 *fill*         0x06021318        0x8 
 SLPROG         0x06021320        0x8 ../../Compiler/COMMON/SGL_302j/LIB_ELF/LIBSGL.A(sglB088.o)
                0x06021320                slLineScrollTable1
 *fill*         0x06021328        0x8 
 SLPROG         0x06021330        0xc ../../Compiler/COMMON/SGL_302j/LIB_ELF/LIBSGL.A(sglB090.o)
                0x06021330                slLineScrollMode
 *fill*         0x0602133c        0x4 
 SLPROG         0x06021340      0x114 ../../Compiler/COMMON/SGL_302j/LIB_ELF/LIBSGL.A(sglB200.o)
                0x06021340                slCharRbg0
                0x0602134c                slCharNbg0
                0x06021358                slCharNbg1
                0x06021364                slCharNbg2
                0x0602137a                slCharNbg3
                0x06021392                slPageRbg0
                0x060213a8                slPageNbg1
                0x060213b0                slPageNbg2
                0x060213b8                slPageNbg3
                0x060213c4                slPageNbg0
 *fill*         0x06021454        0xc 
 SLPROG         0x06021460       0x78 ../../Compiler/COMMON/SGL_302j/LIB_ELF/LIBSGL.A(sglC05.o)
                0x06021460                slSetSprite
 *fill*         0x060214d8        0x8 
 SLPROG         0x060214e0       0xfa ../../Compiler/COMMON/SGL_302j/LIB_ELF/LIBSGL.A(sglC06.o)
                0x060214e0                slDispSprite
 *fill*         0x060215da        0x6 
 SLPROG         0x060215e0      0x162 ../../Compiler/COMMON/SGL_302j/LIB_ELF/LIBSGL.A(sglC07.o)
                0x060215e6                slPutSprite
 *fill*         0x06021742        0xe 
 SLPROG         0x06021750       0x4c ../../Compiler/COMMON/SGL_302j/LIB_ELF/LIBSGL.A(sglC17.o)
                0x06021750                slDispSpriteHV
 *fill*         0x0602179c        0x4 
 SLPROG         0x060217a0       0xd4 ../../Compiler/COMMON/SGL_302j/LIB_ELF/LIBSGL.A(sglC19.o)
                0x060217a0                slDispSprite4P
 *fill*         0x06021874        0xc 
 SLPROG         0x06021880       0x40 ../../Compiler/COMMON/SGL_302j/LIB_ELF/LIBSGL.A(sglC20.o)
                0x06021880                SpriteEntry
 SLPROG         0x060218c0      0x4ae ../../Compiler/COMMON/SGL_302j/LIB_ELF/LIBSGL.A(sglC21.o)
                0x06021948                RotSprite
                0x060219d6                SetSprPosition
 *fill*         0x06021d6e        0x2 
 SLPROG         0x06021d70       0x84 ../../Compiler/COMMON/SGL_302j/LIB_ELF/LIBSGL.A(sglD00.o)
                0x06021d70                slCpuDMACopy
                0x06021d70                slDMACopy
                0x06021dca                CSH_AllClr
                0x06021dca                slCashPurge
 *fill*         0x06021df4        0xc 
 SLPROG         0x06021e00       0xa0 ../../Compiler/COMMON/SGL_302j/LIB_ELF/LIBSGL.A(sglD01.o)
                0x06021e00                slDMAXCopy
 SLPROG         0x06021ea0        0xc ../../Compiler/COMMON/SGL_302j/LIB_ELF/LIBSGL.A(sglD03.o)
                0x06021ea0                slDMAStatus
 *fill*         0x06021eac        0x4 
 SLPROG         0x06021eb0       0x20 ../../Compiler/COMMON/SGL_302j/LIB_ELF/LIBSGL.A(sglD15.o)
                0x06021eb0                CSH_Purge
 SLPROG         0x06021ed0       0x84 ../../Compiler/COMMON/SGL_302j/LIB_ELF/LIBSGL.A(sglD16.o)
                0x06021ed0                DMA_ScuSetPrm
                0x06021f18                DMA_SCU_PRM0
 *fill*         0x06021f54        0xc 
 SLPROG         0x06021f60       0x88 ../../Compiler/COMMON/SGL_302j/LIB_ELF/LIBSGL.A(sglD17.o)
                0x06021f60                DMA_ScuStart
 *fill*         0x06021fe8        0x8 
 SLPROG         0x06021ff0       0x34 ../../Compiler/COMMON/SGL_302j/LIB_ELF/LIBSGL.A(sglD18.o)
                0x06021ff0                DMA_ScuGetStatus
 *fill*         0x06022024        0xc 
 SLPROG         0x06022030       0x34 ../../Compiler/COMMON/SGL_302j/LIB_ELF/LIBSGL.A(sglF08.o)
                0x06022030                slDec2Hex
 *fill*         0x06022064        0xc 
 SLPROG         0x06022070      0xfc8 ../../Compiler/COMMON/SGL_302j/LIB_ELF/LIBSGL.A(sglH00.o)
                0x06022088                slGetPortDir1
                0x06022090                slGetPortDir2
                0x06022098                slSetPortDir1
                0x060220c2                slSetPortDir2
                0x060220fc                slGetPortData1
                0x06022104                slGetPortData2
                0x0602210c                slSetPortData1
                0x06022116                slSetPortData2
                0x06022128                slGetPortSelect1
                0x06022132                slGetPortSelect2
                0x0602213c                slSetPortSelect1
                0x06022170                slSetPortSelect2
                0x060221ac                slGetPortExt1
                0x060221b6                slGetPortExt2
                0x060221c0                slSetPortExt1
                0x060221f0                slSetPortExt2
                0x06022364                slSmpcDirectAccess
                0x060223e4                slInitPeripheral
                0x06022476                slSetResultBuffer
                0x06022502                slCheckIntBackSet
                0x0602250e                slIntBackCancel
                0x06022538                slCheckReset
                0x06022542                slClearReset
                0x06022708                slSmpcCashSend
                0x060227c4                slSmpcCashBlow
                0x060228a0                slGetOptimize
                0x060228aa                slSetOptimize
                0x060228d0                slGetPortMode1
                0x060228dc                slGetPortMode2
                0x060228ea                slSetPortMode1
                0x06022928                slSetPortMode2
                0x06022ab4                slRequestCommand
                0x06022b24                Smpc_Status
                0x06022b28                Smpc_Result
                0x06022b2c                Smpc_Peripheral
                0x06022b32                Per_Connect1
                0x06022b33                Per_Connect2
                0x06022b54                SmpcStatusBuf
 *fill*         0x06023038        0x8 
 SLPROG         0x06023040       0xa8 ../../Compiler/COMMON/SGL_302j/LIB_ELF/LIBSGL.A(sglH01.o)
                0x06023040                slGetLanguage
                0x0602304a                slSetLanguage
                0x0602306c                slGetSoundEffect
                0x06023078                slSetSoundEffect
                0x06023094                slGetSoundOutput
                0x060230a0                slSetSoundOutput
                0x060230bc                slGetHelpWindow
                0x060230c8                slSetHelpWindow
 *fill*         0x060230e8        0x8 
 SLPROG         0x060230f0      0x470 ../../Compiler/COMMON/SGL_302j/LIB_ELF/LIBSGL.A(sglH02.o)
                0x060234e0                smpc_pfr_tbl
                0x06023520                smpc_ptf_tbl
 SLPROG         0x06023560       0x60 ../../Compiler/COMMON/SGL_302j/LIB_ELF/LIBSGL.A(sglH04.o)
                0x06023560                slComPrmIntBack
                0x06023574                slComPrmSetMemory
                0x0602358a                slComPrmSetTime
 SLPROG         0x060235c0      0x3a4 ../../Compiler/COMMON/SGL_302j/LIB_ELF/LIBSGL.A(sglI01.o)
                0x060235c0                slInitSynch
                0x060235da                slSynch
                0x060236d0                slRandom
                0x060236ee                PCM_EndCheck
                0x060237aa                RetPCMBuf
                0x06023844                PCM_Buf
                0x060238e4                Sound_Buf
 *fill*         0x06023964        0xc 
 SLPROG         0x06023970       0x10 ../../Compiler/COMMON/SGL_302j/LIB_ELF/LIBSGL.A(sglI04.o)
                0x06023970                slIntFunction
 SLPROG         0x06023980       0x74 ../../Compiler/COMMON/SGL_302j/LIB_ELF/LIBSGL.A(sglJ00.o)
                0x06023980                InitSlaveSH
                0x060239e8                SlaveCommand
 *fill*         0x060239f4        0xc 
 SLPROG         0x06023a00      0x3d0 ../../Compiler/COMMON/SGL_302j/LIB_ELF/LIBSGL.A(sglJ01.o)
                0x06023a00                SlaveControl
                0x06023dbc                ErasePolygonData
 SLPROG         0x06023dd0     0x12b8 ../../Compiler/COMMON/SGL_302j/LIB_ELF/LIBSGL.A(sglJ02.o)
                0x06023dd0                sbMakePolygon
                0x06023fb8                sbCalcPolygon
                0x06024cf0                SetTexture
                0x06024cfc                SetPolygon
                0x06024d04                SetPosition
                0x06024d3c                stvtc_4
                0x06024df4                stvtc_3
                0x06025004                stvtc_1
                0x06025018                stvtc_2
                0x0602502c                stvtc_0
 *fill*         0x06025088        0x8 
 SLPROG         0x06025090      0x140 ../../Compiler/COMMON/SGL_302j/LIB_ELF/LIBSGL.A(sglJ03.o)
                0x06025090                sbMakeDMATable
 SLPROG         0x060251d0      0x470 ../../Compiler/COMMON/SGL_302j/LIB_ELF/LIBSGL.A(sglJ04.o)
                0x0602522e                sbMakeSprite
                0x06025294                sbMakeRotSprite
 SLPROG         0x06025640       0x3c ../../Compiler/COMMON/SGL_302j/LIB_ELF/LIBSGL.A(sglJ05.o)
                0x06025640                sbSortEntry
 *fill*         0x0602567c        0x4 
 SLPROG         0x06025680       0x6a ../../Compiler/COMMON/SGL_302j/LIB_ELF/LIBSGL.A(sglM01.o)
                0x06025680                slSetDepthLimit
                0x060256ac                slSetDepthTbl
                0x060256dc                DepthWorkArea
 *fill*         0x060256ea        0x6 
 SLPROG         0x060256f0       0x20 ../../Compiler/COMMON/SGL_302j/LIB_ELF/LIBSGL.A(sglA00.o)
                0x060256f0                set_imask
                0x060256f0                _builtin_set_imask
                0x06025704                _builtin_get_imask
                0x06025704                get_imask
 SLPROG         0x06025710     0x411e ../../Compiler/COMMON/SGL_302j/LIB_ELF/LIBSGL.A(sglA01.o)
                0x06025710                slSin
                0x06025734                slCos
                0x06025758                GetSinCos
                0x060257ec                sin_cos_index_tbl
                0x0602582c                sin_tbl
 *fill*         0x0602982e        0x2 
 SLPROG         0x06029830      0x42c ../../Compiler/COMMON/SGL_302j/LIB_ELF/LIBSGL.A(sglA20.o)
                0x06029830                slInitMatrix
                0x0602983a                slPushUnitMatrix
                0x0602984e                slUnitMatrix
 *fill*         0x06029c5c        0x4 
 SLPROG         0x06029c60      0xbd0 ../../Compiler/COMMON/SGL_302j/LIB_ELF/LIBSGL.A(sglB000.o)
                0x06029c60                slInitScroll
                0x06029d80                setASC_1to8
                0x06029db0                setASC_4to8
                0x06029ec0                TVSizeTbl
                0x06029f40                TVModeTbl
                0x0602a118                SGL_ASCII_CG
 SLPROG         0x0602a830      0x134 ../../Compiler/COMMON/SGL_302j/LIB_ELF/LIBSGL.A(sglC00.o)
                0x0602a830                slInitSprite
 *fill*         0x0602a964        0xc 
 SLPROG         0x0602a970      0x75c ../../Compiler/COMMON/SGL_302j/LIB_ELF/LIBSGL.A(sglI00.o)
                0x0602ac60                slInitInterrupt
 *fill*         0x0602b0cc        0x4 
 SLPROG         0x0602b0d0       0xf0 ../../Compiler/COMMON/SGL_302j/LIB_ELF/LIBSGL.A(sglH03.o)
                0x0602b134                slSmpcIntBack
                0x0602b1c0                __slprog_end = .

.tors           0x0602b1c0        0x0
                0x0602b1c0                ___ctors = .
 *(.ctors)
                0x0602b1c0                ___ctors_end = .
                0x0602b1c0                ___dtors = .
 *(.dtors)
                0x0602b1c0                ___dtors_end = .

.data           0x0602b1c0      0x500
 *(.data)
 .data          0x0602b1c0        0x0 ../../Compiler/COMMON/SGL_302j/LIB_ELF/SGLAREA.O
 .data          0x0602b1c0        0x0 pad_controllers.o
 .data          0x0602b1c0        0x0 main.o
 .data          0x0602b1c0        0x0 font.o
 .data          0x0602b1c0        0x0 sprite_manager.o
 .data          0x0602b1c0        0x0 satiator_functions.o
 .data          0x0602b1c0        0x0 background.o
 .data          0x0602b1c0        0x0 states/splash.o
 .data          0x0602b1c0        0x5 states/gamelist.o
                0x0602b1c4                truncatedList
 .data          0x0602b1c5        0x0 satiator/jhloader.o
 .data          0x0602b1c5        0x0 satiator/satiator.o
 *fill*         0x0602b1c5        0x3 
 .data          0x0602b1c8       0x10 satiator/iapetus/cd/cd.o
                0x0602b1c8                sector_size_tbl
 .data          0x0602b1d8        0x0 satiator/iapetus/cd/cdsect.o
 .data          0x0602b1d8        0x0 satiator/iapetus/sh2/sh2int.o
 .data          0x0602b1d8        0x0 satiator/iapetus/video/vdpinit.o
 .data          0x0602b1d8        0x0 ../../jo_engine/backup.o
 .data          0x0602b1d8        0x0 ../../jo_engine/tga.o
 .data          0x0602b1d8        0x4 ../../jo_engine/fs.o
 .data          0x0602b1dc        0x0 ../../jo_engine/font.o
 .data          0x0602b1dc        0x0 ../../jo_engine/input.o
 .data          0x0602b1dc        0x0 ../../jo_engine/physics.o
 .data          0x0602b1dc        0x0 ../../jo_engine/core.o
 .data          0x0602b1dc        0x4 ../../jo_engine/math.o
                0x0602b1dc                jo_random_seed
 .data          0x0602b1e0        0x0 ../../jo_engine/malloc.o
 .data          0x0602b1e0        0x0 ../../jo_engine/tools.o
 .data          0x0602b1e0        0x0 ../../jo_engine/palette.o
 .data          0x0602b1e0       0x2c ../../jo_engine/sprites.o
                0x0602b1e4                __jo_gouraud_shading_runtime_index
                0x0602b1e8                __jo_sprite_pos
                0x0602b1f4                __jo_sprite_attributes
 .data          0x0602b20c        0x0 ../../jo_engine/map.o
 .data          0x0602b20c        0x0 ../../jo_engine/list.o
 .data          0x0602b20c        0x4 ../../jo_engine/sprite_animator.o
 .data          0x0602b210        0x0 ../../jo_engine/image.o
 .data          0x0602b210        0x0 ../../jo_engine/vdp2.o
 .data          0x0602b210        0x0 ../../jo_engine/time.o
 .data          0x0602b210        0x0 ../../jo_engine/vdp1_command_pipeline.o
 .data          0x0602b210       0x10 ../../jo_engine/vdp2_malloc.o
 .data          0x0602b220        0x0 ../../Compiler/COMMON/SGL_302j/LIB_ELF/SEGA_SYS.A(sys_exit.o)
 .data          0x0602b220        0x0 ../../Compiler/COMMON/SGL_302j/LIB_ELF/SEGA_SYS.A(sys_sub.o)
 .data          0x0602b220        0x0 ../../Compiler/COMMON/SGL_302j/LIB_ELF/LIBCD.A(CDC_CMN.O)
 .data          0x0602b220        0x0 ../../Compiler/COMMON/SGL_302j/LIB_ELF/LIBCD.A(CDC_CFS.O)
 .data          0x0602b220        0x0 ../../Compiler/COMMON/SGL_302j/LIB_ELF/LIBCD.A(CDC_REG.O)
 .data          0x0602b220        0x0 ../../Compiler/COMMON/SGL_302j/LIB_ELF/LIBCD.A(CDC_SUB.O)
 .data          0x0602b220        0x0 ../../Compiler/COMMON/SGL_302j/LIB_ELF/LIBCD.A(GFS.O)
 .data          0x0602b220        0x0 ../../Compiler/COMMON/SGL_302j/LIB_ELF/LIBCD.A(GFS_BUF.O)
 .data          0x0602b220        0x0 ../../Compiler/COMMON/SGL_302j/LIB_ELF/LIBCD.A(GFS_CDB.O)
 .data          0x0602b220        0x0 ../../Compiler/COMMON/SGL_302j/LIB_ELF/LIBCD.A(GFS_CDC.O)
 .data          0x0602b220        0x0 ../../Compiler/COMMON/SGL_302j/LIB_ELF/LIBCD.A(GFS_CDF.O)
 .data          0x0602b220        0x0 ../../Compiler/COMMON/SGL_302j/LIB_ELF/LIBCD.A(GFS_DIR.O)
 .data          0x0602b220        0x0 ../../Compiler/COMMON/SGL_302j/LIB_ELF/LIBCD.A(GFS_TRN.O)
 .data          0x0602b220        0x0 ../../Compiler/COMMON/SGL_302j/LIB_ELF/LIBCD.A(CDC_DRV.O)
 .data          0x0602b220        0x0 ../../Compiler/COMMON/SGL_302j/LIB_ELF/LIBCD.A(CDC_DEV.O)
 .data          0x0602b220        0x0 ../../Compiler/COMMON/SGL_302j/LIB_ELF/LIBCD.A(CDC_SEL.O)
 .data          0x0602b220        0x0 ../../Compiler/COMMON/SGL_302j/LIB_ELF/LIBCD.A(CDC_BIF.O)
 .data          0x0602b220        0x0 ../../Compiler/COMMON/SGL_302j/LIB_ELF/LIBCD.A(CDC_BIO.O)
 .data          0x0602b220        0x0 ../../Compiler/COMMON/SGL_302j/LIB_ELF/LIBSGL.A(sglB001.o)
 .data          0x0602b220        0x0 ../../Compiler/COMMON/SGL_302j/LIB_ELF/LIBSGL.A(sglB011.o)
 .data          0x0602b220        0x0 ../../Compiler/COMMON/SGL_302j/LIB_ELF/LIBSGL.A(sglB014.o)
 .data          0x0602b220        0x0 ../../Compiler/COMMON/SGL_302j/LIB_ELF/LIBSGL.A(sglB015.o)
 .data          0x0602b220        0x0 ../../Compiler/COMMON/SGL_302j/LIB_ELF/LIBSGL.A(sglB016.o)
 .data          0x0602b220        0x0 ../../Compiler/COMMON/SGL_302j/LIB_ELF/LIBSGL.A(sglB020.o)
 .data          0x0602b220        0x0 ../../Compiler/COMMON/SGL_302j/LIB_ELF/LIBSGL.A(sglB021.o)
 .data          0x0602b220        0x0 ../../Compiler/COMMON/SGL_302j/LIB_ELF/LIBSGL.A(sglB023.o)
 .data          0x0602b220        0x0 ../../Compiler/COMMON/SGL_302j/LIB_ELF/LIBSGL.A(sglB031.o)
 .data          0x0602b220        0x0 ../../Compiler/COMMON/SGL_302j/LIB_ELF/LIBSGL.A(sglB032.o)
 .data          0x0602b220        0x0 ../../Compiler/COMMON/SGL_302j/LIB_ELF/LIBSGL.A(sglB033.o)
 .data          0x0602b220        0x0 ../../Compiler/COMMON/SGL_302j/LIB_ELF/LIBSGL.A(sglB034.o)
 .data          0x0602b220        0x0 ../../Compiler/COMMON/SGL_302j/LIB_ELF/LIBSGL.A(sglB035.o)
 .data          0x0602b220        0x0 ../../Compiler/COMMON/SGL_302j/LIB_ELF/LIBSGL.A(sglB036.o)
 .data          0x0602b220        0x0 ../../Compiler/COMMON/SGL_302j/LIB_ELF/LIBSGL.A(sglB038.o)
 .data          0x0602b220        0x0 ../../Compiler/COMMON/SGL_302j/LIB_ELF/LIBSGL.A(sglB039.o)
 .data          0x0602b220        0x0 ../../Compiler/COMMON/SGL_302j/LIB_ELF/LIBSGL.A(sglB040.o)
 .data          0x0602b220        0x0 ../../Compiler/COMMON/SGL_302j/LIB_ELF/LIBSGL.A(sglB041.o)
 .data          0x0602b220        0x0 ../../Compiler/COMMON/SGL_302j/LIB_ELF/LIBSGL.A(sglB043.o)
 .data          0x0602b220        0x0 ../../Compiler/COMMON/SGL_302j/LIB_ELF/LIBSGL.A(sglB047.o)
 .data          0x0602b220        0x0 ../../Compiler/COMMON/SGL_302j/LIB_ELF/LIBSGL.A(sglB048.o)
 .data          0x0602b220        0x0 ../../Compiler/COMMON/SGL_302j/LIB_ELF/LIBSGL.A(sglB055.o)
 .data          0x0602b220        0x0 ../../Compiler/COMMON/SGL_302j/LIB_ELF/LIBSGL.A(sglB056.o)
 .data          0x0602b220        0x0 ../../Compiler/COMMON/SGL_302j/LIB_ELF/LIBSGL.A(sglB057.o)
 .data          0x0602b220        0x0 ../../Compiler/COMMON/SGL_302j/LIB_ELF/LIBSGL.A(sglB058.o)
 .data          0x0602b220        0x0 ../../Compiler/COMMON/SGL_302j/LIB_ELF/LIBSGL.A(sglB059.o)
 .data          0x0602b220        0x0 ../../Compiler/COMMON/SGL_302j/LIB_ELF/LIBSGL.A(sglB060.o)
 .data          0x0602b220        0x0 ../../Compiler/COMMON/SGL_302j/LIB_ELF/LIBSGL.A(sglB063.o)
 .data          0x0602b220        0x0 ../../Compiler/COMMON/SGL_302j/LIB_ELF/LIBSGL.A(sglB087.o)
 .data          0x0602b220        0x0 ../../Compiler/COMMON/SGL_302j/LIB_ELF/LIBSGL.A(sglB088.o)
 .data          0x0602b220        0x0 ../../Compiler/COMMON/SGL_302j/LIB_ELF/LIBSGL.A(sglB090.o)
 .data          0x0602b220        0x0 ../../Compiler/COMMON/SGL_302j/LIB_ELF/LIBSGL.A(sglB200.o)
 .data          0x0602b220        0x0 ../../Compiler/COMMON/SGL_302j/LIB_ELF/LIBSGL.A(sglC05.o)
 .data          0x0602b220        0x0 ../../Compiler/COMMON/SGL_302j/LIB_ELF/LIBSGL.A(sglC06.o)
 .data          0x0602b220        0x0 ../../Compiler/COMMON/SGL_302j/LIB_ELF/LIBSGL.A(sglC07.o)
 .data          0x0602b220        0x0 ../../Compiler/COMMON/SGL_302j/LIB_ELF/LIBSGL.A(sglC17.o)
 .data          0x0602b220        0x0 ../../Compiler/COMMON/SGL_302j/LIB_ELF/LIBSGL.A(sglC19.o)
 .data          0x0602b220        0x0 ../../Compiler/COMMON/SGL_302j/LIB_ELF/LIBSGL.A(sglC20.o)
 .data          0x0602b220        0x0 ../../Compiler/COMMON/SGL_302j/LIB_ELF/LIBSGL.A(sglC21.o)
 .data          0x0602b220        0x0 ../../Compiler/COMMON/SGL_302j/LIB_ELF/LIBSGL.A(sglD00.o)
 .data          0x0602b220        0x0 ../../Compiler/COMMON/SGL_302j/LIB_ELF/LIBSGL.A(sglD01.o)
 .data          0x0602b220        0x0 ../../Compiler/COMMON/SGL_302j/LIB_ELF/LIBSGL.A(sglD03.o)
 .data          0x0602b220        0x0 ../../Compiler/COMMON/SGL_302j/LIB_ELF/LIBSGL.A(sglD15.o)
 .data          0x0602b220        0x0 ../../Compiler/COMMON/SGL_302j/LIB_ELF/LIBSGL.A(sglD16.o)
 .data          0x0602b220        0x0 ../../Compiler/COMMON/SGL_302j/LIB_ELF/LIBSGL.A(sglD17.o)
 .data          0x0602b220        0x0 ../../Compiler/COMMON/SGL_302j/LIB_ELF/LIBSGL.A(sglD18.o)
 .data          0x0602b220        0x0 ../../Compiler/COMMON/SGL_302j/LIB_ELF/LIBSGL.A(sglF08.o)
 .data          0x0602b220        0x0 ../../Compiler/COMMON/SGL_302j/LIB_ELF/LIBSGL.A(sglH00.o)
 .data          0x0602b220        0x0 ../../Compiler/COMMON/SGL_302j/LIB_ELF/LIBSGL.A(sglH01.o)
 .data          0x0602b220        0x0 ../../Compiler/COMMON/SGL_302j/LIB_ELF/LIBSGL.A(sglH02.o)
 .data          0x0602b220        0x0 ../../Compiler/COMMON/SGL_302j/LIB_ELF/LIBSGL.A(sglH04.o)
 .data          0x0602b220        0x0 ../../Compiler/COMMON/SGL_302j/LIB_ELF/LIBSGL.A(sglI01.o)
 .data          0x0602b220        0x0 ../../Compiler/COMMON/SGL_302j/LIB_ELF/LIBSGL.A(sglI04.o)
 .data          0x0602b220       0x80 ../../Compiler/COMMON/SGL_302j/LIB_ELF/LIBSGL.A(sglIc0.o)
                0x0602b220                IntPrioMask