Archive member included to satisfy reference by file (symbol)

../../Compiler/COMMON/SGL_302j/LIB_ELF/SEGA_SYS.A(sys_exit.o)
                              ../../jo_engine/core.o (SYS_Exit)
../../Compiler/COMMON/SGL_302j/LIB_ELF/SEGA_SYS.A(sys_sub.o)
                              ../../Compiler/COMMON/SGL_302j/LIB_ELF/SEGA_SYS.A(sys_exit.o) (SYSUB_SetStackptr)
../../Compiler/COMMON/SGL_302j/LIB_ELF/LIBCD.A(CDC_CMN.O)
                              ../../Compiler/COMMON/SGL_302j/LIB_ELF/SEGA_SYS.A(sys_exit.o) (CDC_GetCurStat)
../../Compiler/COMMON/SGL_302j/LIB_ELF/LIBCD.A(CDC_CFS.O)
                              ../../Compiler/COMMON/SGL_302j/LIB_ELF/SEGA_SYS.A(sys_exit.o) (CDC_ChgDir)
../../Compiler/COMMON/SGL_302j/LIB_ELF/LIBCD.A(CDC_REG.O)
                              ../../Compiler/COMMON/SGL_302j/LIB_ELF/SEGA_SYS.A(sys_exit.o) (CDC_GetHirqReq)
../../Compiler/COMMON/SGL_302j/LIB_ELF/LIBCD.A(CDC_SUB.O)
                              ../../Compiler/COMMON/SGL_302j/LIB_ELF/LIBCD.A(CDC_CMN.O) (CDSUB_UpdStatus)
../../Compiler/COMMON/SGL_302j/LIB_ELF/LIBCD.A(GFS.O)
                              ../../jo_engine/fs.o (GFS_Init)
../../Compiler/COMMON/SGL_302j/LIB_ELF/LIBCD.A(GFS_BUF.O)
                              ../../Compiler/COMMON/SGL_302j/LIB_ELF/LIBCD.A(GFS.O) (GFBF_GetNumData)
../../Compiler/COMMON/SGL_302j/LIB_ELF/LIBCD.A(GFS_CDB.O)
                              ../../Compiler/COMMON/SGL_302j/LIB_ELF/LIBCD.A(GFS.O) (GFCB_Close)
../../Compiler/COMMON/SGL_302j/LIB_ELF/LIBCD.A(GFS_CDC.O)
                              ../../Compiler/COMMON/SGL_302j/LIB_ELF/LIBCD.A(GFS.O) (GFCD_SetCdbfs)
../../Compiler/COMMON/SGL_302j/LIB_ELF/LIBCD.A(GFS_CDF.O)
                              ../../Compiler/COMMON/SGL_302j/LIB_ELF/LIBCD.A(GFS.O) (GFCF_Init)
../../Compiler/COMMON/SGL_302j/LIB_ELF/LIBCD.A(GFS_DIR.O)
                              ../../Compiler/COMMON/SGL_302j/LIB_ELF/LIBCD.A(GFS.O) (GFDR_SetupDirTbl)
../../Compiler/COMMON/SGL_302j/LIB_ELF/LIBCD.A(GFS_TRN.O)
                              ../../Compiler/COMMON/SGL_302j/LIB_ELF/LIBCD.A(GFS.O) (GFTR_Setup)
../../Compiler/COMMON/SGL_302j/LIB_ELF/LIBCD.A(CDC_DRV.O)
                              ../../Compiler/COMMON/SGL_302j/LIB_ELF/LIBCD.A(GFS_CDC.O) (CDC_CdPlay)
../../Compiler/COMMON/SGL_302j/LIB_ELF/LIBCD.A(CDC_DEV.O)
                              ../../Compiler/COMMON/SGL_302j/LIB_ELF/LIBCD.A(GFS_CDC.O) (CDC_CdSetCon)
../../Compiler/COMMON/SGL_302j/LIB_ELF/LIBCD.A(CDC_SEL.O)
                              ../../Compiler/COMMON/SGL_302j/LIB_ELF/LIBCD.A(GFS_CDC.O) (CDC_SetFiltRange)
../../Compiler/COMMON/SGL_302j/LIB_ELF/LIBCD.A(CDC_BIF.O)
                              ../../Compiler/COMMON/SGL_302j/LIB_ELF/LIBCD.A(GFS_CDC.O) (CDC_GetBufSiz)
../../Compiler/COMMON/SGL_302j/LIB_ELF/LIBCD.A(CDC_BIO.O)
                              ../../Compiler/COMMON/SGL_302j/LIB_ELF/LIBCD.A(GFS_CDC.O) (CDC_SetSctLen)
../../Compiler/COMMON/SGL_302j/LIB_ELF/LIBSGL.A(sglB001.o)
                              ../../jo_engine/core.o (slTVOn)
../../Compiler/COMMON/SGL_302j/LIB_ELF/LIBSGL.A(sglB011.o)
                              ../../jo_engine/vdp2.o (slBitMapNbg1)
../../Compiler/COMMON/SGL_302j/LIB_ELF/LIBSGL.A(sglB014.o)
                              ../../jo_engine/vdp2.o (slScrTransparent)
../../Compiler/COMMON/SGL_302j/LIB_ELF/LIBSGL.A(sglB015.o)
                              ../../jo_engine/vdp2.o (slScrAutoDisp)
../../Compiler/COMMON/SGL_302j/LIB_ELF/LIBSGL.A(sglB016.o)
                              ../../jo_engine/vdp2.o (slBack1ColSet)
../../Compiler/COMMON/SGL_302j/LIB_ELF/LIBSGL.A(sglB020.o)
                              ../../jo_engine/vdp2.o (slColorCalc)
../../Compiler/COMMON/SGL_302j/LIB_ELF/LIBSGL.A(sglB021.o)
                              ../../jo_engine/vdp2.o (slColorCalcOn)
../../Compiler/COMMON/SGL_302j/LIB_ELF/LIBSGL.A(sglB023.o)
                              ../../jo_engine/vdp2.o (slColRate)
../../Compiler/COMMON/SGL_302j/LIB_ELF/LIBSGL.A(sglB031.o)
                              ../../jo_engine/vdp2.o (slMapNbg0)
../../Compiler/COMMON/SGL_302j/LIB_ELF/LIBSGL.A(sglB032.o)
                              ../../jo_engine/vdp2.o (slMapNbg1)
../../Compiler/COMMON/SGL_302j/LIB_ELF/LIBSGL.A(sglB033.o)
                              ../../jo_engine/vdp2.o (slMapNbg2)
../../Compiler/COMMON/SGL_302j/LIB_ELF/LIBSGL.A(sglB034.o)
                              ../../jo_engine/vdp2.o (slMapNbg3)
../../Compiler/COMMON/SGL_302j/LIB_ELF/LIBSGL.A(sglB035.o)
                              ../../jo_engine/vdp2.o (sl1MapRA)
../../Compiler/COMMON/SGL_302j/LIB_ELF/LIBSGL.A(sglB036.o)
                              ../../jo_engine/vdp2.o (sl1MapRB)
../../Compiler/COMMON/SGL_302j/LIB_ELF/LIBSGL.A(sglB038.o)
                              ../../jo_engine/vdp2.o (slRparaInitSet)
../../Compiler/COMMON/SGL_302j/LIB_ELF/LIBSGL.A(sglB039.o)
                              ../../jo_engine/vdp2.o (slMakeKtable)
../../Compiler/COMMON/SGL_302j/LIB_ELF/LIBSGL.A(sglB040.o)
[...]
Memory Configuration

Name             Origin             Length             Attributes
*default*        0x00000000         0xffffffff

Linker script and memory map

TARGET(elf32-sh)

SLSTART         0x06004000       0x30
                0x06004000                ___Start = .
 *(SLSTART)
 SLSTART        0x06004000       0x28 ../../Compiler/COMMON/SGL_302j/LIB_ELF/LIBSGL.A(sglI00.o)
                0x06004000                SGL_Start
                0x06004002                slStartSGL

.text           0x06004040    0x161c0
 *(.text)
 .text          0x06004040        0x0 ../../Compiler/COMMON/SGL_302j/LIB_ELF/SGLAREA.O
 .text          0x06004040      0x364 pad_controllers.o
                0x060040c0                initControllers
                0x060040ec                updateControllerButtonStatus
                0x06004104                updateController
                0x06004380                updateControllers
 .text          0x060043a4      0x154 main.o
                0x060043a4                draw_objects
                0x060043d8                application_logic
                0x060044a8                jo_main
 .text          0x060044f8       0xe8 font.o
                0x060044f8                font_palette_handling
                0x0600457c                load_nbg2_font
 .text          0x060045e0      0x338 sprite_manager.o
                0x06004648                init_sprites
                0x06004684                get_free_sprite
                0x060046b8                create_sprite
                0x06004728                get_free_texture
                0x06004758                load_sprite_texture
                0x060047ac                draw_sprites
 .text          0x06004918      0x548 satiator_functions.o
                0x06004adc                satiatorWriteData
                0x06004b54                satiatorWriteU8
                0x06004b70                satiatorWriteU16
                0x06004bb0                satiatorWriteU32
                0x06004bcc                iso2desc
                0x06004d20                file2desc
                0x06004d2c                satiatorEmulateDesc
                0x06004dc4                satiatorTryLaunchFile
                0x06004df0                satiatorExecutableFilter
 .text          0x06004e60       0xd0 background.o
                0x06004ec8                load_background
                0x06004f00                init_background
 .text          0x06004f30      0x1a8 states/splash.o
                0x06004f98                logic_splash
 .text          0x060050d8      0x76c states/gamelist.o
                0x06005180                sortDirEntries
                0x060051a4                displayGameListItem
                0x06005288                displayGameList
                0x060054d8                loadGameList
                0x06005518                launchSelectedGame
                0x06005570                logic_gamelist
 .text          0x06005844      0x324 satiator/jhloader.o
                0x06005970                boot_disc
 .text          0x06005b68     0x1560 satiator/satiator.o
                0x06005c94                exec_cmd
                0x06005e04                s_open
                0x06005f1c                s_close
                0x06005f9c                s_seek
                0x06006034                s_read
                0x06006168                s_write
                0x06006294                s_sync
                0x060062a0                s_truncate
                0x06006334                s_stat
                0x060064fc                s_rename
                0x06006638                s_mkdir
                0x06006748                s_unlink
                0x06006858                s_opendir
                0x06006968                s_chdir
                0x06006a78                s_getcwd
                0x06006bdc                s_mode
                0x06006c84                s_emulate
                0x06006d94                s_get_fw_version
                0x06006eb8                s_get_bootloader_version
                0x06006f94                s_get_serial_number
                0x06007070                s_find_cartridge
 .text          0x060070c8      0x7a0 satiator/iapetus/cd/cd.o
                0x06007130                cd_write_command
                0x06007150                cd_read_return_status
                0x06007174                cd_wait_hirq
                0x0600719c                cd_exec_command
                0x060072c0                cd_end_transfer
                0x060072f4                cd_play_fad
                0x0600733c                cd_connect_cd_to_filter
                0x06007370                cd_reset_selector_one
                0x0600737c                cd_reset_selector_all
                0x0600738c                cd_is_data_ready
                0x060073d4                cd_set_sector_size
                0x06007410                cd_get_then_delete_sector_data
                0x06007444                cd_abort_file
                0x06007470                cd_transfer_data_bytes
                0x06007560                cd_get_stat
                0x060075dc                is_cd_auth
                0x06007644                cd_auth
                0x060076d0                cd_stop_drive
                0x06007730                is_cd_present
                0x06007774                cd_read_sector
 .text          0x06007868      0x128 satiator/iapetus/cd/cdsect.o
                0x060078d0                cd_put_sector_data
                0x06007904                cd_move_sector_data
                0x0600793c                cd_get_buffer_size
 .text          0x06007990       0x20 satiator/iapetus/sh2/sh2int.o
                0x06007990                interrupt_set_level_mask
                0x060079a4                interrupt_get_level_mask
 .text          0x060079b0      0x154 satiator/iapetus/video/vdpinit.o
                0x06007adc                vdp_wait_vblankin
                0x06007af0                vdp_wait_vblankout
 .text          0x06007b04     0x12fc ../../jo_engine/backup.o
                0x06007b6c                jo_backup_get_free_block_count
                0x06007bbc                jo_backup_format_device
                0x06007c94                jo_backup_mount
                0x06007e00                jo_backup_read_device
                0x0600800c                jo_backup_file_exists
                0x06008110                jo_backup_get_file_partition
                0x06008210                jo_backup_init_file
                0x0600827c                jo_backup_save
                0x06008580                jo_backup_load_file_comment
                0x06008674                jo_backup_load_file_contents
                0x06008868                jo_backup_delete_file
                0x060089d4                jo_backup_unmount
                0x06008a84                jo_backup_get_file_last_modified_date
                0x06008bd8                jo_backup_get_file_info
                0x06008d78                jo_backup_get_file_size
                0x06008d98                jo_backup_get_last_status
 .text          0x06008e00      0x8a8 ../../jo_engine/tga.o
                0x0600907c                jo_set_tga_palette_handling
                0x06009088                __jo_tga_load
                0x060091a8                __jo_tga_any_loader_from_stream
                0x060091f0                jo_tga_8bits_loader_from_stream
                0x06009208                jo_tga_loader_from_stream
                0x06009220                __jo_tga_any_loader
                0x06009270                jo_tga_8bits_loader
                0x0600928c                jo_tga_loader
                0x060092a8                jo_sprite_add_tga_tileset
                0x06009500                jo_sprite_add_tga_from_stream
                0x060095b8                jo_sprite_add_tga
 .text          0x060096a8      0x94c ../../jo_engine/fs.o
                0x06009710                jo_fs_init
                0x060097c0                jo_fs_do_background_jobs
                0x0600987c                jo_fs_read_file_async_ptr
                0x06009a20                jo_fs_cd
                0x06009a90                jo_fs_read_file_ptr
                0x06009c2c                jo_fs_read_file_in_dir
                0x06009c78                jo_fs_open
                0x06009d74                jo_fs_seek_forward
                0x06009e84                jo_fs_read_next_bytes
                0x06009f68                jo_fs_close
                0x06009fb4                jo_fs_set_read_sector_count
 .text          0x06009ff4      0x574 ../../jo_engine/font.o
                0x0600a05c                jo_font_load
                0x0600a2ec                jo_font_print
                0x0600a410                jo_font_print_centered
 .text          0x0600a568      0x118 ../../jo_engine/input.o
                0x0600a5d0                jo_get_inputs_vblank
                0x0600a618                jo_get_input_type
                0x0600a65c                jo_get_input_count
 .text          0x0600a680        0x0 ../../jo_engine/physics.o
 .text          0x0600a680      0x700 ../../jo_engine/core.o
                0x0600a75c                __jo_core_set_screens_order
                0x0600a894                jo_core_init
                0x0600aa58                jo_core_add_vblank_callback
                0x0600aad4                jo_core_remove_vblank_callback
                0x0600ab2c                jo_core_add_callback
                0x0600ab74                jo_core_remove_callback
                0x0600abac                jo_goto_boot_menu
                0x0600abb8                __jo_core_error
                0x0600ac08                jo_core_suspend
                0x0600ac48                jo_core_set_restart_game_callback
                0x0600ac54                jo_core_run
                0x0600acd8                jo_dump_vdp1_registers
                0x0600ad2c                jo_dump_vdp2_registers
 .text          0x0600ad80      0xb50 ../../jo_engine/math.o
                0x0600ade8                jo_fixed_mult
                0x0600adfc                jo_fixed_dot
                0x0600ae14                jo_fixed_pow
                0x0600ae4c                jo_fixed_div
                0x0600ae74                jo_fixed_sin
                0x0600af78                jo_gcd
                0x0600afe0                jo_atan2f_rad
                0x0600b1a4                jo_planar_rotate
                0x0600b310                jo_random
                0x0600b380                jo_vector_fixed_compute_bezier_point
                0x0600b510                jo_vectorf_compute_bezier_point
                0x0600b660                jo_fixed_sqrt
                0x0600b710                jo_sqrt
                0x0600b750                jo_fixed_rsqrt
                0x0600b860                jo_rsqrt
 .text          0x0600b8d0      0x4b4 ../../jo_engine/malloc.o
                0x0600b938                jo_add_memory_zone
                0x0600b9a8                jo_malloc_with_behaviour
                0x0600baf4                jo_reduce_memory_fragmentation
                0x0600bb68                jo_free
                0x0600bbe4                jo_memory_usage_percent
                0x0600bce8                jo_memory_fragmentation
 .text          0x0600bd84      0x3ec ../../jo_engine/tools.o
                0x0600bdec                jo_getdate
                0x0600be88                jo_get_current_language
                0x0600beac                jo_tools_atoi
                0x0600bf2c                jo_strlen
                0x0600bf7c                jo_endwith
                0x0600c028                jo_strcmp
                0x0600c058                jo_memset
                0x0600c0fc                jo_map_to_vram
 .text          0x0600c170      0x134 ../../jo_engine/palette.o
                0x0600c1d8                jo_create_palette
                0x0600c22c                jo_set_palette_register
                0x0600c290                jo_get_palette_register
 .text          0x0600c2a4      0x9ec ../../jo_engine/sprites.o
                0x0600c440                jo_sprite_usage_percent
                0x0600c4cc                jo_get_last_sprite_id
                0x0600c4d8                jo_sprite_init
                0x0600c55c                jo_sprite_name2id
                0x0600c5d4                jo_sprite_replace
                0x0600c6dc                jo_sprite_add
                0x0600c728                jo_sprite_add_8bits_image
                0x0600c774                jo_sprite_free_from
                0x0600c7ec                jo_set_gouraud_shading_colors
                0x0600c814                jo_set_gouraud_shading_brightness
                0x0600c854                jo_sprite_draw_4p_fixed
                0x0600c970                jo_sprite_draw
                0x0600cabc                jo_sprite_draw_rotate
                0x0600cc5c                jo_sprite_set_clipping_area
 .text          0x0600cc90      0x99c ../../jo_engine/map.o
                0x0600cdc0                jo_map_per_pixel_vertical_collision
                0x0600cef4                jo_map_hitbox_detection_custom_boundaries
                0x0600cf64                jo_map_create
                0x0600cfe0                jo_map_add_tile
                0x0600d004                jo_map_add_animated_tile
                0x0600d028                jo_map_draw_background
                0x0600d0c0                jo_map_draw
                0x0600d1bc                jo_map_free
                0x0600d1d4                jo_map_load_from_file
                0x0600d5ac                jo_map_move_tiles_by_attribute
 .text          0x0600d62c      0x200 ../../jo_engine/list.o
                0x0600d694                jo_list_init
                0x0600d6a4                jo_list_add
                0x0600d71c                jo_list_insert_at
                0x0600d7cc                jo_list_remove
 .text          0x0600d82c      0x2bc ../../jo_engine/sprite_animator.o
                0x0600d940                jo_replace_sprite_anim
                0x0600d9f4                jo_create_sprite_anim
                0x0600dac0                jo_clear_all_sprite_anim
 .text          0x0600dae8      0x7b0 ../../jo_engine/image.o
                0x0600db50                __jo_bin_load
                0x0600dba0                jo_free_img
                0x0600dbe8                jo_bin_loader_from_stream
                0x0600dcb8                jo_bin_loader
                0x0600dd3c                jo_replace_color
                0x0600dda8                jo_sprite_add_bin_tileset
                0x0600dfa0                jo_sprite_add_bin
                0x0600e06c                jo_sprite_add_bin_from_stream
                0x0600e104                jo_sprite_add_image_pack
 .text          0x0600e298     0x11ec ../../jo_engine/vdp2.o
                0x0600e37c                jo_set_default_background_color
                0x0600e3bc                __jo_init_vdp2
                0x0600e418                jo_img_to_vdp2_cells
                0x0600e53c                jo_vdp2_set_rbg0_plane_a_8bits_image
                0x0600e62c                jo_vdp2_set_rbg0_plane_b_8bits_image
                0x0600e718                jo_vdp2_enable_rbg0
                0x0600e7c0                jo_vdp2_disable_rbg0
                0x0600e7d8                jo_vdp2_set_nbg0_8bits_image
                0x0600e8e4                jo_vdp2_disable_nbg0_line_scroll
                0x0600e908                jo_vdp2_compute_nbg0_line_scroll
                0x0600e920                jo_vdp2_enable_nbg0_line_scroll
                0x0600e990                jo_vdp2_draw_bitmap_nbg1_line
                0x0600ea50                jo_vdp2_clear_bitmap_nbg1
                0x0600eaa8                jo_vdp2_set_nbg1_8bits_image
                0x0600eb84                jo_vdp2_set_nbg1_image
                0x0600ece0                jo_vdp2_disable_nbg1_line_scroll
                0x0600ed04                jo_vdp2_compute_nbg1_line_scroll
                0x0600ed1c                jo_vdp2_enable_nbg1_line_scroll
                0x0600ed8c                jo_nbg2_clear
                0x0600ede8                __jo_set_nbg2_8bits_image
                0x0600ee8c                jo_nbg2_print
                0x0600ef44                jo_vdp2_set_nbg2_8bits_font
                0x0600efe8                jo_vdp2_set_nbg2_8bits_image
                0x0600f054                jo_nbg3_clear
                0x0600f0b0                __jo_set_nbg3_8bits_image
                0x0600f154                jo_nbg3_print
                0x0600f20c                jo_vdp2_set_nbg3_8bits_font
                0x0600f2b0                jo_vdp2_set_nbg3_8bits_image
                0x0600f31c                jo_set_displayed_screens
                0x0600f32c                jo_disable_all_screens_transparency
                0x0600f350                jo_enable_screen_transparency
 .text          0x0600f484      0x280 ../../jo_engine/time.o
                0x0600f4ec                jo_time_init
                0x0600f518                jo_get_ticks
                0x0600f5f8                jo_fixed_point_time
 .text          0x0600f704       0x68 ../../jo_engine/vdp1_command_pipeline.o
 .text          0x0600f76c      0x334 ../../jo_engine/vdp2_malloc.o
                0x0600f7d4                jo_vdp2_malloc_init
                0x0600f80c                jo_vdp2_free
                0x0600f8cc                jo_vdp2_malloc
 .text          0x0600faa0      0x238 ../../Compiler/COMMON/SGL_302j/LIB_ELF/SEGA_SYS.A(sys_exit.o)
                0x0600faa0                sys_version
                0x0600fac0                SYS_Exit
 *fill*         0x0600fcd8        0x8 
 .text          0x0600fce0        0x6 ../../Compiler/COMMON/SGL_302j/LIB_ELF/SEGA_SYS.A(sys_sub.o)
                0x0600fce0                SYSUB_SetStackptr
 *fill*         0x0600fce6        0xa 
 .text          0x0600fcf0      0x3a0 ../../Compiler/COMMON/SGL_302j/LIB_ELF/LIBCD.A(CDC_CMN.O)
                0x0600fcf0                CDC_GetCurStat
                0x0600fd40                CDC_GetLastStat
                0x0600fd58                CDC_GetPeriStat
                0x0600fe2c                CDC_GetHwInfo
                0x0600fe94                CDC_TgetToc
                0x0600fee4                CDC_GetSes
                0x0600ff20                CDC_CdInit
                0x0600ffa4                CDC_CdOpen
                0x0600ffcc                CDC_DataReady
                0x06010038                CDC_DataEnd
 .text          0x06010090      0x194 ../../Compiler/COMMON/SGL_302j/LIB_ELF/LIBCD.A(CDC_CFS.O)
                0x06010090                CDC_ChgDir
                0x060100c4                CDC_ReadDir
                0x060100f8                CDC_GetFileScope
                0x06010158                CDC_TgetFileInfo
                0x060101b4                CDC_ReadFile
                0x060101e8                CDC_AbortFile
 *fill*         0x06010224        0xc 
 .text          0x06010230      0x2dc ../../Compiler/COMMON/SGL_302j/LIB_ELF/LIBCD.A(CDC_REG.O)
                0x06010230                CDC_GetDataPtr
                0x06010240                CDC_GetHirqReq
                0x06010254                CDC_ClrHirqReq
                0x06010284                CDREG_ClrHirqReq
                0x06010294                CDREG_InitHirqReq
                0x060102bc                CDREG_SetHirqFlag
                0x060102d0                CDC_GetHirqMsk
                0x060102e4                CDC_SetHirqMsk
                0x060102f4                CDC_GetMpegPtr
                0x06010304                CDREG_TgetData
                0x06010360                CDREG_CmdRsp
                0x06010460                CDREG_WaitHirq
                0x060104d0                CDREG_ReadRsp
 *fill*         0x0601050c        0x4 
 .text          0x06010510      0x152 ../../Compiler/COMMON/SGL_302j/LIB_ELF/LIBCD.A(CDC_SUB.O)
                0x06010510                CDSUB_UpdStatus
                0x06010528                CDSUB_UpdCdstat
                0x06010548                CDSUB_CdCmd
                0x060105b8                CDSUB_GetCdstat
                0x060105f8                CDSUB_RspToCdstat
                0x06010640                CDSUB_SoftTimer
 *fill*         0x06010662        0xe 
 .text          0x06010670     0x1adc ../../Compiler/COMMON/SGL_302j/LIB_ELF/LIBCD.A(GFS.O)
                0x06010670                gfs_version
                0x06010690                GFS_Init
                0x06010778                GFS_LoadDir
                0x06010820                GFS_SetDir
                0x06010888                GFS_NameToId
                0x060108ec                GFS_IdToName
                0x06010958                GFS_GetDirInfo
                0x060109c8                GFS_Reset
                0x06010a4c                GFS_Open
                0x06010b00                GFS_Close
                0x06010b38                GFS_Seek
                0x06010bec                GFS_Tell
                0x06010c3c                GFS_IsEof
                0x06010c90                GFS_ByteToSct
                0x06010cec                GFS_GetFileSize
                0x06010d48                GFS_GetFileInfo
                0x06010dbc                GFS_GetNumCdbuf
                0x06010de4                GFS_Load
                0x06010ea8                GFS_Fread
                0x06010f44                gfs_waitRead
                0x06010fec                GFS_NwFread
                0x060110f8                GFS_NwCdRead
                0x06011170                GFS_NwIsComplete
                0x060111a8                GFS_NwStop
                0x06011214                GFS_NwGetStat
                0x06011290                gfs_recovRdErr
                0x060112c0                GFS_NwExecOne
                0x06011380                GFS_NwExecServer
                0x060113fc                GFS_SetGmode
                0x06011460                GFS_SetTmode
                0x060114cc                GFS_SetReadPara
                0x06011530                GFS_SetTransPara
                0x0601159c                GFS_SetTrFunc
                0x06011600                GFS_StartTrans
                0x0601164c                GFS_CdMovePickup
                0x060116b8                GFS_SetErrFunc
                0x060116e4                GFS_GetErrStat
                0x06011708                GFS_ConvTno
                0x06011730                gfs_chgRoot
                0x060117fc                gfs_aborttrans
                0x06011808                gfs_mngSetupFuncTbl
                0x0601183c                gfs_mngInitWork
                0x060118e0                gfs_mngGetNumFile
                0x06011948                GFS_mngAllocGrp
                0x06011990                gfs_mngFreeGrp
                0x0601199c                gfs_mngTermAccess
                0x06011a20                gfs_mngSetErrCode
                0x06011aa0                gfs_svrSearchHndl
                0x06011ae0                gfs_svrAddHndl
                0x06011b1c                gfs_svrRemoveHndl
                0x06011b78                GFS_OpenSub
                0x06011bd0                gfs_loadVol
                0x06011c94                gfs_getRootDir
                0x06011d90                gfs_loadRootDir
                0x06011e18                gfs_flowIn
                0x06011ec0                gfs_transData
                0x06011f64                GFS_GetFad
                0x06011fbc                gfs_SetSct
                0x06011ffc                gfs_GetFinfo
                0x0601203c                gfs_closeSub
                0x06012078                gfs_getGmode
                0x06012084                gfs_isTaskDone
                0x060120d8                gfs_convFinStat
 *fill*         0x0601214c        0x4 
 .text          0x06012150      0x106 ../../Compiler/COMMON/SGL_302j/LIB_ELF/LIBCD.A(GFS_BUF.O)
                0x06012180                GFBF_GetTranData
                0x060121a8                GFBF_GetNumData
                0x060121d8                GFBF_GetSrcPk
                0x06012200                GFBF_GetSctData
                0x06012224                GFBF_RtnPk
                0x0601224c                gfbf_getSctDt
 *fill*         0x06012256        0xa 
 .text          0x06012260      0x600 ../../Compiler/COMMON/SGL_302j/LIB_ELF/LIBCD.A(GFS_CDB.O)
                0x06012260                GFCB_Setup
                0x06012380                GFCB_Close
                0x060123a8                GFCB_GetLenData
                0x06012454                GFCB_GetLenRoom
                0x06012460                GFCB_SetFilt
                0x060124c8                GFCB_DeleteAllData
                0x060124f0                GFCB_Tell
                0x06012500                gfcb_getSctNum
                0x06012550                GFCB_Seek
                0x0601264c                GFCB_GetSrcPack
                0x0601272c                GFCB_GetSctData
                0x06012764                GFCB_GetDstPack
                0x06012770                GFCB_RtnPk
                0x060127b8                GFCB_MovePickup
                0x060127d4                GFCB_SetCon
                0x06012808                GFCB_GetPickup
                0x06012830                GFCB_IsPuOwner
                0x06012848                GFCB_UngetPickup
 .text          0x06012860     0x1a10 ../../Compiler/COMMON/SGL_302j/LIB_ELF/LIBCD.A(GFS_CDC.O)
                0x06012860                GFCD_SetCdbfs
                0x0601288c                GFCD_Init
                0x06012a90                GFCD_AllocFilt
                0x06012acc                GFCD_FreeFilt
                0x06012afc                GFCD_AllocBuf
                0x06012b30                GFCD_FreeBuf
                0x06012bd4                GFCD_GetBaseFad
                0x06012c08                GFCD_GetPickup
                0x06012c3c                GFCD_UngetPickup
                0x06012c68                GFCD_IsPuOwner
                0x06012c8c                GFCD_SetFilt
                0x06012d50                GFCD_GetFilt
                0x06012d98                GFCD_SetCon
                0x06012df0                GFCD_Play
                0x06012e50                GFCD_GetLenData
                0x06012eb8                GFCD_ReqData
                0x06012f14                GFCD_EndData
                0x06012f5c                GFCD_DelSctData
                0x06012fb4                GFCD_CheckDelSctData
                0x06012fe4                GFCD_GetStat
                0x06013098                GFCD_MovePickup
                0x060130e4                GFCD_MoveSctData
                0x06013158                GFCD_CheckMove
                0x0601317c                GFCD_GetSctInfo
                0x060131c4                GFCD_ChgDir
                0x06013238                GFCD_SetFiltCon
                0x06013320                GFCD_GetFileInfo
                0x060133fc                GFCD_GetBufSiz
                0x06013434                GFCD_ExecServer
                0x06013508                gfcd_isIdleTask
                0x06013594                gfcd_doTask
                0x06013640                GFCD_SetTimer
                0x06013654                GFCD_WaitServer
                0x06013690                gfcd_doSetFiltTsk
                0x06013854                gfcd_doSetConTsk
                0x060138e4                gfcd_doGetLenDataTsk
                0x06013a38                gfcd_doReqDataTsk
                0x06013ad8                gfcd_doDelSctDataTsk
                0x06013c0c                gfcd_doMoveSctTsk
                0x06013d70                gfcd_doChgDirTsk
                0x06013f6c                gfcd_doSetFiltConTsk
                0x060140b0                gfcd_checkEflag
                0x060140d4                gfcd_initCdbMng
                0x06014154                gfcd_setStat
                0x06014180                GFCD_SetCsctFunc
                0x0601419c                GFCD_ChkScdqFlag
                0x060141c0                GFCD_ClrScdqFlag
                0x060141dc                GFCD_WaitScdqFlag
                0x06014220                GFCD_WaitPause
 .text          0x06014270      0x8d8 ../../Compiler/COMMON/SGL_302j/LIB_ELF/LIBCD.A(GFS_CDF.O)
                0x06014270                GFCF_Init
                0x06014310                GFCF_Setup
                0x06014458                GFCF_SetSct
                0x0601449c                GFCF_GetFileInfo
                0x06014510                GFCF_FlowInBuf
                0x06014664                GFCF_StopInBuf
                0x06014704                GFCF_Recover
                0x0601474c                GFCF_Tell
                0x06014764                GFCF_Seek
                0x0601477c                GFCF_MovePickup
                0x06014818                GFCF_cnvIntlvOfs
                0x0601486c                GFCF_GetStat
                0x06014904                gfcf_getSctSize
                0x06014940                gfcf_isCdOk
                0x06014a00                gfcf_getPlayRange
 *fill*         0x06014b48        0x8 
 .text          0x06014b50      0x92c ../../Compiler/COMMON/SGL_302j/LIB_ELF/LIBCD.A(GFS_DIR.O)
                0x06014b50                GFDR_SetupDirTbl
                0x06014bc4                GFDR_NameToId
                0x06014c24                GFDR_GetInfoDirId
                0x06014c38                GFDR_GetInfoDirName
                0x06014c4c                GFDR_GetAtrDirId
                0x06014c64                GFDR_GetAtrDirName
                0x06014c7c                GFDR_ChgRoot
                0x06014c94                GFDR_ChgDir
                0x06014d08                gfdr_setupDirIdTbl
                0x06014d8c                gfdr_setupDirNameTbl
                0x06014e38                gfdr_open
                0x06014e60                gfdr_read
                0x06014f20                gfdr_readByte
                0x06014f4c                gfdr_readWord
                0x06014f78                gfdr_readWordNB
                0x06014fcc                gfdr_readLongNB
                0x06015018                gfdr_readLongNM
                0x06015040                gfdr_setNextRec
                0x060150c4                gfdr_readDirEnt
                0x06015440                gfdr_setDirrecCd
 *fill*         0x0601547c        0x4 
 .text          0x06015480      0x9c6 ../../Compiler/COMMON/SGL_302j/LIB_ELF/LIBCD.A(GFS_TRN.O)
                0x060154b0                GFTR_Setup
                0x060154f4                GFTR_SetMode
                0x06015508                GFTR_SetUnit
                0x06015514                GFTR_SetTransPara
                0x06015548                GFTR_GetTransPara
                0x06015554                GFTR_GetNumTrans
                0x06015560                GFTR_SetTransMax
                0x0601556c                GFTR_Start
                0x06015578                GFTR_Pause
                0x06015584                GFTR_Stop
                0x0601563c                GFTR_Exec
                0x060156c0                GFTR_Idle
                0x06015738                GFTR_ExecSvr
                0x06015840                gftr_getSrcPack
                0x060158c8                gftr_getDstPack
                0x06015924                gftr_reqScu
                0x06015930                gftr_execScu
                0x060159cc                gftr_remScu
                0x06015a00                gfdma_canUse
                0x06015a0c                gfdma_exec
                0x06015a7c                gfdma_getBytecnt
                0x06015ab4                gftr_reqDma0
                0x06015acc                gftr_execSdma0
                0x06015af0                gftr_remDma0
                0x06015b08                gftr_reqDma1
                0x06015b20                gftr_execSdma1
                0x06015b44                gftr_remDma1
                0x06015b5c                gftr_reqCpu
                0x06015b68                gftr_execCpu
                0x06015ba8                gftr_remCpu
                0x06015bb4                gftr_reqTrn
                0x06015c24                gftr_execTrn
                0x06015cfc                gftr_remTrn
                0x06015d70                gftr_copyFrac
                0x06015d98                GFTR_GetLenData
                0x06015da4                GFTR_GetLenRoom
                0x06015dbc                GFTR_GetDstPack
                0x06015df0                GFTR_RtnDstPk
                0x06015e0c                GFTR_GetData
                0x06015e20                GFTR_SetData
                0x06015e34                GFTR_SetTransFunc
 *fill*         0x06015e46        0xa 
 .text          0x06015e50      0x130 ../../Compiler/COMMON/SGL_302j/LIB_ELF/LIBCD.A(CDC_DRV.O)
                0x06015e50                CDC_CdPlay
                0x06015f1c                CDC_CdSeek
                0x06015f50                CDC_CdScan
 .text          0x06015f80       0xa8 ../../Compiler/COMMON/SGL_302j/LIB_ELF/LIBCD.A(CDC_DEV.O)
                0x06015f80                CDC_CdSetCon
                0x06015fb0                CDC_CdGetCon
                0x06015fec                CDC_CdGetLastBuf
 *fill*         0x06016028        0x8 
 .text          0x06016030      0x2b8 ../../Compiler/COMMON/SGL_302j/LIB_ELF/LIBCD.A(CDC_SEL.O)
                0x06016030                CDC_SetFiltRange
                0x06016064                CDC_GetFiltRange
                0x060160bc                CDC_SetFiltSubh
                0x0601612c                CDC_GetFiltSubh
                0x060161a8                CDC_SetFiltMode
                0x060161dc                CDC_GetFiltMode
                0x06016220                CDC_SetFiltCon
                0x06016260                CDC_GetFiltCon
                0x060162b4                CDC_ResetSelector
 *fill*         0x060162e8        0x8 
 .text          0x060162f0      0x270 ../../Compiler/COMMON/SGL_302j/LIB_ELF/LIBCD.A(CDC_BIF.O)
                0x060162f0                CDC_GetBufSiz
                0x0601634c                CDC_GetSctNum
                0x06016390                CDC_CalActSiz
                0x060163cc                CDC_GetActSiz
                0x0601644c                CDC_GetSctInfo
                0x060164cc                CDC_ExeFadSearch
                0x06016504                CDC_GetFadSearch
 .text          0x06016560      0x1e4 ../../Compiler/COMMON/SGL_302j/LIB_ELF/LIBCD.A(CDC_BIO.O)
                0x06016560                CDC_SetSctLen
                0x06016594                CDC_GetSctData
                0x060165d0                CDC_DelSctData
                0x0601660c                CDC_GetdelSctData
                0x06016648                CDC_PutSctData
                0x06016680                CDC_CopySctData
                0x060166c4                CDC_MoveSctData
                0x06016708                CDC_GetCopyErr
 *fill*         0x06016744        0xc 
 .text          0x06016750        0x0 ../../Compiler/COMMON/SGL_302j/LIB_ELF/LIBSGL.A(sglB001.o)
 .text          0x06016750        0x0 ../../Compiler/COMMON/SGL_302j/LIB_ELF/LIBSGL.A(sglB011.o)
 .text          0x06016750        0x0 ../../Compiler/COMMON/SGL_302j/LIB_ELF/LIBSGL.A(sglB014.o)
 .text          0x06016750        0x0 ../../Compiler/COMMON/SGL_302j/LIB_ELF/LIBSGL.A(sglB015.o)
 .text          0x06016750        0x0 ../../Compiler/COMMON/SGL_302j/LIB_ELF/LIBSGL.A(sglB016.o)
 .text          0x06016750        0x0 ../../Compiler/COMMON/SGL_302j/LIB_ELF/LIBSGL.A(sglB020.o)
 .text          0x06016750        0x0 ../../Compiler/COMMON/SGL_302j/LIB_ELF/LIBSGL.A(sglB021.o)
 .text          0x06016750        0x0 ../../Compiler/COMMON/SGL_302j/LIB_ELF/LIBSGL.A(sglB023.o)
 .text          0x06016750        0x0 ../../Compiler/COMMON/SGL_302j/LIB_ELF/LIBSGL.A(sglB031.o)
 .text          0x06016750        0x0 ../../Compiler/COMMON/SGL_302j/LIB_ELF/LIBSGL.A(sglB032.o)
 .text          0x06016750        0x0 ../../Compiler/COMMON/SGL_302j/LIB_ELF/LIBSGL.A(sglB033.o)
 .text          0x06016750        0x0 ../../Compiler/COMMON/SGL_302j/LIB_ELF/LIBSGL.A(sglB034.o)
 .text          0x06016750        0x0 ../../Compiler/COMMON/SGL_302j/LIB_ELF/LIBSGL.A(sglB035.o)
 .text          0x06016750        0x0 ../../Compiler/COMMON/SGL_302j/LIB_ELF/LIBSGL.A(sglB036.o)
 .text          0x06016750        0x0 ../../Compiler/COMMON/SGL_302j/LIB_ELF/LIBSGL.A(sglB038.o)
 .text          0x06016750        0x0 ../../Compiler/COMMON/SGL_302j/LIB_ELF/LIBSGL.A(sglB039.o)
 .text          0x06016750        0x0 ../../Compiler/COMMON/SGL_302j/LIB_ELF/LIBSGL.A(sglB040.o)
 .text          0x06016750        0x0 ../../Compiler/COMMON/SGL_302j/LIB_ELF/LIBSGL.A(sglB041.o)
 .text          0x06016750        0x0 ../../Compiler/COMMON/SGL_302j/LIB_ELF/LIBSGL.A(sglB043.o)
 .text          0x06016750        0x0 ../../Compiler/COMMON/SGL_302j/LIB_ELF/LIBSGL.A(sglB047.o)
 .text          0x06016750        0x0 ../../Compiler/COMMON/SGL_302j/LIB_ELF/LIBSGL.A(sglB048.o)
 .text          0x06016750        0x0 ../../Compiler/COMMON/SGL_302j/LIB_ELF/LIBSGL.A(sglB055.o)
 .text          0x06016750        0x0 ../../Compiler/COMMON/SGL_302j/LIB_ELF/LIBSGL.A(sglB056.o)
 .text          0x06016750        0x0 ../../Compiler/COMMON/SGL_302j/LIB_ELF/LIBSGL.A(sglB057.o)
 .text          0x06016750        0x0 ../../Compiler/COMMON/SGL_302j/LIB_ELF/LIBSGL.A(sglB058.o)
 .text          0x06016750        0x0 ../../Compiler/COMMON/SGL_302j/LIB_ELF/LIBSGL.A(sglB059.o)
 .text          0x06016750        0x0 ../../Compiler/COMMON/SGL_302j/LIB_ELF/LIBSGL.A(sglB060.o)
 .text          0x06016750        0x0 ../../Compiler/COMMON/SGL_302j/LIB_ELF/LIBSGL.A(sglB063.o)
 .text          0x06016750        0x0 ../../Compiler/COMMON/SGL_302j/LIB_ELF/LIBSGL.A(sglB087.o)
 .text          0x06016750        0x0 ../../Compiler/COMMON/SGL_302j/LIB_ELF/LIBSGL.A(sglB088.o)
 .text          0x06016750        0x0 ../../Compiler/COMMON/SGL_302j/LIB_ELF/LIBSGL.A(sglB090.o)
 .text          0x06016750        0x0 ../../Compiler/COMMON/SGL_302j/LIB_ELF/LIBSGL.A(sglB200.o)
 .text          0x06016750        0x0 ../../Compiler/COMMON/SGL_302j/LIB_ELF/LIBSGL.A(sglC05.o)
 .text          0x06016750        0x0 ../../Compiler/COMMON/SGL_302j/LIB_ELF/LIBSGL.A(sglC06.o)
 .text          0x06016750        0x0 ../../Compiler/COMMON/SGL_302j/LIB_ELF/LIBSGL.A(sglC07.o)
 .text          0x06016750        0x0 ../../Compiler/COMMON/SGL_302j/LIB_ELF/LIBSGL.A(sglC17.o)
 .text          0x06016750        0x0 ../../Compiler/COMMON/SGL_302j/LIB_ELF/LIBSGL.A(sglC19.o)
 .text          0x06016750        0x0 ../../Compiler/COMMON/SGL_302j/LIB_ELF/LIBSGL.A(sglC20.o)
 .text          0x06016750        0x0 ../../Compiler/COMMON/SGL_302j/LIB_ELF/LIBSGL.A(sglC21.o)
 .text          0x06016750        0x0 ../../Compiler/COMMON/SGL_302j/LIB_ELF/LIBSGL.A(sglD00.o)
 .text          0x06016750        0x0 ../../Compiler/COMMON/SGL_302j/LIB_ELF/LIBSGL.A(sglD01.o)
 .text          0x06016750        0x0 ../../Compiler/COMMON/SGL_302j/LIB_ELF/LIBSGL.A(sglD03.o)
 .text          0x06016750        0x0 ../../Compiler/COMMON/SGL_302j/LIB_ELF/LIBSGL.A(sglD15.o)
 .text          0x06016750        0x0 ../../Compiler/COMMON/SGL_302j/LIB_ELF/LIBSGL.A(sglD16.o)
 .text          0x06016750        0x0 ../../Compiler/COMMON/SGL_302j/LIB_ELF/LIBSGL.A(sglD17.o)
 .text          0x06016750        0x0 ../../Compiler/COMMON/SGL_302j/LIB_ELF/LIBSGL.A(sglD18.o)
 .text          0x06016750        0x0 ../../Compiler/COMMON/SGL_302j/LIB_ELF/LIBSGL.A(sglF08.o)
 .text          0x06016750        0x0 ../../Compiler/COMMON/SGL_302j/LIB_ELF/LIBSGL.A(sglH00.o)
 .text          0x06016750        0x0 ../../Compiler/COMMON/SGL_302j/LIB_ELF/LIBSGL.A(sglH01.o)
 .text          0x06016750        0x0 ../../Compiler/COMMON/SGL_302j/LIB_ELF/LIBSGL.A(sglH02.o)
 .text          0x06016750        0x0 ../../Compiler/COMMON/SGL_302j/LIB_ELF/LIBSGL.A(sglH04.o)
 .text          0x06016750        0x0 ../../Compiler/COMMON/SGL_302j/LIB_ELF/LIBSGL.A(sglI01.o)
 .text          0x06016750        0x0 ../../Compiler/COMMON/SGL_302j/LIB_ELF/LIBSGL.A(sglI04.o)
 .text          0x06016750      0x128 ../../Compiler/COMMON/SGL_302j/LIB_ELF/LIBSGL.A(sglIc0.o)
                0x06016750                slInitSystem
 *fill*         0x06016878        0x8 
 .text          0x06016880        0x0 ../../Compiler/COMMON/SGL_302j/LIB_ELF/LIBSGL.A(sglJ00.o)
 .text          0x06016880        0x0 ../../Compiler/COMMON/SGL_302j/LIB_ELF/LIBSGL.A(sglJ01.o)
 .text          0x06016880        0x0 ../../Compiler/COMMON/SGL_302j/LIB_ELF/LIBSGL.A(sglJ02.o)
 .text          0x06016880        0x0 ../../Compiler/COMMON/SGL_302j/LIB_ELF/LIBSGL.A(sglJ03.o)
 .text          0x06016880        0x0 ../../Compiler/COMMON/SGL_302j/LIB_ELF/LIBSGL.A(sglJ04.o)
 .text          0x06016880        0x0 ../../Compiler/COMMON/SGL_302j/LIB_ELF/LIBSGL.A(sglJ05.o)
 .text          0x06016880        0x0 ../../Compiler/COMMON/SGL_302j/LIB_ELF/LIBSGL.A(sglK01.o)
 .text          0x06016880        0x0 ../../Compiler/COMMON/SGL_302j/LIB_ELF/LIBSGL.A(sglM01.o)
 .text          0x06016880        0x0 ../../Compiler/COMMON/SGL_302j/LIB_ELF/LIBSGL.A(sglA00.o)
 .text          0x06016880        0x0 ../../Compiler/COMMON/SGL_302j/LIB_ELF/LIBSGL.A(sglA01.o)
 .text          0x06016880        0x0 ../../Compiler/COMMON/SGL_302j/LIB_ELF/LIBSGL.A(sglA20.o)
 .text          0x06016880        0x0 ../../Compiler/COMMON/SGL_302j/LIB_ELF/LIBSGL.A(sglB000.o)
 .text          0x06016880        0x0 ../../Compiler/COMMON/SGL_302j/LIB_ELF/LIBSGL.A(sglC00.o)
 .text          0x06016880        0x0 ../../Compiler/COMMON/SGL_302j/LIB_ELF/LIBSGL.A(sglI00.o)
 .text          0x06016880        0x0 ../../Compiler/COMMON/SGL_302j/LIB_ELF/LIBSGL.A(sglH03.o)
 .text          0x06016880       0x52 c:/development/saturn/jo-orig/joengine/compiler/windows/bin/../lib/gcc/sh-elf/9.3.0\libgcc.a(_ashiftrt.o)
                0x06016880                __ashiftrt_r4_31
                0x06016880                __ashiftrt_r4_32
                0x06016886                __ashiftrt_r4_30
                0x06016888                __ashiftrt_r4_29
                0x0601688a                __ashiftrt_r4_28
                0x0601688c                __ashiftrt_r4_27
                0x0601688e                __ashiftrt_r4_26
                0x06016890                __ashiftrt_r4_25
                0x06016892                __ashiftrt_r4_24
                0x0601689a                __ashiftrt_r4_23
                0x0601689c                __ashiftrt_r4_22
                0x0601689e                __ashiftrt_r4_21
                0x060168a0                __ashiftrt_r4_20
                0x060168a2                __ashiftrt_r4_19
                0x060168a4                __ashiftrt_r4_18
                0x060168a6                __ashiftrt_r4_17
                0x060168a8                __ashiftrt_r4_16
                0x060168ae                __ashiftrt_r4_15
                0x060168b0                __ashiftrt_r4_14
                0x060168b2                __ashiftrt_r4_13
                0x060168b4                __ashiftrt_r4_12
                0x060168b6                __ashiftrt_r4_11
                0x060168b8                __ashiftrt_r4_10
                0x060168ba                __ashiftrt_r4_9
                0x060168bc                __ashiftrt_r4_8
                0x060168be                __ashiftrt_r4_7
                0x060168c0                __ashiftrt_r4_6
                0x060168c2                __ashiftrt_r4_5
                0x060168c4                __ashiftrt_r4_4
                0x060168c6                __ashiftrt_r4_3
                0x060168c8                __ashiftrt_r4_2
                0x060168ca                __ashiftrt_r4_1
                0x060168ce                __ashiftrt_r4_0
 *fill*         0x060168d2        0x2 
 .text          0x060168d4       0x80 c:/development/saturn/jo-orig/joengine/compiler/windows/bin/../lib/gcc/sh-elf/9.3.0\libgcc.a(_ashiftrt_n.o)
                0x060168d4                __ashrsi3
 .text          0x06016954       0xbc c:/development/saturn/jo-orig/joengine/compiler/windows/bin/../lib/gcc/sh-elf/9.3.0\libgcc.a(_ashiftlt.o)
                0x06016954                __ashlsi3
                0x06016958                __ashlsi3_r0
 .text          0x06016a10       0xbc c:/development/saturn/jo-orig/joengine/compiler/windows/bin/../lib/gcc/sh-elf/9.3.0\libgcc.a(_lshiftrt.o)
                0x06016a10                __lshrsi3
                0x06016a14                __lshrsi3_r0
 .text          0x06016acc       0x78 c:/development/saturn/jo-orig/joengine/compiler/windows/bin/../lib/gcc/sh-elf/9.3.0\libgcc.a(_movmem.o)
                0x06016acc                __movmem
                0x06016acc                __movstr
                0x06016b00                __movstrSI64
                0x06016b00                __movmemSI64
                0x06016b04                __movstrSI60
                0x06016b04                __movmemSI60
                0x06016b08                __movstrSI56
                0x06016b08                __movmemSI56
                0x06016b0c                __movstrSI52
                0x06016b0c                __movmemSI52
                0x06016b10                __movstrSI48
                0x06016b10                __movmemSI48
                0x06016b14                __movmemSI44
                0x06016b14                __movstrSI44
                0x06016b18                __movstrSI40
                0x06016b18                __movmemSI40
                0x06016b1c                __movmemSI36
                0x06016b1c                __movstrSI36
                0x06016b20                __movmemSI32
                0x06016b20                __movstrSI32
                0x06016b24                __movstrSI28
                0x06016b24                __movmemSI28
                0x06016b28                __movmemSI24
                0x06016b28                __movstrSI24
                0x06016b2c                __movstrSI20
                0x06016b2c                __movmemSI20
                0x06016b30                __movstrSI16
                0x06016b30                __movmemSI16
                0x06016b34                __movstrSI12
                0x06016b34                __movmemSI12
                0x06016b38                __movmemSI8
                0x06016b38                __movstrSI8
                0x06016b3c                __movmemSI4
                0x06016b3c                __movstrSI4
 .text          0x06016b44       0xa0 c:/development/saturn/jo-orig/joengine/compiler/windows/bin/../lib/gcc/sh-elf/9.3.0\libgcc.a(_sdivsi3.o)
                0x06016b44                __sdivsi3
 .text          0x06016be4       0x6c c:/development/saturn/jo-orig/joengine/compiler/windows/bin/../lib/gcc/sh-elf/9.3.0\libgcc.a(_udivsi3.o)
                0x06016c06                __udivsi3
 .text          0x06016c50      0x21c c:/development/saturn/jo-orig/joengine/compiler/windows/bin/../lib/gcc/sh-elf/9.3.0\libgcc.a(_addsub_sf.o)
                0x06016dd0                __addsf3
                0x06016e1c                __subsf3
 .text          0x06016e6c      0x134 c:/development/saturn/jo-orig/joengine/compiler/windows/bin/../lib/gcc/sh-elf/9.3.0\libgcc.a(_mul_sf.o)
                0x06016e6c                __mulsf3
 .text          0x06016fa0       0xdc c:/development/saturn/jo-orig/joengine/compiler/windows/bin/../lib/gcc/sh-elf/9.3.0\libgcc.a(_div_sf.o)
                0x06016fa0                __divsf3
 .text          0x0601707c       0x54 c:/development/saturn/jo-orig/joengine/compiler/windows/bin/../lib/gcc/sh-elf/9.3.0\libgcc.a(_gt_sf.o)
                0x0601707c                __gtsf2
 .text          0x060170d0       0x54 c:/development/saturn/jo-orig/joengine/compiler/windows/bin/../lib/gcc/sh-elf/9.3.0\libgcc.a(_ge_sf.o)
                0x060170d0                __gesf2
 .text          0x06017124       0x54 c:/development/saturn/jo-orig/joengine/compiler/windows/bin/../lib/gcc/sh-elf/9.3.0\libgcc.a(_lt_sf.o)
                0x06017124                __ltsf2
 .text          0x06017178       0x54 c:/development/saturn/jo-orig/joengine/compiler/windows/bin/../lib/gcc/sh-elf/9.3.0\libgcc.a(_le_sf.o)
                0x06017178                __lesf2
 .text          0x060171cc       0x84 c:/development/saturn/jo-orig/joengine/compiler/windows/bin/../lib/gcc/sh-elf/9.3.0\libgcc.a(_si_to_sf.o)
                0x060171cc                __floatsisf
 .text          0x06017250       0x70 c:/development/saturn/jo-orig/joengine/compiler/windows/bin/../lib/gcc/sh-elf/9.3.0\libgcc.a(_sf_to_si.o)
                0x06017250                __fixsfsi
 .text          0x060172c0       0x3c c:/development/saturn/jo-orig/joengine/compiler/windows/bin/../lib/gcc/sh-elf/9.3.0\libgcc.a(_sf_to_df.o)
                0x060172c0                __extendsfdf2
 .text          0x060172fc        0x0 c:/development/saturn/jo-orig/joengine/compiler/windows/bin/../lib/gcc/sh-elf/9.3.0\libgcc.a(_thenan_sf.o)
 .text          0x060172fc       0x94 c:/development/saturn/jo-orig/joengine/compiler/windows/bin/../lib/gcc/sh-elf/9.3.0\libgcc.a(_usi_to_sf.o)
                0x060172fc                __floatunsisf
 .text          0x06017390      0x3e0 c:/development/saturn/jo-orig/joengine/compiler/windows/bin/../lib/gcc/sh-elf/9.3.0\libgcc.a(_addsub_df.o)
                0x060176cc                __adddf3
                0x0601771c                __subdf3
 .text          0x06017770      0x208 c:/development/saturn/jo-orig/joengine/compiler/windows/bin/../lib/gcc/sh-elf/9.3.0\libgcc.a(_mul_df.o)
                0x06017770                __muldf3
 .text          0x06017978       0xa8 c:/development/saturn/jo-orig/joengine/compiler/windows/bin/../lib/gcc/sh-elf/9.3.0\libgcc.a(_si_to_df.o)
                0x06017978                __floatsidf
 .text          0x06017a20       0xa0 c:/development/saturn/jo-orig/joengine/compiler/windows/bin/../lib/gcc/sh-elf/9.3.0\libgcc.a(_df_to_si.o)
                0x06017a20                __fixdfsi
 .text          0x06017ac0       0x28 c:/development/saturn/jo-orig/joengine/compiler/windows/bin/../lib/gcc/sh-elf/9.3.0\libgcc.a(_make_df.o)
                0x06017ac0                __make_dp
 .text          0x06017ae8       0x4c c:/development/saturn/jo-orig/joengine/compiler/windows/bin/../lib/gcc/sh-elf/9.3.0\libgcc.a(_df_to_sf.o)
                0x06017ae8                __truncdfsf2
 .text          0x06017b34        0x0 c:/development/saturn/jo-orig/joengine/compiler/windows/bin/../lib/gcc/sh-elf/9.3.0\libgcc.a(_thenan_df.o)
 .text          0x06017b34       0x54 c:/development/saturn/jo-orig/joengine/compiler/windows/bin/../lib/gcc/sh-elf/9.3.0\libgcc.a(_clzsi2.o)
                0x06017b34                __clzsi2
 .text          0x06017b88      0x11c c:/development/saturn/jo-orig/joengine/compiler/windows/bin/../lib/gcc/sh-elf/9.3.0\libgcc.a(_pack_sf.o)
                0x06017b88                __pack_f
 .text          0x06017ca4       0xa0 c:/development/saturn/jo-orig/joengine/compiler/windows/bin/../lib/gcc/sh-elf/9.3.0\libgcc.a(_unpack_sf.o)
                0x06017ca4                __unpack_f
 .text          0x06017d44       0xac c:/development/saturn/jo-orig/joengine/compiler/windows/bin/../lib/gcc/sh-elf/9.3.0\libgcc.a(_fpcmp_parts_sf.o)
                0x06017d44                __fpcmp_parts_f
 .text          0x06017df0       0x20 c:/development/saturn/jo-orig/joengine/compiler/windows/bin/../lib/gcc/sh-elf/9.3.0\libgcc.a(_make_sf.o)
                0x06017df0                __make_fp
 .text          0x06017e10      0x274 c:/development/saturn/jo-orig/joengine/compiler/windows/bin/../lib/gcc/sh-elf/9.3.0\libgcc.a(_pack_df.o)
                0x06017e10                __pack_d
 .text          0x06018084       0xcc c:/development/saturn/jo-orig/joengine/compiler/windows/bin/../lib/gcc/sh-elf/9.3.0\libgcc.a(_unpack_df.o)
                0x06018084                __unpack_d
 .text          0x06018150        0x0 c:/development/saturn/jo-orig/joengine/compiler/windows/bin/../lib/gcc/sh-elf/9.3.0\libgcc.a(_clz.o)
 .text          0x06018150        0x0 c:/development/saturn/jo-orig/joengine/compiler/windows/bin/../lib/gcc/sh-elf/9.3.0/../../../../sh-elf/lib\libc.a(lib_a-impure.o)
 .text          0x06018150       0x1e c:/development/saturn/jo-orig/joengine/compiler/windows/bin/../lib/gcc/sh-elf/9.3.0/../../../../sh-elf/lib\libc.a(lib_a-memcmp.o)
                0x06018150                memcmp
 *fill*         0x0601816e        0x2 
 .text          0x06018170       0x94 c:/development/saturn/jo-orig/joengine/compiler/windows/bin/../lib/gcc/sh-elf/9.3.0/../../../../sh-elf/lib\libc.a(lib_a-memcpy.o)
                0x06018170                memcpy
 .text          0x06018204       0x40 c:/development/saturn/jo-orig/joengine/compiler/windows/bin/../lib/gcc/sh-elf/9.3.0/../../../../sh-elf/lib\libc.a(lib_a-memset.o)
                0x06018204                memset
 .text          0x06018244      0x3b8 c:/development/saturn/jo-orig/joengine/compiler/windows/bin/../lib/gcc/sh-elf/9.3.0/../../../../sh-elf/lib\libc.a(lib_a-qsort.o)
                0x060182f0                qsort
 .text          0x060185fc       0x60 c:/development/saturn/jo-orig/joengine/compiler/windows/bin/../lib/gcc/sh-elf/9.3.0/../../../../sh-elf/lib\libc.a(lib_a-rget.o)
                0x060185fc                __srget_r
                0x06018648                __srget
 .text          0x0601865c       0x8c c:/development/saturn/jo-orig/joengine/compiler/windows/bin/../lib/gcc/sh-elf/9.3.0/../../../../sh-elf/lib\libc.a(lib_a-sprintf.o)
                0x0601865c                _siprintf_r
                0x0601865c                _sprintf_r
                0x0601869c                siprintf
                0x0601869c                sprintf
 .text          0x060186e8       0x20 c:/development/saturn/jo-orig/joengine/compiler/windows/bin/../lib/gcc/sh-elf/9.3.0/../../../../sh-elf/lib\libc.a(lib_a-strcat.o)
                0x060186e8                strcat
 .text          0x06018708       0x38 c:/development/saturn/jo-orig/joengine/compiler/windows/bin/../lib/gcc/sh-elf/9.3.0/../../../../sh-elf/lib\libc.a(lib_a-strcmp.o)
                0x06018708                strcmp
 .text          0x06018740       0x3c c:/development/saturn/jo-orig/joengine/compiler/windows/bin/../lib/gcc/sh-elf/9.3.0/../../../../sh-elf/lib\libc.a(lib_a-strcpy.o)
                0x06018740                strcpy
 .text          0x0601877c       0x20 c:/development/saturn/jo-orig/joengine/compiler/windows/bin/../lib/gcc/sh-elf/9.3.0/../../../../sh-elf/lib\libc.a(lib_a-strlen.o)
                0x0601877c                strlen
 .text          0x0601879c       0x2a c:/development/saturn/jo-orig/joengine/compiler/windows/bin/../lib/gcc/sh-elf/9.3.0/../../../../sh-elf/lib\libc.a(lib_a-strncmp.o)
                0x0601879c                strncmp
 .text          0x060187c6       0x36 c:/development/saturn/jo-orig/joengine/compiler/windows/bin/../lib/gcc/sh-elf/9.3.0/../../../../sh-elf/lib\libc.a(lib_a-strncpy.o)
                0x060187c6                strncpy
 .text          0x060187fc       0x40 c:/development/saturn/jo-orig/joengine/compiler/windows/bin/../lib/gcc/sh-elf/9.3.0/../../../../sh-elf/lib\libc.a(lib_a-strrchr.o)
                0x060187fc                strrchr
 .text          0x0601883c       0x36 c:/development/saturn/jo-orig/joengine/compiler/windows/bin/../lib/gcc/sh-elf/9.3.0/../../../../sh-elf/lib\libc.a(lib_a-strstr.o)
                0x0601883c                strstr
 *fill*         0x06018872        0x2 
 .text          0x06018874       0xdc c:/development/saturn/jo-orig/joengine/compiler/windows/bin/../lib/gcc/sh-elf/9.3.0/../../../../sh-elf/lib\libc.a(lib_a-wbuf.o)
                0x06018874                __swbuf_r
                0x0601893c                __swbuf
 .text          0x06018950       0xcc c:/development/saturn/jo-orig/joengine/compiler/windows/bin/../lib/gcc/sh-elf/9.3.0/../../../../sh-elf/lib\libc.a(lib_a-wsetup.o)
                0x06018950                __swsetup_r
 .text          0x06018a1c      0x1a4 c:/development/saturn/jo-orig/joengine/compiler/windows/bin/../lib/gcc/sh-elf/9.3.0/../../../../sh-elf/lib\libc.a(lib_a-fflush.o)
                0x06018a1c                __sflush_r
                0x06018b58                _fflush_r
                0x06018b98                fflush
 .text          0x06018bc0      0x1d0 c:/development/saturn/jo-orig/joengine/compiler/windows/bin/../lib/gcc/sh-elf/9.3.0/../../../../sh-elf/lib\libc.a(lib_a-findfp.o)
                0x06018c18                _cleanup_r
                0x06018c28                __sfmoreglue
                0x06018c74                _cleanup
                0x06018c88                __sinit
                0x06018cdc                __sfp
 .text          0x06018d90       0xb0 c:/development/saturn/jo-orig/joengine/compiler/windows/bin/../lib/gcc/sh-elf/9.3.0/../../../../sh-elf/lib\libc.a(lib_a-fwalk.o)
                0x06018d90                _fwalk
                0x06018de4                _fwalk_reent
 .text          0x06018e40      0x108 c:/development/saturn/jo-orig/joengine/compiler/windows/bin/../lib/gcc/sh-elf/9.3.0/../../../../sh-elf/lib\libc.a(lib_a-makebuf.o)
                0x06018e40                __swhatbuf_r
                0x06018e9c                __smakebuf_r
 .text          0x06018f48       0xd0 c:/development/saturn/jo-orig/joengine/compiler/windows/bin/../lib/gcc/sh-elf/9.3.0/../../../../sh-elf/lib\libc.a(lib_a-nano-freer.o)
                0x06018f48                _free_r
 .text          0x06019018       0xf8 c:/development/saturn/jo-orig/joengine/compiler/windows/bin/../lib/gcc/sh-elf/9.3.0/../../../../sh-elf/lib\libc.a(lib_a-nano-mallocr.o)
                0x06019018                _malloc_r
 .text          0x06019110      0x444 c:/development/saturn/jo-orig/joengine/compiler/windows/bin/../lib/gcc/sh-elf/9.3.0/../../../../sh-elf/lib\libc.a(lib_a-nano-svfprintf.o)
                0x06019110                __ssputs_r
                0x06019204                __ssprint_r
                0x06019338                _svfprintf_r
                0x06019338                _svfiprintf_r
 .text          0x06019554      0x380 c:/development/saturn/jo-orig/joengine/compiler/windows/bin/../lib/gcc/sh-elf/9.3.0/../../../../sh-elf/lib\libc.a(lib_a-nano-vfprintf_i.o)
                0x06019554                _printf_common
                0x06019654                _printf_i
 .text          0x060198d4      0x150 c:/development/saturn/jo-orig/joengine/compiler/windows/bin/../lib/gcc/sh-elf/9.3.0/../../../../sh-elf/lib\libc.a(lib_a-refill.o)
                0x060198ec                __srefill_r
 .text          0x06019a24       0x30 c:/development/saturn/jo-orig/joengine/compiler/windows/bin/../lib/gcc/sh-elf/9.3.0/../../../../sh-elf/lib\libc.a(lib_a-sbrkr.o)
                0x06019a24                _sbrk_r
 .text          0x06019a54       0xe0 c:/development/saturn/jo-orig/joengine/compiler/windows/bin/../lib/gcc/sh-elf/9.3.0/../../../../sh-elf/lib\libc.a(lib_a-stdio.o)
                0x06019a54                __sread
                0x06019a90                __seofread
                0x06019a94                __swrite
                0x06019ae4                __sseek
                0x06019b24                __sclose
 .text          0x06019b34       0x1e c:/development/saturn/jo-orig/joengine/compiler/windows/bin/../lib/gcc/sh-elf/9.3.0/../../../../sh-elf/lib\libc.a(lib_a-strchr.o)
                0x06019b34                strchr
 *fill*         0x06019b52        0x2 
 .text          0x06019b54      0x25c c:/development/saturn/jo-orig/joengine/compiler/windows/bin/../lib/gcc/sh-elf/9.3.0/../../../../sh-elf/lib\libc.a(lib_a-syscalls.o)
                0x06019bcc                _read
                0x06019bdc                _lseek
                0x06019bec                _write
                0x06019bfc                _close
                0x06019c0c                _link
                0x06019c10                _sbrk
                0x06019c68                _fstat
                0x06019c72                _open
                0x06019c84                _creat
                0x06019c94                _unlink
                0x06019c98                isatty
                0x06019c9c                _isatty
                0x06019ca0                _exit
                0x06019cb0                _kill
                0x06019cc4                _getpid
                0x06019cc8                _raise
                0x06019ccc                _stat
                0x06019cdc                _chmod
                0x06019cec                _chown
                0x06019cfc                _utime
                0x06019d10                _fork
                0x06019d1c                _wait
                0x06019d2c                _execve
                0x06019d3c                _execv
                0x06019d4c                _pipe
                0x06019d58                _times
                0x06019d5c                _gettimeofday
                0x06019d84                __setup_argv_and_call_main
 .text          0x06019db0       0x14 c:/development/saturn/jo-orig/joengine/compiler/windows/bin/../lib/gcc/sh-elf/9.3.0/../../../../sh-elf/lib\libc.a(lib_a-trap.o)
                0x06019db0                __trap34
 .text          0x06019dc4       0x34 c:/development/saturn/jo-orig/joengine/compiler/windows/bin/../lib/gcc/sh-elf/9.3.0/../../../../sh-elf/lib\libc.a(lib_a-writer.o)
                0x06019dc4                _write_r
 .text          0x06019df8       0x18 c:/development/saturn/jo-orig/joengine/compiler/windows/bin/../lib/gcc/sh-elf/9.3.0/../../../../sh-elf/lib\libc.a(lib_a-abort.o)
                0x06019df8                abort
 .text          0x06019e10       0x30 c:/development/saturn/jo-orig/joengine/compiler/windows/bin/../lib/gcc/sh-elf/9.3.0/../../../../sh-elf/lib\libc.a(lib_a-closer.o)
                0x06019e10                _close_r
 .text          0x06019e40       0x34 c:/development/saturn/jo-orig/joengine/compiler/windows/bin/../lib/gcc/sh-elf/9.3.0/../../../../sh-elf/lib\libc.a(lib_a-fstatr.o)
                0x06019e40                _fstat_r
 .text          0x06019e74       0x30 c:/development/saturn/jo-orig/joengine/compiler/windows/bin/../lib/gcc/sh-elf/9.3.0/../../../../sh-elf/lib\libc.a(lib_a-isattyr.o)
                0x06019e74                _isatty_r
 .text          0x06019ea4       0x34 c:/development/saturn/jo-orig/joengine/compiler/windows/bin/../lib/gcc/sh-elf/9.3.0/../../../../sh-elf/lib\libc.a(lib_a-lseekr.o)
                0x06019ea4                _lseek_r
 .text          0x06019ed8       0x1c c:/development/saturn/jo-orig/joengine/compiler/windows/bin/../lib/gcc/sh-elf/9.3.0/../../../../sh-elf/lib\libc.a(lib_a-memchr.o)
                0x06019ed8                memchr
 .text          0x06019ef4       0x3c c:/development/saturn/jo-orig/joengine/compiler/windows/bin/../lib/gcc/sh-elf/9.3.0/../../../../sh-elf/lib\libc.a(lib_a-memmove.o)
                0x06019ef4                memmove
 .text          0x06019f30        0x8 c:/development/saturn/jo-orig/joengine/compiler/windows/bin/../lib/gcc/sh-elf/9.3.0/../../../../sh-elf/lib\libc.a(lib_a-mlock.o)
                0x06019f30                __malloc_lock
                0x06019f34                __malloc_unlock
 .text          0x06019f38       0x7c c:/development/saturn/jo-orig/joengine/compiler/windows/bin/../lib/gcc/sh-elf/9.3.0/../../../../sh-elf/lib\libc.a(lib_a-nano-reallocr.o)
                0x06019f38                _realloc_r
 .text          0x06019fb4       0x34 c:/development/saturn/jo-orig/joengine/compiler/windows/bin/../lib/gcc/sh-elf/9.3.0/../../../../sh-elf/lib\libc.a(lib_a-readr.o)
                0x06019fb4                _read_r
 .text          0x06019fe8      0x1b4 c:/development/saturn/jo-orig/joengine/compiler/windows/bin/../lib/gcc/sh-elf/9.3.0/../../../../sh-elf/lib\libc.a(lib_a-signal.o)
                0x06019fe8                _init_signal_r
                0x0601a028                _signal_r
                0x0601a074                _raise_r
                0x0601a0ec                __sigtramp_r
                0x0601a150                raise
                0x0601a164                signal
                0x0601a178                _init_signal
                0x0601a188                __sigtramp
 .text          0x0601a19c       0x40 c:/development/saturn/jo-orig/joengine/compiler/windows/bin/../lib/gcc/sh-elf/9.3.0/../../../../sh-elf/lib\libc.a(lib_a-signalr.o)
                0x0601a19c                _kill_r
                0x0601a1d0                _getpid_r
 .text          0x0601a1dc       0x16 c:/development/saturn/jo-orig/joengine/compiler/windows/bin/../lib/gcc/sh-elf/9.3.0/../../../../sh-elf/lib\libc.a(lib_a-nano-msizer.o)
                0x0601a1dc                _malloc_usable_size_r
 *(.strings)
 *(SEGA_P)
 *(.eh_frame_hdr)
 *(.eh_frame)
                0x0601a1f2                __etext = .

.text.startup   0x0601a200       0x40
 .text.startup  0x0601a200       0x40 ../../jo_engine/core.o
                0x0601a200                main

SLPROG          0x0601a240    0x10f60
                0x0601a240                __slprog_start = .
 *(SLPROG)
 SLPROG         0x0601a240     0x6540 ../../Compiler/COMMON/SGL_302j/LIB_ELF/SGLAREA.O
                0x0601a240                MasterStack
                0x0601a244                SlaveStack
                0x0601a248                MaxVertices
                0x0601a24a                MaxPolygons
                0x0601a24c                SortList
                0x0601a250                SortListSize
                0x0601a254                TransList
                0x0601a258                Zbuffer
                0x0601a25c                SpriteBuf
                0x0601a260                SpriteBufSize
                0x0601a264                Pbuffer
                0x0601a268                CommandBuf
                0x0601a26c                CLOfstBuf
                0x0601a270                PCM_Work
                0x0601a274                PCM_WkSize
                0x0601a278                MaxEvents
                0x0601a27a                EventSize
                0x0601a27c                MaxWorks
                0x0601a27e                WorkSize
                0x0601a280                RemainEvent
                0x0601a380                RemainWork
                0x0601a780                EventBuf
                0x0601c780                WorkBuf
 SLPROG         0x06020780       0x20 ../../Compiler/COMMON/SGL_302j/LIB_ELF/LIBSGL.A(sglB001.o)
                0x06020780                slTVOn
                0x0602078a                slTVOff
 SLPROG         0x060207a0       0x24 ../../Compiler/COMMON/SGL_302j/LIB_ELF/LIBSGL.A(sglB011.o)
                0x060207a0                slBitMapNbg1
 *fill*         0x060207c4        0xc 
 SLPROG         0x060207d0        0x8 ../../Compiler/COMMON/SGL_302j/LIB_ELF/LIBSGL.A(sglB014.o)
                0x060207d0                slScrTransparent
 *fill*         0x060207d8        0x8 
 SLPROG         0x060207e0      0x40c ../../Compiler/COMMON/SGL_302j/LIB_ELF/LIBSGL.A(sglB015.o)
                0x060207e0                slScrAutoDisp
 *fill*         0x06020bec        0x4 
 SLPROG         0x06020bf0        0xc ../../Compiler/COMMON/SGL_302j/LIB_ELF/LIBSGL.A(sglB016.o)
                0x06020bf0                slBack1ColSet
 *fill*         0x06020bfc        0x4 
 SLPROG         0x06020c00       0x10 ../../Compiler/COMMON/SGL_302j/LIB_ELF/LIBSGL.A(sglB020.o)
                0x06020c00                slColorCalc
 SLPROG         0x06020c10        0xc ../../Compiler/COMMON/SGL_302j/LIB_ELF/LIBSGL.A(sglB021.o)
                0x06020c10                slColorCalcOn
 *fill*         0x06020c1c        0x4 
 SLPROG         0x06020c20        0xc ../../Compiler/COMMON/SGL_302j/LIB_ELF/LIBSGL.A(sglB023.o)
                0x06020c20                slColRate
 *fill*         0x06020c2c        0x4 
 SLPROG         0x06020c30       0xb0 ../../Compiler/COMMON/SGL_302j/LIB_ELF/LIBSGL.A(sglB031.o)
                0x06020c30                slMapNbg0
 SLPROG         0x06020ce0       0xb4 ../../Compiler/COMMON/SGL_302j/LIB_ELF/LIBSGL.A(sglB032.o)
                0x06020ce0                slMapNbg1
 *fill*         0x06020d94        0xc 
 SLPROG         0x06020da0       0xb0 ../../Compiler/COMMON/SGL_302j/LIB_ELF/LIBSGL.A(sglB033.o)
                0x06020da0                slMapNbg2
 SLPROG         0x06020e50       0xb4 ../../Compiler/COMMON/SGL_302j/LIB_ELF/LIBSGL.A(sglB034.o)
                0x06020e50                slMapNbg3
 *fill*         0x06020f04        0xc 
 SLPROG         0x06020f10       0xd4 ../../Compiler/COMMON/SGL_302j/LIB_ELF/LIBSGL.A(sglB035.o)
                0x06020f10                sl1MapRA
                0x06020fa2                rbank_set
 *fill*         0x06020fe4        0xc 
 SLPROG         0x06020ff0       0xa0 ../../Compiler/COMMON/SGL_302j/LIB_ELF/LIBSGL.A(sglB036.o)
                0x06020ff0                sl1MapRB
 SLPROG         0x06021090       0x70 ../../Compiler/COMMON/SGL_302j/LIB_ELF/LIBSGL.A(sglB038.o)
                0x06021090                slRparaInitSet
 SLPROG         0x06021100       0x7e ../../Compiler/COMMON/SGL_302j/LIB_ELF/LIBSGL.A(sglB039.o)
                0x06021100                slMakeKtable
 *fill*         0x0602117e        0x2 
 SLPROG         0x06021180       0x58 ../../Compiler/COMMON/SGL_302j/LIB_ELF/LIBSGL.A(sglB040.o)
                0x06021180                slKtableRA
 *fill*         0x060211d8        0x8 
 SLPROG         0x060211e0       0x5c ../../Compiler/COMMON/SGL_302j/LIB_ELF/LIBSGL.A(sglB041.o)
                0x060211e0                slKtableRB
 *fill*         0x0602123c        0x4 
 SLPROG         0x06021240        0x8 ../../Compiler/COMMON/SGL_302j/LIB_ELF/LIBSGL.A(sglB043.o)
                0x06021240                slRparaMode
 *fill*         0x06021248        0x8 
 SLPROG         0x06021250        0xc ../../Compiler/COMMON/SGL_302j/LIB_ELF/LIBSGL.A(sglB047.o)
                0x06021250                slOverRA
 *fill*         0x0602125c        0x4 
 SLPROG         0x06021260       0x10 ../../Compiler/COMMON/SGL_302j/LIB_ELF/LIBSGL.A(sglB048.o)
                0x06021260                slOverRB
 SLPROG         0x06021270        0xc ../../Compiler/COMMON/SGL_302j/LIB_ELF/LIBSGL.A(sglB055.o)
                0x06021270                slPlaneNbg0
 *fill*         0x0602127c        0x4 
 SLPROG         0x06021280        0xc ../../Compiler/COMMON/SGL_302j/LIB_ELF/LIBSGL.A(sglB056.o)
                0x06021280                slPlaneNbg1
 *fill*         0x0602128c        0x4 
 SLPROG         0x06021290       0x10 ../../Compiler/COMMON/SGL_302j/LIB_ELF/LIBSGL.A(sglB057.o)
                0x06021290                slPlaneNbg2
 SLPROG         0x060212a0       0x10 ../../Compiler/COMMON/SGL_302j/LIB_ELF/LIBSGL.A(sglB058.o)
                0x060212a0                slPlaneNbg3
 SLPROG         0x060212b0        0xc ../../Compiler/COMMON/SGL_302j/LIB_ELF/LIBSGL.A(sglB059.o)
                0x060212b0                slPlaneRA
 *fill*         0x060212bc        0x4 
 SLPROG         0x060212c0       0x10 ../../Compiler/COMMON/SGL_302j/LIB_ELF/LIBSGL.A(sglB060.o)
                0x060212c0                slPlaneRB
 SLPROG         0x060212d0        0xc ../../Compiler/COMMON/SGL_302j/LIB_ELF/LIBSGL.A(sglB063.o)
                0x060212d0                slPriority
 *fill*         0x060212dc        0x4 
 SLPROG         0x060212e0       0x18 ../../Compiler/COMMON/SGL_302j/LIB_ELF/LIBSGL.A(sglB087.o)
                0x060212e0                slLineScrollTable0
 *fill*         0x060212f8        0x8 
 SLPROG         0x06021300        0x8 ../../Compiler/COMMON/SGL_302j/LIB_ELF/LIBSGL.A(sglB088.o)
                0x06021300                slLineScrollTable1
 *fill*         0x06021308        0x8 
 SLPROG         0x06021310        0xc ../../Compiler/COMMON/SGL_302j/LIB_ELF/LIBSGL.A(sglB090.o)
                0x06021310                slLineScrollMode
 *fill*         0x0602131c        0x4 
 SLPROG         0x06021320      0x114 ../../Compiler/COMMON/SGL_302j/LIB_ELF/LIBSGL.A(sglB200.o)
                0x06021320                slCharRbg0
                0x0602132c                slCharNbg0
                0x06021338                slCharNbg1
                0x06021344                slCharNbg2
                0x0602135a                slCharNbg3
                0x06021372                slPageRbg0
                0x06021388                slPageNbg1
                0x06021390                slPageNbg2
                0x06021398                slPageNbg3
                0x060213a4                slPageNbg0
 *fill*         0x06021434        0xc 
 SLPROG         0x06021440       0x78 ../../Compiler/COMMON/SGL_302j/LIB_ELF/LIBSGL.A(sglC05.o)
                0x06021440                slSetSprite
 *fill*         0x060214b8        0x8 
 SLPROG         0x060214c0       0xfa ../../Compiler/COMMON/SGL_302j/LIB_ELF/LIBSGL.A(sglC06.o)
                0x060214c0                slDispSprite
 *fill*         0x060215ba        0x6 
 SLPROG         0x060215c0      0x162 ../../Compiler/COMMON/SGL_302j/LIB_ELF/LIBSGL.A(sglC07.o)
                0x060215c6                slPutSprite
 *fill*         0x06021722        0xe 
 SLPROG         0x06021730       0x4c ../../Compiler/COMMON/SGL_302j/LIB_ELF/LIBSGL.A(sglC17.o)
                0x06021730                slDispSpriteHV
 *fill*         0x0602177c        0x4 
 SLPROG         0x06021780       0xd4 ../../Compiler/COMMON/SGL_302j/LIB_ELF/LIBSGL.A(sglC19.o)
                0x06021780                slDispSprite4P
 *fill*         0x06021854        0xc 
 SLPROG         0x06021860       0x40 ../../Compiler/COMMON/SGL_302j/LIB_ELF/LIBSGL.A(sglC20.o)
                0x06021860                SpriteEntry
 SLPROG         0x060218a0      0x4ae ../../Compiler/COMMON/SGL_302j/LIB_ELF/LIBSGL.A(sglC21.o)
                0x06021928                RotSprite
                0x060219b6                SetSprPosition
 *fill*         0x06021d4e        0x2 
 SLPROG         0x06021d50       0x84 ../../Compiler/COMMON/SGL_302j/LIB_ELF/LIBSGL.A(sglD00.o)
                0x06021d50                slCpuDMACopy
                0x06021d50                slDMACopy
                0x06021daa                CSH_AllClr
                0x06021daa                slCashPurge
 *fill*         0x06021dd4        0xc 
 SLPROG         0x06021de0       0xa0 ../../Compiler/COMMON/SGL_302j/LIB_ELF/LIBSGL.A(sglD01.o)
                0x06021de0                slDMAXCopy
 SLPROG         0x06021e80        0xc ../../Compiler/COMMON/SGL_302j/LIB_ELF/LIBSGL.A(sglD03.o)
                0x06021e80                slDMAStatus
 *fill*         0x06021e8c        0x4 
 SLPROG         0x06021e90       0x20 ../../Compiler/COMMON/SGL_302j/LIB_ELF/LIBSGL.A(sglD15.o)
                0x06021e90                CSH_Purge
 SLPROG         0x06021eb0       0x84 ../../Compiler/COMMON/SGL_302j/LIB_ELF/LIBSGL.A(sglD16.o)
                0x06021eb0                DMA_ScuSetPrm
                0x06021ef8                DMA_SCU_PRM0
 *fill*         0x06021f34        0xc 
 SLPROG         0x06021f40       0x88 ../../Compiler/COMMON/SGL_302j/LIB_ELF/LIBSGL.A(sglD17.o)
                0x06021f40                DMA_ScuStart
 *fill*         0x06021fc8        0x8 
 SLPROG         0x06021fd0       0x34 ../../Compiler/COMMON/SGL_302j/LIB_ELF/LIBSGL.A(sglD18.o)
                0x06021fd0                DMA_ScuGetStatus
 *fill*         0x06022004        0xc 
 SLPROG         0x06022010       0x34 ../../Compiler/COMMON/SGL_302j/LIB_ELF/LIBSGL.A(sglF08.o)
                0x06022010                slDec2Hex
 *fill*         0x06022044        0xc 
 SLPROG         0x06022050      0xfc8 ../../Compiler/COMMON/SGL_302j/LIB_ELF/LIBSGL.A(sglH00.o)
                0x06022068                slGetPortDir1
                0x06022070                slGetPortDir2
                0x06022078                slSetPortDir1
                0x060220a2                slSetPortDir2
                0x060220dc                slGetPortData1
                0x060220e4                slGetPortData2
                0x060220ec                slSetPortData1
                0x060220f6                slSetPortData2
                0x06022108                slGetPortSelect1
                0x06022112                slGetPortSelect2
                0x0602211c                slSetPortSelect1
                0x06022150                slSetPortSelect2
                0x0602218c                slGetPortExt1
                0x06022196                slGetPortExt2
                0x060221a0                slSetPortExt1
                0x060221d0                slSetPortExt2
                0x06022344                slSmpcDirectAccess
                0x060223c4                slInitPeripheral
                0x06022456                slSetResultBuffer
                0x060224e2                slCheckIntBackSet
                0x060224ee                slIntBackCancel
                0x06022518                slCheckReset
                0x06022522                slClearReset
                0x060226e8                slSmpcCashSend
                0x060227a4                slSmpcCashBlow
                0x06022880                slGetOptimize
                0x0602288a                slSetOptimize
                0x060228b0                slGetPortMode1
                0x060228bc                slGetPortMode2
                0x060228ca                slSetPortMode1
                0x06022908                slSetPortMode2
                0x06022a94                slRequestCommand
                0x06022b04                Smpc_Status
                0x06022b08                Smpc_Result
                0x06022b0c                Smpc_Peripheral
                0x06022b12                Per_Connect1
                0x06022b13                Per_Connect2
                0x06022b34                SmpcStatusBuf
 *fill*         0x06023018        0x8 
 SLPROG         0x06023020       0xa8 ../../Compiler/COMMON/SGL_302j/LIB_ELF/LIBSGL.A(sglH01.o)
                0x06023020                slGetLanguage
                0x0602302a                slSetLanguage
                0x0602304c                slGetSoundEffect
                0x06023058                slSetSoundEffect
                0x06023074                slGetSoundOutput
                0x06023080                slSetSoundOutput
                0x0602309c                slGetHelpWindow
                0x060230a8                slSetHelpWindow
 *fill*         0x060230c8        0x8 
 SLPROG         0x060230d0      0x470 ../../Compiler/COMMON/SGL_302j/LIB_ELF/LIBSGL.A(sglH02.o)
                0x060234c0                smpc_pfr_tbl
                0x06023500                smpc_ptf_tbl
 SLPROG         0x06023540       0x60 ../../Compiler/COMMON/SGL_302j/LIB_ELF/LIBSGL.A(sglH04.o)
                0x06023540                slComPrmIntBack
                0x06023554                slComPrmSetMemory
                0x0602356a                slComPrmSetTime
 SLPROG         0x060235a0      0x3a4 ../../Compiler/COMMON/SGL_302j/LIB_ELF/LIBSGL.A(sglI01.o)
                0x060235a0                slInitSynch
                0x060235ba                slSynch
                0x060236b0                slRandom
                0x060236ce                PCM_EndCheck
                0x0602378a                RetPCMBuf
                0x06023824                PCM_Buf
                0x060238c4                Sound_Buf
 *fill*         0x06023944        0xc 
 SLPROG         0x06023950       0x10 ../../Compiler/COMMON/SGL_302j/LIB_ELF/LIBSGL.A(sglI04.o)
                0x06023950                slIntFunction
 SLPROG         0x06023960       0x74 ../../Compiler/COMMON/SGL_302j/LIB_ELF/LIBSGL.A(sglJ00.o)
                0x06023960                InitSlaveSH
                0x060239c8                SlaveCommand
 *fill*         0x060239d4        0xc 
 SLPROG         0x060239e0      0x3d0 ../../Compiler/COMMON/SGL_302j/LIB_ELF/LIBSGL.A(sglJ01.o)
                0x060239e0                SlaveControl
                0x06023d9c                ErasePolygonData
 SLPROG         0x06023db0     0x12b8 ../../Compiler/COMMON/SGL_302j/LIB_ELF/LIBSGL.A(sglJ02.o)
                0x06023db0                sbMakePolygon
                0x06023f98                sbCalcPolygon
                0x06024cd0                SetTexture
                0x06024cdc                SetPolygon
                0x06024ce4                SetPosition
                0x06024d1c                stvtc_4
                0x06024dd4                stvtc_3
                0x06024fe4                stvtc_1
                0x06024ff8                stvtc_2
                0x0602500c                stvtc_0
 *fill*         0x06025068        0x8 
 SLPROG         0x06025070      0x140 ../../Compiler/COMMON/SGL_302j/LIB_ELF/LIBSGL.A(sglJ03.o)
                0x06025070                sbMakeDMATable
 SLPROG         0x060251b0      0x470 ../../Compiler/COMMON/SGL_302j/LIB_ELF/LIBSGL.A(sglJ04.o)
                0x0602520e                sbMakeSprite
                0x06025274                sbMakeRotSprite
 SLPROG         0x06025620       0x3c ../../Compiler/COMMON/SGL_302j/LIB_ELF/LIBSGL.A(sglJ05.o)
                0x06025620                sbSortEntry
 *fill*         0x0602565c        0x4 
 SLPROG         0x06025660       0x6a ../../Compiler/COMMON/SGL_302j/LIB_ELF/LIBSGL.A(sglM01.o)
                0x06025660                slSetDepthLimit
                0x0602568c                slSetDepthTbl
                0x060256bc                DepthWorkArea
 *fill*         0x060256ca        0x6 
 SLPROG         0x060256d0       0x20 ../../Compiler/COMMON/SGL_302j/LIB_ELF/LIBSGL.A(sglA00.o)
                0x060256d0                set_imask
                0x060256d0                _builtin_set_imask
                0x060256e4                _builtin_get_imask
                0x060256e4                get_imask
 SLPROG         0x060256f0     0x411e ../../Compiler/COMMON/SGL_302j/LIB_ELF/LIBSGL.A(sglA01.o)
                0x060256f0                slSin
                0x06025714                slCos
                0x06025738                GetSinCos
                0x060257cc                sin_cos_index_tbl
                0x0602580c                sin_tbl
 *fill*         0x0602980e        0x2 
 SLPROG         0x06029810      0x42c ../../Compiler/COMMON/SGL_302j/LIB_ELF/LIBSGL.A(sglA20.o)
                0x06029810                slInitMatrix
                0x0602981a                slPushUnitMatrix
                0x0602982e                slUnitMatrix
 *fill*         0x06029c3c        0x4 
 SLPROG         0x06029c40      0xbd0 ../../Compiler/COMMON/SGL_302j/LIB_ELF/LIBSGL.A(sglB000.o)
                0x06029c40                slInitScroll
                0x06029d60                setASC_1to8
                0x06029d90                setASC_4to8
                0x06029ea0                TVSizeTbl
                0x06029f20                TVModeTbl
                0x0602a0f8                SGL_ASCII_CG
 SLPROG         0x0602a810      0x134 ../../Compiler/COMMON/SGL_302j/LIB_ELF/LIBSGL.A(sglC00.o)
                0x0602a810                slInitSprite
 *fill*         0x0602a944        0xc 
 SLPROG         0x0602a950      0x75c ../../Compiler/COMMON/SGL_302j/LIB_ELF/LIBSGL.A(sglI00.o)
                0x0602ac40                slInitInterrupt
 *fill*         0x0602b0ac        0x4 
 SLPROG         0x0602b0b0       0xf0 ../../Compiler/COMMON/SGL_302j/LIB_ELF/LIBSGL.A(sglH03.o)
                0x0602b114                slSmpcIntBack
                0x0602b1a0                __slprog_end = .

.tors           0x0602b1a0        0x0
                0x0602b1a0                ___ctors = .
 *(.ctors)
                0x0602b1a0                ___ctors_end = .
                0x0602b1a0                ___dtors = .
 *(.dtors)
                0x0602b1a0                ___dtors_end = .

.data           0x0602b1a0      0x550
 *(.data)
 .data          0x0602b1a0        0x0 ../../Compiler/COMMON/SGL_302j/LIB_ELF/SGLAREA.O
 .data          0x0602b1a0        0x0 pad_controllers.o
 .data          0x0602b1a0        0x0 main.o
 .data          0x0602b1a0        0x0 font.o
 .data          0x0602b1a0        0x0 sprite_manager.o
 .data          0x0602b1a0        0x0 satiator_functions.o
 .data          0x0602b1a0        0x0 background.o
 .data          0x0602b1a0        0x0 states/splash.o
 .data          0x0602b1a0        0x5 states/gamelist.o
                0x0602b1a4                truncatedList
 *fill*         0x0602b1a5        0x3 
 .data          0x0602b1a8       0x48 satiator/jhloader.o
 .data          0x0602b1f0        0x0 satiator/satiator.o
 .data          0x0602b1f0       0x10 satiator/iapetus/cd/cd.o
                0x0602b1f0                sector_size_tbl
 .data          0x0602b200        0x0 satiator/iapetus/cd/cdsect.o
 .data          0x0602b200        0x0 satiator/iapetus/sh2/sh2int.o
 .data          0x0602b200        0x0 satiator/iapetus/video/vdpinit.o
 .data          0x0602b200        0x0 ../../jo_engine/backup.o
 .data          0x0602b200        0x0 ../../jo_engine/tga.o
 .data          0x0602b200        0x4 ../../jo_engine/fs.o
 .data          0x0602b204        0x0 ../../jo_engine/font.o
 .data          0x0602b204        0x0 ../../jo_engine/input.o
 .data          0x0602b204        0x0 ../../jo_engine/physics.o
 .data          0x0602b204        0x0 ../../jo_engine/core.o
 .data          0x0602b204        0x4 ../../jo_engine/math.o
                0x0602b204                jo_random_seed
 .data          0x0602b208        0x0 ../../jo_engine/malloc.o
 .data          0x0602b208        0x0 ../../jo_engine/tools.o
 .data          0x0602b208        0x0 ../../jo_engine/palette.o
 .data          0x0602b208       0x2c ../../jo_engine/sprites.o
                0x0602b20c                __jo_gouraud_shading_runtime_index
                0x0602b210                __jo_sprite_pos
                0x0602b21c                __jo_sprite_attributes
 .data          0x0602b234        0x0 ../../jo_engine/map.o
 .data          0x0602b234        0x0 ../../jo_engine/list.o
 .data          0x0602b234        0x4 ../../jo_engine/sprite_animator.o
 .data          0x0602b238        0x0 ../../jo_engine/image.o
 .data          0x0602b238        0x0 ../../jo_engine/vdp2.o
 .data          0x0602b238        0x0 ../../jo_engine/time.o
 .data          0x0602b238        0x0 ../../jo_engine/vdp1_command_pipeline.o
 .data          0x0602b238       0x10 ../../jo_engine/vdp2_malloc.o
 *fill*         0x0602b248        0x8 
 .data          0x0602b250        0x0 ../../Compiler/COMMON/SGL_302j/LIB_ELF/SEGA_SYS.A(sys_exit.o)
 .data          0x0602b250        0x0 ../../Compiler/COMMON/SGL_302j/LIB_ELF/SEGA_SYS.A(sys_sub.o)
 .data          0x0602b250        0x0 ../../Compiler/COMMON/SGL_302j/LIB_ELF/LIBCD.A(CDC_CMN.O)
 .data          0x0602b250        0x0 ../../Compiler/COMMON/SGL_302j/LIB_ELF/LIBCD.A(CDC_CFS.O)
 .data          0x0602b250        0x0 ../../Compiler/COMMON/SGL_302j/LIB_ELF/LIBCD.A(CDC_REG.O)
 .data          0x0602b250        0x0 ../../Compiler/COMMON/SGL_302j/LIB_ELF/LIBCD.A(CDC_SUB.O)
 .data          0x0602b250        0x0 ../../Compiler/COMMON/SGL_302j/LIB_ELF/LIBCD.A(GFS.O)
 .data          0x0602b250        0x0 ../../Compiler/COMMON/SGL_302j/LIB_ELF/LIBCD.A(GFS_BUF.O)
 .data          0x0602b250        0x0 ../../Compiler/COMMON/SGL_302j/LIB_ELF/LIBCD.A(GFS_CDB.O)
 .data          0x0602b250        0x0 ../../Compiler/COMMON/SGL_302j/LIB_ELF/LIBCD.A(GFS_CDC.O)
 .data          0x0602b250        0x0 ../../Compiler/COMMON/SGL_302j/LIB_ELF/LIBCD.A(GFS_CDF.O)
 .data          0x0602b250        0x0 ../../Compiler/COMMON/SGL_302j/LIB_ELF/LIBCD.A(GFS_DIR.O)
 .data          0x0602b250        0x0 ../../Compiler/COMMON/SGL_302j/LIB_ELF/LIBCD.A(GFS_TRN.O)
 .data          0x0602b250        0x0 ../../Compiler/COMMON/SGL_302j/LIB_ELF/LIBCD.A(CDC_DRV.O)
 .data          0x0602b250        0x0 ../../Compiler/COMMON/SGL_302j/LIB_ELF/LIBCD.A(CDC_DEV.O)
 .data          0x0602b250        0x0 ../../Compiler/COMMON/SGL_302j/LIB_ELF/LIBCD.A(CDC_SEL.O)
 .data          0x0602b250        0x0 ../../Compiler/COMMON/SGL_302j/LIB_ELF/LIBCD.A(CDC_BIF.O)
 .data          0x0602b250        0x0 ../../Compiler/COMMON/SGL_302j/LIB_ELF/LIBCD.A(CDC_BIO.O)
 .data          0x0602b250        0x0 ../../Compiler/COMMON/SGL_302j/LIB_ELF/LIBSGL.A(sglB001.o)
 .data          0x0602b250        0x0 ../../Compiler/COMMON/SGL_302j/LIB_ELF/LIBSGL.A(sglB011.o)
 .data          0x0602b250        0x0 ../../Compiler/COMMON/SGL_302j/LIB_ELF/LIBSGL.A(sglB014.o)
 .data          0x0602b250        0x0 ../../Compiler/COMMON/SGL_302j/LIB_ELF/LIBSGL.A(sglB015.o)
 .data          0x0602b250        0x0 ../../Compiler/COMMON/SGL_302j/LIB_ELF/LIBSGL.A(sglB016.o)
 .data          0x0602b250        0x0 ../../Compiler/COMMON/SGL_302j/LIB_ELF/LIBSGL.A(sglB020.o)
 .data          0x0602b250        0x0 ../../Compiler/COMMON/SGL_302j/LIB_ELF/LIBSGL.A(sglB021.o)
 .data          0x0602b250        0x0 ../../Compiler/COMMON/SGL_302j/LIB_ELF/LIBSGL.A(sglB023.o)
 .data          0x0602b250        0x0 ../../Compiler/COMMON/SGL_302j/LIB_ELF/LIBSGL.A(sglB031.o)
 .data          0x0602b250        0x0 ../../Compiler/COMMON/SGL_302j/LIB_ELF/LIBSGL.A(sglB032.o)
 .data          0x0602b250        0x0 ../../Compiler/COMMON/SGL_302j/LIB_ELF/LIBSGL.A(sglB033.o)
 .data          0x0602b250        0x0 ../../Compiler/COMMON/SGL_302j/LIB_ELF/LIBSGL.A(sglB034.o)
 .data          0x0602b250        0x0 ../../Compiler/COMMON/SGL_302j/LIB_ELF/LIBSGL.A(sglB035.o)
 .data          0x0602b250        0x0 ../../Compiler/COMMON/SGL_302j/LIB_ELF/LIBSGL.A(sglB036.o)
 .data          0x0602b250        0x0 ../../Compiler/COMMON/SGL_302j/LIB_ELF/LIBSGL.A(sglB038.o)
 .data          0x0602b250        0x0 ../../Compiler/COMMON/SGL_302j/LIB_ELF/LIBSGL.A(sglB039.o)
 .data          0x0602b250        0x0 ../../Compiler/COMMON/SGL_302j/LIB_ELF/LIBSGL.A(sglB040.o)
 .data          0x0602b250        0x0 ../../Compiler/COMMON/SGL_302j/LIB_ELF/LIBSGL.A(sglB041.o)
 .data          0x0602b250        0x0 ../../Compiler/COMMON/SGL_302j/LIB_ELF/LIBSGL.A(sglB043.o)
 .data          0x0602b250        0x0 ../../Compiler/COMMON/SGL_302j/LIB_ELF/LIBSGL.A(sglB047.o)
 .data          0x0602b250        0x0 ../../Compiler/COMMON/SGL_302j/LIB_ELF/LIBSGL.A(sglB048.o)
 .data          0x0602b250        0x0 ../../Compiler/COMMON/SGL_302j/LIB_ELF/LIBSGL.A(sglB055.o)
 .data          0x0602b250        0x0 ../../Compiler/COMMON/SGL_302j/LIB_ELF/LIBSGL.A(sglB056.o)
 .data          0x0602b250        0x0 ../../Compiler/COMMON/SGL_302j/LIB_ELF/LIBSGL.A(sglB057.o)
 .data          0x0602b250        0x0 ../../Compiler/COMMON/SGL_302j/LIB_ELF/LIBSGL.A(sglB058.o)
 .data          0x0602b250        0x0 ../../Compiler/COMMON/SGL_302j/LIB_ELF/LIBSGL.A(sglB059.o)
 .data          0x0602b250        0x0 ../../Compiler/COMMON/SGL_302j/LIB_ELF/LIBSGL.A(sglB060.o)
 .data          0x0602b250        0x0 ../../Compiler/COMMON/SGL_302j/LIB_ELF/LIBSGL.A(sglB063.o)
 .data          0x0602b250        0x0 ../../Compiler/COMMON/SGL_302j/LIB_ELF/LIBSGL.A(sglB087.o)
 .data          0x0602b250        0x0 ../../Compiler/COMMON/SGL_302j/LIB_ELF/LIBSGL.A(sglB088.o)
 .data          0x0602b250        0x0 ../../Compiler/COMMON/SGL_302j/LIB_ELF/LIBSGL.A(sglB090.o)
 .data          0x0602b250        0x0 ../../Compiler/COMMON/SGL_302j/LIB_ELF/LIBSGL.A(sglB200.o)
 .data          0x0602b250        0x0 ../../Compiler/COMMON/SGL_302j/LIB_ELF/LIBSGL.A(sglC05.o)
 .data          0x0602b250        0x0 ../../Compiler/COMMON/SGL_302j/LIB_ELF/LIBSGL.A(sglC06.o)
 .data          0x0602b250        0x0 ../../Compiler/COMMON/SGL_302j/LIB_ELF/LIBSGL.A(sglC07.o)
 .data          0x0602b250        0x0 ../../Compiler/COMMON/SGL_302j/LIB_ELF/LIBSGL.A(sglC17.o)
 .data          0x0602b250        0x0 ../../Compiler/COMMON/SGL_302j/LIB_ELF/LIBSGL.A(sglC19.o)
 .data          0x0602b250        0x0 ../../Compiler/COMMON/SGL_302j/LIB_ELF/LIBSGL.A(sglC20.o)
 .data          0x0602b250        0x0 ../../Compiler/COMMON/SGL_302j/LIB_ELF/LIBSGL.A(sglC21.o)
 .data          0x0602b250        0x0 ../../Compiler/COMMON/SGL_302j/LIB_ELF/LIBSGL.A(sglD00.o)
 .data          0x0602b250        0x0 ../../Compiler/COMMON/SGL_302j/LIB_ELF/LIBSGL.A(sglD01.o)
 .data          0x0602b250        0x0 ../../Compiler/COMMON/SGL_302j/LIB_ELF/LIBSGL.A(sglD03.o)
 .data          0x0602b250        0x0 ../../Compiler/COMMON/SGL_302j/LIB_ELF/LIBSGL.A(sglD15.o)
 .data          0x0602b250        0x0 ../../Compiler/COMMON/SGL_302j/LIB_ELF/LIBSGL.A(sglD16.o)
 .data          0x0602b250        0x0 ../../Compiler/COMMON/SGL_302j/LIB_ELF/LIBSGL.A(sglD17.o)
 .data          0x0602b250        0x0 ../../Compiler/COMMON/SGL_302j/LIB_ELF/LIBSGL.A(sglD18.o)
 .data          0x0602b250        0x0 ../../Compiler/COMMON/SGL_302j/LIB_ELF/LIBSGL.A(sglF08.o)
 .data          0x0602b250        0x0 ../../Compiler/COMMON/SGL_302j/LIB_ELF/LIBSGL.A(sglH00.o)
 .data          0x0602b250        0x0 ../../Compiler/COMMON/SGL_302j/LIB_ELF/LIBSGL.A(sglH01.o)
 .data          0x0602b250        0x0 ../../Compiler/COMMON/SGL_302j/LIB_ELF/LIBSGL.A(sglH02.o)
 .data          0x0602b250        0x0 ../../Compiler/COMMON/SGL_302j/LIB_ELF/LIBSGL.A(sglH04.o)
 .data          0x0602b250        0x0 ../../Compiler/COMMON/SGL_302j/LIB_ELF/LIBSGL.A(sglI01.o)
 .data          0x0602b250        0x0 ../../Compiler/COMMON/SGL_302j/LIB_ELF/LIBSGL.A(sglI04.o)
 .data          0x0602b250       0x80 ../../Compiler/COMMON/SGL_302j/LIB_ELF/LIBSGL.A(sglIc0.o)
                0x0602b250                IntPrioMask