Archive member included to satisfy reference by file (symbol)

../../Compiler/COMMON/SGL_302j/LIB_ELF/SEGA_SYS.A(sys_exit.o)
                              ../../jo_engine/core.o (SYS_Exit)
../../Compiler/COMMON/SGL_302j/LIB_ELF/SEGA_SYS.A(sys_sub.o)
                              ../../Compiler/COMMON/SGL_302j/LIB_ELF/SEGA_SYS.A(sys_exit.o) (SYSUB_SetStackptr)
../../Compiler/COMMON/SGL_302j/LIB_ELF/LIBCD.A(CDC_CMN.O)
                              ../../Compiler/COMMON/SGL_302j/LIB_ELF/SEGA_SYS.A(sys_exit.o) (CDC_GetCurStat)
../../Compiler/COMMON/SGL_302j/LIB_ELF/LIBCD.A(CDC_CFS.O)
                              ../../Compiler/COMMON/SGL_302j/LIB_ELF/SEGA_SYS.A(sys_exit.o) (CDC_ChgDir)
../../Compiler/COMMON/SGL_302j/LIB_ELF/LIBCD.A(CDC_REG.O)
                              ../../Compiler/COMMON/SGL_302j/LIB_ELF/SEGA_SYS.A(sys_exit.o) (CDC_GetHirqReq)
../../Compiler/COMMON/SGL_302j/LIB_ELF/LIBCD.A(CDC_SUB.O)
                              ../../Compiler/COMMON/SGL_302j/LIB_ELF/LIBCD.A(CDC_CMN.O) (CDSUB_UpdStatus)
../../Compiler/COMMON/SGL_302j/LIB_ELF/LIBCD.A(GFS.O)
                              ../../jo_engine/fs.o (GFS_Init)
../../Compiler/COMMON/SGL_302j/LIB_ELF/LIBCD.A(GFS_BUF.O)
                              ../../Compiler/COMMON/SGL_302j/LIB_ELF/LIBCD.A(GFS.O) (GFBF_GetNumData)
../../Compiler/COMMON/SGL_302j/LIB_ELF/LIBCD.A(GFS_CDB.O)
                              ../../Compiler/COMMON/SGL_302j/LIB_ELF/LIBCD.A(GFS.O) (GFCB_Close)
../../Compiler/COMMON/SGL_302j/LIB_ELF/LIBCD.A(GFS_CDC.O)
                              ../../Compiler/COMMON/SGL_302j/LIB_ELF/LIBCD.A(GFS.O) (GFCD_SetCdbfs)
../../Compiler/COMMON/SGL_302j/LIB_ELF/LIBCD.A(GFS_CDF.O)
                              ../../Compiler/COMMON/SGL_302j/LIB_ELF/LIBCD.A(GFS.O) (GFCF_Init)
../../Compiler/COMMON/SGL_302j/LIB_ELF/LIBCD.A(GFS_DIR.O)
                              ../../Compiler/COMMON/SGL_302j/LIB_ELF/LIBCD.A(GFS.O) (GFDR_SetupDirTbl)
../../Compiler/COMMON/SGL_302j/LIB_ELF/LIBCD.A(GFS_TRN.O)
                              ../../Compiler/COMMON/SGL_302j/LIB_ELF/LIBCD.A(GFS.O) (GFTR_Setup)
../../Compiler/COMMON/SGL_302j/LIB_ELF/LIBCD.A(CDC_DRV.O)
                              ../../Compiler/COMMON/SGL_302j/LIB_ELF/LIBCD.A(GFS_CDC.O) (CDC_CdPlay)
../../Compiler/COMMON/SGL_302j/LIB_ELF/LIBCD.A(CDC_DEV.O)
                              ../../Compiler/COMMON/SGL_302j/LIB_ELF/LIBCD.A(GFS_CDC.O) (CDC_CdSetCon)
../../Compiler/COMMON/SGL_302j/LIB_ELF/LIBCD.A(CDC_SEL.O)
                              ../../Compiler/COMMON/SGL_302j/LIB_ELF/LIBCD.A(GFS_CDC.O) (CDC_SetFiltRange)
../../Compiler/COMMON/SGL_302j/LIB_ELF/LIBCD.A(CDC_BIF.O)
                              ../../Compiler/COMMON/SGL_302j/LIB_ELF/LIBCD.A(GFS_CDC.O) (CDC_GetBufSiz)
../../Compiler/COMMON/SGL_302j/LIB_ELF/LIBCD.A(CDC_BIO.O)
                              ../../Compiler/COMMON/SGL_302j/LIB_ELF/LIBCD.A(GFS_CDC.O) (CDC_SetSctLen)
../../Compiler/COMMON/SGL_302j/LIB_ELF/LIBSGL.A(sglB001.o)
                              ../../jo_engine/core.o (slTVOn)
../../Compiler/COMMON/SGL_302j/LIB_ELF/LIBSGL.A(sglB011.o)
                              ../../jo_engine/vdp2.o (slBitMapNbg1)
../../Compiler/COMMON/SGL_302j/LIB_ELF/LIBSGL.A(sglB014.o)
                              ../../jo_engine/vdp2.o (slScrTransparent)
../../Compiler/COMMON/SGL_302j/LIB_ELF/LIBSGL.A(sglB015.o)
                              ../../jo_engine/vdp2.o (slScrAutoDisp)
../../Compiler/COMMON/SGL_302j/LIB_ELF/LIBSGL.A(sglB016.o)
                              ../../jo_engine/vdp2.o (slBack1ColSet)
../../Compiler/COMMON/SGL_302j/LIB_ELF/LIBSGL.A(sglB020.o)
                              ../../jo_engine/vdp2.o (slColorCalc)
../../Compiler/COMMON/SGL_302j/LIB_ELF/LIBSGL.A(sglB021.o)
                              ../../jo_engine/vdp2.o (slColorCalcOn)
../../Compiler/COMMON/SGL_302j/LIB_ELF/LIBSGL.A(sglB023.o)
                              ../../jo_engine/vdp2.o (slColRate)
../../Compiler/COMMON/SGL_302j/LIB_ELF/LIBSGL.A(sglB031.o)
                              ../../jo_engine/vdp2.o (slMapNbg0)
../../Compiler/COMMON/SGL_302j/LIB_ELF/LIBSGL.A(sglB032.o)
                              ../../jo_engine/vdp2.o (slMapNbg1)
../../Compiler/COMMON/SGL_302j/LIB_ELF/LIBSGL.A(sglB033.o)
                              ../../jo_engine/vdp2.o (slMapNbg2)
../../Compiler/COMMON/SGL_302j/LIB_ELF/LIBSGL.A(sglB034.o)
                              ../../jo_engine/vdp2.o (slMapNbg3)
../../Compiler/COMMON/SGL_302j/LIB_ELF/LIBSGL.A(sglB035.o)
                              ../../jo_engine/vdp2.o (sl1MapRA)
../../Compiler/COMMON/SGL_302j/LIB_ELF/LIBSGL.A(sglB036.o)
                              ../../jo_engine/vdp2.o (sl1MapRB)
../../Compiler/COMMON/SGL_302j/LIB_ELF/LIBSGL.A(sglB038.o)
                              ../../jo_engine/vdp2.o (slRparaInitSet)
../../Compiler/COMMON/SGL_302j/LIB_ELF/LIBSGL.A(sglB039.o)
                              ../../jo_engine/vdp2.o (slMakeKtable)
../../Compiler/COMMON/SGL_302j/LIB_ELF/LIBSGL.A(sglB040.o)
[...]
Memory Configuration

Name             Origin             Length             Attributes
*default*        0x00000000         0xffffffff

Linker script and memory map

TARGET(elf32-sh)

SLSTART         0x06004000       0x30
                0x06004000                ___Start = .
 *(SLSTART)
 SLSTART        0x06004000       0x28 ../../Compiler/COMMON/SGL_302j/LIB_ELF/LIBSGL.A(sglI00.o)
                0x06004000                SGL_Start
                0x06004002                slStartSGL

.text           0x06004040    0x1c870
 *(.text)
 .text          0x06004040        0x0 ../../Compiler/COMMON/SGL_302j/LIB_ELF/SGLAREA.O
 .text          0x06004040      0x368 pad_controllers.o
                0x060040c4                initControllers
                0x060040f0                updateControllerButtonStatus
                0x06004108                updateController
                0x06004384                updateControllers
 .text          0x060043a8      0x1f0 debug.o
                0x06004410                debug_print
                0x060044c0                printCenterProcessText
 .text          0x06004598      0x1b8 main.o
                0x06004598                draw_objects
                0x060045cc                application_logic
                0x06004700                jo_main
 .text          0x06004750       0xe8 font.o
                0x06004750                font_palette_handling
                0x060047d4                load_nbg2_font
 .text          0x06004838      0x3c0 sprite_manager.o
                0x060048a0                init_sprites
                0x060048dc                get_free_sprite
                0x06004910                create_sprite
                0x06004980                get_free_texture
                0x060049b0                cdFileExists
                0x060049fc                load_sprite_texture
                0x06004a8c                draw_sprites
 .text          0x06004bf8       0xd0 bios.o
                0x06004c60                getRegionString
 .text          0x06004cc8      0xcd8 ini.o
                0x06004dc8                writeUniqueIniLineAtStart
                0x0600509c                writeUniqueIniLineAtEnd
                0x0600536c                lineIsInIni
                0x0600551c                deleteIniLine
                0x06005734                loadIniList
 .text          0x060059a0      0x160 direntry.o
                0x060059a0                compareDirEntry
                0x06005ae0                sortDirEntries
 .text          0x06005b00      0xb30 satiator_functions.o
                0x06005cc4                satiatorCreateDirectory
                0x06005cfc                initSatiator
                0x06005d80                satiatorWriteData
                0x06005df8                satiatorWriteU8
                0x06005e14                satiatorWriteU16
                0x06005e54                satiatorWriteU32
                0x06005e70                satiatorEmulateDesc
                0x06005f2c                satiatorVerifyPatchDescFileImage
                0x0600628c                satiatorPatchDescFileImage
                0x0600643c                satiatorTryLaunchFile
                0x0600650c                satiatorExecutableFilter
                0x06006568                s_gets
 .text          0x06006630       0xc8 background.o
                0x06006698                load_background
                0x060066d0                init_background
 .text          0x060066f8      0x218 states/satiator_information.o
                0x06006760                logic_satiator_info
 .text          0x06006910      0x210 states/menu_options.o
                0x06006978                clearMenuOptions
                0x06006998                createMenuOption
                0x060069f0                displayMenuOptions
                0x06006a68                controlMenuOptions
 .text          0x06006b20      0x854 states/splash.o
                0x06006b88                animateLogo
                0x06006fa4                logic_splash
 .text          0x06007374      0x1c0 states/menu.o
                0x060073dc                logic_menu
 .text          0x06007534     0x163c states/gamelist.o
                0x06007634                displayGameListItem
                0x06007834                clearGameBoxSprite
                0x060078ac                displayGameBox
                0x060079f4                displaySelectedItemGameBox
                0x06007aa4                clearMessage
                0x06007ad0                displayGameList
                0x06007bac                loadFileList
                0x06007dd8                displayTime
                0x06007e50                logic_gamelist_standard
                0x060081e4                launchDirShortcut
                0x06008310                launchGameShortcut
                0x06008424                logic_gamelist_favourites
                0x06008674                logic_gamelist_recents
                0x06008858                logic_gamelist
 .text          0x06008b70      0x440 states/bootscreen.o
                0x06008bd8                addItemToRecentHistory
                0x06008c80                logic_bootscreen
 .text          0x06008fb0      0x1f8 states/console_information.o
                0x06009018                logic_console_info
 .text          0x060091a8      0x180 satiator/jhloader.o
                0x060092d4                boot_disc
 .text          0x06009328     0x1548 satiator/satiator.o
                0x06009454                exec_cmd
                0x060095c4                s_open
                0x060096dc                s_close
                0x0600975c                s_seek
                0x060097f4                s_read
                0x06009918                s_write
                0x06009a38                s_sync
                0x06009a44                s_truncate
                0x06009ad8                s_stat
                0x06009ca4                s_rename
                0x06009de0                s_mkdir
                0x06009ef0                s_unlink
                0x0600a000                s_opendir
                0x0600a110                s_chdir
                0x0600a220                s_getcwd
                0x0600a384                s_mode
                0x0600a42c                s_emulate
                0x0600a53c                s_get_fw_version
                0x0600a660                s_get_bootloader_version
                0x0600a73c                s_get_serial_number
                0x0600a818                s_find_cartridge
 .text          0x0600a870     0x1048 satiator/disc_format/cue2desc.o
                0x0600a970                my_strtok
                0x0600a9d8                my_strtok_r
                0x0600aa78                my_strdup
                0x0600aabc                cue2desc
 .text          0x0600b8b8      0x4bc satiator/disc_format/cdparse.o
                0x0600ba7c                cdparse_set_error
                0x0600baf0                iso2desc
                0x0600bc90                image2desc
 .text          0x0600bd74      0x7a8 satiator/iapetus/cd/cd.o
                0x0600bddc                cd_write_command
                0x0600bdfc                cd_read_return_status
                0x0600be20                cd_wait_hirq
                0x0600be48                cd_exec_command
                0x0600bf6c                cd_end_transfer
                0x0600bfa0                cd_play_fad
                0x0600bfe8                cd_connect_cd_to_filter
                0x0600c01c                cd_reset_selector_one
                0x0600c028                cd_reset_selector_all
                0x0600c038                cd_is_data_ready
                0x0600c080                cd_set_sector_size
                0x0600c0bc                cd_get_then_delete_sector_data
                0x0600c0f0                cd_abort_file
                0x0600c11c                cd_transfer_data_bytes
                0x0600c20c                cd_get_stat
                0x0600c288                is_cd_auth
                0x0600c2f0                cd_auth
                0x0600c37c                cd_stop_drive
                0x0600c3dc                is_cd_present
                0x0600c420                cd_read_sector
 .text          0x0600c51c      0x128 satiator/iapetus/cd/cdsect.o
                0x0600c584                cd_put_sector_data
                0x0600c5b8                cd_move_sector_data
                0x0600c5f0                cd_get_buffer_size
 .text          0x0600c644       0x20 satiator/iapetus/sh2/sh2int.o
                0x0600c644                interrupt_set_level_mask
                0x0600c658                interrupt_get_level_mask
 .text          0x0600c664      0x154 satiator/iapetus/video/vdpinit.o
                0x0600c790                vdp_wait_vblankin
                0x0600c7a4                vdp_wait_vblankout
 .text          0x0600c7b8     0x12fc ../../jo_engine/backup.o
                0x0600c820                jo_backup_get_free_block_count
                0x0600c870                jo_backup_format_device
                0x0600c948                jo_backup_mount
                0x0600cab4                jo_backup_read_device
                0x0600ccc0                jo_backup_file_exists
                0x0600cdc4                jo_backup_get_file_partition
                0x0600cec4                jo_backup_init_file
                0x0600cf30                jo_backup_save
                0x0600d234                jo_backup_load_file_comment
                0x0600d328                jo_backup_load_file_contents
                0x0600d51c                jo_backup_delete_file
                0x0600d688                jo_backup_unmount
                0x0600d738                jo_backup_get_file_last_modified_date
                0x0600d88c                jo_backup_get_file_info
                0x0600da2c                jo_backup_get_file_size
                0x0600da4c                jo_backup_get_last_status
 .text          0x0600dab4      0x8a8 ../../jo_engine/tga.o
                0x0600dd30                jo_set_tga_palette_handling
                0x0600dd3c                __jo_tga_load
                0x0600de5c                __jo_tga_any_loader_from_stream
                0x0600dea4                jo_tga_8bits_loader_from_stream
                0x0600debc                jo_tga_loader_from_stream
                0x0600ded4                __jo_tga_any_loader
                0x0600df24                jo_tga_8bits_loader
                0x0600df40                jo_tga_loader
                0x0600df5c                jo_sprite_add_tga_tileset
                0x0600e1b4                jo_sprite_add_tga_from_stream
                0x0600e26c                jo_sprite_add_tga
 .text          0x0600e35c      0x94c ../../jo_engine/fs.o
                0x0600e3c4                jo_fs_init
                0x0600e474                jo_fs_do_background_jobs
                0x0600e530                jo_fs_read_file_async_ptr
                0x0600e6d4                jo_fs_cd
                0x0600e744                jo_fs_read_file_ptr
                0x0600e8e0                jo_fs_read_file_in_dir
                0x0600e92c                jo_fs_open
                0x0600ea28                jo_fs_seek_forward
                0x0600eb38                jo_fs_read_next_bytes
                0x0600ec1c                jo_fs_close
                0x0600ec68                jo_fs_set_read_sector_count
 .text          0x0600eca8      0x574 ../../jo_engine/font.o
                0x0600ed10                jo_font_load
                0x0600efa0                jo_font_print
                0x0600f0c4                jo_font_print_centered
 .text          0x0600f21c      0x118 ../../jo_engine/input.o
                0x0600f284                jo_get_inputs_vblank
                0x0600f2cc                jo_get_input_type
                0x0600f310                jo_get_input_count
 .text          0x0600f334        0x0 ../../jo_engine/physics.o
 .text          0x0600f334      0x700 ../../jo_engine/core.o
                0x0600f410                __jo_core_set_screens_order
                0x0600f548                jo_core_init
                0x0600f70c                jo_core_add_vblank_callback
                0x0600f788                jo_core_remove_vblank_callback
                0x0600f7e0                jo_core_add_callback
                0x0600f828                jo_core_remove_callback
                0x0600f860                jo_goto_boot_menu
                0x0600f86c                __jo_core_error
                0x0600f8bc                jo_core_suspend
                0x0600f8fc                jo_core_set_restart_game_callback
                0x0600f908                jo_core_run
                0x0600f98c                jo_dump_vdp1_registers
                0x0600f9e0                jo_dump_vdp2_registers
 .text          0x0600fa34      0xb50 ../../jo_engine/math.o
                0x0600fa9c                jo_fixed_mult
                0x0600fab0                jo_fixed_dot
                0x0600fac8                jo_fixed_pow
                0x0600fb00                jo_fixed_div
                0x0600fb28                jo_fixed_sin
                0x0600fc2c                jo_gcd
                0x0600fc94                jo_atan2f_rad
                0x0600fe58                jo_planar_rotate
                0x0600ffc4                jo_random
                0x06010034                jo_vector_fixed_compute_bezier_point
                0x060101c4                jo_vectorf_compute_bezier_point
                0x06010314                jo_fixed_sqrt
                0x060103c4                jo_sqrt
                0x06010404                jo_fixed_rsqrt
                0x06010514                jo_rsqrt
 .text          0x06010584      0x4b4 ../../jo_engine/malloc.o
                0x060105ec                jo_add_memory_zone
                0x0601065c                jo_malloc_with_behaviour
                0x060107a8                jo_reduce_memory_fragmentation
                0x0601081c                jo_free
                0x06010898                jo_memory_usage_percent
                0x0601099c                jo_memory_fragmentation
 .text          0x06010a38      0x3ec ../../jo_engine/tools.o
                0x06010aa0                jo_getdate
                0x06010b3c                jo_get_current_language
                0x06010b60                jo_tools_atoi
                0x06010be0                jo_strlen
                0x06010c30                jo_endwith
                0x06010cdc                jo_strcmp
                0x06010d0c                jo_memset
                0x06010db0                jo_map_to_vram
 .text          0x06010e24      0x134 ../../jo_engine/palette.o
                0x06010e8c                jo_create_palette
                0x06010ee0                jo_set_palette_register
                0x06010f44                jo_get_palette_register
 .text          0x06010f58      0x9ec ../../jo_engine/sprites.o
                0x060110f4                jo_sprite_usage_percent
                0x06011180                jo_get_last_sprite_id
                0x0601118c                jo_sprite_init
                0x06011210                jo_sprite_name2id
                0x06011288                jo_sprite_replace
                0x06011390                jo_sprite_add
                0x060113dc                jo_sprite_add_8bits_image
                0x06011428                jo_sprite_free_from
                0x060114a0                jo_set_gouraud_shading_colors
                0x060114c8                jo_set_gouraud_shading_brightness
                0x06011508                jo_sprite_draw_4p_fixed
                0x06011624                jo_sprite_draw
                0x06011770                jo_sprite_draw_rotate
                0x06011910                jo_sprite_set_clipping_area
 .text          0x06011944      0x99c ../../jo_engine/map.o
                0x06011a74                jo_map_per_pixel_vertical_collision
                0x06011ba8                jo_map_hitbox_detection_custom_boundaries
                0x06011c18                jo_map_create
                0x06011c94                jo_map_add_tile
                0x06011cb8                jo_map_add_animated_tile
                0x06011cdc                jo_map_draw_background
                0x06011d74                jo_map_draw
                0x06011e70                jo_map_free
                0x06011e88                jo_map_load_from_file
                0x06012260                jo_map_move_tiles_by_attribute
 .text          0x060122e0      0x200 ../../jo_engine/list.o
                0x06012348                jo_list_init
                0x06012358                jo_list_add
                0x060123d0                jo_list_insert_at
                0x06012480                jo_list_remove
 .text          0x060124e0      0x2bc ../../jo_engine/sprite_animator.o
                0x060125f4                jo_replace_sprite_anim
                0x060126a8                jo_create_sprite_anim
                0x06012774                jo_clear_all_sprite_anim
 .text          0x0601279c      0x7b0 ../../jo_engine/image.o
                0x06012804                __jo_bin_load
                0x06012854                jo_free_img
                0x0601289c                jo_bin_loader_from_stream
                0x0601296c                jo_bin_loader
                0x060129f0                jo_replace_color
                0x06012a5c                jo_sprite_add_bin_tileset
                0x06012c54                jo_sprite_add_bin
                0x06012d20                jo_sprite_add_bin_from_stream
                0x06012db8                jo_sprite_add_image_pack
 .text          0x06012f4c     0x11ec ../../jo_engine/vdp2.o
                0x06013030                jo_set_default_background_color
                0x06013070                __jo_init_vdp2
                0x060130cc                jo_img_to_vdp2_cells
                0x060131f0                jo_vdp2_set_rbg0_plane_a_8bits_image
                0x060132e0                jo_vdp2_set_rbg0_plane_b_8bits_image
                0x060133cc                jo_vdp2_enable_rbg0
                0x06013474                jo_vdp2_disable_rbg0
                0x0601348c                jo_vdp2_set_nbg0_8bits_image
                0x06013598                jo_vdp2_disable_nbg0_line_scroll
                0x060135bc                jo_vdp2_compute_nbg0_line_scroll
                0x060135d4                jo_vdp2_enable_nbg0_line_scroll
                0x06013644                jo_vdp2_draw_bitmap_nbg1_line
                0x06013704                jo_vdp2_clear_bitmap_nbg1
                0x0601375c                jo_vdp2_set_nbg1_8bits_image
                0x06013838                jo_vdp2_set_nbg1_image
                0x06013994                jo_vdp2_disable_nbg1_line_scroll
                0x060139b8                jo_vdp2_compute_nbg1_line_scroll
                0x060139d0                jo_vdp2_enable_nbg1_line_scroll
                0x06013a40                jo_nbg2_clear
                0x06013a9c                __jo_set_nbg2_8bits_image
                0x06013b40                jo_nbg2_print
                0x06013bf8                jo_vdp2_set_nbg2_8bits_font
                0x06013c9c                jo_vdp2_set_nbg2_8bits_image
                0x06013d08                jo_nbg3_clear
                0x06013d64                __jo_set_nbg3_8bits_image
                0x06013e08                jo_nbg3_print
                0x06013ec0                jo_vdp2_set_nbg3_8bits_font
                0x06013f64                jo_vdp2_set_nbg3_8bits_image
                0x06013fd0                jo_set_displayed_screens
                0x06013fe0                jo_disable_all_screens_transparency
                0x06014004                jo_enable_screen_transparency
 .text          0x06014138      0x280 ../../jo_engine/time.o
                0x060141a0                jo_time_init
                0x060141cc                jo_get_ticks
                0x060142ac                jo_fixed_point_time
 .text          0x060143b8       0x68 ../../jo_engine/vdp1_command_pipeline.o
 .text          0x06014420      0x334 ../../jo_engine/vdp2_malloc.o
                0x06014488                jo_vdp2_malloc_init
                0x060144c0                jo_vdp2_free
                0x06014580                jo_vdp2_malloc
 *fill*         0x06014754        0xc 
 .text          0x06014760      0x238 ../../Compiler/COMMON/SGL_302j/LIB_ELF/SEGA_SYS.A(sys_exit.o)
                0x06014760                sys_version
                0x06014780                SYS_Exit
 *fill*         0x06014998        0x8 
 .text          0x060149a0        0x6 ../../Compiler/COMMON/SGL_302j/LIB_ELF/SEGA_SYS.A(sys_sub.o)
                0x060149a0                SYSUB_SetStackptr
 *fill*         0x060149a6        0xa 
 .text          0x060149b0      0x3a0 ../../Compiler/COMMON/SGL_302j/LIB_ELF/LIBCD.A(CDC_CMN.O)
                0x060149b0                CDC_GetCurStat
                0x06014a00                CDC_GetLastStat
                0x06014a18                CDC_GetPeriStat
                0x06014aec                CDC_GetHwInfo
                0x06014b54                CDC_TgetToc
                0x06014ba4                CDC_GetSes
                0x06014be0                CDC_CdInit
                0x06014c64                CDC_CdOpen
                0x06014c8c                CDC_DataReady
                0x06014cf8                CDC_DataEnd
 .text          0x06014d50      0x194 ../../Compiler/COMMON/SGL_302j/LIB_ELF/LIBCD.A(CDC_CFS.O)
                0x06014d50                CDC_ChgDir
                0x06014d84                CDC_ReadDir
                0x06014db8                CDC_GetFileScope
                0x06014e18                CDC_TgetFileInfo
                0x06014e74                CDC_ReadFile
                0x06014ea8                CDC_AbortFile
 *fill*         0x06014ee4        0xc 
 .text          0x06014ef0      0x2dc ../../Compiler/COMMON/SGL_302j/LIB_ELF/LIBCD.A(CDC_REG.O)
                0x06014ef0                CDC_GetDataPtr
                0x06014f00                CDC_GetHirqReq
                0x06014f14                CDC_ClrHirqReq
                0x06014f44                CDREG_ClrHirqReq
                0x06014f54                CDREG_InitHirqReq
                0x06014f7c                CDREG_SetHirqFlag
                0x06014f90                CDC_GetHirqMsk
                0x06014fa4                CDC_SetHirqMsk
                0x06014fb4                CDC_GetMpegPtr
                0x06014fc4                CDREG_TgetData
                0x06015020                CDREG_CmdRsp
                0x06015120                CDREG_WaitHirq
                0x06015190                CDREG_ReadRsp
 *fill*         0x060151cc        0x4 
 .text          0x060151d0      0x152 ../../Compiler/COMMON/SGL_302j/LIB_ELF/LIBCD.A(CDC_SUB.O)
                0x060151d0                CDSUB_UpdStatus
                0x060151e8                CDSUB_UpdCdstat
                0x06015208                CDSUB_CdCmd
                0x06015278                CDSUB_GetCdstat
                0x060152b8                CDSUB_RspToCdstat
                0x06015300                CDSUB_SoftTimer
 *fill*         0x06015322        0xe 
 .text          0x06015330     0x1adc ../../Compiler/COMMON/SGL_302j/LIB_ELF/LIBCD.A(GFS.O)
                0x06015330                gfs_version
                0x06015350                GFS_Init
                0x06015438                GFS_LoadDir
                0x060154e0                GFS_SetDir
                0x06015548                GFS_NameToId
                0x060155ac                GFS_IdToName
                0x06015618                GFS_GetDirInfo
                0x06015688                GFS_Reset
                0x0601570c                GFS_Open
                0x060157c0                GFS_Close
                0x060157f8                GFS_Seek
                0x060158ac                GFS_Tell
                0x060158fc                GFS_IsEof
                0x06015950                GFS_ByteToSct
                0x060159ac                GFS_GetFileSize
                0x06015a08                GFS_GetFileInfo
                0x06015a7c                GFS_GetNumCdbuf
                0x06015aa4                GFS_Load
                0x06015b68                GFS_Fread
                0x06015c04                gfs_waitRead
                0x06015cac                GFS_NwFread
                0x06015db8                GFS_NwCdRead
                0x06015e30                GFS_NwIsComplete
                0x06015e68                GFS_NwStop
                0x06015ed4                GFS_NwGetStat
                0x06015f50                gfs_recovRdErr
                0x06015f80                GFS_NwExecOne
                0x06016040                GFS_NwExecServer
                0x060160bc                GFS_SetGmode
                0x06016120                GFS_SetTmode
                0x0601618c                GFS_SetReadPara
                0x060161f0                GFS_SetTransPara
                0x0601625c                GFS_SetTrFunc
                0x060162c0                GFS_StartTrans
                0x0601630c                GFS_CdMovePickup
                0x06016378                GFS_SetErrFunc
                0x060163a4                GFS_GetErrStat
                0x060163c8                GFS_ConvTno
                0x060163f0                gfs_chgRoot
                0x060164bc                gfs_aborttrans
                0x060164c8                gfs_mngSetupFuncTbl
                0x060164fc                gfs_mngInitWork
                0x060165a0                gfs_mngGetNumFile
                0x06016608                GFS_mngAllocGrp
                0x06016650                gfs_mngFreeGrp
                0x0601665c                gfs_mngTermAccess
                0x060166e0                gfs_mngSetErrCode
                0x06016760                gfs_svrSearchHndl
                0x060167a0                gfs_svrAddHndl
                0x060167dc                gfs_svrRemoveHndl
                0x06016838                GFS_OpenSub
                0x06016890                gfs_loadVol
                0x06016954                gfs_getRootDir
                0x06016a50                gfs_loadRootDir
                0x06016ad8                gfs_flowIn
                0x06016b80                gfs_transData
                0x06016c24                GFS_GetFad
                0x06016c7c                gfs_SetSct
                0x06016cbc                gfs_GetFinfo
                0x06016cfc                gfs_closeSub
                0x06016d38                gfs_getGmode
                0x06016d44                gfs_isTaskDone
                0x06016d98                gfs_convFinStat
 *fill*         0x06016e0c        0x4 
 .text          0x06016e10      0x106 ../../Compiler/COMMON/SGL_302j/LIB_ELF/LIBCD.A(GFS_BUF.O)
                0x06016e40                GFBF_GetTranData
                0x06016e68                GFBF_GetNumData
                0x06016e98                GFBF_GetSrcPk
                0x06016ec0                GFBF_GetSctData
                0x06016ee4                GFBF_RtnPk
                0x06016f0c                gfbf_getSctDt
 *fill*         0x06016f16        0xa 
 .text          0x06016f20      0x600 ../../Compiler/COMMON/SGL_302j/LIB_ELF/LIBCD.A(GFS_CDB.O)
                0x06016f20                GFCB_Setup
                0x06017040                GFCB_Close
                0x06017068                GFCB_GetLenData
                0x06017114                GFCB_GetLenRoom
                0x06017120                GFCB_SetFilt
                0x06017188                GFCB_DeleteAllData
                0x060171b0                GFCB_Tell
                0x060171c0                gfcb_getSctNum
                0x06017210                GFCB_Seek
                0x0601730c                GFCB_GetSrcPack
                0x060173ec                GFCB_GetSctData
                0x06017424                GFCB_GetDstPack
                0x06017430                GFCB_RtnPk
                0x06017478                GFCB_MovePickup
                0x06017494                GFCB_SetCon
                0x060174c8                GFCB_GetPickup
                0x060174f0                GFCB_IsPuOwner
                0x06017508                GFCB_UngetPickup
 .text          0x06017520     0x1a10 ../../Compiler/COMMON/SGL_302j/LIB_ELF/LIBCD.A(GFS_CDC.O)
                0x06017520                GFCD_SetCdbfs
                0x0601754c                GFCD_Init
                0x06017750                GFCD_AllocFilt
                0x0601778c                GFCD_FreeFilt
                0x060177bc                GFCD_AllocBuf
                0x060177f0                GFCD_FreeBuf
                0x06017894                GFCD_GetBaseFad
                0x060178c8                GFCD_GetPickup
                0x060178fc                GFCD_UngetPickup
                0x06017928                GFCD_IsPuOwner
                0x0601794c                GFCD_SetFilt
                0x06017a10                GFCD_GetFilt
                0x06017a58                GFCD_SetCon
                0x06017ab0                GFCD_Play
                0x06017b10                GFCD_GetLenData
                0x06017b78                GFCD_ReqData
                0x06017bd4                GFCD_EndData
                0x06017c1c                GFCD_DelSctData
                0x06017c74                GFCD_CheckDelSctData
                0x06017ca4                GFCD_GetStat
                0x06017d58                GFCD_MovePickup
                0x06017da4                GFCD_MoveSctData
                0x06017e18                GFCD_CheckMove
                0x06017e3c                GFCD_GetSctInfo
                0x06017e84                GFCD_ChgDir
                0x06017ef8                GFCD_SetFiltCon
                0x06017fe0                GFCD_GetFileInfo
                0x060180bc                GFCD_GetBufSiz
                0x060180f4                GFCD_ExecServer
                0x060181c8                gfcd_isIdleTask
                0x06018254                gfcd_doTask
                0x06018300                GFCD_SetTimer
                0x06018314                GFCD_WaitServer
                0x06018350                gfcd_doSetFiltTsk
                0x06018514                gfcd_doSetConTsk
                0x060185a4                gfcd_doGetLenDataTsk
                0x060186f8                gfcd_doReqDataTsk
                0x06018798                gfcd_doDelSctDataTsk
                0x060188cc                gfcd_doMoveSctTsk
                0x06018a30                gfcd_doChgDirTsk
                0x06018c2c                gfcd_doSetFiltConTsk
                0x06018d70                gfcd_checkEflag
                0x06018d94                gfcd_initCdbMng
                0x06018e14                gfcd_setStat
                0x06018e40                GFCD_SetCsctFunc
                0x06018e5c                GFCD_ChkScdqFlag
                0x06018e80                GFCD_ClrScdqFlag
                0x06018e9c                GFCD_WaitScdqFlag
                0x06018ee0                GFCD_WaitPause
 .text          0x06018f30      0x8d8 ../../Compiler/COMMON/SGL_302j/LIB_ELF/LIBCD.A(GFS_CDF.O)
                0x06018f30                GFCF_Init
                0x06018fd0                GFCF_Setup
                0x06019118                GFCF_SetSct
                0x0601915c                GFCF_GetFileInfo
                0x060191d0                GFCF_FlowInBuf
                0x06019324                GFCF_StopInBuf
                0x060193c4                GFCF_Recover
                0x0601940c                GFCF_Tell
                0x06019424                GFCF_Seek
                0x0601943c                GFCF_MovePickup
                0x060194d8                GFCF_cnvIntlvOfs
                0x0601952c                GFCF_GetStat
                0x060195c4                gfcf_getSctSize
                0x06019600                gfcf_isCdOk
                0x060196c0                gfcf_getPlayRange
 *fill*         0x06019808        0x8 
 .text          0x06019810      0x92c ../../Compiler/COMMON/SGL_302j/LIB_ELF/LIBCD.A(GFS_DIR.O)
                0x06019810                GFDR_SetupDirTbl
                0x06019884                GFDR_NameToId
                0x060198e4                GFDR_GetInfoDirId
                0x060198f8                GFDR_GetInfoDirName
                0x0601990c                GFDR_GetAtrDirId
                0x06019924                GFDR_GetAtrDirName
                0x0601993c                GFDR_ChgRoot
                0x06019954                GFDR_ChgDir
                0x060199c8                gfdr_setupDirIdTbl
                0x06019a4c                gfdr_setupDirNameTbl
                0x06019af8                gfdr_open
                0x06019b20                gfdr_read
                0x06019be0                gfdr_readByte
                0x06019c0c                gfdr_readWord
                0x06019c38                gfdr_readWordNB
                0x06019c8c                gfdr_readLongNB
                0x06019cd8                gfdr_readLongNM
                0x06019d00                gfdr_setNextRec
                0x06019d84                gfdr_readDirEnt
                0x0601a100                gfdr_setDirrecCd
 *fill*         0x0601a13c        0x4 
 .text          0x0601a140      0x9c6 ../../Compiler/COMMON/SGL_302j/LIB_ELF/LIBCD.A(GFS_TRN.O)
                0x0601a170                GFTR_Setup
                0x0601a1b4                GFTR_SetMode
                0x0601a1c8                GFTR_SetUnit
                0x0601a1d4                GFTR_SetTransPara
                0x0601a208                GFTR_GetTransPara
                0x0601a214                GFTR_GetNumTrans
                0x0601a220                GFTR_SetTransMax
                0x0601a22c                GFTR_Start
                0x0601a238                GFTR_Pause
                0x0601a244                GFTR_Stop
                0x0601a2fc                GFTR_Exec
                0x0601a380                GFTR_Idle
                0x0601a3f8                GFTR_ExecSvr
                0x0601a500                gftr_getSrcPack
                0x0601a588                gftr_getDstPack
                0x0601a5e4                gftr_reqScu
                0x0601a5f0                gftr_execScu
                0x0601a68c                gftr_remScu
                0x0601a6c0                gfdma_canUse
                0x0601a6cc                gfdma_exec
                0x0601a73c                gfdma_getBytecnt
                0x0601a774                gftr_reqDma0
                0x0601a78c                gftr_execSdma0
                0x0601a7b0                gftr_remDma0
                0x0601a7c8                gftr_reqDma1
                0x0601a7e0                gftr_execSdma1
                0x0601a804                gftr_remDma1
                0x0601a81c                gftr_reqCpu
                0x0601a828                gftr_execCpu
                0x0601a868                gftr_remCpu
                0x0601a874                gftr_reqTrn
                0x0601a8e4                gftr_execTrn
                0x0601a9bc                gftr_remTrn
                0x0601aa30                gftr_copyFrac
                0x0601aa58                GFTR_GetLenData
                0x0601aa64                GFTR_GetLenRoom
                0x0601aa7c                GFTR_GetDstPack
                0x0601aab0                GFTR_RtnDstPk
                0x0601aacc                GFTR_GetData
                0x0601aae0                GFTR_SetData
                0x0601aaf4                GFTR_SetTransFunc
 *fill*         0x0601ab06        0xa 
 .text          0x0601ab10      0x130 ../../Compiler/COMMON/SGL_302j/LIB_ELF/LIBCD.A(CDC_DRV.O)
                0x0601ab10                CDC_CdPlay
                0x0601abdc                CDC_CdSeek
                0x0601ac10                CDC_CdScan
 .text          0x0601ac40       0xa8 ../../Compiler/COMMON/SGL_302j/LIB_ELF/LIBCD.A(CDC_DEV.O)
                0x0601ac40                CDC_CdSetCon
                0x0601ac70                CDC_CdGetCon
                0x0601acac                CDC_CdGetLastBuf
 *fill*         0x0601ace8        0x8 
 .text          0x0601acf0      0x2b8 ../../Compiler/COMMON/SGL_302j/LIB_ELF/LIBCD.A(CDC_SEL.O)
                0x0601acf0                CDC_SetFiltRange
                0x0601ad24                CDC_GetFiltRange
                0x0601ad7c                CDC_SetFiltSubh
                0x0601adec                CDC_GetFiltSubh
                0x0601ae68                CDC_SetFiltMode
                0x0601ae9c                CDC_GetFiltMode
                0x0601aee0                CDC_SetFiltCon
                0x0601af20                CDC_GetFiltCon
                0x0601af74                CDC_ResetSelector
 *fill*         0x0601afa8        0x8 
 .text          0x0601afb0      0x270 ../../Compiler/COMMON/SGL_302j/LIB_ELF/LIBCD.A(CDC_BIF.O)
                0x0601afb0                CDC_GetBufSiz
                0x0601b00c                CDC_GetSctNum
                0x0601b050                CDC_CalActSiz
                0x0601b08c                CDC_GetActSiz
                0x0601b10c                CDC_GetSctInfo
                0x0601b18c                CDC_ExeFadSearch
                0x0601b1c4                CDC_GetFadSearch
 .text          0x0601b220      0x1e4 ../../Compiler/COMMON/SGL_302j/LIB_ELF/LIBCD.A(CDC_BIO.O)
                0x0601b220                CDC_SetSctLen
                0x0601b254                CDC_GetSctData
                0x0601b290                CDC_DelSctData
                0x0601b2cc                CDC_GetdelSctData
                0x0601b308                CDC_PutSctData
                0x0601b340                CDC_CopySctData
                0x0601b384                CDC_MoveSctData
                0x0601b3c8                CDC_GetCopyErr
 *fill*         0x0601b404        0xc 
 .text          0x0601b410        0x0 ../../Compiler/COMMON/SGL_302j/LIB_ELF/LIBSGL.A(sglB001.o)
 .text          0x0601b410        0x0 ../../Compiler/COMMON/SGL_302j/LIB_ELF/LIBSGL.A(sglB011.o)
 .text          0x0601b410        0x0 ../../Compiler/COMMON/SGL_302j/LIB_ELF/LIBSGL.A(sglB014.o)
 .text          0x0601b410        0x0 ../../Compiler/COMMON/SGL_302j/LIB_ELF/LIBSGL.A(sglB015.o)
 .text          0x0601b410        0x0 ../../Compiler/COMMON/SGL_302j/LIB_ELF/LIBSGL.A(sglB016.o)
 .text          0x0601b410        0x0 ../../Compiler/COMMON/SGL_302j/LIB_ELF/LIBSGL.A(sglB020.o)
 .text          0x0601b410        0x0 ../../Compiler/COMMON/SGL_302j/LIB_ELF/LIBSGL.A(sglB021.o)
 .text          0x0601b410        0x0 ../../Compiler/COMMON/SGL_302j/LIB_ELF/LIBSGL.A(sglB023.o)
 .text          0x0601b410        0x0 ../../Compiler/COMMON/SGL_302j/LIB_ELF/LIBSGL.A(sglB031.o)
 .text          0x0601b410        0x0 ../../Compiler/COMMON/SGL_302j/LIB_ELF/LIBSGL.A(sglB032.o)
 .text          0x0601b410        0x0 ../../Compiler/COMMON/SGL_302j/LIB_ELF/LIBSGL.A(sglB033.o)
 .text          0x0601b410        0x0 ../../Compiler/COMMON/SGL_302j/LIB_ELF/LIBSGL.A(sglB034.o)
 .text          0x0601b410        0x0 ../../Compiler/COMMON/SGL_302j/LIB_ELF/LIBSGL.A(sglB035.o)
 .text          0x0601b410        0x0 ../../Compiler/COMMON/SGL_302j/LIB_ELF/LIBSGL.A(sglB036.o)
 .text          0x0601b410        0x0 ../../Compiler/COMMON/SGL_302j/LIB_ELF/LIBSGL.A(sglB038.o)
 .text          0x0601b410        0x0 ../../Compiler/COMMON/SGL_302j/LIB_ELF/LIBSGL.A(sglB039.o)
 .text          0x0601b410        0x0 ../../Compiler/COMMON/SGL_302j/LIB_ELF/LIBSGL.A(sglB040.o)
 .text          0x0601b410        0x0 ../../Compiler/COMMON/SGL_302j/LIB_ELF/LIBSGL.A(sglB041.o)
 .text          0x0601b410        0x0 ../../Compiler/COMMON/SGL_302j/LIB_ELF/LIBSGL.A(sglB043.o)
 .text          0x0601b410        0x0 ../../Compiler/COMMON/SGL_302j/LIB_ELF/LIBSGL.A(sglB047.o)
 .text          0x0601b410        0x0 ../../Compiler/COMMON/SGL_302j/LIB_ELF/LIBSGL.A(sglB048.o)
 .text          0x0601b410        0x0 ../../Compiler/COMMON/SGL_302j/LIB_ELF/LIBSGL.A(sglB055.o)
 .text          0x0601b410        0x0 ../../Compiler/COMMON/SGL_302j/LIB_ELF/LIBSGL.A(sglB056.o)
 .text          0x0601b410        0x0 ../../Compiler/COMMON/SGL_302j/LIB_ELF/LIBSGL.A(sglB057.o)
 .text          0x0601b410        0x0 ../../Compiler/COMMON/SGL_302j/LIB_ELF/LIBSGL.A(sglB058.o)
 .text          0x0601b410        0x0 ../../Compiler/COMMON/SGL_302j/LIB_ELF/LIBSGL.A(sglB059.o)
 .text          0x0601b410        0x0 ../../Compiler/COMMON/SGL_302j/LIB_ELF/LIBSGL.A(sglB060.o)
 .text          0x0601b410        0x0 ../../Compiler/COMMON/SGL_302j/LIB_ELF/LIBSGL.A(sglB063.o)
 .text          0x0601b410        0x0 ../../Compiler/COMMON/SGL_302j/LIB_ELF/LIBSGL.A(sglB087.o)
 .text          0x0601b410        0x0 ../../Compiler/COMMON/SGL_302j/LIB_ELF/LIBSGL.A(sglB088.o)
 .text          0x0601b410        0x0 ../../Compiler/COMMON/SGL_302j/LIB_ELF/LIBSGL.A(sglB090.o)
 .text          0x0601b410        0x0 ../../Compiler/COMMON/SGL_302j/LIB_ELF/LIBSGL.A(sglB200.o)
 .text          0x0601b410        0x0 ../../Compiler/COMMON/SGL_302j/LIB_ELF/LIBSGL.A(sglC05.o)
 .text          0x0601b410        0x0 ../../Compiler/COMMON/SGL_302j/LIB_ELF/LIBSGL.A(sglC06.o)
 .text          0x0601b410        0x0 ../../Compiler/COMMON/SGL_302j/LIB_ELF/LIBSGL.A(sglC07.o)
 .text          0x0601b410        0x0 ../../Compiler/COMMON/SGL_302j/LIB_ELF/LIBSGL.A(sglC17.o)
 .text          0x0601b410        0x0 ../../Compiler/COMMON/SGL_302j/LIB_ELF/LIBSGL.A(sglC19.o)
 .text          0x0601b410        0x0 ../../Compiler/COMMON/SGL_302j/LIB_ELF/LIBSGL.A(sglC20.o)
 .text          0x0601b410        0x0 ../../Compiler/COMMON/SGL_302j/LIB_ELF/LIBSGL.A(sglC21.o)
 .text          0x0601b410        0x0 ../../Compiler/COMMON/SGL_302j/LIB_ELF/LIBSGL.A(sglD00.o)
 .text          0x0601b410        0x0 ../../Compiler/COMMON/SGL_302j/LIB_ELF/LIBSGL.A(sglD01.o)
 .text          0x0601b410        0x0 ../../Compiler/COMMON/SGL_302j/LIB_ELF/LIBSGL.A(sglD03.o)
 .text          0x0601b410        0x0 ../../Compiler/COMMON/SGL_302j/LIB_ELF/LIBSGL.A(sglD15.o)
 .text          0x0601b410        0x0 ../../Compiler/COMMON/SGL_302j/LIB_ELF/LIBSGL.A(sglD16.o)
 .text          0x0601b410        0x0 ../../Compiler/COMMON/SGL_302j/LIB_ELF/LIBSGL.A(sglD17.o)
 .text          0x0601b410        0x0 ../../Compiler/COMMON/SGL_302j/LIB_ELF/LIBSGL.A(sglD18.o)
 .text          0x0601b410        0x0 ../../Compiler/COMMON/SGL_302j/LIB_ELF/LIBSGL.A(sglF08.o)
 .text          0x0601b410        0x0 ../../Compiler/COMMON/SGL_302j/LIB_ELF/LIBSGL.A(sglH00.o)
 .text          0x0601b410        0x0 ../../Compiler/COMMON/SGL_302j/LIB_ELF/LIBSGL.A(sglH01.o)
 .text          0x0601b410        0x0 ../../Compiler/COMMON/SGL_302j/LIB_ELF/LIBSGL.A(sglH02.o)
 .text          0x0601b410        0x0 ../../Compiler/COMMON/SGL_302j/LIB_ELF/LIBSGL.A(sglH04.o)
 .text          0x0601b410        0x0 ../../Compiler/COMMON/SGL_302j/LIB_ELF/LIBSGL.A(sglI01.o)
 .text          0x0601b410        0x0 ../../Compiler/COMMON/SGL_302j/LIB_ELF/LIBSGL.A(sglI04.o)
 .text          0x0601b410      0x128 ../../Compiler/COMMON/SGL_302j/LIB_ELF/LIBSGL.A(sglIc0.o)
                0x0601b410                slInitSystem
 *fill*         0x0601b538        0x8 
 .text          0x0601b540        0x0 ../../Compiler/COMMON/SGL_302j/LIB_ELF/LIBSGL.A(sglJ00.o)
 .text          0x0601b540        0x0 ../../Compiler/COMMON/SGL_302j/LIB_ELF/LIBSGL.A(sglJ01.o)
 .text          0x0601b540        0x0 ../../Compiler/COMMON/SGL_302j/LIB_ELF/LIBSGL.A(sglJ02.o)
 .text          0x0601b540        0x0 ../../Compiler/COMMON/SGL_302j/LIB_ELF/LIBSGL.A(sglJ03.o)
 .text          0x0601b540        0x0 ../../Compiler/COMMON/SGL_302j/LIB_ELF/LIBSGL.A(sglJ04.o)
 .text          0x0601b540        0x0 ../../Compiler/COMMON/SGL_302j/LIB_ELF/LIBSGL.A(sglJ05.o)
 .text          0x0601b540        0x0 ../../Compiler/COMMON/SGL_302j/LIB_ELF/LIBSGL.A(sglK01.o)
 .text          0x0601b540        0x0 ../../Compiler/COMMON/SGL_302j/LIB_ELF/LIBSGL.A(sglM01.o)
 .text          0x0601b540        0x0 ../../Compiler/COMMON/SGL_302j/LIB_ELF/LIBSGL.A(sglA00.o)
 .text          0x0601b540        0x0 ../../Compiler/COMMON/SGL_302j/LIB_ELF/LIBSGL.A(sglA01.o)
 .text          0x0601b540        0x0 ../../Compiler/COMMON/SGL_302j/LIB_ELF/LIBSGL.A(sglA20.o)
 .text          0x0601b540        0x0 ../../Compiler/COMMON/SGL_302j/LIB_ELF/LIBSGL.A(sglB000.o)
 .text          0x0601b540        0x0 ../../Compiler/COMMON/SGL_302j/LIB_ELF/LIBSGL.A(sglC00.o)
 .text          0x0601b540        0x0 ../../Compiler/COMMON/SGL_302j/LIB_ELF/LIBSGL.A(sglI00.o)
 .text          0x0601b540        0x0 ../../Compiler/COMMON/SGL_302j/LIB_ELF/LIBSGL.A(sglH03.o)
 .text          0x0601b540       0x52 c:/development/saturn/joengine-master/joengine/compiler/windows/bin/../lib/gcc/sh-elf/9.3.0\libgcc.a(_ashiftrt.o)
                0x0601b540                __ashiftrt_r4_31
                0x0601b540                __ashiftrt_r4_32
                0x0601b546                __ashiftrt_r4_30
                0x0601b548                __ashiftrt_r4_29
                0x0601b54a                __ashiftrt_r4_28
                0x0601b54c                __ashiftrt_r4_27
                0x0601b54e                __ashiftrt_r4_26
                0x0601b550                __ashiftrt_r4_25
                0x0601b552                __ashiftrt_r4_24
                0x0601b55a                __ashiftrt_r4_23
                0x0601b55c                __ashiftrt_r4_22
                0x0601b55e                __ashiftrt_r4_21
                0x0601b560                __ashiftrt_r4_20
                0x0601b562                __ashiftrt_r4_19
                0x0601b564                __ashiftrt_r4_18
                0x0601b566                __ashiftrt_r4_17
                0x0601b568                __ashiftrt_r4_16
                0x0601b56e                __ashiftrt_r4_15
                0x0601b570                __ashiftrt_r4_14
                0x0601b572                __ashiftrt_r4_13
                0x0601b574                __ashiftrt_r4_12
                0x0601b576                __ashiftrt_r4_11
                0x0601b578                __ashiftrt_r4_10
                0x0601b57a                __ashiftrt_r4_9
                0x0601b57c                __ashiftrt_r4_8
                0x0601b57e                __ashiftrt_r4_7
                0x0601b580                __ashiftrt_r4_6
                0x0601b582                __ashiftrt_r4_5
                0x0601b584                __ashiftrt_r4_4
                0x0601b586                __ashiftrt_r4_3
                0x0601b588                __ashiftrt_r4_2
                0x0601b58a                __ashiftrt_r4_1
                0x0601b58e                __ashiftrt_r4_0
 *fill*         0x0601b592        0x2 
 .text          0x0601b594       0x80 c:/development/saturn/joengine-master/joengine/compiler/windows/bin/../lib/gcc/sh-elf/9.3.0\libgcc.a(_ashiftrt_n.o)
                0x0601b594                __ashrsi3
 .text          0x0601b614       0xbc c:/development/saturn/joengine-master/joengine/compiler/windows/bin/../lib/gcc/sh-elf/9.3.0\libgcc.a(_ashiftlt.o)
                0x0601b614                __ashlsi3
                0x0601b618                __ashlsi3_r0
 .text          0x0601b6d0       0xbc c:/development/saturn/joengine-master/joengine/compiler/windows/bin/../lib/gcc/sh-elf/9.3.0\libgcc.a(_lshiftrt.o)
                0x0601b6d0                __lshrsi3
                0x0601b6d4                __lshrsi3_r0
 .text          0x0601b78c       0x78 c:/development/saturn/joengine-master/joengine/compiler/windows/bin/../lib/gcc/sh-elf/9.3.0\libgcc.a(_movmem.o)
                0x0601b78c                __movmem
                0x0601b78c                __movstr
                0x0601b7c0                __movstrSI64
                0x0601b7c0                __movmemSI64
                0x0601b7c4                __movstrSI60
                0x0601b7c4                __movmemSI60
                0x0601b7c8                __movstrSI56
                0x0601b7c8                __movmemSI56
                0x0601b7cc                __movstrSI52
                0x0601b7cc                __movmemSI52
                0x0601b7d0                __movstrSI48
                0x0601b7d0                __movmemSI48
                0x0601b7d4                __movmemSI44
                0x0601b7d4                __movstrSI44
                0x0601b7d8                __movstrSI40
                0x0601b7d8                __movmemSI40
                0x0601b7dc                __movmemSI36
                0x0601b7dc                __movstrSI36
                0x0601b7e0                __movmemSI32
                0x0601b7e0                __movstrSI32
                0x0601b7e4                __movstrSI28
                0x0601b7e4                __movmemSI28
                0x0601b7e8                __movmemSI24
                0x0601b7e8                __movstrSI24
                0x0601b7ec                __movstrSI20
                0x0601b7ec                __movmemSI20
                0x0601b7f0                __movstrSI16
                0x0601b7f0                __movmemSI16
                0x0601b7f4                __movstrSI12
                0x0601b7f4                __movmemSI12
                0x0601b7f8                __movmemSI8
                0x0601b7f8                __movstrSI8
                0x0601b7fc                __movmemSI4
                0x0601b7fc                __movstrSI4
 .text          0x0601b804       0xa0 c:/development/saturn/joengine-master/joengine/compiler/windows/bin/../lib/gcc/sh-elf/9.3.0\libgcc.a(_sdivsi3.o)
                0x0601b804                __sdivsi3
 .text          0x0601b8a4       0x6c c:/development/saturn/joengine-master/joengine/compiler/windows/bin/../lib/gcc/sh-elf/9.3.0\libgcc.a(_udivsi3.o)
                0x0601b8c6                __udivsi3
 .text          0x0601b910      0x21c c:/development/saturn/joengine-master/joengine/compiler/windows/bin/../lib/gcc/sh-elf/9.3.0\libgcc.a(_addsub_sf.o)
                0x0601ba90                __addsf3
                0x0601badc                __subsf3
 .text          0x0601bb2c      0x134 c:/development/saturn/joengine-master/joengine/compiler/windows/bin/../lib/gcc/sh-elf/9.3.0\libgcc.a(_mul_sf.o)
                0x0601bb2c                __mulsf3
 .text          0x0601bc60       0xdc c:/development/saturn/joengine-master/joengine/compiler/windows/bin/../lib/gcc/sh-elf/9.3.0\libgcc.a(_div_sf.o)
                0x0601bc60                __divsf3
 .text          0x0601bd3c       0x54 c:/development/saturn/joengine-master/joengine/compiler/windows/bin/../lib/gcc/sh-elf/9.3.0\libgcc.a(_gt_sf.o)
                0x0601bd3c                __gtsf2
 .text          0x0601bd90       0x54 c:/development/saturn/joengine-master/joengine/compiler/windows/bin/../lib/gcc/sh-elf/9.3.0\libgcc.a(_ge_sf.o)
                0x0601bd90                __gesf2
 .text          0x0601bde4       0x54 c:/development/saturn/joengine-master/joengine/compiler/windows/bin/../lib/gcc/sh-elf/9.3.0\libgcc.a(_lt_sf.o)
                0x0601bde4                __ltsf2
 .text          0x0601be38       0x54 c:/development/saturn/joengine-master/joengine/compiler/windows/bin/../lib/gcc/sh-elf/9.3.0\libgcc.a(_le_sf.o)
                0x0601be38                __lesf2
 .text          0x0601be8c       0x84 c:/development/saturn/joengine-master/joengine/compiler/windows/bin/../lib/gcc/sh-elf/9.3.0\libgcc.a(_si_to_sf.o)
                0x0601be8c                __floatsisf
 .text          0x0601bf10       0x70 c:/development/saturn/joengine-master/joengine/compiler/windows/bin/../lib/gcc/sh-elf/9.3.0\libgcc.a(_sf_to_si.o)
                0x0601bf10                __fixsfsi
 .text          0x0601bf80       0x3c c:/development/saturn/joengine-master/joengine/compiler/windows/bin/../lib/gcc/sh-elf/9.3.0\libgcc.a(_sf_to_df.o)
                0x0601bf80                __extendsfdf2
 .text          0x0601bfbc        0x0 c:/development/saturn/joengine-master/joengine/compiler/windows/bin/../lib/gcc/sh-elf/9.3.0\libgcc.a(_thenan_sf.o)
 .text          0x0601bfbc       0x94 c:/development/saturn/joengine-master/joengine/compiler/windows/bin/../lib/gcc/sh-elf/9.3.0\libgcc.a(_usi_to_sf.o)
                0x0601bfbc                __floatunsisf
 .text          0x0601c050      0x3e0 c:/development/saturn/joengine-master/joengine/compiler/windows/bin/../lib/gcc/sh-elf/9.3.0\libgcc.a(_addsub_df.o)
                0x0601c38c                __adddf3
                0x0601c3dc                __subdf3
 .text          0x0601c430      0x208 c:/development/saturn/joengine-master/joengine/compiler/windows/bin/../lib/gcc/sh-elf/9.3.0\libgcc.a(_mul_df.o)
                0x0601c430                __muldf3
 .text          0x0601c638      0x130 c:/development/saturn/joengine-master/joengine/compiler/windows/bin/../lib/gcc/sh-elf/9.3.0\libgcc.a(_div_df.o)
                0x0601c638                __divdf3
 .text          0x0601c768       0xa8 c:/development/saturn/joengine-master/joengine/compiler/windows/bin/../lib/gcc/sh-elf/9.3.0\libgcc.a(_si_to_df.o)
                0x0601c768                __floatsidf
 .text          0x0601c810       0xa0 c:/development/saturn/joengine-master/joengine/compiler/windows/bin/../lib/gcc/sh-elf/9.3.0\libgcc.a(_df_to_si.o)
                0x0601c810                __fixdfsi
 .text          0x0601c8b0       0x28 c:/development/saturn/joengine-master/joengine/compiler/windows/bin/../lib/gcc/sh-elf/9.3.0\libgcc.a(_make_df.o)
                0x0601c8b0                __make_dp
 .text          0x0601c8d8       0x4c c:/development/saturn/joengine-master/joengine/compiler/windows/bin/../lib/gcc/sh-elf/9.3.0\libgcc.a(_df_to_sf.o)
                0x0601c8d8                __truncdfsf2
 .text          0x0601c924        0x0 c:/development/saturn/joengine-master/joengine/compiler/windows/bin/../lib/gcc/sh-elf/9.3.0\libgcc.a(_thenan_df.o)
 .text          0x0601c924       0x88 c:/development/saturn/joengine-master/joengine/compiler/windows/bin/../lib/gcc/sh-elf/9.3.0\libgcc.a(_usi_to_df.o)
                0x0601c924                __floatunsidf
 .text          0x0601c9ac       0x54 c:/development/saturn/joengine-master/joengine/compiler/windows/bin/../lib/gcc/sh-elf/9.3.0\libgcc.a(_clzsi2.o)
                0x0601c9ac                __clzsi2
 .text          0x0601ca00      0x11c c:/development/saturn/joengine-master/joengine/compiler/windows/bin/../lib/gcc/sh-elf/9.3.0\libgcc.a(_pack_sf.o)
                0x0601ca00                __pack_f
 .text          0x0601cb1c       0xa0 c:/development/saturn/joengine-master/joengine/compiler/windows/bin/../lib/gcc/sh-elf/9.3.0\libgcc.a(_unpack_sf.o)
                0x0601cb1c                __unpack_f
 .text          0x0601cbbc       0xac c:/development/saturn/joengine-master/joengine/compiler/windows/bin/../lib/gcc/sh-elf/9.3.0\libgcc.a(_fpcmp_parts_sf.o)
                0x0601cbbc                __fpcmp_parts_f
 .text          0x0601cc68       0x20 c:/development/saturn/joengine-master/joengine/compiler/windows/bin/../lib/gcc/sh-elf/9.3.0\libgcc.a(_make_sf.o)
                0x0601cc68                __make_fp
 .text          0x0601cc88      0x274 c:/development/saturn/joengine-master/joengine/compiler/windows/bin/../lib/gcc/sh-elf/9.3.0\libgcc.a(_pack_df.o)
                0x0601cc88                __pack_d
 .text          0x0601cefc       0xcc c:/development/saturn/joengine-master/joengine/compiler/windows/bin/../lib/gcc/sh-elf/9.3.0\libgcc.a(_unpack_df.o)
                0x0601cefc                __unpack_d
 .text          0x0601cfc8        0x0 c:/development/saturn/joengine-master/joengine/compiler/windows/bin/../lib/gcc/sh-elf/9.3.0\libgcc.a(_clz.o)
 .text          0x0601cfc8       0x58 c:/development/saturn/joengine-master/joengine/compiler/windows/bin/../lib/gcc/sh-elf/9.3.0/../../../../sh-elf/lib\libc.a(lib_a-assert.o)
                0x0601cfc8                __assert_func
                0x0601d010                __assert
 .text          0x0601d020       0x4c c:/development/saturn/joengine-master/joengine/compiler/windows/bin/../lib/gcc/sh-elf/9.3.0/../../../../sh-elf/lib\libc.a(lib_a-fprintf.o)
                0x0601d020                _fprintf_r
                0x0601d020                _fiprintf_r
                0x0601d040                fprintf
                0x0601d040                fiprintf
 .text          0x0601d06c        0x0 c:/development/saturn/joengine-master/joengine/compiler/windows/bin/../lib/gcc/sh-elf/9.3.0/../../../../sh-elf/lib\libc.a(lib_a-impure.o)
 .text          0x0601d06c       0x1e c:/development/saturn/joengine-master/joengine/compiler/windows/bin/../lib/gcc/sh-elf/9.3.0/../../../../sh-elf/lib\libc.a(lib_a-memcmp.o)
                0x0601d06c                memcmp
 *fill*         0x0601d08a        0x2 
 .text          0x0601d08c       0x94 c:/development/saturn/joengine-master/joengine/compiler/windows/bin/../lib/gcc/sh-elf/9.3.0/../../../../sh-elf/lib\libc.a(lib_a-memcpy.o)
                0x0601d08c                memcpy
 .text          0x0601d120       0x40 c:/development/saturn/joengine-master/joengine/compiler/windows/bin/../lib/gcc/sh-elf/9.3.0/../../../../sh-elf/lib\libc.a(lib_a-memset.o)
                0x0601d120                memset
 .text          0x0601d160      0x37c c:/development/saturn/joengine-master/joengine/compiler/windows/bin/../lib/gcc/sh-elf/9.3.0/../../../../sh-elf/lib\libc.a(lib_a-nano-vfprintf.o)
                0x0601d190                __sfputs_r
                0x0601d204                __sprint_r
                0x0601d2a0                _vfiprintf_r
                0x0601d2a0                _vfprintf_r
                0x0601d4c4                vfprintf
                0x0601d4c4                vfiprintf
 .text          0x0601d4dc      0x380 c:/development/saturn/joengine-master/joengine/compiler/windows/bin/../lib/gcc/sh-elf/9.3.0/../../../../sh-elf/lib\libc.a(lib_a-nano-vfprintf_i.o)
                0x0601d4dc                _printf_common
                0x0601d5dc                _printf_i
 .text          0x0601d85c      0x3b8 c:/development/saturn/joengine-master/joengine/compiler/windows/bin/../lib/gcc/sh-elf/9.3.0/../../../../sh-elf/lib\libc.a(lib_a-qsort.o)
                0x0601d908                qsort
 .text          0x0601dc14       0x60 c:/development/saturn/joengine-master/joengine/compiler/windows/bin/../lib/gcc/sh-elf/9.3.0/../../../../sh-elf/lib\libc.a(lib_a-rget.o)
                0x0601dc14                __srget_r
                0x0601dc60                __srget
 .text          0x0601dc74       0x8c c:/development/saturn/joengine-master/joengine/compiler/windows/bin/../lib/gcc/sh-elf/9.3.0/../../../../sh-elf/lib\libc.a(lib_a-sprintf.o)
                0x0601dc74                _siprintf_r
                0x0601dc74                _sprintf_r
                0x0601dcb4                siprintf
                0x0601dcb4                sprintf
 .text          0x0601dd00       0xd0 c:/development/saturn/joengine-master/joengine/compiler/windows/bin/../lib/gcc/sh-elf/9.3.0/../../../../sh-elf/lib\libc.a(lib_a-sscanf.o)
                0x0601dd00                sscanf
                0x0601dd00                siscanf
                0x0601dd68                _siscanf_r
                0x0601dd68                _sscanf_r
 .text          0x0601ddd0       0xe0 c:/development/saturn/joengine-master/joengine/compiler/windows/bin/../lib/gcc/sh-elf/9.3.0/../../../../sh-elf/lib\libc.a(lib_a-stdio.o)
                0x0601ddd0                __sread
                0x0601de0c                __seofread
                0x0601de10                __swrite
                0x0601de60                __sseek
                0x0601dea0                __sclose
 .text          0x0601deb0       0x20 c:/development/saturn/joengine-master/joengine/compiler/windows/bin/../lib/gcc/sh-elf/9.3.0/../../../../sh-elf/lib\libc.a(lib_a-strcat.o)
                0x0601deb0                strcat
 .text          0x0601ded0       0x1e c:/development/saturn/joengine-master/joengine/compiler/windows/bin/../lib/gcc/sh-elf/9.3.0/../../../../sh-elf/lib\libc.a(lib_a-strchr.o)
                0x0601ded0                strchr
 *fill*         0x0601deee        0x2 
 .text          0x0601def0       0x38 c:/development/saturn/joengine-master/joengine/compiler/windows/bin/../lib/gcc/sh-elf/9.3.0/../../../../sh-elf/lib\libc.a(lib_a-strcmp.o)
                0x0601def0                strcmp
 .text          0x0601df28       0x3c c:/development/saturn/joengine-master/joengine/compiler/windows/bin/../lib/gcc/sh-elf/9.3.0/../../../../sh-elf/lib\libc.a(lib_a-strcpy.o)
                0x0601df28                strcpy
 .text          0x0601df64       0x20 c:/development/saturn/joengine-master/joengine/compiler/windows/bin/../lib/gcc/sh-elf/9.3.0/../../../../sh-elf/lib\libc.a(lib_a-strlen.o)
                0x0601df64                strlen
 .text          0x0601df84       0x2a c:/development/saturn/joengine-master/joengine/compiler/windows/bin/../lib/gcc/sh-elf/9.3.0/../../../../sh-elf/lib\libc.a(lib_a-strncmp.o)
                0x0601df84                strncmp
 .text          0x0601dfae       0x36 c:/development/saturn/joengine-master/joengine/compiler/windows/bin/../lib/gcc/sh-elf/9.3.0/../../../../sh-elf/lib\libc.a(lib_a-strncpy.o)
                0x0601dfae                strncpy
 .text          0x0601dfe4       0x40 c:/development/saturn/joengine-master/joengine/compiler/windows/bin/../lib/gcc/sh-elf/9.3.0/../../../../sh-elf/lib\libc.a(lib_a-strrchr.o)
                0x0601dfe4                strrchr
 .text          0x0601e024       0x36 c:/development/saturn/joengine-master/joengine/compiler/windows/bin/../lib/gcc/sh-elf/9.3.0/../../../../sh-elf/lib\libc.a(lib_a-strstr.o)
                0x0601e024                strstr
 *fill*         0x0601e05a        0x2 
 .text          0x0601e05c       0x94 c:/development/saturn/joengine-master/joengine/compiler/windows/bin/../lib/gcc/sh-elf/9.3.0/../../../../sh-elf/lib\libc.a(lib_a-vsnprintf.o)
                0x0601e05c                _vsniprintf_r
                0x0601e05c                _vsnprintf_r
                0x0601e0cc                vsnprintf
                0x0601e0cc                vsniprintf
 .text          0x0601e0f0       0xdc c:/development/saturn/joengine-master/joengine/compiler/windows/bin/../lib/gcc/sh-elf/9.3.0/../../../../sh-elf/lib\libc.a(lib_a-wbuf.o)
                0x0601e0f0                __swbuf_r
                0x0601e1b8                __swbuf
 .text          0x0601e1cc       0x34 c:/development/saturn/joengine-master/joengine/compiler/windows/bin/../lib/gcc/sh-elf/9.3.0/../../../../sh-elf/lib\libc.a(lib_a-writer.o)
                0x0601e1cc                _write_r
 .text          0x0601e200       0xcc c:/development/saturn/joengine-master/joengine/compiler/windows/bin/../lib/gcc/sh-elf/9.3.0/../../../../sh-elf/lib\libc.a(lib_a-wsetup.o)
                0x0601e200                __swsetup_r
 .text          0x0601e2cc       0x18 c:/development/saturn/joengine-master/joengine/compiler/windows/bin/../lib/gcc/sh-elf/9.3.0/../../../../sh-elf/lib\libc.a(lib_a-abort.o)
                0x0601e2cc                abort
 .text          0x0601e2e4       0x30 c:/development/saturn/joengine-master/joengine/compiler/windows/bin/../lib/gcc/sh-elf/9.3.0/../../../../sh-elf/lib\libc.a(lib_a-closer.o)
                0x0601e2e4                _close_r
 .text          0x0601e314      0x1a4 c:/development/saturn/joengine-master/joengine/compiler/windows/bin/../lib/gcc/sh-elf/9.3.0/../../../../sh-elf/lib\libc.a(lib_a-fflush.o)
                0x0601e314                __sflush_r
                0x0601e450                _fflush_r
                0x0601e490                fflush
 .text          0x0601e4b8      0x1d0 c:/development/saturn/joengine-master/joengine/compiler/windows/bin/../lib/gcc/sh-elf/9.3.0/../../../../sh-elf/lib\libc.a(lib_a-findfp.o)
                0x0601e510                _cleanup_r
                0x0601e520                __sfmoreglue
                0x0601e56c                _cleanup
                0x0601e580                __sinit
                0x0601e5d4                __sfp
 .text          0x0601e688      0x118 c:/development/saturn/joengine-master/joengine/compiler/windows/bin/../lib/gcc/sh-elf/9.3.0/../../../../sh-elf/lib\libc.a(lib_a-fputwc.o)
                0x0601e688                __fputwc
                0x0601e73c                _fputwc_r
                0x0601e760                fputwc
 .text          0x0601e7a0      0x304 c:/development/saturn/joengine-master/joengine/compiler/windows/bin/../lib/gcc/sh-elf/9.3.0/../../../../sh-elf/lib\libc.a(lib_a-fvwrite.o)
                0x0601e7a0                __sfvwrite_r
 .text          0x0601eaa4       0xb0 c:/development/saturn/joengine-master/joengine/compiler/windows/bin/../lib/gcc/sh-elf/9.3.0/../../../../sh-elf/lib\libc.a(lib_a-fwalk.o)
                0x0601eaa4                _fwalk
                0x0601eaf8                _fwalk_reent
 .text          0x0601eb54       0x6c c:/development/saturn/joengine-master/joengine/compiler/windows/bin/../lib/gcc/sh-elf/9.3.0/../../../../sh-elf/lib\libc.a(lib_a-locale.o)
                0x0601eb54                _setlocale_r
                0x0601eba0                __locale_mb_cur_max
                0x0601ebac                setlocale
 .text          0x0601ebc0       0x34 c:/development/saturn/joengine-master/joengine/compiler/windows/bin/../lib/gcc/sh-elf/9.3.0/../../../../sh-elf/lib\libc.a(lib_a-lseekr.o)
                0x0601ebc0                _lseek_r
 .text          0x0601ebf4      0x108 c:/development/saturn/joengine-master/joengine/compiler/windows/bin/../lib/gcc/sh-elf/9.3.0/../../../../sh-elf/lib\libc.a(lib_a-makebuf.o)
                0x0601ebf4                __swhatbuf_r
                0x0601ec50                __smakebuf_r
 .text          0x0601ecfc       0x34 c:/development/saturn/joengine-master/joengine/compiler/windows/bin/../lib/gcc/sh-elf/9.3.0/../../../../sh-elf/lib\libc.a(lib_a-mbtowc_r.o)
                0x0601ecfc                _mbtowc_r
                0x0601ed08                __ascii_mbtowc
 .text          0x0601ed30       0x1c c:/development/saturn/joengine-master/joengine/compiler/windows/bin/../lib/gcc/sh-elf/9.3.0/../../../../sh-elf/lib\libc.a(lib_a-memchr.o)
                0x0601ed30                memchr
 .text          0x0601ed4c       0x3c c:/development/saturn/joengine-master/joengine/compiler/windows/bin/../lib/gcc/sh-elf/9.3.0/../../../../sh-elf/lib\libc.a(lib_a-memmove.o)
                0x0601ed4c                memmove
 .text          0x0601ed88       0xd0 c:/development/saturn/joengine-master/joengine/compiler/windows/bin/../lib/gcc/sh-elf/9.3.0/../../../../sh-elf/lib\libc.a(lib_a-nano-freer.o)
                0x0601ed88                _free_r
 .text          0x0601ee58       0xf8 c:/development/saturn/joengine-master/joengine/compiler/windows/bin/../lib/gcc/sh-elf/9.3.0/../../../../sh-elf/lib\libc.a(lib_a-nano-mallocr.o)
                0x0601ee58                _malloc_r
 .text          0x0601ef50       0x7c c:/development/saturn/joengine-master/joengine/compiler/windows/bin/../lib/gcc/sh-elf/9.3.0/../../../../sh-elf/lib\libc.a(lib_a-nano-reallocr.o)
                0x0601ef50                _realloc_r
 .text          0x0601efcc      0x444 c:/development/saturn/joengine-master/joengine/compiler/windows/bin/../lib/gcc/sh-elf/9.3.0/../../../../sh-elf/lib\libc.a(lib_a-nano-svfprintf.o)
                0x0601efcc                __ssputs_r
                0x0601f0c0                __ssprint_r
                0x0601f1f4                _svfprintf_r
                0x0601f1f4                _svfiprintf_r
 .text          0x0601f410      0x3f8 c:/development/saturn/joengine-master/joengine/compiler/windows/bin/../lib/gcc/sh-elf/9.3.0/../../../../sh-elf/lib\libc.a(lib_a-nano-svfscanf.o)
                0x0601f410                _sungetc_r
                0x0601f4ac                __ssrefill_r
                0x0601f4f8                __ssvfiscanf_r
                0x0601f4f8                __ssvfscanf_r
 .text          0x0601f808      0x324 c:/development/saturn/joengine-master/joengine/compiler/windows/bin/../lib/gcc/sh-elf/9.3.0/../../../../sh-elf/lib\libc.a(lib_a-nano-vfscanf_i.o)
                0x0601f808                _scanf_chars
                0x0601f8e8                _scanf_i
 .text          0x0601fb2c       0x34 c:/development/saturn/joengine-master/joengine/compiler/windows/bin/../lib/gcc/sh-elf/9.3.0/../../../../sh-elf/lib\libc.a(lib_a-readr.o)
                0x0601fb2c                _read_r
 .text          0x0601fb60      0x100 c:/development/saturn/joengine-master/joengine/compiler/windows/bin/../lib/gcc/sh-elf/9.3.0/../../../../sh-elf/lib\libc.a(lib_a-reent.o)
                0x0601fb60                cleanup_glue
                0x0601fb8c                _reclaim_reent
 .text          0x0601fc60      0x150 c:/development/saturn/joengine-master/joengine/compiler/windows/bin/../lib/gcc/sh-elf/9.3.0/../../../../sh-elf/lib\libc.a(lib_a-refill.o)
                0x0601fc78                __srefill_r
 .text          0x0601fdb0       0x30 c:/development/saturn/joengine-master/joengine/compiler/windows/bin/../lib/gcc/sh-elf/9.3.0/../../../../sh-elf/lib\libc.a(lib_a-sbrkr.o)
                0x0601fdb0                _sbrk_r
 .text          0x0601fde0       0xa0 c:/development/saturn/joengine-master/joengine/compiler/windows/bin/../lib/gcc/sh-elf/9.3.0/../../../../sh-elf/lib\libc.a(lib_a-sccl.o)
                0x0601fde0                __sccl
 .text          0x0601fe80      0x1b4 c:/development/saturn/joengine-master/joengine/compiler/windows/bin/../lib/gcc/sh-elf/9.3.0/../../../../sh-elf/lib\libc.a(lib_a-signal.o)
                0x0601fe80                _init_signal_r
                0x0601fec0                _signal_r
                0x0601ff0c                _raise_r
                0x0601ff84                __sigtramp_r
                0x0601ffe8                raise
                0x0601fffc                signal
                0x06020010                _init_signal
                0x06020020                __sigtramp
 .text          0x06020034       0x40 c:/development/saturn/joengine-master/joengine/compiler/windows/bin/../lib/gcc/sh-elf/9.3.0/../../../../sh-elf/lib\libc.a(lib_a-signalr.o)
                0x06020034                _kill_r
                0x06020068                _getpid_r
 .text          0x06020074      0x19c c:/development/saturn/joengine-master/joengine/compiler/windows/bin/../lib/gcc/sh-elf/9.3.0/../../../../sh-elf/lib\libc.a(lib_a-strtol.o)
                0x060201d4                _strtol_r
                0x060201e0                strtol_l
                0x060201f8                strtol
 .text          0x06020210      0x16c c:/development/saturn/joengine-master/joengine/compiler/windows/bin/../lib/gcc/sh-elf/9.3.0/../../../../sh-elf/lib\libc.a(lib_a-strtoul.o)
                0x06020340                _strtoul_r
                0x0602034c                strtoul_l
                0x06020364                strtoul
 .text          0x0602037c      0x25c c:/development/saturn/joengine-master/joengine/compiler/windows/bin/../lib/gcc/sh-elf/9.3.0/../../../../sh-elf/lib\libc.a(lib_a-syscalls.o)
                0x060203f4                _read
                0x06020404                _lseek
                0x06020414                _write
                0x06020424                _close
                0x06020434                _link
                0x06020438                _sbrk
                0x06020490                _fstat
                0x0602049a                _open
                0x060204ac                _creat
                0x060204bc                _unlink
                0x060204c0                isatty
                0x060204c4                _isatty
                0x060204c8                _exit
                0x060204d8                _kill
                0x060204ec                _getpid
                0x060204f0                _raise
                0x060204f4                _stat
                0x06020504                _chmod
                0x06020514                _chown
                0x06020524                _utime
                0x06020538                _fork
                0x06020544                _wait
                0x06020554                _execve
                0x06020564                _execv
                0x06020574                _pipe
                0x06020580                _times
                0x06020584                _gettimeofday
                0x060205ac                __setup_argv_and_call_main
 .text          0x060205d8       0x14 c:/development/saturn/joengine-master/joengine/compiler/windows/bin/../lib/gcc/sh-elf/9.3.0/../../../../sh-elf/lib\libc.a(lib_a-trap.o)
                0x060205d8                __trap34
 .text          0x060205ec      0x1b0 c:/development/saturn/joengine-master/joengine/compiler/windows/bin/../lib/gcc/sh-elf/9.3.0/../../../../sh-elf/lib\libc.a(lib_a-ungetc.o)
                0x060205ec                __submore
                0x0602067c                _ungetc_r
                0x06020788                ungetc
 .text          0x0602079c       0x50 c:/development/saturn/joengine-master/joengine/compiler/windows/bin/../lib/gcc/sh-elf/9.3.0/../../../../sh-elf/lib\libc.a(lib_a-wcrtomb.o)
                0x0602079c                _wcrtomb_r
                0x060207d4                wcrtomb
 .text          0x060207ec       0x2c c:/development/saturn/joengine-master/joengine/compiler/windows/bin/../lib/gcc/sh-elf/9.3.0/../../../../sh-elf/lib\libc.a(lib_a-wctomb_r.o)
                0x060207ec                _wctomb_r
                0x060207f8                __ascii_wctomb
 .text          0x06020818        0x0 c:/development/saturn/joengine-master/joengine/compiler/windows/bin/../lib/gcc/sh-elf/9.3.0/../../../../sh-elf/lib\libc.a(lib_a-ctype_.o)
 .text          0x06020818        0xc c:/development/saturn/joengine-master/joengine/compiler/windows/bin/../lib/gcc/sh-elf/9.3.0/../../../../sh-elf/lib\libc.a(lib_a-errno.o)
                0x06020818                __errno
 .text          0x06020824       0x34 c:/development/saturn/joengine-master/joengine/compiler/windows/bin/../lib/gcc/sh-elf/9.3.0/../../../../sh-elf/lib\libc.a(lib_a-fstatr.o)
                0x06020824                _fstat_r
 .text          0x06020858       0x30 c:/development/saturn/joengine-master/joengine/compiler/windows/bin/../lib/gcc/sh-elf/9.3.0/../../../../sh-elf/lib\libc.a(lib_a-isattyr.o)
                0x06020858                _isatty_r
 .text          0x06020888        0x8 c:/development/saturn/joengine-master/joengine/compiler/windows/bin/../lib/gcc/sh-elf/9.3.0/../../../../sh-elf/lib\libc.a(lib_a-mlock.o)
                0x06020888                __malloc_lock
                0x0602088c                __malloc_unlock
 .text          0x06020890       0x16 c:/development/saturn/joengine-master/joengine/compiler/windows/bin/../lib/gcc/sh-elf/9.3.0/../../../../sh-elf/lib\libc.a(lib_a-nano-msizer.o)
                0x06020890                _malloc_usable_size_r
 *(.strings)
 *(SEGA_P)
 *(.eh_frame_hdr)
 *(.eh_frame)
                0x060208a6                __etext = .

.text.startup   0x060208b0       0x40
 .text.startup  0x060208b0       0x40 ../../jo_engine/core.o
                0x060208b0                main

SLPROG          0x06020900    0x10f60
                0x06020900                __slprog_start = .
 *(SLPROG)
 SLPROG         0x06020900     0x6540 ../../Compiler/COMMON/SGL_302j/LIB_ELF/SGLAREA.O
                0x06020900                MasterStack
                0x06020904                SlaveStack
                0x06020908                MaxVertices
                0x0602090a                MaxPolygons
                0x0602090c                SortList
                0x06020910                SortListSize
                0x06020914                TransList
                0x06020918                Zbuffer
                0x0602091c                SpriteBuf
                0x06020920                SpriteBufSize
                0x06020924                Pbuffer
                0x06020928                CommandBuf
                0x0602092c                CLOfstBuf
                0x06020930                PCM_Work
                0x06020934                PCM_WkSize
                0x06020938                MaxEvents
                0x0602093a                EventSize
                0x0602093c                MaxWorks
                0x0602093e                WorkSize
                0x06020940                RemainEvent
                0x06020a40                RemainWork
                0x06020e40                EventBuf
                0x06022e40                WorkBuf
 SLPROG         0x06026e40       0x20 ../../Compiler/COMMON/SGL_302j/LIB_ELF/LIBSGL.A(sglB001.o)
                0x06026e40                slTVOn
                0x06026e4a                slTVOff
 SLPROG         0x06026e60       0x24 ../../Compiler/COMMON/SGL_302j/LIB_ELF/LIBSGL.A(sglB011.o)
                0x06026e60                slBitMapNbg1
 *fill*         0x06026e84        0xc 
 SLPROG         0x06026e90        0x8 ../../Compiler/COMMON/SGL_302j/LIB_ELF/LIBSGL.A(sglB014.o)
                0x06026e90                slScrTransparent
 *fill*         0x06026e98        0x8 
 SLPROG         0x06026ea0      0x40c ../../Compiler/COMMON/SGL_302j/LIB_ELF/LIBSGL.A(sglB015.o)
                0x06026ea0                slScrAutoDisp
 *fill*         0x060272ac        0x4 
 SLPROG         0x060272b0        0xc ../../Compiler/COMMON/SGL_302j/LIB_ELF/LIBSGL.A(sglB016.o)
                0x060272b0                slBack1ColSet
 *fill*         0x060272bc        0x4 
 SLPROG         0x060272c0       0x10 ../../Compiler/COMMON/SGL_302j/LIB_ELF/LIBSGL.A(sglB020.o)
                0x060272c0                slColorCalc
 SLPROG         0x060272d0        0xc ../../Compiler/COMMON/SGL_302j/LIB_ELF/LIBSGL.A(sglB021.o)
                0x060272d0                slColorCalcOn
 *fill*         0x060272dc        0x4 
 SLPROG         0x060272e0        0xc ../../Compiler/COMMON/SGL_302j/LIB_ELF/LIBSGL.A(sglB023.o)
                0x060272e0                slColRate
 *fill*         0x060272ec        0x4 
 SLPROG         0x060272f0       0xb0 ../../Compiler/COMMON/SGL_302j/LIB_ELF/LIBSGL.A(sglB031.o)
                0x060272f0                slMapNbg0
 SLPROG         0x060273a0       0xb4 ../../Compiler/COMMON/SGL_302j/LIB_ELF/LIBSGL.A(sglB032.o)
                0x060273a0                slMapNbg1
 *fill*         0x06027454        0xc 
 SLPROG         0x06027460       0xb0 ../../Compiler/COMMON/SGL_302j/LIB_ELF/LIBSGL.A(sglB033.o)
                0x06027460                slMapNbg2
 SLPROG         0x06027510       0xb4 ../../Compiler/COMMON/SGL_302j/LIB_ELF/LIBSGL.A(sglB034.o)
                0x06027510                slMapNbg3
 *fill*         0x060275c4        0xc 
 SLPROG         0x060275d0       0xd4 ../../Compiler/COMMON/SGL_302j/LIB_ELF/LIBSGL.A(sglB035.o)
                0x060275d0                sl1MapRA
                0x06027662                rbank_set
 *fill*         0x060276a4        0xc 
 SLPROG         0x060276b0       0xa0 ../../Compiler/COMMON/SGL_302j/LIB_ELF/LIBSGL.A(sglB036.o)
                0x060276b0                sl1MapRB
 SLPROG         0x06027750       0x70 ../../Compiler/COMMON/SGL_302j/LIB_ELF/LIBSGL.A(sglB038.o)
                0x06027750                slRparaInitSet
 SLPROG         0x060277c0       0x7e ../../Compiler/COMMON/SGL_302j/LIB_ELF/LIBSGL.A(sglB039.o)
                0x060277c0                slMakeKtable
 *fill*         0x0602783e        0x2 
 SLPROG         0x06027840       0x58 ../../Compiler/COMMON/SGL_302j/LIB_ELF/LIBSGL.A(sglB040.o)
                0x06027840                slKtableRA
 *fill*         0x06027898        0x8 
 SLPROG         0x060278a0       0x5c ../../Compiler/COMMON/SGL_302j/LIB_ELF/LIBSGL.A(sglB041.o)
                0x060278a0                slKtableRB
 *fill*         0x060278fc        0x4 
 SLPROG         0x06027900        0x8 ../../Compiler/COMMON/SGL_302j/LIB_ELF/LIBSGL.A(sglB043.o)
                0x06027900                slRparaMode
 *fill*         0x06027908        0x8 
 SLPROG         0x06027910        0xc ../../Compiler/COMMON/SGL_302j/LIB_ELF/LIBSGL.A(sglB047.o)
                0x06027910                slOverRA
 *fill*         0x0602791c        0x4 
 SLPROG         0x06027920       0x10 ../../Compiler/COMMON/SGL_302j/LIB_ELF/LIBSGL.A(sglB048.o)
                0x06027920                slOverRB
 SLPROG         0x06027930        0xc ../../Compiler/COMMON/SGL_302j/LIB_ELF/LIBSGL.A(sglB055.o)
                0x06027930                slPlaneNbg0
 *fill*         0x0602793c        0x4 
 SLPROG         0x06027940        0xc ../../Compiler/COMMON/SGL_302j/LIB_ELF/LIBSGL.A(sglB056.o)
                0x06027940                slPlaneNbg1
 *fill*         0x0602794c        0x4 
 SLPROG         0x06027950       0x10 ../../Compiler/COMMON/SGL_302j/LIB_ELF/LIBSGL.A(sglB057.o)
                0x06027950                slPlaneNbg2
 SLPROG         0x06027960       0x10 ../../Compiler/COMMON/SGL_302j/LIB_ELF/LIBSGL.A(sglB058.o)
                0x06027960                slPlaneNbg3
 SLPROG         0x06027970        0xc ../../Compiler/COMMON/SGL_302j/LIB_ELF/LIBSGL.A(sglB059.o)
                0x06027970                slPlaneRA
 *fill*         0x0602797c        0x4 
 SLPROG         0x06027980       0x10 ../../Compiler/COMMON/SGL_302j/LIB_ELF/LIBSGL.A(sglB060.o)
                0x06027980                slPlaneRB
 SLPROG         0x06027990        0xc ../../Compiler/COMMON/SGL_302j/LIB_ELF/LIBSGL.A(sglB063.o)
                0x06027990                slPriority
 *fill*         0x0602799c        0x4 
 SLPROG         0x060279a0       0x18 ../../Compiler/COMMON/SGL_302j/LIB_ELF/LIBSGL.A(sglB087.o)
                0x060279a0                slLineScrollTable0
 *fill*         0x060279b8        0x8 
 SLPROG         0x060279c0        0x8 ../../Compiler/COMMON/SGL_302j/LIB_ELF/LIBSGL.A(sglB088.o)
                0x060279c0                slLineScrollTable1
 *fill*         0x060279c8        0x8 
 SLPROG         0x060279d0        0xc ../../Compiler/COMMON/SGL_302j/LIB_ELF/LIBSGL.A(sglB090.o)
                0x060279d0                slLineScrollMode
 *fill*         0x060279dc        0x4 
 SLPROG         0x060279e0      0x114 ../../Compiler/COMMON/SGL_302j/LIB_ELF/LIBSGL.A(sglB200.o)
                0x060279e0                slCharRbg0
                0x060279ec                slCharNbg0
                0x060279f8                slCharNbg1
                0x06027a04                slCharNbg2
                0x06027a1a                slCharNbg3
                0x06027a32                slPageRbg0
                0x06027a48                slPageNbg1
                0x06027a50                slPageNbg2
                0x06027a58                slPageNbg3
                0x06027a64                slPageNbg0
 *fill*         0x06027af4        0xc 
 SLPROG         0x06027b00       0x78 ../../Compiler/COMMON/SGL_302j/LIB_ELF/LIBSGL.A(sglC05.o)
                0x06027b00                slSetSprite
 *fill*         0x06027b78        0x8 
 SLPROG         0x06027b80       0xfa ../../Compiler/COMMON/SGL_302j/LIB_ELF/LIBSGL.A(sglC06.o)
                0x06027b80                slDispSprite
 *fill*         0x06027c7a        0x6 
 SLPROG         0x06027c80      0x162 ../../Compiler/COMMON/SGL_302j/LIB_ELF/LIBSGL.A(sglC07.o)
                0x06027c86                slPutSprite
 *fill*         0x06027de2        0xe 
 SLPROG         0x06027df0       0x4c ../../Compiler/COMMON/SGL_302j/LIB_ELF/LIBSGL.A(sglC17.o)
                0x06027df0                slDispSpriteHV
 *fill*         0x06027e3c        0x4 
 SLPROG         0x06027e40       0xd4 ../../Compiler/COMMON/SGL_302j/LIB_ELF/LIBSGL.A(sglC19.o)
                0x06027e40                slDispSprite4P
 *fill*         0x06027f14        0xc 
 SLPROG         0x06027f20       0x40 ../../Compiler/COMMON/SGL_302j/LIB_ELF/LIBSGL.A(sglC20.o)
                0x06027f20                SpriteEntry
 SLPROG         0x06027f60      0x4ae ../../Compiler/COMMON/SGL_302j/LIB_ELF/LIBSGL.A(sglC21.o)
                0x06027fe8                RotSprite
                0x06028076                SetSprPosition
 *fill*         0x0602840e        0x2 
 SLPROG         0x06028410       0x84 ../../Compiler/COMMON/SGL_302j/LIB_ELF/LIBSGL.A(sglD00.o)
                0x06028410                slCpuDMACopy
                0x06028410                slDMACopy
                0x0602846a                CSH_AllClr
                0x0602846a                slCashPurge
 *fill*         0x06028494        0xc 
 SLPROG         0x060284a0       0xa0 ../../Compiler/COMMON/SGL_302j/LIB_ELF/LIBSGL.A(sglD01.o)
                0x060284a0                slDMAXCopy
 SLPROG         0x06028540        0xc ../../Compiler/COMMON/SGL_302j/LIB_ELF/LIBSGL.A(sglD03.o)
                0x06028540                slDMAStatus
 *fill*         0x0602854c        0x4 
 SLPROG         0x06028550       0x20 ../../Compiler/COMMON/SGL_302j/LIB_ELF/LIBSGL.A(sglD15.o)
                0x06028550                CSH_Purge
 SLPROG         0x06028570       0x84 ../../Compiler/COMMON/SGL_302j/LIB_ELF/LIBSGL.A(sglD16.o)
                0x06028570                DMA_ScuSetPrm
                0x060285b8                DMA_SCU_PRM0
 *fill*         0x060285f4        0xc 
 SLPROG         0x06028600       0x88 ../../Compiler/COMMON/SGL_302j/LIB_ELF/LIBSGL.A(sglD17.o)
                0x06028600                DMA_ScuStart
 *fill*         0x06028688        0x8 
 SLPROG         0x06028690       0x34 ../../Compiler/COMMON/SGL_302j/LIB_ELF/LIBSGL.A(sglD18.o)
                0x06028690                DMA_ScuGetStatus
 *fill*         0x060286c4        0xc 
 SLPROG         0x060286d0       0x34 ../../Compiler/COMMON/SGL_302j/LIB_ELF/LIBSGL.A(sglF08.o)
                0x060286d0                slDec2Hex
 *fill*         0x06028704        0xc 
 SLPROG         0x06028710      0xfc8 ../../Compiler/COMMON/SGL_302j/LIB_ELF/LIBSGL.A(sglH00.o)
                0x06028728                slGetPortDir1
                0x06028730                slGetPortDir2
                0x06028738                slSetPortDir1
                0x06028762                slSetPortDir2
                0x0602879c                slGetPortData1
                0x060287a4                slGetPortData2
                0x060287ac                slSetPortData1
                0x060287b6                slSetPortData2
                0x060287c8                slGetPortSelect1
                0x060287d2                slGetPortSelect2
                0x060287dc                slSetPortSelect1
                0x06028810                slSetPortSelect2
                0x0602884c                slGetPortExt1
                0x06028856                slGetPortExt2
                0x06028860                slSetPortExt1
                0x06028890                slSetPortExt2
                0x06028a04                slSmpcDirectAccess
                0x06028a84                slInitPeripheral
                0x06028b16                slSetResultBuffer
                0x06028ba2                slCheckIntBackSet
                0x06028bae                slIntBackCancel
                0x06028bd8                slCheckReset
                0x06028be2                slClearReset
                0x06028da8                slSmpcCashSend
                0x06028e64                slSmpcCashBlow
                0x06028f40                slGetOptimize
                0x06028f4a                slSetOptimize
                0x06028f70                slGetPortMode1
                0x06028f7c                slGetPortMode2
                0x06028f8a                slSetPortMode1
                0x06028fc8                slSetPortMode2
                0x06029154                slRequestCommand
                0x060291c4                Smpc_Status
                0x060291c8                Smpc_Result
                0x060291cc                Smpc_Peripheral
                0x060291d2                Per_Connect1
                0x060291d3                Per_Connect2
                0x060291f4                SmpcStatusBuf
 *fill*         0x060296d8        0x8 
 SLPROG         0x060296e0       0xa8 ../../Compiler/COMMON/SGL_302j/LIB_ELF/LIBSGL.A(sglH01.o)
                0x060296e0                slGetLanguage
                0x060296ea                slSetLanguage
                0x0602970c                slGetSoundEffect
                0x06029718                slSetSoundEffect
                0x06029734                slGetSoundOutput
                0x06029740                slSetSoundOutput
                0x0602975c                slGetHelpWindow
                0x06029768                slSetHelpWindow
 *fill*         0x06029788        0x8 
 SLPROG         0x06029790      0x470 ../../Compiler/COMMON/SGL_302j/LIB_ELF/LIBSGL.A(sglH02.o)
                0x06029b80                smpc_pfr_tbl
                0x06029bc0                smpc_ptf_tbl
 SLPROG         0x06029c00       0x60 ../../Compiler/COMMON/SGL_302j/LIB_ELF/LIBSGL.A(sglH04.o)
                0x06029c00                slComPrmIntBack
                0x06029c14                slComPrmSetMemory
                0x06029c2a                slComPrmSetTime
 SLPROG         0x06029c60      0x3a4 ../../Compiler/COMMON/SGL_302j/LIB_ELF/LIBSGL.A(sglI01.o)
                0x06029c60                slInitSynch
                0x06029c7a                slSynch
                0x06029d70                slRandom
                0x06029d8e                PCM_EndCheck
                0x06029e4a                RetPCMBuf
                0x06029ee4                PCM_Buf
                0x06029f84                Sound_Buf
 *fill*         0x0602a004        0xc 
 SLPROG         0x0602a010       0x10 ../../Compiler/COMMON/SGL_302j/LIB_ELF/LIBSGL.A(sglI04.o)
                0x0602a010                slIntFunction
 SLPROG         0x0602a020       0x74 ../../Compiler/COMMON/SGL_302j/LIB_ELF/LIBSGL.A(sglJ00.o)
                0x0602a020                InitSlaveSH
                0x0602a088                SlaveCommand
 *fill*         0x0602a094        0xc 
 SLPROG         0x0602a0a0      0x3d0 ../../Compiler/COMMON/SGL_302j/LIB_ELF/LIBSGL.A(sglJ01.o)
                0x0602a0a0                SlaveControl
                0x0602a45c                ErasePolygonData
 SLPROG         0x0602a470     0x12b8 ../../Compiler/COMMON/SGL_302j/LIB_ELF/LIBSGL.A(sglJ02.o)
                0x0602a470                sbMakePolygon
                0x0602a658                sbCalcPolygon
                0x0602b390                SetTexture
                0x0602b39c                SetPolygon
                0x0602b3a4                SetPosition
                0x0602b3dc                stvtc_4
                0x0602b494                stvtc_3
                0x0602b6a4                stvtc_1
                0x0602b6b8                stvtc_2
                0x0602b6cc                stvtc_0
 *fill*         0x0602b728        0x8 
 SLPROG         0x0602b730      0x140 ../../Compiler/COMMON/SGL_302j/LIB_ELF/LIBSGL.A(sglJ03.o)
                0x0602b730                sbMakeDMATable
 SLPROG         0x0602b870      0x470 ../../Compiler/COMMON/SGL_302j/LIB_ELF/LIBSGL.A(sglJ04.o)
                0x0602b8ce                sbMakeSprite
                0x0602b934                sbMakeRotSprite
 SLPROG         0x0602bce0       0x3c ../../Compiler/COMMON/SGL_302j/LIB_ELF/LIBSGL.A(sglJ05.o)
                0x0602bce0                sbSortEntry
 *fill*         0x0602bd1c        0x4 
 SLPROG         0x0602bd20       0x6a ../../Compiler/COMMON/SGL_302j/LIB_ELF/LIBSGL.A(sglM01.o)
                0x0602bd20                slSetDepthLimit
                0x0602bd4c                slSetDepthTbl
                0x0602bd7c                DepthWorkArea
 *fill*         0x0602bd8a        0x6 
 SLPROG         0x0602bd90       0x20 ../../Compiler/COMMON/SGL_302j/LIB_ELF/LIBSGL.A(sglA00.o)
                0x0602bd90                set_imask
                0x0602bd90                _builtin_set_imask
                0x0602bda4                _builtin_get_imask
                0x0602bda4                get_imask
 SLPROG         0x0602bdb0     0x411e ../../Compiler/COMMON/SGL_302j/LIB_ELF/LIBSGL.A(sglA01.o)
                0x0602bdb0                slSin
                0x0602bdd4                slCos
                0x0602bdf8                GetSinCos
                0x0602be8c                sin_cos_index_tbl
                0x0602becc                sin_tbl
 *fill*         0x0602fece        0x2 
 SLPROG         0x0602fed0      0x42c ../../Compiler/COMMON/SGL_302j/LIB_ELF/LIBSGL.A(sglA20.o)
                0x0602fed0                slInitMatrix
                0x0602feda                slPushUnitMatrix
                0x0602feee                slUnitMatrix
 *fill*         0x060302fc        0x4 
 SLPROG         0x06030300      0xbd0 ../../Compiler/COMMON/SGL_302j/LIB_ELF/LIBSGL.A(sglB000.o)
                0x06030300                slInitScroll
                0x06030420                setASC_1to8
                0x06030450                setASC_4to8
                0x06030560                TVSizeTbl
                0x060305e0                TVModeTbl
                0x060307b8                SGL_ASCII_CG
 SLPROG         0x06030ed0      0x134 ../../Compiler/COMMON/SGL_302j/LIB_ELF/LIBSGL.A(sglC00.o)
                0x06030ed0                slInitSprite
 *fill*         0x06031004        0xc 