Archive member included to satisfy reference by file (symbol)

mode/mode_intf.a(mode_intf.o)
                              Save-Game-Copier/backup-mode.o (MODE_Open)
jo_engine/Compiler/COMMON/SGL_302j/LIB_ELF/SEGA_SYS.A(sys_exit.o)
                              jo_engine/jo_engine/core.o (SYS_Exit)
jo_engine/Compiler/COMMON/SGL_302j/LIB_ELF/SEGA_SYS.A(sys_sub.o)
                              jo_engine/Compiler/COMMON/SGL_302j/LIB_ELF/SEGA_SYS.A(sys_exit.o) (SYSUB_SetStackptr)
jo_engine/Compiler/COMMON/SGL_302j/LIB_ELF/LIBCD.A(CDC_CMN.O)
                              jo_engine/Compiler/COMMON/SGL_302j/LIB_ELF/SEGA_SYS.A(sys_exit.o) (CDC_GetCurStat)
jo_engine/Compiler/COMMON/SGL_302j/LIB_ELF/LIBCD.A(CDC_DRV.O)
                              jo_engine/jo_engine/audio.o (CDC_CdPlay)
jo_engine/Compiler/COMMON/SGL_302j/LIB_ELF/LIBCD.A(CDC_CFS.O)
                              jo_engine/Compiler/COMMON/SGL_302j/LIB_ELF/SEGA_SYS.A(sys_exit.o) (CDC_ChgDir)
jo_engine/Compiler/COMMON/SGL_302j/LIB_ELF/LIBCD.A(CDC_REG.O)
                              jo_engine/Compiler/COMMON/SGL_302j/LIB_ELF/SEGA_SYS.A(sys_exit.o) (CDC_GetHirqReq)
jo_engine/Compiler/COMMON/SGL_302j/LIB_ELF/LIBCD.A(CDC_SUB.O)
                              jo_engine/Compiler/COMMON/SGL_302j/LIB_ELF/LIBCD.A(CDC_CMN.O) (CDSUB_UpdStatus)
jo_engine/Compiler/COMMON/SGL_302j/LIB_ELF/LIBCD.A(GFS.O)
                              jo_engine/jo_engine/fs.o (GFS_Init)
jo_engine/Compiler/COMMON/SGL_302j/LIB_ELF/LIBCD.A(GFS_BUF.O)
                              jo_engine/Compiler/COMMON/SGL_302j/LIB_ELF/LIBCD.A(GFS.O) (GFBF_GetNumData)
jo_engine/Compiler/COMMON/SGL_302j/LIB_ELF/LIBCD.A(GFS_CDB.O)
                              jo_engine/Compiler/COMMON/SGL_302j/LIB_ELF/LIBCD.A(GFS.O) (GFCB_Close)
jo_engine/Compiler/COMMON/SGL_302j/LIB_ELF/LIBCD.A(GFS_CDC.O)
                              jo_engine/Compiler/COMMON/SGL_302j/LIB_ELF/LIBCD.A(GFS.O) (GFCD_SetCdbfs)
jo_engine/Compiler/COMMON/SGL_302j/LIB_ELF/LIBCD.A(GFS_CDF.O)
                              jo_engine/Compiler/COMMON/SGL_302j/LIB_ELF/LIBCD.A(GFS.O) (GFCF_Init)
jo_engine/Compiler/COMMON/SGL_302j/LIB_ELF/LIBCD.A(GFS_DIR.O)
                              jo_engine/Compiler/COMMON/SGL_302j/LIB_ELF/LIBCD.A(GFS.O) (GFDR_SetupDirTbl)
jo_engine/Compiler/COMMON/SGL_302j/LIB_ELF/LIBCD.A(GFS_TRN.O)
                              jo_engine/Compiler/COMMON/SGL_302j/LIB_ELF/LIBCD.A(GFS.O) (GFTR_Setup)
jo_engine/Compiler/COMMON/SGL_302j/LIB_ELF/LIBCD.A(CDC_DEV.O)
                              jo_engine/Compiler/COMMON/SGL_302j/LIB_ELF/LIBCD.A(GFS_CDC.O) (CDC_CdSetCon)
jo_engine/Compiler/COMMON/SGL_302j/LIB_ELF/LIBCD.A(CDC_SEL.O)
                              jo_engine/Compiler/COMMON/SGL_302j/LIB_ELF/LIBCD.A(GFS_CDC.O) (CDC_SetFiltRange)
jo_engine/Compiler/COMMON/SGL_302j/LIB_ELF/LIBCD.A(CDC_BIF.O)
                              jo_engine/Compiler/COMMON/SGL_302j/LIB_ELF/LIBCD.A(GFS_CDC.O) (CDC_GetBufSiz)
jo_engine/Compiler/COMMON/SGL_302j/LIB_ELF/LIBCD.A(CDC_BIO.O)
                              jo_engine/Compiler/COMMON/SGL_302j/LIB_ELF/LIBCD.A(GFS_CDC.O) (CDC_SetSctLen)
jo_engine/Compiler/COMMON/SGL_302j/LIB_ELF/LIBSGL.A(sglB001.o)
                              jo_engine/jo_engine/core.o (slTVOn)
jo_engine/Compiler/COMMON/SGL_302j/LIB_ELF/LIBSGL.A(sglB011.o)
                              jo_engine/jo_engine/vdp2.o (slBitMapNbg1)
jo_engine/Compiler/COMMON/SGL_302j/LIB_ELF/LIBSGL.A(sglB014.o)
                              jo_engine/jo_engine/vdp2.o (slScrTransparent)
jo_engine/Compiler/COMMON/SGL_302j/LIB_ELF/LIBSGL.A(sglB015.o)
                              jo_engine/jo_engine/vdp2.o (slScrAutoDisp)
jo_engine/Compiler/COMMON/SGL_302j/LIB_ELF/LIBSGL.A(sglB016.o)
                              jo_engine/jo_engine/vdp2.o (slBack1ColSet)
jo_engine/Compiler/COMMON/SGL_302j/LIB_ELF/LIBSGL.A(sglB020.o)
                              jo_engine/jo_engine/vdp2.o (slColorCalc)
jo_engine/Compiler/COMMON/SGL_302j/LIB_ELF/LIBSGL.A(sglB021.o)
                              jo_engine/jo_engine/vdp2.o (slColorCalcOn)
jo_engine/Compiler/COMMON/SGL_302j/LIB_ELF/LIBSGL.A(sglB023.o)
                              jo_engine/jo_engine/vdp2.o (slColRate)
jo_engine/Compiler/COMMON/SGL_302j/LIB_ELF/LIBSGL.A(sglB027.o)
                              main.o (slColOffsetA)
jo_engine/Compiler/COMMON/SGL_302j/LIB_ELF/LIBSGL.A(sglB032.o)
                              jo_engine/jo_engine/vdp2.o (slMapNbg1)
jo_engine/Compiler/COMMON/SGL_302j/LIB_ELF/LIBSGL.A(sglB035.o)
                              jo_engine/jo_engine/vdp2.o (sl1MapRA)
jo_engine/Compiler/COMMON/SGL_302j/LIB_ELF/LIBSGL.A(sglB036.o)
                              jo_engine/jo_engine/vdp2.o (sl1MapRB)
jo_engine/Compiler/COMMON/SGL_302j/LIB_ELF/LIBSGL.A(sglB038.o)
                              jo_engine/jo_engine/vdp2.o (slRparaInitSet)
jo_engine/Compiler/COMMON/SGL_302j/LIB_ELF/LIBSGL.A(sglB039.o)
                              jo_engine/jo_engine/vdp2.o (slMakeKtable)
[...]
Memory Configuration

Name             Origin             Length             Attributes
*default*        0x00000000         0xffffffff

Linker script and memory map

TARGET(elf32-sh)

SLSTART         0x06004000       0x30
                0x06004000                ___Start = .
 *(SLSTART)
 SLSTART        0x06004000       0x28 jo_engine/Compiler/COMMON/SGL_302j/LIB_ELF/LIBSGL.A(sglI00.o)
                0x06004000                SGL_Start
                0x06004002                slStartSGL

.text           0x06004040    0x15fe0
 *(.text)
 .text          0x06004040        0x0 jo_engine/Compiler/COMMON/SGL_302j/LIB_ELF/SGLAREA.O
 .text          0x06004040      0x6d0 main.o
                0x06004040                my_draw
                0x060041e0                my_gamepad
                0x060044a0                image_file_filter
                0x06004560                image_menu
                0x06004640                my_background
                0x06004680                jo_main
 .text          0x06004710      0x238 filelist.o
                0x060047a0                file_list_create
                0x060048f8                file_list_sort
                0x06004908                file_list_free
 .text          0x06004948       0x68 satiator_functions.o
 .text          0x060049b0      0xd18 Save-Game-Copier/md5/md5.o
                0x060054cc                MD5_Init
                0x060054f4                MD5_Update
                0x060055cc                MD5_Final
 .text          0x060056c8      0x21c Save-Game-Copier/satiator/cd.o
                0x060056c8                interrupt_get_level_mask
                0x060056d4                interrupt_set_level_mask
                0x060056e8                cd_write_command
                0x06005708                cd_read_return_status
                0x0600572c                cd_wait_hirq
                0x06005754                cd_exec_command
                0x06005808                cd_get_stat
                0x06005884                cd_stop_drive
 .text          0x060058e4     0x128c Save-Game-Copier/satiator/satiator.o
                0x0600594c                exec_cmd
                0x06005abc                s_open
                0x06005bd4                s_close
                0x06005c54                s_seek
                0x06005cec                s_read
                0x06005e20                s_write
                0x06005f4c                s_sync
                0x06005f58                s_truncate
                0x06005fec                s_stat
                0x060061b4                s_rename
                0x060062f0                s_mkdir
                0x06006400                s_unlink
                0x06006510                s_opendir
                0x06006620                s_chdir
                0x06006730                s_getcwd
                0x06006894                s_mode
                0x0600693c                s_emulate
                0x06006a4c                s_get_fw_version
 .text          0x06006b70      0x390 Save-Game-Copier/backup-cd.o
                0x06006bd8                cdIsBackupDeviceAvailable
                0x06006be0                cdReadSaveFile
                0x06006cb0                cdReadBUPHeader
                0x06006d80                cdListSaveFiles
 .text          0x06006f00      0x300 Save-Game-Copier/util.o
                0x06006f68                jo_core_suspend
                0x06007048                __sgc_core_error
                0x06007108                clearScreen
                0x06007154                calculateMD5Hash
 .text          0x06007200      0x53c Save-Game-Copier/backup-saturn.o
                0x06007268                saturnIsBackupDeviceAvailable
                0x0600729c                saturnListSaveFiles
                0x060074a4                saturnReadSaveFile
                0x060075f8                saturnWriteSaveFile
                0x060076e0                saturnDeleteSaveFile
 .text          0x0600773c      0x6d0 Save-Game-Copier/backup-mode.o
                0x060077a4                modeIsBackupDeviceAvailable
                0x06007824                modeReadSaveFile
                0x06007974                modeWriteSaveFile
                0x06007a94                modeDeleteSaveFile
                0x06007b30                modeEnter
                0x06007b44                modeExit
                0x06007b58                MODE_WaitVSync
                0x06007b64                modeReadBUPHeader
                0x06007c24                modeListSaveFiles
 .text          0x06007e0c      0x6c0 Save-Game-Copier/backup-satiator.o
                0x06007e74                satiatorEnter
                0x06007ea4                satiatorIsBackupDeviceAvailable
                0x06007ec4                satiatorReadSaveFile
                0x06008010                satiatorWriteSaveFile
                0x06008154                satiatorDeleteSaveFile
                0x060081f0                satiatorExit
                0x060081f4                satiatorReadBUPHeader
                0x060082ac                satiatorListSaveFiles
 .text          0x060084cc      0x598 Save-Game-Copier/backup.o
                0x06008534                isBackupDeviceAvailable
                0x060085ac                listSaveFiles
                0x0600862c                readSaveFile
                0x060086ac                writeSaveFile
                0x06008724                deleteSaveFile
                0x0600879c                getBackupDeviceName
                0x0600883c                formatDevice
                0x060088e0                isFileBUPExt
                0x06008968                parseBupHeaderValues
 .text          0x06008a64      0x2a8 Save-Game-Copier/bup_header.o
                0x06008a64                bup_getdate
                0x06008bbc                bup_setdate
 .text          0x06008d0c      0xeb8 jo_engine/jo_engine/backup.o
                0x06008e00                jo_backup_get_free_block_count
                0x06008e24                jo_backup_format_device
                0x06008e48                jo_backup_mount
                0x06008f74                jo_backup_read_device
                0x06009100                jo_backup_file_exists
                0x060091c4                jo_backup_get_file_partition
                0x06009284                jo_backup_init_file
                0x060092c8                jo_backup_save
                0x0600952c                jo_backup_load_file_comment
                0x060095d0                jo_backup_load_file_contents
                0x0600977c                jo_backup_delete_file
                0x060098ac                jo_backup_unmount
                0x0600993c                jo_backup_get_file_last_modified_date
                0x06009a30                jo_backup_get_file_info
                0x06009b68                jo_backup_get_file_size
                0x06009b88                jo_backup_get_last_status
 .text          0x06009bc4      0x778 jo_engine/jo_engine/tga.o
                0x06009e40                jo_set_tga_palette_handling
                0x06009e4c                __jo_tga_load
                0x06009f2c                __jo_tga_any_loader_from_stream
                0x06009f74                jo_tga_8bits_loader_from_stream
                0x06009f8c                jo_tga_loader_from_stream
                0x06009fa4                __jo_tga_any_loader
                0x06009ff4                jo_tga_8bits_loader
                0x0600a010                jo_tga_loader
                0x0600a02c                jo_sprite_add_tga_tileset
                0x0600a24c                jo_sprite_add_tga_from_stream
                0x0600a2a8                jo_sprite_add_tga
 .text          0x0600a33c      0x320 jo_engine/jo_engine/audio.o
                0x0600a3b0                jo_audio_play_cd_track
                0x0600a3f0                jo_audio_set_volume
                0x0600a3fc                jo_audio_stop_cd
                0x0600a418                jo_audio_init
                0x0600a468                jo_audio_play_sound_on_channel
                0x0600a4dc                jo_audio_play_sound
                0x0600a548                jo_audio_usage_percent
                0x0600a5ac                jo_audio_free_pcm
                0x0600a5b8                jo_audio_stop_sound
                0x0600a604                jo_audio_load_pcm_async
                0x0600a618                jo_audio_load_pcm
 .text          0x0600a65c      0x640 jo_engine/jo_engine/fs.o
                0x0600a6c4                jo_fs_init
                0x0600a70c                jo_fs_do_background_jobs
                0x0600a7c8                jo_fs_read_file_async_ptr
                0x0600a8cc                jo_fs_cd
                0x0600a90c                jo_fs_read_file_ptr
                0x0600aa0c                jo_fs_read_file_in_dir
                0x0600aa58                jo_fs_open
                0x0600aad8                jo_fs_seek_forward
                0x0600abb8                jo_fs_read_next_bytes
                0x0600ac6c                jo_fs_close
                0x0600ac8c                jo_fs_set_read_sector_count
 .text          0x0600ac9c      0x440 jo_engine/jo_engine/font.o
                0x0600ad04                jo_font_load
                0x0600aedc                jo_font_print
                0x0600afc4                jo_font_print_centered
 .text          0x0600b0dc      0x118 jo_engine/jo_engine/input.o
                0x0600b144                jo_get_inputs_vblank
                0x0600b18c                jo_get_input_type
                0x0600b1d0                jo_get_input_count
 .text          0x0600b1f4        0x0 jo_engine/jo_engine/physics.o
 .text          0x0600b1f4      0x43c jo_engine/jo_engine/core.o
                0x0600b280                __jo_core_set_screens_order
                0x0600b3b8                jo_core_init
                0x0600b4e8                jo_core_add_vblank_callback
                0x0600b534                jo_core_remove_vblank_callback
                0x0600b564                jo_core_add_callback
                0x0600b580                jo_core_remove_callback
                0x0600b594                jo_goto_boot_menu
                0x0600b5a0                jo_core_set_restart_game_callback
                0x0600b5ac                jo_core_run
 .text          0x0600b630      0xa50 jo_engine/jo_engine/math.o
                0x0600b696                jo_fixed_mult
                0x0600b6a2                jo_fixed_dot
                0x0600b6b4                jo_fixed_pow
                0x0600b6f8                jo_fixed_div
                0x0600b71c                jo_fixed_sin
                0x0600b808                jo_gcd
                0x0600b824                jo_atan2f_rad
                0x0600b9fc                jo_planar_rotate
                0x0600bb2c                jo_random
                0x0600bb9c                jo_vector_fixed_compute_bezier_point
                0x0600bcc0                jo_vectorf_compute_bezier_point
                0x0600be10                jo_fixed_sqrt
                0x0600bec0                jo_sqrt
                0x0600bf00                jo_fixed_rsqrt
                0x0600c010                jo_rsqrt
 .text          0x0600c080      0x224 jo_engine/jo_engine/malloc.o
                0x0600c0e8                jo_add_memory_zone
                0x0600c128                jo_malloc_with_behaviour
                0x0600c208                jo_reduce_memory_fragmentation
                0x0600c27c                jo_free
 .text          0x0600c2a4      0x39c jo_engine/jo_engine/tools.o
                0x0600c30c                jo_print
                0x0600c330                jo_clear_screen_line
                0x0600c378                jo_clear_screen
                0x0600c39c                jo_getdate
                0x0600c404                jo_get_current_language
                0x0600c428                jo_tools_atoi
                0x0600c474                jo_strlen
                0x0600c494                jo_endwith
                0x0600c4f8                jo_strcmp
                0x0600c528                jo_memset
                0x0600c5cc                jo_map_to_vram
 .text          0x0600c640       0xb4 jo_engine/jo_engine/palette.o
                0x0600c6a8                jo_create_palette
                0x0600c6cc                jo_set_palette_register
                0x0600c6e0                jo_get_palette_register
 .text          0x0600c6f4      0x820 jo_engine/jo_engine/sprites.o
                0x0600c85c                jo_sprite_usage_percent
                0x0600c8e8                jo_get_last_sprite_id
                0x0600c8f4                jo_sprite_init
                0x0600c918                jo_sprite_name2id
                0x0600c95c                jo_sprite_replace
                0x0600c9d4                jo_sprite_add
                0x0600c9e8                jo_sprite_add_8bits_image
                0x0600c9fc                jo_sprite_free_from
                0x0600ca74                jo_set_gouraud_shading_colors
                0x0600ca9c                jo_set_gouraud_shading_brightness
                0x0600cadc                jo_sprite_draw_4p_fixed
                0x0600cbf4                jo_sprite_draw
                0x0600cd40                jo_sprite_draw_rotate
                0x0600cee0                jo_sprite_set_clipping_area
 .text          0x0600cf14      0x910 jo_engine/jo_engine/map.o
                0x0600d044                jo_map_per_pixel_vertical_collision
                0x0600d178                jo_map_hitbox_detection_custom_boundaries
                0x0600d1e8                jo_map_create
                0x0600d238                jo_map_add_tile
                0x0600d25c                jo_map_add_animated_tile
                0x0600d280                jo_map_draw_background
                0x0600d318                jo_map_draw
                0x0600d414                jo_map_free
                0x0600d42c                jo_map_load_from_file
                0x0600d7a4                jo_map_move_tiles_by_attribute
 .text          0x0600d824      0x194 jo_engine/jo_engine/list.o
                0x0600d88c                jo_list_init
                0x0600d89c                jo_list_add
                0x0600d8e0                jo_list_insert_at
                0x0600d958                jo_list_remove
 .text          0x0600d9b8      0x230 jo_engine/jo_engine/sprite_animator.o
                0x0600dacc                jo_replace_sprite_anim
                0x0600db34                jo_create_sprite_anim
                0x0600dbc0                jo_clear_all_sprite_anim
 .text          0x0600dbe8      0x590 jo_engine/jo_engine/image.o
                0x0600dc50                __jo_bin_load
                0x0600dca0                jo_free_img
                0x0600dcbc                jo_bin_loader_from_stream
                0x0600dd64                jo_bin_loader
                0x0600dde8                jo_replace_color
                0x0600de24                jo_sprite_add_bin_tileset
                0x0600df84                jo_sprite_add_bin
                0x0600dff4                jo_sprite_add_bin_from_stream
                0x0600e034                jo_sprite_add_image_pack
 .text          0x0600e178      0xb44 jo_engine/jo_engine/vdp2.o
                0x0600e25c                jo_set_default_background_color
                0x0600e29c                jo_img_to_vdp2_cells
                0x0600e348                jo_vdp2_set_rbg0_plane_a_8bits_image
                0x0600e440                jo_vdp2_set_rbg0_plane_b_8bits_image
                0x0600e530                jo_vdp2_enable_rbg0
                0x0600e5d8                jo_vdp2_disable_rbg0
                0x0600e5f0                jo_init_nbg0_printf
                0x0600e674                __jo_init_vdp2
                0x0600e6d8                jo_vdp2_disable_nbg0_line_scroll
                0x0600e6fc                jo_vdp2_compute_nbg0_line_scroll
                0x0600e714                jo_vdp2_enable_nbg0_line_scroll
                0x0600e784                jo_vdp2_draw_bitmap_nbg1_line
                0x0600e844                jo_vdp2_clear_bitmap_nbg1
                0x0600e89c                jo_vdp2_set_nbg1_8bits_image
                0x0600e978                jo_vdp2_set_nbg1_image
                0x0600eaa8                jo_vdp2_disable_nbg1_line_scroll
                0x0600eacc                jo_vdp2_compute_nbg1_line_scroll
                0x0600eae4                jo_vdp2_enable_nbg1_line_scroll
                0x0600eb54                jo_set_displayed_screens
                0x0600eb64                jo_disable_all_screens_transparency
                0x0600eb88                jo_enable_screen_transparency
 .text          0x0600ecbc      0x280 jo_engine/jo_engine/time.o
                0x0600ed24                jo_time_init
                0x0600ed50                jo_get_ticks
                0x0600ee30                jo_fixed_point_time
 .text          0x0600ef3c       0x68 jo_engine/jo_engine/vdp1_command_pipeline.o
 .text          0x0600efa4      0x2e8 jo_engine/jo_engine/vdp2_malloc.o
                0x0600f00c                jo_vdp2_malloc_init
                0x0600f044                jo_vdp2_free
                0x0600f104                jo_vdp2_malloc
 .text          0x0600f28c      0xe18 mode/mode_intf.a(mode_intf.o)
                0x0600f6a8                waitVSync
                0x0600f6b4                MODE_Open
                0x0600f710                MODE_Close
                0x0600f734                MODE_GetMountStatus
                0x0600f7d0                MODE_GetVersionInfo
                0x0600f830                MODE_OpenFile
                0x0600f8f0                MODE_CloseFile
                0x0600f910                MODE_ReadFile
                0x0600f9a0                MODE_WriteFile
                0x0600fa08                MODE_ReadFileListing
                0x0600fb60                MODE_DeleteFile
                0x0600fbc4                MODE_Initialize
                0x0600fcc0                MODE_ReadDirectoryListing
                0x0600fdc4                MODE_AddGame
                0x0600fe6c                MODE_ClearQueue
                0x0600fe8c                MODE_SelectDir
                0x0600ff2c                MODE_GetGameFlags
                0x0600ffc4                MODE_MountGame
                0x06010020                MODE_DoReset
                0x06010050                MODE_HWReset
 *fill*         0x060100a4        0xc 
 .text          0x060100b0      0x238 jo_engine/Compiler/COMMON/SGL_302j/LIB_ELF/SEGA_SYS.A(sys_exit.o)
                0x060100b0                sys_version
                0x060100d0                SYS_Exit
 *fill*         0x060102e8        0x8 
 .text          0x060102f0        0x6 jo_engine/Compiler/COMMON/SGL_302j/LIB_ELF/SEGA_SYS.A(sys_sub.o)
                0x060102f0                SYSUB_SetStackptr
 *fill*         0x060102f6        0xa 
 .text          0x06010300      0x3a0 jo_engine/Compiler/COMMON/SGL_302j/LIB_ELF/LIBCD.A(CDC_CMN.O)
                0x06010300                CDC_GetCurStat
                0x06010350                CDC_GetLastStat
                0x06010368                CDC_GetPeriStat
                0x0601043c                CDC_GetHwInfo
                0x060104a4                CDC_TgetToc
                0x060104f4                CDC_GetSes
                0x06010530                CDC_CdInit
                0x060105b4                CDC_CdOpen
                0x060105dc                CDC_DataReady
                0x06010648                CDC_DataEnd
 .text          0x060106a0      0x130 jo_engine/Compiler/COMMON/SGL_302j/LIB_ELF/LIBCD.A(CDC_DRV.O)
                0x060106a0                CDC_CdPlay
                0x0601076c                CDC_CdSeek
                0x060107a0                CDC_CdScan
 .text          0x060107d0      0x194 jo_engine/Compiler/COMMON/SGL_302j/LIB_ELF/LIBCD.A(CDC_CFS.O)
                0x060107d0                CDC_ChgDir
                0x06010804                CDC_ReadDir
                0x06010838                CDC_GetFileScope
                0x06010898                CDC_TgetFileInfo
                0x060108f4                CDC_ReadFile
                0x06010928                CDC_AbortFile
 *fill*         0x06010964        0xc 
 .text          0x06010970      0x2dc jo_engine/Compiler/COMMON/SGL_302j/LIB_ELF/LIBCD.A(CDC_REG.O)
                0x06010970                CDC_GetDataPtr
                0x06010980                CDC_GetHirqReq
                0x06010994                CDC_ClrHirqReq
                0x060109c4                CDREG_ClrHirqReq
                0x060109d4                CDREG_InitHirqReq
                0x060109fc                CDREG_SetHirqFlag
                0x06010a10                CDC_GetHirqMsk
                0x06010a24                CDC_SetHirqMsk
                0x06010a34                CDC_GetMpegPtr
                0x06010a44                CDREG_TgetData
                0x06010aa0                CDREG_CmdRsp
                0x06010ba0                CDREG_WaitHirq
                0x06010c10                CDREG_ReadRsp
 *fill*         0x06010c4c        0x4 
 .text          0x06010c50      0x152 jo_engine/Compiler/COMMON/SGL_302j/LIB_ELF/LIBCD.A(CDC_SUB.O)
                0x06010c50                CDSUB_UpdStatus
                0x06010c68                CDSUB_UpdCdstat
                0x06010c88                CDSUB_CdCmd
                0x06010cf8                CDSUB_GetCdstat
                0x06010d38                CDSUB_RspToCdstat
                0x06010d80                CDSUB_SoftTimer
 *fill*         0x06010da2        0xe 
 .text          0x06010db0     0x1adc jo_engine/Compiler/COMMON/SGL_302j/LIB_ELF/LIBCD.A(GFS.O)
                0x06010db0                gfs_version
                0x06010dd0                GFS_Init
                0x06010eb8                GFS_LoadDir
                0x06010f60                GFS_SetDir
                0x06010fc8                GFS_NameToId
                0x0601102c                GFS_IdToName
                0x06011098                GFS_GetDirInfo
                0x06011108                GFS_Reset
                0x0601118c                GFS_Open
                0x06011240                GFS_Close
                0x06011278                GFS_Seek
                0x0601132c                GFS_Tell
                0x0601137c                GFS_IsEof
                0x060113d0                GFS_ByteToSct
                0x0601142c                GFS_GetFileSize
                0x06011488                GFS_GetFileInfo
                0x060114fc                GFS_GetNumCdbuf
                0x06011524                GFS_Load
                0x060115e8                GFS_Fread
                0x06011684                gfs_waitRead
                0x0601172c                GFS_NwFread
                0x06011838                GFS_NwCdRead
                0x060118b0                GFS_NwIsComplete
                0x060118e8                GFS_NwStop
                0x06011954                GFS_NwGetStat
                0x060119d0                gfs_recovRdErr
                0x06011a00                GFS_NwExecOne
                0x06011ac0                GFS_NwExecServer
                0x06011b3c                GFS_SetGmode
                0x06011ba0                GFS_SetTmode
                0x06011c0c                GFS_SetReadPara
                0x06011c70                GFS_SetTransPara
                0x06011cdc                GFS_SetTrFunc
                0x06011d40                GFS_StartTrans
                0x06011d8c                GFS_CdMovePickup
                0x06011df8                GFS_SetErrFunc
                0x06011e24                GFS_GetErrStat
                0x06011e48                GFS_ConvTno
                0x06011e70                gfs_chgRoot
                0x06011f3c                gfs_aborttrans
                0x06011f48                gfs_mngSetupFuncTbl
                0x06011f7c                gfs_mngInitWork
                0x06012020                gfs_mngGetNumFile
                0x06012088                GFS_mngAllocGrp
                0x060120d0                gfs_mngFreeGrp
                0x060120dc                gfs_mngTermAccess
                0x06012160                gfs_mngSetErrCode
                0x060121e0                gfs_svrSearchHndl
                0x06012220                gfs_svrAddHndl
                0x0601225c                gfs_svrRemoveHndl
                0x060122b8                GFS_OpenSub
                0x06012310                gfs_loadVol
                0x060123d4                gfs_getRootDir
                0x060124d0                gfs_loadRootDir
                0x06012558                gfs_flowIn
                0x06012600                gfs_transData
                0x060126a4                GFS_GetFad
                0x060126fc                gfs_SetSct
                0x0601273c                gfs_GetFinfo
                0x0601277c                gfs_closeSub
                0x060127b8                gfs_getGmode
                0x060127c4                gfs_isTaskDone
                0x06012818                gfs_convFinStat
 *fill*         0x0601288c        0x4 
 .text          0x06012890      0x106 jo_engine/Compiler/COMMON/SGL_302j/LIB_ELF/LIBCD.A(GFS_BUF.O)
                0x060128c0                GFBF_GetTranData
                0x060128e8                GFBF_GetNumData
                0x06012918                GFBF_GetSrcPk
                0x06012940                GFBF_GetSctData
                0x06012964                GFBF_RtnPk
                0x0601298c                gfbf_getSctDt
 *fill*         0x06012996        0xa 
 .text          0x060129a0      0x600 jo_engine/Compiler/COMMON/SGL_302j/LIB_ELF/LIBCD.A(GFS_CDB.O)
                0x060129a0                GFCB_Setup
                0x06012ac0                GFCB_Close
                0x06012ae8                GFCB_GetLenData
                0x06012b94                GFCB_GetLenRoom
                0x06012ba0                GFCB_SetFilt
                0x06012c08                GFCB_DeleteAllData
                0x06012c30                GFCB_Tell
                0x06012c40                gfcb_getSctNum
                0x06012c90                GFCB_Seek
                0x06012d8c                GFCB_GetSrcPack
                0x06012e6c                GFCB_GetSctData
                0x06012ea4                GFCB_GetDstPack
                0x06012eb0                GFCB_RtnPk
                0x06012ef8                GFCB_MovePickup
                0x06012f14                GFCB_SetCon
                0x06012f48                GFCB_GetPickup
                0x06012f70                GFCB_IsPuOwner
                0x06012f88                GFCB_UngetPickup
 .text          0x06012fa0     0x1a10 jo_engine/Compiler/COMMON/SGL_302j/LIB_ELF/LIBCD.A(GFS_CDC.O)
                0x06012fa0                GFCD_SetCdbfs
                0x06012fcc                GFCD_Init
                0x060131d0                GFCD_AllocFilt
                0x0601320c                GFCD_FreeFilt
                0x0601323c                GFCD_AllocBuf
                0x06013270                GFCD_FreeBuf
                0x06013314                GFCD_GetBaseFad
                0x06013348                GFCD_GetPickup
                0x0601337c                GFCD_UngetPickup
                0x060133a8                GFCD_IsPuOwner
                0x060133cc                GFCD_SetFilt
                0x06013490                GFCD_GetFilt
                0x060134d8                GFCD_SetCon
                0x06013530                GFCD_Play
                0x06013590                GFCD_GetLenData
                0x060135f8                GFCD_ReqData
                0x06013654                GFCD_EndData
                0x0601369c                GFCD_DelSctData
                0x060136f4                GFCD_CheckDelSctData
                0x06013724                GFCD_GetStat
                0x060137d8                GFCD_MovePickup
                0x06013824                GFCD_MoveSctData
                0x06013898                GFCD_CheckMove
                0x060138bc                GFCD_GetSctInfo
                0x06013904                GFCD_ChgDir
                0x06013978                GFCD_SetFiltCon
                0x06013a60                GFCD_GetFileInfo
                0x06013b3c                GFCD_GetBufSiz
                0x06013b74                GFCD_ExecServer
                0x06013c48                gfcd_isIdleTask
                0x06013cd4                gfcd_doTask
                0x06013d80                GFCD_SetTimer
                0x06013d94                GFCD_WaitServer
                0x06013dd0                gfcd_doSetFiltTsk
                0x06013f94                gfcd_doSetConTsk
                0x06014024                gfcd_doGetLenDataTsk
                0x06014178                gfcd_doReqDataTsk
                0x06014218                gfcd_doDelSctDataTsk
                0x0601434c                gfcd_doMoveSctTsk
                0x060144b0                gfcd_doChgDirTsk
                0x060146ac                gfcd_doSetFiltConTsk
                0x060147f0                gfcd_checkEflag
                0x06014814                gfcd_initCdbMng
                0x06014894                gfcd_setStat
                0x060148c0                GFCD_SetCsctFunc
                0x060148dc                GFCD_ChkScdqFlag
                0x06014900                GFCD_ClrScdqFlag
                0x0601491c                GFCD_WaitScdqFlag
                0x06014960                GFCD_WaitPause
 .text          0x060149b0      0x8d8 jo_engine/Compiler/COMMON/SGL_302j/LIB_ELF/LIBCD.A(GFS_CDF.O)
                0x060149b0                GFCF_Init
                0x06014a50                GFCF_Setup
                0x06014b98                GFCF_SetSct
                0x06014bdc                GFCF_GetFileInfo
                0x06014c50                GFCF_FlowInBuf
                0x06014da4                GFCF_StopInBuf
                0x06014e44                GFCF_Recover
                0x06014e8c                GFCF_Tell
                0x06014ea4                GFCF_Seek
                0x06014ebc                GFCF_MovePickup
                0x06014f58                GFCF_cnvIntlvOfs
                0x06014fac                GFCF_GetStat
                0x06015044                gfcf_getSctSize
                0x06015080                gfcf_isCdOk
                0x06015140                gfcf_getPlayRange
 *fill*         0x06015288        0x8 
 .text          0x06015290      0x92c jo_engine/Compiler/COMMON/SGL_302j/LIB_ELF/LIBCD.A(GFS_DIR.O)
                0x06015290                GFDR_SetupDirTbl
                0x06015304                GFDR_NameToId
                0x06015364                GFDR_GetInfoDirId
                0x06015378                GFDR_GetInfoDirName
                0x0601538c                GFDR_GetAtrDirId
                0x060153a4                GFDR_GetAtrDirName
                0x060153bc                GFDR_ChgRoot
                0x060153d4                GFDR_ChgDir
                0x06015448                gfdr_setupDirIdTbl
                0x060154cc                gfdr_setupDirNameTbl
                0x06015578                gfdr_open
                0x060155a0                gfdr_read
                0x06015660                gfdr_readByte
                0x0601568c                gfdr_readWord
                0x060156b8                gfdr_readWordNB
                0x0601570c                gfdr_readLongNB
                0x06015758                gfdr_readLongNM
                0x06015780                gfdr_setNextRec
                0x06015804                gfdr_readDirEnt
                0x06015b80                gfdr_setDirrecCd
 *fill*         0x06015bbc        0x4 
 .text          0x06015bc0      0x9c6 jo_engine/Compiler/COMMON/SGL_302j/LIB_ELF/LIBCD.A(GFS_TRN.O)
                0x06015bf0                GFTR_Setup
                0x06015c34                GFTR_SetMode
                0x06015c48                GFTR_SetUnit
                0x06015c54                GFTR_SetTransPara
                0x06015c88                GFTR_GetTransPara
                0x06015c94                GFTR_GetNumTrans
                0x06015ca0                GFTR_SetTransMax
                0x06015cac                GFTR_Start
                0x06015cb8                GFTR_Pause
                0x06015cc4                GFTR_Stop
                0x06015d7c                GFTR_Exec
                0x06015e00                GFTR_Idle
                0x06015e78                GFTR_ExecSvr
                0x06015f80                gftr_getSrcPack
                0x06016008                gftr_getDstPack
                0x06016064                gftr_reqScu
                0x06016070                gftr_execScu
                0x0601610c                gftr_remScu
                0x06016140                gfdma_canUse
                0x0601614c                gfdma_exec
                0x060161bc                gfdma_getBytecnt
                0x060161f4                gftr_reqDma0
                0x0601620c                gftr_execSdma0
                0x06016230                gftr_remDma0
                0x06016248                gftr_reqDma1
                0x06016260                gftr_execSdma1
                0x06016284                gftr_remDma1
                0x0601629c                gftr_reqCpu
                0x060162a8                gftr_execCpu
                0x060162e8                gftr_remCpu
                0x060162f4                gftr_reqTrn
                0x06016364                gftr_execTrn
                0x0601643c                gftr_remTrn
                0x060164b0                gftr_copyFrac
                0x060164d8                GFTR_GetLenData
                0x060164e4                GFTR_GetLenRoom
                0x060164fc                GFTR_GetDstPack
                0x06016530                GFTR_RtnDstPk
                0x0601654c                GFTR_GetData
                0x06016560                GFTR_SetData
                0x06016574                GFTR_SetTransFunc
 *fill*         0x06016586        0xa 
 .text          0x06016590       0xa8 jo_engine/Compiler/COMMON/SGL_302j/LIB_ELF/LIBCD.A(CDC_DEV.O)
                0x06016590                CDC_CdSetCon
                0x060165c0                CDC_CdGetCon
                0x060165fc                CDC_CdGetLastBuf
 *fill*         0x06016638        0x8 
 .text          0x06016640      0x2b8 jo_engine/Compiler/COMMON/SGL_302j/LIB_ELF/LIBCD.A(CDC_SEL.O)
                0x06016640                CDC_SetFiltRange
                0x06016674                CDC_GetFiltRange
                0x060166cc                CDC_SetFiltSubh
                0x0601673c                CDC_GetFiltSubh
                0x060167b8                CDC_SetFiltMode
                0x060167ec                CDC_GetFiltMode
                0x06016830                CDC_SetFiltCon
                0x06016870                CDC_GetFiltCon
                0x060168c4                CDC_ResetSelector
 *fill*         0x060168f8        0x8 
 .text          0x06016900      0x270 jo_engine/Compiler/COMMON/SGL_302j/LIB_ELF/LIBCD.A(CDC_BIF.O)
                0x06016900                CDC_GetBufSiz
                0x0601695c                CDC_GetSctNum
                0x060169a0                CDC_CalActSiz
                0x060169dc                CDC_GetActSiz
                0x06016a5c                CDC_GetSctInfo
                0x06016adc                CDC_ExeFadSearch
                0x06016b14                CDC_GetFadSearch
 .text          0x06016b70      0x1e4 jo_engine/Compiler/COMMON/SGL_302j/LIB_ELF/LIBCD.A(CDC_BIO.O)
                0x06016b70                CDC_SetSctLen
                0x06016ba4                CDC_GetSctData
                0x06016be0                CDC_DelSctData
                0x06016c1c                CDC_GetdelSctData
                0x06016c58                CDC_PutSctData
                0x06016c90                CDC_CopySctData
                0x06016cd4                CDC_MoveSctData
                0x06016d18                CDC_GetCopyErr
 *fill*         0x06016d54        0xc 
 .text          0x06016d60        0x0 jo_engine/Compiler/COMMON/SGL_302j/LIB_ELF/LIBSGL.A(sglB001.o)
 .text          0x06016d60        0x0 jo_engine/Compiler/COMMON/SGL_302j/LIB_ELF/LIBSGL.A(sglB011.o)
 .text          0x06016d60        0x0 jo_engine/Compiler/COMMON/SGL_302j/LIB_ELF/LIBSGL.A(sglB014.o)
 .text          0x06016d60        0x0 jo_engine/Compiler/COMMON/SGL_302j/LIB_ELF/LIBSGL.A(sglB015.o)
 .text          0x06016d60        0x0 jo_engine/Compiler/COMMON/SGL_302j/LIB_ELF/LIBSGL.A(sglB016.o)
 .text          0x06016d60        0x0 jo_engine/Compiler/COMMON/SGL_302j/LIB_ELF/LIBSGL.A(sglB020.o)
 .text          0x06016d60        0x0 jo_engine/Compiler/COMMON/SGL_302j/LIB_ELF/LIBSGL.A(sglB021.o)
 .text          0x06016d60        0x0 jo_engine/Compiler/COMMON/SGL_302j/LIB_ELF/LIBSGL.A(sglB023.o)
 .text          0x06016d60        0x0 jo_engine/Compiler/COMMON/SGL_302j/LIB_ELF/LIBSGL.A(sglB027.o)
 .text          0x06016d60        0x0 jo_engine/Compiler/COMMON/SGL_302j/LIB_ELF/LIBSGL.A(sglB032.o)
 .text          0x06016d60        0x0 jo_engine/Compiler/COMMON/SGL_302j/LIB_ELF/LIBSGL.A(sglB035.o)
 .text          0x06016d60        0x0 jo_engine/Compiler/COMMON/SGL_302j/LIB_ELF/LIBSGL.A(sglB036.o)
 .text          0x06016d60        0x0 jo_engine/Compiler/COMMON/SGL_302j/LIB_ELF/LIBSGL.A(sglB038.o)
 .text          0x06016d60        0x0 jo_engine/Compiler/COMMON/SGL_302j/LIB_ELF/LIBSGL.A(sglB039.o)
 .text          0x06016d60        0x0 jo_engine/Compiler/COMMON/SGL_302j/LIB_ELF/LIBSGL.A(sglB040.o)
 .text          0x06016d60        0x0 jo_engine/Compiler/COMMON/SGL_302j/LIB_ELF/LIBSGL.A(sglB041.o)
 .text          0x06016d60        0x0 jo_engine/Compiler/COMMON/SGL_302j/LIB_ELF/LIBSGL.A(sglB043.o)
 .text          0x06016d60        0x0 jo_engine/Compiler/COMMON/SGL_302j/LIB_ELF/LIBSGL.A(sglB047.o)
 .text          0x06016d60        0x0 jo_engine/Compiler/COMMON/SGL_302j/LIB_ELF/LIBSGL.A(sglB048.o)
 .text          0x06016d60        0x0 jo_engine/Compiler/COMMON/SGL_302j/LIB_ELF/LIBSGL.A(sglB056.o)
 .text          0x06016d60        0x0 jo_engine/Compiler/COMMON/SGL_302j/LIB_ELF/LIBSGL.A(sglB059.o)
 .text          0x06016d60        0x0 jo_engine/Compiler/COMMON/SGL_302j/LIB_ELF/LIBSGL.A(sglB060.o)
 .text          0x06016d60        0x0 jo_engine/Compiler/COMMON/SGL_302j/LIB_ELF/LIBSGL.A(sglB063.o)
 .text          0x06016d60        0x0 jo_engine/Compiler/COMMON/SGL_302j/LIB_ELF/LIBSGL.A(sglB087.o)
 .text          0x06016d60        0x0 jo_engine/Compiler/COMMON/SGL_302j/LIB_ELF/LIBSGL.A(sglB088.o)
 .text          0x06016d60        0x0 jo_engine/Compiler/COMMON/SGL_302j/LIB_ELF/LIBSGL.A(sglB090.o)
 .text          0x06016d60        0x0 jo_engine/Compiler/COMMON/SGL_302j/LIB_ELF/LIBSGL.A(sglB117.o)
 .text          0x06016d60        0x0 jo_engine/Compiler/COMMON/SGL_302j/LIB_ELF/LIBSGL.A(sglB118.o)
 .text          0x06016d60        0x0 jo_engine/Compiler/COMMON/SGL_302j/LIB_ELF/LIBSGL.A(sglB200.o)
 .text          0x06016d60        0x0 jo_engine/Compiler/COMMON/SGL_302j/LIB_ELF/LIBSGL.A(sglC05.o)
 .text          0x06016d60        0x0 jo_engine/Compiler/COMMON/SGL_302j/LIB_ELF/LIBSGL.A(sglC06.o)
 .text          0x06016d60        0x0 jo_engine/Compiler/COMMON/SGL_302j/LIB_ELF/LIBSGL.A(sglC07.o)
 .text          0x06016d60        0x0 jo_engine/Compiler/COMMON/SGL_302j/LIB_ELF/LIBSGL.A(sglC17.o)
 .text          0x06016d60        0x0 jo_engine/Compiler/COMMON/SGL_302j/LIB_ELF/LIBSGL.A(sglC19.o)
 .text          0x06016d60        0x0 jo_engine/Compiler/COMMON/SGL_302j/LIB_ELF/LIBSGL.A(sglC20.o)
 .text          0x06016d60        0x0 jo_engine/Compiler/COMMON/SGL_302j/LIB_ELF/LIBSGL.A(sglC21.o)
 .text          0x06016d60        0x0 jo_engine/Compiler/COMMON/SGL_302j/LIB_ELF/LIBSGL.A(sglD00.o)
 .text          0x06016d60        0x0 jo_engine/Compiler/COMMON/SGL_302j/LIB_ELF/LIBSGL.A(sglD01.o)
 .text          0x06016d60        0x0 jo_engine/Compiler/COMMON/SGL_302j/LIB_ELF/LIBSGL.A(sglD03.o)
 .text          0x06016d60        0x0 jo_engine/Compiler/COMMON/SGL_302j/LIB_ELF/LIBSGL.A(sglD15.o)
 .text          0x06016d60        0x0 jo_engine/Compiler/COMMON/SGL_302j/LIB_ELF/LIBSGL.A(sglD16.o)
 .text          0x06016d60        0x0 jo_engine/Compiler/COMMON/SGL_302j/LIB_ELF/LIBSGL.A(sglD17.o)
 .text          0x06016d60        0x0 jo_engine/Compiler/COMMON/SGL_302j/LIB_ELF/LIBSGL.A(sglD18.o)
 .text          0x06016d60        0x0 jo_engine/Compiler/COMMON/SGL_302j/LIB_ELF/LIBSGL.A(sglF00.o)
 .text          0x06016d60        0x0 jo_engine/Compiler/COMMON/SGL_302j/LIB_ELF/LIBSGL.A(sglF05.o)
 .text          0x06016d60        0x0 jo_engine/Compiler/COMMON/SGL_302j/LIB_ELF/LIBSGL.A(sglF08.o)
 .text          0x06016d60        0x0 jo_engine/Compiler/COMMON/SGL_302j/LIB_ELF/LIBSGL.A(sglG00.o)
 .text          0x06016d60        0x0 jo_engine/Compiler/COMMON/SGL_302j/LIB_ELF/LIBSGL.A(sglG01.o)
 .text          0x06016d60        0x0 jo_engine/Compiler/COMMON/SGL_302j/LIB_ELF/LIBSGL.A(sglG19.o)
 .text          0x06016d60        0x0 jo_engine/Compiler/COMMON/SGL_302j/LIB_ELF/LIBSGL.A(sglG21.o)
 .text          0x06016d60        0x0 jo_engine/Compiler/COMMON/SGL_302j/LIB_ELF/LIBSGL.A(sglG22.o)
 .text          0x06016d60        0x0 jo_engine/Compiler/COMMON/SGL_302j/LIB_ELF/LIBSGL.A(sglG25.o)
 .text          0x06016d60        0x0 jo_engine/Compiler/COMMON/SGL_302j/LIB_ELF/LIBSGL.A(sglH00.o)
 .text          0x06016d60        0x0 jo_engine/Compiler/COMMON/SGL_302j/LIB_ELF/LIBSGL.A(sglH01.o)
 .text          0x06016d60        0x0 jo_engine/Compiler/COMMON/SGL_302j/LIB_ELF/LIBSGL.A(sglH02.o)
 .text          0x06016d60        0x0 jo_engine/Compiler/COMMON/SGL_302j/LIB_ELF/LIBSGL.A(sglH04.o)
 .text          0x06016d60        0x0 jo_engine/Compiler/COMMON/SGL_302j/LIB_ELF/LIBSGL.A(sglI01.o)
 .text          0x06016d60        0x0 jo_engine/Compiler/COMMON/SGL_302j/LIB_ELF/LIBSGL.A(sglI04.o)
 .text          0x06016d60      0x128 jo_engine/Compiler/COMMON/SGL_302j/LIB_ELF/LIBSGL.A(sglIc0.o)
                0x06016d60                slInitSystem
 *fill*         0x06016e88        0x8 
 .text          0x06016e90        0x0 jo_engine/Compiler/COMMON/SGL_302j/LIB_ELF/LIBSGL.A(sglJ00.o)
 .text          0x06016e90        0x0 jo_engine/Compiler/COMMON/SGL_302j/LIB_ELF/LIBSGL.A(sglJ01.o)
 .text          0x06016e90        0x0 jo_engine/Compiler/COMMON/SGL_302j/LIB_ELF/LIBSGL.A(sglJ02.o)
 .text          0x06016e90        0x0 jo_engine/Compiler/COMMON/SGL_302j/LIB_ELF/LIBSGL.A(sglJ03.o)
 .text          0x06016e90        0x0 jo_engine/Compiler/COMMON/SGL_302j/LIB_ELF/LIBSGL.A(sglJ04.o)
 .text          0x06016e90        0x0 jo_engine/Compiler/COMMON/SGL_302j/LIB_ELF/LIBSGL.A(sglJ05.o)
 .text          0x06016e90        0x0 jo_engine/Compiler/COMMON/SGL_302j/LIB_ELF/LIBSGL.A(sglK01.o)
 .text          0x06016e90        0x0 jo_engine/Compiler/COMMON/SGL_302j/LIB_ELF/LIBSGL.A(sglM01.o)
 .text          0x06016e90        0x0 jo_engine/Compiler/COMMON/SGL_302j/LIB_ELF/LIBSGL.A(sglA00.o)
 .text          0x06016e90        0x0 jo_engine/Compiler/COMMON/SGL_302j/LIB_ELF/LIBSGL.A(sglA01.o)
 .text          0x06016e90        0x0 jo_engine/Compiler/COMMON/SGL_302j/LIB_ELF/LIBSGL.A(sglA20.o)
 .text          0x06016e90        0x0 jo_engine/Compiler/COMMON/SGL_302j/LIB_ELF/LIBSGL.A(sglB000.o)
 .text          0x06016e90        0x0 jo_engine/Compiler/COMMON/SGL_302j/LIB_ELF/LIBSGL.A(sglC00.o)
 .text          0x06016e90        0x0 jo_engine/Compiler/COMMON/SGL_302j/LIB_ELF/LIBSGL.A(sglD02.o)
 .text          0x06016e90        0x0 jo_engine/Compiler/COMMON/SGL_302j/LIB_ELF/LIBSGL.A(sglI00.o)
 .text          0x06016e90        0x0 jo_engine/Compiler/COMMON/SGL_302j/LIB_ELF/LIBSGL.A(sglH03.o)
 .text          0x06016e90       0x52 c:/development/saturn/joengine-master/projects/satiator-rings/jo_engine/compiler/windows/bin/../lib/gcc/sh-elf/9.3.0\libgcc.a(_ashiftrt.o)
                0x06016e90                __ashiftrt_r4_31
                0x06016e90                __ashiftrt_r4_32
                0x06016e96                __ashiftrt_r4_30
                0x06016e98                __ashiftrt_r4_29
                0x06016e9a                __ashiftrt_r4_28
                0x06016e9c                __ashiftrt_r4_27
                0x06016e9e                __ashiftrt_r4_26
                0x06016ea0                __ashiftrt_r4_25
                0x06016ea2                __ashiftrt_r4_24
                0x06016eaa                __ashiftrt_r4_23
                0x06016eac                __ashiftrt_r4_22
                0x06016eae                __ashiftrt_r4_21
                0x06016eb0                __ashiftrt_r4_20
                0x06016eb2                __ashiftrt_r4_19
                0x06016eb4                __ashiftrt_r4_18
                0x06016eb6                __ashiftrt_r4_17
                0x06016eb8                __ashiftrt_r4_16
                0x06016ebe                __ashiftrt_r4_15
                0x06016ec0                __ashiftrt_r4_14
                0x06016ec2                __ashiftrt_r4_13
                0x06016ec4                __ashiftrt_r4_12
                0x06016ec6                __ashiftrt_r4_11
                0x06016ec8                __ashiftrt_r4_10
                0x06016eca                __ashiftrt_r4_9
                0x06016ecc                __ashiftrt_r4_8
                0x06016ece                __ashiftrt_r4_7
                0x06016ed0                __ashiftrt_r4_6
                0x06016ed2                __ashiftrt_r4_5
                0x06016ed4                __ashiftrt_r4_4
                0x06016ed6                __ashiftrt_r4_3
                0x06016ed8                __ashiftrt_r4_2
                0x06016eda                __ashiftrt_r4_1
                0x06016ede                __ashiftrt_r4_0
 *fill*         0x06016ee2        0x2 
 .text          0x06016ee4       0x80 c:/development/saturn/joengine-master/projects/satiator-rings/jo_engine/compiler/windows/bin/../lib/gcc/sh-elf/9.3.0\libgcc.a(_ashiftrt_n.o)
                0x06016ee4                __ashrsi3
 .text          0x06016f64       0xbc c:/development/saturn/joengine-master/projects/satiator-rings/jo_engine/compiler/windows/bin/../lib/gcc/sh-elf/9.3.0\libgcc.a(_ashiftlt.o)
                0x06016f64                __ashlsi3
                0x06016f68                __ashlsi3_r0
 .text          0x06017020       0xbc c:/development/saturn/joengine-master/projects/satiator-rings/jo_engine/compiler/windows/bin/../lib/gcc/sh-elf/9.3.0\libgcc.a(_lshiftrt.o)
                0x06017020                __lshrsi3
                0x06017024                __lshrsi3_r0
 .text          0x060170dc       0xa0 c:/development/saturn/joengine-master/projects/satiator-rings/jo_engine/compiler/windows/bin/../lib/gcc/sh-elf/9.3.0\libgcc.a(_sdivsi3.o)
                0x060170dc                __sdivsi3
 .text          0x0601717c       0x6c c:/development/saturn/joengine-master/projects/satiator-rings/jo_engine/compiler/windows/bin/../lib/gcc/sh-elf/9.3.0\libgcc.a(_udivsi3.o)
                0x0601719e                __udivsi3
 .text          0x060171e8      0x21c c:/development/saturn/joengine-master/projects/satiator-rings/jo_engine/compiler/windows/bin/../lib/gcc/sh-elf/9.3.0\libgcc.a(_addsub_sf.o)
                0x06017368                __addsf3
                0x060173b4                __subsf3
 .text          0x06017404      0x134 c:/development/saturn/joengine-master/projects/satiator-rings/jo_engine/compiler/windows/bin/../lib/gcc/sh-elf/9.3.0\libgcc.a(_mul_sf.o)
                0x06017404                __mulsf3
 .text          0x06017538       0xdc c:/development/saturn/joengine-master/projects/satiator-rings/jo_engine/compiler/windows/bin/../lib/gcc/sh-elf/9.3.0\libgcc.a(_div_sf.o)
                0x06017538                __divsf3
 .text          0x06017614       0x54 c:/development/saturn/joengine-master/projects/satiator-rings/jo_engine/compiler/windows/bin/../lib/gcc/sh-elf/9.3.0\libgcc.a(_gt_sf.o)
                0x06017614                __gtsf2
 .text          0x06017668       0x54 c:/development/saturn/joengine-master/projects/satiator-rings/jo_engine/compiler/windows/bin/../lib/gcc/sh-elf/9.3.0\libgcc.a(_ge_sf.o)
                0x06017668                __gesf2
 .text          0x060176bc       0x54 c:/development/saturn/joengine-master/projects/satiator-rings/jo_engine/compiler/windows/bin/../lib/gcc/sh-elf/9.3.0\libgcc.a(_lt_sf.o)
                0x060176bc                __ltsf2
 .text          0x06017710       0x54 c:/development/saturn/joengine-master/projects/satiator-rings/jo_engine/compiler/windows/bin/../lib/gcc/sh-elf/9.3.0\libgcc.a(_le_sf.o)
                0x06017710                __lesf2
 .text          0x06017764       0x84 c:/development/saturn/joengine-master/projects/satiator-rings/jo_engine/compiler/windows/bin/../lib/gcc/sh-elf/9.3.0\libgcc.a(_si_to_sf.o)
                0x06017764                __floatsisf
 .text          0x060177e8       0x70 c:/development/saturn/joengine-master/projects/satiator-rings/jo_engine/compiler/windows/bin/../lib/gcc/sh-elf/9.3.0\libgcc.a(_sf_to_si.o)
                0x060177e8                __fixsfsi
 .text          0x06017858       0x3c c:/development/saturn/joengine-master/projects/satiator-rings/jo_engine/compiler/windows/bin/../lib/gcc/sh-elf/9.3.0\libgcc.a(_sf_to_df.o)
                0x06017858                __extendsfdf2
 .text          0x06017894        0x0 c:/development/saturn/joengine-master/projects/satiator-rings/jo_engine/compiler/windows/bin/../lib/gcc/sh-elf/9.3.0\libgcc.a(_thenan_sf.o)
 .text          0x06017894       0x94 c:/development/saturn/joengine-master/projects/satiator-rings/jo_engine/compiler/windows/bin/../lib/gcc/sh-elf/9.3.0\libgcc.a(_usi_to_sf.o)
                0x06017894                __floatunsisf
 .text          0x06017928      0x3e0 c:/development/saturn/joengine-master/projects/satiator-rings/jo_engine/compiler/windows/bin/../lib/gcc/sh-elf/9.3.0\libgcc.a(_addsub_df.o)
                0x06017c64                __adddf3
                0x06017cb4                __subdf3
 .text          0x06017d08      0x208 c:/development/saturn/joengine-master/projects/satiator-rings/jo_engine/compiler/windows/bin/../lib/gcc/sh-elf/9.3.0\libgcc.a(_mul_df.o)
                0x06017d08                __muldf3
 .text          0x06017f10       0x58 c:/development/saturn/joengine-master/projects/satiator-rings/jo_engine/compiler/windows/bin/../lib/gcc/sh-elf/9.3.0\libgcc.a(_gt_df.o)
                0x06017f10                __gtdf2
 .text          0x06017f68       0x58 c:/development/saturn/joengine-master/projects/satiator-rings/jo_engine/compiler/windows/bin/../lib/gcc/sh-elf/9.3.0\libgcc.a(_ge_df.o)
                0x06017f68                __gedf2
 .text          0x06017fc0       0x58 c:/development/saturn/joengine-master/projects/satiator-rings/jo_engine/compiler/windows/bin/../lib/gcc/sh-elf/9.3.0\libgcc.a(_lt_df.o)
                0x06017fc0                __ltdf2
 .text          0x06018018       0x58 c:/development/saturn/joengine-master/projects/satiator-rings/jo_engine/compiler/windows/bin/../lib/gcc/sh-elf/9.3.0\libgcc.a(_le_df.o)
                0x06018018                __ledf2
 .text          0x06018070       0xa8 c:/development/saturn/joengine-master/projects/satiator-rings/jo_engine/compiler/windows/bin/../lib/gcc/sh-elf/9.3.0\libgcc.a(_si_to_df.o)
                0x06018070                __floatsidf
 .text          0x06018118       0xa0 c:/development/saturn/joengine-master/projects/satiator-rings/jo_engine/compiler/windows/bin/../lib/gcc/sh-elf/9.3.0\libgcc.a(_df_to_si.o)
                0x06018118                __fixdfsi
 .text          0x060181b8       0x28 c:/development/saturn/joengine-master/projects/satiator-rings/jo_engine/compiler/windows/bin/../lib/gcc/sh-elf/9.3.0\libgcc.a(_make_df.o)
                0x060181b8                __make_dp
 .text          0x060181e0       0x4c c:/development/saturn/joengine-master/projects/satiator-rings/jo_engine/compiler/windows/bin/../lib/gcc/sh-elf/9.3.0\libgcc.a(_df_to_sf.o)
                0x060181e0                __truncdfsf2
 .text          0x0601822c        0x0 c:/development/saturn/joengine-master/projects/satiator-rings/jo_engine/compiler/windows/bin/../lib/gcc/sh-elf/9.3.0\libgcc.a(_thenan_df.o)
 .text          0x0601822c       0x54 c:/development/saturn/joengine-master/projects/satiator-rings/jo_engine/compiler/windows/bin/../lib/gcc/sh-elf/9.3.0\libgcc.a(_clzsi2.o)
                0x0601822c                __clzsi2
 .text          0x06018280      0x11c c:/development/saturn/joengine-master/projects/satiator-rings/jo_engine/compiler/windows/bin/../lib/gcc/sh-elf/9.3.0\libgcc.a(_pack_sf.o)
                0x06018280                __pack_f
 .text          0x0601839c       0xa0 c:/development/saturn/joengine-master/projects/satiator-rings/jo_engine/compiler/windows/bin/../lib/gcc/sh-elf/9.3.0\libgcc.a(_unpack_sf.o)
                0x0601839c                __unpack_f
 .text          0x0601843c       0xac c:/development/saturn/joengine-master/projects/satiator-rings/jo_engine/compiler/windows/bin/../lib/gcc/sh-elf/9.3.0\libgcc.a(_fpcmp_parts_sf.o)
                0x0601843c                __fpcmp_parts_f
 .text          0x060184e8       0x20 c:/development/saturn/joengine-master/projects/satiator-rings/jo_engine/compiler/windows/bin/../lib/gcc/sh-elf/9.3.0\libgcc.a(_make_sf.o)
                0x060184e8                __make_fp
 .text          0x06018508      0x274 c:/development/saturn/joengine-master/projects/satiator-rings/jo_engine/compiler/windows/bin/../lib/gcc/sh-elf/9.3.0\libgcc.a(_pack_df.o)
                0x06018508                __pack_d
 .text          0x0601877c       0xcc c:/development/saturn/joengine-master/projects/satiator-rings/jo_engine/compiler/windows/bin/../lib/gcc/sh-elf/9.3.0\libgcc.a(_unpack_df.o)
                0x0601877c                __unpack_d
 .text          0x06018848       0xd0 c:/development/saturn/joengine-master/projects/satiator-rings/jo_engine/compiler/windows/bin/../lib/gcc/sh-elf/9.3.0\libgcc.a(_fpcmp_parts_df.o)
                0x06018848                __fpcmp_parts_d
 .text          0x06018918        0x0 c:/development/saturn/joengine-master/projects/satiator-rings/jo_engine/compiler/windows/bin/../lib/gcc/sh-elf/9.3.0\libgcc.a(_clz.o)
 .text          0x06018918       0x1e c:/development/saturn/joengine-master/projects/satiator-rings/jo_engine/compiler/windows/bin/../lib/gcc/sh-elf/9.3.0/../../../../sh-elf/lib\libc.a(lib_a-memcmp.o)
                0x06018918                memcmp
 *fill*         0x06018936        0x2 
 .text          0x06018938       0x94 c:/development/saturn/joengine-master/projects/satiator-rings/jo_engine/compiler/windows/bin/../lib/gcc/sh-elf/9.3.0/../../../../sh-elf/lib\libc.a(lib_a-memcpy.o)
                0x06018938                memcpy
 .text          0x060189cc       0x40 c:/development/saturn/joengine-master/projects/satiator-rings/jo_engine/compiler/windows/bin/../lib/gcc/sh-elf/9.3.0/../../../../sh-elf/lib\libc.a(lib_a-memset.o)
                0x060189cc                memset
 .text          0x06018a0c      0x3b8 c:/development/saturn/joengine-master/projects/satiator-rings/jo_engine/compiler/windows/bin/../lib/gcc/sh-elf/9.3.0/../../../../sh-elf/lib\libc.a(lib_a-qsort.o)
                0x06018ab8                qsort
 .text          0x06018dc4       0xf8 c:/development/saturn/joengine-master/projects/satiator-rings/jo_engine/compiler/windows/bin/../lib/gcc/sh-elf/9.3.0/../../../../sh-elf/lib\libc.a(lib_a-snprintf.o)
                0x06018dc4                _snprintf_r
                0x06018dc4                _sniprintf_r
                0x06018e3c                snprintf
                0x06018e3c                sniprintf
 .text          0x06018ebc       0x8c c:/development/saturn/joengine-master/projects/satiator-rings/jo_engine/compiler/windows/bin/../lib/gcc/sh-elf/9.3.0/../../../../sh-elf/lib\libc.a(lib_a-sprintf.o)
                0x06018ebc                _siprintf_r
                0x06018ebc                _sprintf_r
                0x06018efc                siprintf
                0x06018efc                sprintf
 .text          0x06018f48       0x20 c:/development/saturn/joengine-master/projects/satiator-rings/jo_engine/compiler/windows/bin/../lib/gcc/sh-elf/9.3.0/../../../../sh-elf/lib\libc.a(lib_a-strcat.o)
                0x06018f48                strcat
 .text          0x06018f68       0x38 c:/development/saturn/joengine-master/projects/satiator-rings/jo_engine/compiler/windows/bin/../lib/gcc/sh-elf/9.3.0/../../../../sh-elf/lib\libc.a(lib_a-strcmp.o)
                0x06018f68                strcmp
 .text          0x06018fa0       0x3c c:/development/saturn/joengine-master/projects/satiator-rings/jo_engine/compiler/windows/bin/../lib/gcc/sh-elf/9.3.0/../../../../sh-elf/lib\libc.a(lib_a-strcpy.o)
                0x06018fa0                strcpy
 .text          0x06018fdc       0x20 c:/development/saturn/joengine-master/projects/satiator-rings/jo_engine/compiler/windows/bin/../lib/gcc/sh-elf/9.3.0/../../../../sh-elf/lib\libc.a(lib_a-strlen.o)
                0x06018fdc                strlen
 .text          0x06018ffc       0x34 c:/development/saturn/joengine-master/projects/satiator-rings/jo_engine/compiler/windows/bin/../lib/gcc/sh-elf/9.3.0/../../../../sh-elf/lib\libc.a(lib_a-strncat.o)
                0x06018ffc                strncat
 .text          0x06019030       0x2a c:/development/saturn/joengine-master/projects/satiator-rings/jo_engine/compiler/windows/bin/../lib/gcc/sh-elf/9.3.0/../../../../sh-elf/lib\libc.a(lib_a-strncmp.o)
                0x06019030                strncmp
 .text          0x0601905a       0x36 c:/development/saturn/joengine-master/projects/satiator-rings/jo_engine/compiler/windows/bin/../lib/gcc/sh-elf/9.3.0/../../../../sh-elf/lib\libc.a(lib_a-strncpy.o)
                0x0601905a                strncpy
 .text          0x06019090       0x40 c:/development/saturn/joengine-master/projects/satiator-rings/jo_engine/compiler/windows/bin/../lib/gcc/sh-elf/9.3.0/../../../../sh-elf/lib\libc.a(lib_a-strrchr.o)
                0x06019090                strrchr
 .text          0x060190d0        0x0 c:/development/saturn/joengine-master/projects/satiator-rings/jo_engine/compiler/windows/bin/../lib/gcc/sh-elf/9.3.0/../../../../sh-elf/lib\libc.a(lib_a-impure.o)
 .text          0x060190d0      0x444 c:/development/saturn/joengine-master/projects/satiator-rings/jo_engine/compiler/windows/bin/../lib/gcc/sh-elf/9.3.0/../../../../sh-elf/lib\libc.a(lib_a-nano-svfprintf.o)
                0x060190d0                __ssputs_r
                0x060191c4                __ssprint_r
                0x060192f8                _svfprintf_r
                0x060192f8                _svfiprintf_r
 .text          0x06019514      0x380 c:/development/saturn/joengine-master/projects/satiator-rings/jo_engine/compiler/windows/bin/../lib/gcc/sh-elf/9.3.0/../../../../sh-elf/lib\libc.a(lib_a-nano-vfprintf_i.o)
                0x06019514                _printf_common
                0x06019614                _printf_i
 .text          0x06019894       0x1e c:/development/saturn/joengine-master/projects/satiator-rings/jo_engine/compiler/windows/bin/../lib/gcc/sh-elf/9.3.0/../../../../sh-elf/lib\libc.a(lib_a-strchr.o)
                0x06019894                strchr
 .text          0x060198b2       0x1c c:/development/saturn/joengine-master/projects/satiator-rings/jo_engine/compiler/windows/bin/../lib/gcc/sh-elf/9.3.0/../../../../sh-elf/lib\libc.a(lib_a-memchr.o)
                0x060198b2                memchr
 .text          0x060198ce       0x3c c:/development/saturn/joengine-master/projects/satiator-rings/jo_engine/compiler/windows/bin/../lib/gcc/sh-elf/9.3.0/../../../../sh-elf/lib\libc.a(lib_a-memmove.o)
                0x060198ce                memmove
 *fill*         0x0601990a        0x2 
 .text          0x0601990c       0xd0 c:/development/saturn/joengine-master/projects/satiator-rings/jo_engine/compiler/windows/bin/../lib/gcc/sh-elf/9.3.0/../../../../sh-elf/lib\libc.a(lib_a-nano-freer.o)
                0x0601990c                _free_r
 .text          0x060199dc       0xf8 c:/development/saturn/joengine-master/projects/satiator-rings/jo_engine/compiler/windows/bin/../lib/gcc/sh-elf/9.3.0/../../../../sh-elf/lib\libc.a(lib_a-nano-mallocr.o)
                0x060199dc                _malloc_r
 .text          0x06019ad4       0x7c c:/development/saturn/joengine-master/projects/satiator-rings/jo_engine/compiler/windows/bin/../lib/gcc/sh-elf/9.3.0/../../../../sh-elf/lib\libc.a(lib_a-nano-reallocr.o)
                0x06019ad4                _realloc_r
 .text          0x06019b50       0x30 c:/development/saturn/joengine-master/projects/satiator-rings/jo_engine/compiler/windows/bin/../lib/gcc/sh-elf/9.3.0/../../../../sh-elf/lib\libc.a(lib_a-sbrkr.o)
                0x06019b50                _sbrk_r
 .text          0x06019b80      0x25c c:/development/saturn/joengine-master/projects/satiator-rings/jo_engine/compiler/windows/bin/../lib/gcc/sh-elf/9.3.0/../../../../sh-elf/lib\libc.a(lib_a-syscalls.o)
                0x06019bf8                _read
                0x06019c08                _lseek
                0x06019c18                _write
                0x06019c28                _close
                0x06019c38                _link
                0x06019c3c                _sbrk
                0x06019c94                _fstat
                0x06019c9e                _open
                0x06019cb0                _creat
                0x06019cc0                _unlink
                0x06019cc4                isatty
                0x06019cc8                _isatty
                0x06019ccc                _exit
                0x06019cdc                _kill
                0x06019cf0                _getpid
                0x06019cf4                _raise
                0x06019cf8                _stat
                0x06019d08                _chmod
                0x06019d18                _chown
                0x06019d28                _utime
                0x06019d3c                _fork
                0x06019d48                _wait
                0x06019d58                _execve
                0x06019d68                _execv
                0x06019d78                _pipe
                0x06019d84                _times
                0x06019d88                _gettimeofday
                0x06019db0                __setup_argv_and_call_main
 .text          0x06019ddc       0x14 c:/development/saturn/joengine-master/projects/satiator-rings/jo_engine/compiler/windows/bin/../lib/gcc/sh-elf/9.3.0/../../../../sh-elf/lib\libc.a(lib_a-trap.o)
                0x06019ddc                __trap34
 .text          0x06019df0       0x18 c:/development/saturn/joengine-master/projects/satiator-rings/jo_engine/compiler/windows/bin/../lib/gcc/sh-elf/9.3.0/../../../../sh-elf/lib\libc.a(lib_a-abort.o)
                0x06019df0                abort
 .text          0x06019e08        0x8 c:/development/saturn/joengine-master/projects/satiator-rings/jo_engine/compiler/windows/bin/../lib/gcc/sh-elf/9.3.0/../../../../sh-elf/lib\libc.a(lib_a-mlock.o)
                0x06019e08                __malloc_lock
                0x06019e0c                __malloc_unlock
 .text          0x06019e10       0x16 c:/development/saturn/joengine-master/projects/satiator-rings/jo_engine/compiler/windows/bin/../lib/gcc/sh-elf/9.3.0/../../../../sh-elf/lib\libc.a(lib_a-nano-msizer.o)
                0x06019e10                _malloc_usable_size_r
 *fill*         0x06019e26        0x2 
 .text          0x06019e28      0x1b4 c:/development/saturn/joengine-master/projects/satiator-rings/jo_engine/compiler/windows/bin/../lib/gcc/sh-elf/9.3.0/../../../../sh-elf/lib\libc.a(lib_a-signal.o)
                0x06019e28                _init_signal_r
                0x06019e68                _signal_r
                0x06019eb4                _raise_r
                0x06019f2c                __sigtramp_r
                0x06019f90                raise
                0x06019fa4                signal
                0x06019fb8                _init_signal
                0x06019fc8                __sigtramp
 .text          0x06019fdc       0x40 c:/development/saturn/joengine-master/projects/satiator-rings/jo_engine/compiler/windows/bin/../lib/gcc/sh-elf/9.3.0/../../../../sh-elf/lib\libc.a(lib_a-signalr.o)
                0x06019fdc                _kill_r
                0x0601a010                _getpid_r
 *(.strings)
 *(SEGA_P)
 *(.eh_frame_hdr)
 *(.eh_frame)
                0x0601a01c                __etext = .

.text.startup   0x0601a020       0x40
 .text.startup  0x0601a020       0x40 jo_engine/jo_engine/core.o
                0x0601a020                main

SLPROG          0x0601a060    0x11250
                0x0601a060                __slprog_start = .
 *(SLPROG)
 SLPROG         0x0601a060     0x6540 jo_engine/Compiler/COMMON/SGL_302j/LIB_ELF/SGLAREA.O
                0x0601a060                MasterStack
                0x0601a064                SlaveStack
                0x0601a068                MaxVertices
                0x0601a06a                MaxPolygons
                0x0601a06c                SortList
                0x0601a070                SortListSize
                0x0601a074                TransList
                0x0601a078                Zbuffer
                0x0601a07c                SpriteBuf
                0x0601a080                SpriteBufSize
                0x0601a084                Pbuffer
                0x0601a088                CommandBuf
                0x0601a08c                CLOfstBuf
                0x0601a090                PCM_Work
                0x0601a094                PCM_WkSize
                0x0601a098                MaxEvents
                0x0601a09a                EventSize
                0x0601a09c                MaxWorks
                0x0601a09e                WorkSize
                0x0601a0a0                RemainEvent
                0x0601a1a0                RemainWork
                0x0601a5a0                EventBuf
                0x0601c5a0                WorkBuf
 SLPROG         0x060205a0       0x20 jo_engine/Compiler/COMMON/SGL_302j/LIB_ELF/LIBSGL.A(sglB001.o)
                0x060205a0                slTVOn
                0x060205aa                slTVOff
 SLPROG         0x060205c0       0x24 jo_engine/Compiler/COMMON/SGL_302j/LIB_ELF/LIBSGL.A(sglB011.o)
                0x060205c0                slBitMapNbg1
 *fill*         0x060205e4        0xc 
 SLPROG         0x060205f0        0x8 jo_engine/Compiler/COMMON/SGL_302j/LIB_ELF/LIBSGL.A(sglB014.o)
                0x060205f0                slScrTransparent
 *fill*         0x060205f8        0x8 
 SLPROG         0x06020600      0x40c jo_engine/Compiler/COMMON/SGL_302j/LIB_ELF/LIBSGL.A(sglB015.o)
                0x06020600                slScrAutoDisp
 *fill*         0x06020a0c        0x4 
 SLPROG         0x06020a10        0xc jo_engine/Compiler/COMMON/SGL_302j/LIB_ELF/LIBSGL.A(sglB016.o)
                0x06020a10                slBack1ColSet
 *fill*         0x06020a1c        0x4 
 SLPROG         0x06020a20       0x10 jo_engine/Compiler/COMMON/SGL_302j/LIB_ELF/LIBSGL.A(sglB020.o)
                0x06020a20                slColorCalc
 SLPROG         0x06020a30        0xc jo_engine/Compiler/COMMON/SGL_302j/LIB_ELF/LIBSGL.A(sglB021.o)
                0x06020a30                slColorCalcOn
 *fill*         0x06020a3c        0x4 
 SLPROG         0x06020a40        0xc jo_engine/Compiler/COMMON/SGL_302j/LIB_ELF/LIBSGL.A(sglB023.o)
                0x06020a40                slColRate
 *fill*         0x06020a4c        0x4 
 SLPROG         0x06020a50       0x10 jo_engine/Compiler/COMMON/SGL_302j/LIB_ELF/LIBSGL.A(sglB027.o)
                0x06020a50                slColOffsetA
 SLPROG         0x06020a60       0xb4 jo_engine/Compiler/COMMON/SGL_302j/LIB_ELF/LIBSGL.A(sglB032.o)
                0x06020a60                slMapNbg1
 *fill*         0x06020b14        0xc 
 SLPROG         0x06020b20       0xd4 jo_engine/Compiler/COMMON/SGL_302j/LIB_ELF/LIBSGL.A(sglB035.o)
                0x06020b20                sl1MapRA
                0x06020bb2                rbank_set
 *fill*         0x06020bf4        0xc 
 SLPROG         0x06020c00       0xa0 jo_engine/Compiler/COMMON/SGL_302j/LIB_ELF/LIBSGL.A(sglB036.o)
                0x06020c00                sl1MapRB
 SLPROG         0x06020ca0       0x70 jo_engine/Compiler/COMMON/SGL_302j/LIB_ELF/LIBSGL.A(sglB038.o)
                0x06020ca0                slRparaInitSet
 SLPROG         0x06020d10       0x7e jo_engine/Compiler/COMMON/SGL_302j/LIB_ELF/LIBSGL.A(sglB039.o)
                0x06020d10                slMakeKtable
 *fill*         0x06020d8e        0x2 
 SLPROG         0x06020d90       0x58 jo_engine/Compiler/COMMON/SGL_302j/LIB_ELF/LIBSGL.A(sglB040.o)
                0x06020d90                slKtableRA
 *fill*         0x06020de8        0x8 
 SLPROG         0x06020df0       0x5c jo_engine/Compiler/COMMON/SGL_302j/LIB_ELF/LIBSGL.A(sglB041.o)
                0x06020df0                slKtableRB
 *fill*         0x06020e4c        0x4 
 SLPROG         0x06020e50        0x8 jo_engine/Compiler/COMMON/SGL_302j/LIB_ELF/LIBSGL.A(sglB043.o)
                0x06020e50                slRparaMode
 *fill*         0x06020e58        0x8 
 SLPROG         0x06020e60        0xc jo_engine/Compiler/COMMON/SGL_302j/LIB_ELF/LIBSGL.A(sglB047.o)
                0x06020e60                slOverRA
 *fill*         0x06020e6c        0x4 
 SLPROG         0x06020e70       0x10 jo_engine/Compiler/COMMON/SGL_302j/LIB_ELF/LIBSGL.A(sglB048.o)
                0x06020e70                slOverRB
 SLPROG         0x06020e80        0xc jo_engine/Compiler/COMMON/SGL_302j/LIB_ELF/LIBSGL.A(sglB056.o)
                0x06020e80                slPlaneNbg1
 *fill*         0x06020e8c        0x4 
 SLPROG         0x06020e90        0xc jo_engine/Compiler/COMMON/SGL_302j/LIB_ELF/LIBSGL.A(sglB059.o)
                0x06020e90                slPlaneRA
 *fill*         0x06020e9c        0x4 
 SLPROG         0x06020ea0       0x10 jo_engine/Compiler/COMMON/SGL_302j/LIB_ELF/LIBSGL.A(sglB060.o)
                0x06020ea0                slPlaneRB
 SLPROG         0x06020eb0        0xc jo_engine/Compiler/COMMON/SGL_302j/LIB_ELF/LIBSGL.A(sglB063.o)
                0x06020eb0                slPriority
 *fill*         0x06020ebc        0x4 
 SLPROG         0x06020ec0       0x18 jo_engine/Compiler/COMMON/SGL_302j/LIB_ELF/LIBSGL.A(sglB087.o)
                0x06020ec0                slLineScrollTable0
 *fill*         0x06020ed8        0x8 
 SLPROG         0x06020ee0        0x8 jo_engine/Compiler/COMMON/SGL_302j/LIB_ELF/LIBSGL.A(sglB088.o)
                0x06020ee0                slLineScrollTable1
 *fill*         0x06020ee8        0x8 
 SLPROG         0x06020ef0        0xc jo_engine/Compiler/COMMON/SGL_302j/LIB_ELF/LIBSGL.A(sglB090.o)
                0x06020ef0                slLineScrollMode
 *fill*         0x06020efc        0x4 
 SLPROG         0x06020f00       0x10 jo_engine/Compiler/COMMON/SGL_302j/LIB_ELF/LIBSGL.A(sglB117.o)
                0x06020f00                slColOffsetAUse
 SLPROG         0x06020f10       0x10 jo_engine/Compiler/COMMON/SGL_302j/LIB_ELF/LIBSGL.A(sglB118.o)
                0x06020f10                slColOffsetOff
 SLPROG         0x06020f20      0x114 jo_engine/Compiler/COMMON/SGL_302j/LIB_ELF/LIBSGL.A(sglB200.o)
                0x06020f20                slCharRbg0
                0x06020f2c                slCharNbg0
                0x06020f38                slCharNbg1
                0x06020f44                slCharNbg2
                0x06020f5a                slCharNbg3
                0x06020f72                slPageRbg0
                0x06020f88                slPageNbg1
                0x06020f90                slPageNbg2
                0x06020f98                slPageNbg3
                0x06020fa4                slPageNbg0
 *fill*         0x06021034        0xc 
 SLPROG         0x06021040       0x78 jo_engine/Compiler/COMMON/SGL_302j/LIB_ELF/LIBSGL.A(sglC05.o)
                0x06021040                slSetSprite
 *fill*         0x060210b8        0x8 
 SLPROG         0x060210c0       0xfa jo_engine/Compiler/COMMON/SGL_302j/LIB_ELF/LIBSGL.A(sglC06.o)
                0x060210c0                slDispSprite
 *fill*         0x060211ba        0x6 
 SLPROG         0x060211c0      0x162 jo_engine/Compiler/COMMON/SGL_302j/LIB_ELF/LIBSGL.A(sglC07.o)
                0x060211c6                slPutSprite
 *fill*         0x06021322        0xe 
 SLPROG         0x06021330       0x4c jo_engine/Compiler/COMMON/SGL_302j/LIB_ELF/LIBSGL.A(sglC17.o)
                0x06021330                slDispSpriteHV
 *fill*         0x0602137c        0x4 
 SLPROG         0x06021380       0xd4 jo_engine/Compiler/COMMON/SGL_302j/LIB_ELF/LIBSGL.A(sglC19.o)
                0x06021380                slDispSprite4P
 *fill*         0x06021454        0xc 
 SLPROG         0x06021460       0x40 jo_engine/Compiler/COMMON/SGL_302j/LIB_ELF/LIBSGL.A(sglC20.o)
                0x06021460                SpriteEntry
 SLPROG         0x060214a0      0x4ae jo_engine/Compiler/COMMON/SGL_302j/LIB_ELF/LIBSGL.A(sglC21.o)
                0x06021528                RotSprite
                0x060215b6                SetSprPosition
 *fill*         0x0602194e        0x2 
 SLPROG         0x06021950       0x84 jo_engine/Compiler/COMMON/SGL_302j/LIB_ELF/LIBSGL.A(sglD00.o)
                0x06021950                slCpuDMACopy
                0x06021950                slDMACopy
                0x060219aa                CSH_AllClr
                0x060219aa                slCashPurge
 *fill*         0x060219d4        0xc 
 SLPROG         0x060219e0       0xa0 jo_engine/Compiler/COMMON/SGL_302j/LIB_ELF/LIBSGL.A(sglD01.o)
                0x060219e0                slDMAXCopy
 SLPROG         0x06021a80        0xc jo_engine/Compiler/COMMON/SGL_302j/LIB_ELF/LIBSGL.A(sglD03.o)
                0x06021a80                slDMAStatus
 *fill*         0x06021a8c        0x4 
 SLPROG         0x06021a90       0x20 jo_engine/Compiler/COMMON/SGL_302j/LIB_ELF/LIBSGL.A(sglD15.o)
                0x06021a90                CSH_Purge
 SLPROG         0x06021ab0       0x84 jo_engine/Compiler/COMMON/SGL_302j/LIB_ELF/LIBSGL.A(sglD16.o)
                0x06021ab0                DMA_ScuSetPrm
                0x06021af8                DMA_SCU_PRM0
 *fill*         0x06021b34        0xc 
 SLPROG         0x06021b40       0x88 jo_engine/Compiler/COMMON/SGL_302j/LIB_ELF/LIBSGL.A(sglD17.o)
                0x06021b40                DMA_ScuStart
 *fill*         0x06021bc8        0x8 
 SLPROG         0x06021bd0       0x34 jo_engine/Compiler/COMMON/SGL_302j/LIB_ELF/LIBSGL.A(sglD18.o)
                0x06021bd0                DMA_ScuGetStatus
 *fill*         0x06021c04        0xc 
 SLPROG         0x06021c10       0x4e jo_engine/Compiler/COMMON/SGL_302j/LIB_ELF/LIBSGL.A(sglF00.o)
                0x06021c10                slCurScrn
                0x06021c20                slCurColor
                0x06021c2a                slLocate
                0x06021c5c                CurrentScreen
 *fill*         0x06021c5e        0x2 
 SLPROG         0x06021c60       0x1c jo_engine/Compiler/COMMON/SGL_302j/LIB_ELF/LIBSGL.A(sglF05.o)
                0x06021c60                slPrint
 *fill*         0x06021c7c        0x4 
 SLPROG         0x06021c80       0x34 jo_engine/Compiler/COMMON/SGL_302j/LIB_ELF/LIBSGL.A(sglF08.o)
                0x06021c80                slDec2Hex
 *fill*         0x06021cb4        0xc 
 SLPROG         0x06021cc0      0x1d0 jo_engine/Compiler/COMMON/SGL_302j/LIB_ELF/LIBSGL.A(sglG00.o)
                0x06021cc0                slInitSound
                0x06021dc4                slWaitSound
                0x06021ddc                slSndFlush
 SLPROG         0x06021e90       0x18 jo_engine/Compiler/COMMON/SGL_302j/LIB_ELF/LIBSGL.A(sglG01.o)
                0x06021e90                slSndVolume
 *fill*         0x06021ea8        0x8 
 SLPROG         0x06021eb0       0x4c jo_engine/Compiler/COMMON/SGL_302j/LIB_ELF/LIBSGL.A(sglG19.o)
                0x06021eb0                slCDDAOn
 *fill*         0x06021efc        0x4 
 SLPROG         0x06021f00      0x1e0 jo_engine/Compiler/COMMON/SGL_302j/LIB_ELF/LIBSGL.A(sglG21.o)
                0x06021f08                slPCMOn
                0x06022026                slSndPCMNum
 SLPROG         0x060220e0       0x48 jo_engine/Compiler/COMMON/SGL_302j/LIB_ELF/LIBSGL.A(sglG22.o)
                0x060220e0                slPCMOff
 *fill*         0x06022128        0x8 
 SLPROG         0x06022130       0x18 jo_engine/Compiler/COMMON/SGL_302j/LIB_ELF/LIBSGL.A(sglG25.o)
                0x06022130                slPCMStat
 *fill*         0x06022148        0x8 
 SLPROG         0x06022150      0xfc8 jo_engine/Compiler/COMMON/SGL_302j/LIB_ELF/LIBSGL.A(sglH00.o)
                0x06022168                slGetPortDir1
                0x06022170                slGetPortDir2
                0x06022178                slSetPortDir1
                0x060221a2                slSetPortDir2
                0x060221dc                slGetPortData1
                0x060221e4                slGetPortData2
                0x060221ec                slSetPortData1
                0x060221f6                slSetPortData2
                0x06022208                slGetPortSelect1
                0x06022212                slGetPortSelect2
                0x0602221c                slSetPortSelect1
                0x06022250                slSetPortSelect2
                0x0602228c                slGetPortExt1
                0x06022296                slGetPortExt2
                0x060222a0                slSetPortExt1
                0x060222d0                slSetPortExt2
                0x06022444                slSmpcDirectAccess
                0x060224c4                slInitPeripheral
                0x06022556                slSetResultBuffer
                0x060225e2                slCheckIntBackSet
                0x060225ee                slIntBackCancel
                0x06022618                slCheckReset
                0x06022622                slClearReset
                0x060227e8                slSmpcCashSend
                0x060228a4                slSmpcCashBlow
                0x06022980                slGetOptimize
                0x0602298a                slSetOptimize
                0x060229b0                slGetPortMode1
                0x060229bc                slGetPortMode2
                0x060229ca                slSetPortMode1
                0x06022a08                slSetPortMode2
                0x06022b94                slRequestCommand
                0x06022c04                Smpc_Status
                0x06022c08                Smpc_Result
                0x06022c0c                Smpc_Peripheral
                0x06022c12                Per_Connect1
                0x06022c13                Per_Connect2
                0x06022c34                SmpcStatusBuf
 *fill*         0x06023118        0x8 
 SLPROG         0x06023120       0xa8 jo_engine/Compiler/COMMON/SGL_302j/LIB_ELF/LIBSGL.A(sglH01.o)
                0x06023120                slGetLanguage
                0x0602312a                slSetLanguage
                0x0602314c                slGetSoundEffect
                0x06023158                slSetSoundEffect
                0x06023174                slGetSoundOutput
                0x06023180                slSetSoundOutput
                0x0602319c                slGetHelpWindow
                0x060231a8                slSetHelpWindow
 *fill*         0x060231c8        0x8 
 SLPROG         0x060231d0      0x470 jo_engine/Compiler/COMMON/SGL_302j/LIB_ELF/LIBSGL.A(sglH02.o)
                0x060235c0                smpc_pfr_tbl
                0x06023600                smpc_ptf_tbl
 SLPROG         0x06023640       0x60 jo_engine/Compiler/COMMON/SGL_302j/LIB_ELF/LIBSGL.A(sglH04.o)
                0x06023640                slComPrmIntBack
                0x06023654                slComPrmSetMemory
                0x0602366a                slComPrmSetTime
 SLPROG         0x060236a0      0x3a4 jo_engine/Compiler/COMMON/SGL_302j/LIB_ELF/LIBSGL.A(sglI01.o)
                0x060236a0                slInitSynch
                0x060236ba                slSynch
                0x060237b0                slRandom
                0x060237ce                PCM_EndCheck
                0x0602388a                RetPCMBuf
                0x06023924                PCM_Buf
                0x060239c4                Sound_Buf
 *fill*         0x06023a44        0xc 
 SLPROG         0x06023a50       0x10 jo_engine/Compiler/COMMON/SGL_302j/LIB_ELF/LIBSGL.A(sglI04.o)
                0x06023a50                slIntFunction
 SLPROG         0x06023a60       0x74 jo_engine/Compiler/COMMON/SGL_302j/LIB_ELF/LIBSGL.A(sglJ00.o)
                0x06023a60                InitSlaveSH
                0x06023ac8                SlaveCommand
 *fill*         0x06023ad4        0xc 
 SLPROG         0x06023ae0      0x3d0 jo_engine/Compiler/COMMON/SGL_302j/LIB_ELF/LIBSGL.A(sglJ01.o)
                0x06023ae0                SlaveControl
                0x06023e9c                ErasePolygonData
 SLPROG         0x06023eb0     0x12b8 jo_engine/Compiler/COMMON/SGL_302j/LIB_ELF/LIBSGL.A(sglJ02.o)
                0x06023eb0                sbMakePolygon
                0x06024098                sbCalcPolygon
                0x06024dd0                SetTexture
                0x06024ddc                SetPolygon
                0x06024de4                SetPosition
                0x06024e1c                stvtc_4
                0x06024ed4                stvtc_3
                0x060250e4                stvtc_1
                0x060250f8                stvtc_2
                0x0602510c                stvtc_0
 *fill*         0x06025168        0x8 
 SLPROG         0x06025170      0x140 jo_engine/Compiler/COMMON/SGL_302j/LIB_ELF/LIBSGL.A(sglJ03.o)
                0x06025170                sbMakeDMATable
 SLPROG         0x060252b0      0x470 jo_engine/Compiler/COMMON/SGL_302j/LIB_ELF/LIBSGL.A(sglJ04.o)
                0x0602530e                sbMakeSprite
                0x06025374                sbMakeRotSprite
 SLPROG         0x06025720       0x3c jo_engine/Compiler/COMMON/SGL_302j/LIB_ELF/LIBSGL.A(sglJ05.o)
                0x06025720                sbSortEntry
 *fill*         0x0602575c        0x4 
 SLPROG         0x06025760       0x6a jo_engine/Compiler/COMMON/SGL_302j/LIB_ELF/LIBSGL.A(sglM01.o)
                0x06025760                slSetDepthLimit
                0x0602578c                slSetDepthTbl
                0x060257bc                DepthWorkArea
 *fill*         0x060257ca        0x6 
 SLPROG         0x060257d0       0x20 jo_engine/Compiler/COMMON/SGL_302j/LIB_ELF/LIBSGL.A(sglA00.o)
                0x060257d0                set_imask
                0x060257d0                _builtin_set_imask
                0x060257e4                _builtin_get_imask
                0x060257e4                get_imask
 SLPROG         0x060257f0     0x411e jo_engine/Compiler/COMMON/SGL_302j/LIB_ELF/LIBSGL.A(sglA01.o)
                0x060257f0                slSin
                0x06025814                slCos
                0x06025838                GetSinCos
                0x060258cc                sin_cos_index_tbl
                0x0602590c                sin_tbl
 *fill*         0x0602990e        0x2 
 SLPROG         0x06029910      0x42c jo_engine/Compiler/COMMON/SGL_302j/LIB_ELF/LIBSGL.A(sglA20.o)
                0x06029910                slInitMatrix
                0x0602991a                slPushUnitMatrix
                0x0602992e                slUnitMatrix
 *fill*         0x06029d3c        0x4 
 SLPROG         0x06029d40      0xbd0 jo_engine/Compiler/COMMON/SGL_302j/LIB_ELF/LIBSGL.A(sglB000.o)
                0x06029d40                slInitScroll
                0x06029e60                setASC_1to8
                0x06029e90                setASC_4to8
                0x06029fa0                TVSizeTbl
                0x0602a020                TVModeTbl
                0x0602a1f8                SGL_ASCII_CG
 SLPROG         0x0602a910      0x134 jo_engine/Compiler/COMMON/SGL_302j/LIB_ELF/LIBSGL.A(sglC00.o)
                0x0602a910                slInitSprite
 *fill*         0x0602aa44        0xc 
 SLPROG         0x0602aa50       0x10 jo_engine/Compiler/COMMON/SGL_302j/LIB_ELF/LIBSGL.A(sglD02.o)
                0x0602aa50                slDMAWait
 SLPROG         0x0602aa60      0x75c jo_engine/Compiler/COMMON/SGL_302j/LIB_ELF/LIBSGL.A(sglI00.o)
                0x0602ad50                slInitInterrupt
 *fill*         0x0602b1bc        0x4 
 SLPROG         0x0602b1c0       0xf0 jo_engine/Compiler/COMMON/SGL_302j/LIB_ELF/LIBSGL.A(sglH03.o)
                0x0602b224                slSmpcIntBack
                0x0602b2b0                __slprog_end = .

.tors           0x0602b2b0        0x0
                0x0602b2b0                ___ctors = .
 *(.ctors)
                0x0602b2b0                ___ctors_end = .
                0x0602b2b0                ___dtors = .
 *(.dtors)
                0x0602b2b0                ___dtors_end = .

.data           0x0602b2b0     0x6d30
 *(.data)
 .data          0x0602b2b0        0x0 jo_engine/Compiler/COMMON/SGL_302j/LIB_ELF/SGLAREA.O
 .data          0x0602b2b0        0x8 main.o
 .data          0x0602b2b8        0x0 filelist.o
 .data          0x0602b2b8        0x0 satiator_functions.o
 .data          0x0602b2b8        0x0 Save-Game-Copier/md5/md5.o
 .data          0x0602b2b8        0x0 Save-Game-Copier/satiator/cd.o
 .data          0x0602b2b8        0x0 Save-Game-Copier/satiator/satiator.o
 .data          0x0602b2b8        0x0 Save-Game-Copier/backup-cd.o
 .data          0x0602b2b8        0x0 Save-Game-Copier/util.o
 .data          0x0602b2b8        0x0 Save-Game-Copier/backup-saturn.o
 .data          0x0602b2b8        0x4 Save-Game-Copier/backup-mode.o
                0x0602b2b8                SaveDirectory
 .data          0x0602b2bc        0x0 Save-Game-Copier/backup-satiator.o
 .data          0x0602b2bc        0x0 Save-Game-Copier/backup.o
 .data          0x0602b2bc        0x0 Save-Game-Copier/bup_header.o
 .data          0x0602b2bc        0x0 jo_engine/jo_engine/backup.o
 .data          0x0602b2bc        0x0 jo_engine/jo_engine/tga.o
 .data          0x0602b2bc     0x682f jo_engine/jo_engine/audio.o
                0x0602b2f8                sddrvstsk
 *fill*         0x06031aeb        0x1 
 .data          0x06031aec        0x4 jo_engine/jo_engine/fs.o
 .data          0x06031af0        0x0 jo_engine/jo_engine/font.o
 .data          0x06031af0        0x0 jo_engine/jo_engine/input.o
 .data          0x06031af0        0x0 jo_engine/jo_engine/physics.o
 .data          0x06031af0        0x0 jo_engine/jo_engine/core.o
 .data          0x06031af0        0x4 jo_engine/jo_engine/math.o
                0x06031af0                jo_random_seed
 .data          0x06031af4        0x0 jo_engine/jo_engine/malloc.o
 .data          0x06031af4        0x0 jo_engine/jo_engine/tools.o
 .data          0x06031af4        0x0 jo_engine/jo_engine/palette.o
 .data          0x06031af4       0x2c jo_engine/jo_engine/sprites.o
                0x06031af8                __jo_gouraud_shading_runtime_index
                0x06031afc                __jo_sprite_pos
                0x06031b08                __jo_sprite_attributes
 .data          0x06031b20        0x0 jo_engine/jo_engine/map.o
 .data          0x06031b20        0x0 jo_engine/jo_engine/list.o
 .data          0x06031b20        0x4 jo_engine/jo_engine/sprite_animator.o
 .data          0x06031b24        0x0 jo_engine/jo_engine/image.o
 .data          0x06031b24        0x0 jo_engine/jo_engine/vdp2.o
 .data          0x06031b24        0x0 jo_engine/jo_engine/time.o
 .data          0x06031b24        0x0 jo_engine/jo_engine/vdp1_command_pipeline.o
 .data          0x06031b24       0x10 jo_engine/jo_engine/vdp2_malloc.o
 .data          0x06031b34        0x0 mode/mode_intf.a(mode_intf.o)
 *fill*         0x06031b34        0xc 
 .data          0x06031b40        0x0 jo_engine/Compiler/COMMON/SGL_302j/LIB_ELF/SEGA_SYS.A(sys_exit.o)
 .data          0x06031b40        0x0 jo_engine/Compiler/COMMON/SGL_302j/LIB_ELF/SEGA_SYS.A(sys_sub.o)
 .data          0x06031b40        0x0 jo_engine/Compiler/COMMON/SGL_302j/LIB_ELF/LIBCD.A(CDC_CMN.O)
 .data          0x06031b40        0x0 jo_engine/Compiler/COMMON/SGL_302j/LIB_ELF/LIBCD.A(CDC_DRV.O)
 .data          0x06031b40        0x0 jo_engine/Compiler/COMMON/SGL_302j/LIB_ELF/LIBCD.A(CDC_CFS.O)
 .data          0x06031b40        0x0 jo_engine/Compiler/COMMON/SGL_302j/LIB_ELF/LIBCD.A(CDC_REG.O)
 .data          0x06031b40        0x0 jo_engine/Compiler/COMMON/SGL_302j/LIB_ELF/LIBCD.A(CDC_SUB.O)
 .data          0x06031b40        0x0 jo_engine/Compiler/COMMON/SGL_302j/LIB_ELF/LIBCD.A(GFS.O)
 .data          0x06031b40        0x0 jo_engine/Compiler/COMMON/SGL_302j/LIB_ELF/LIBCD.A(GFS_BUF.O)
 .data          0x06031b40        0x0 jo_engine/Compiler/COMMON/SGL_302j/LIB_ELF/LIBCD.A(GFS_CDB.O)
 .data          0x06031b40        0x0 jo_engine/Compiler/COMMON/SGL_302j/LIB_ELF/LIBCD.A(GFS_CDC.O)
 .data          0x06031b40        0x0 jo_engine/Compiler/COMMON/SGL_302j/LIB_ELF/LIBCD.A(GFS_CDF.O)
 .data          0x06031b40        0x0 jo_engine/Compiler/COMMON/SGL_302j/LIB_ELF/LIBCD.A(GFS_DIR.O)
 .data          0x06031b40        0x0 jo_engine/Compiler/COMMON/SGL_302j/LIB_ELF/LIBCD.A(GFS_TRN.O)
 .data          0x06031b40        0x0 jo_engine/Compiler/COMMON/SGL_302j/LIB_ELF/LIBCD.A(CDC_DEV.O)
 .data          0x06031b40        0x0 jo_engine/Compiler/COMMON/SGL_302j/LIB_ELF/LIBCD.A(CDC_SEL.O)
 .data          0x06031b40        0x0 jo_engine/Compiler/COMMON/SGL_302j/LIB_ELF/LIBCD.A(CDC_BIF.O)
 .data          0x06031b40        0x0 jo_engine/Compiler/COMMON/SGL_302j/LIB_ELF/LIBCD.A(CDC_BIO.O)
 .data          0x06031b40        0x0 jo_engine/Compiler/COMMON/SGL_302j/LIB_ELF/LIBSGL.A(sglB001.o)
 .data          0x06031b40        0x0 jo_engine/Compiler/COMMON/SGL_302j/LIB_ELF/LIBSGL.A(sglB011.o)
 .data          0x06031b40        0x0 jo_engine/Compiler/COMMON/SGL_302j/LIB_ELF/LIBSGL.A(sglB014.o)
 .data          0x06031b40        0x0 jo_engine/Compiler/COMMON/SGL_302j/LIB_ELF/LIBSGL.A(sglB015.o)
 .data          0x06031b40        0x0 jo_engine/Compiler/COMMON/SGL_302j/LIB_ELF/LIBSGL.A(sglB016.o)
 .data          0x06031b40        0x0 jo_engine/Compiler/COMMON/SGL_302j/LIB_ELF/LIBSGL.A(sglB020.o)
 .data          0x06031b40        0x0 jo_engine/Compiler/COMMON/SGL_302j/LIB_ELF/LIBSGL.A(sglB021.o)
 .data          0x06031b40        0x0 jo_engine/Compiler/COMMON/SGL_302j/LIB_ELF/LIBSGL.A(sglB023.o)
 .data          0x06031b40        0x0 jo_engine/Compiler/COMMON/SGL_302j/LIB_ELF/LIBSGL.A(sglB027.o)
 .data          0x06031b40        0x0 jo_engine/Compiler/COMMON/SGL_302j/LIB_ELF/LIBSGL.A(sglB032.o)
 .data          0x06031b40        0x0 jo_engine/Compiler/COMMON/SGL_302j/LIB_ELF/LIBSGL.A(sglB035.o)
 .data          0x06031b40        0x0 jo_engine/Compiler/COMMON/SGL_302j/LIB_ELF/LIBSGL.A(sglB036.o)
 .data          0x06031b40        0x0 jo_engine/Compiler/COMMON/SGL_302j/LIB_ELF/LIBSGL.A(sglB038.o)
 .data          0x06031b40        0x0 jo_engine/Compiler/COMMON/SGL_302j/LIB_ELF/LIBSGL.A(sglB039.o)
 .data          0x06031b40        0x0 jo_engine/Compiler/COMMON/SGL_302j/LIB_ELF/LIBSGL.A(sglB040.o)
 .data          0x06031b40        0x0 jo_engine/Compiler/COMMON/SGL_302j/LIB_ELF/LIBSGL.A(sglB041.o)
 .data          0x06031b40        0x0 jo_engine/Compiler/COMMON/SGL_302j/LIB_ELF/LIBSGL.A(sglB043.o)
 .data          0x06031b40        0x0 jo_engine/Compiler/COMMON/SGL_302j/LIB_ELF/LIBSGL.A(sglB047.o)
 .data          0x06031b40        0x0 jo_engine/Compiler/COMMON/SGL_302j/LIB_ELF/LIBSGL.A(sglB048.o)
 .data          0x06031b40        0x0 jo_engine/Compiler/COMMON/SGL_302j/LIB_ELF/LIBSGL.A(sglB056.o)
 .data          0x06031b40        0x0 jo_engine/Compiler/COMMON/SGL_302j/LIB_ELF/LIBSGL.A(sglB059.o)
 .data          0x06031b40        0x0 jo_engine/Compiler/COMMON/SGL_302j/LIB_ELF/LIBSGL.A(sglB060.o)
 .data          0x06031b40        0x0 jo_engine/Compiler/COMMON/SGL_302j/LIB_ELF/LIBSGL.A(sglB063.o)
 .data          0x06031b40        0x0 jo_engine/Compiler/COMMON/SGL_302j/LIB_ELF/LIBSGL.A(sglB087.o)
 .data          0x06031b40        0x0 jo_engine/Compiler/COMMON/SGL_302j/LIB_ELF/LIBSGL.A(sglB088.o)
 .data          0x06031b40        0x0 jo_engine/Compiler/COMMON/SGL_302j/LIB_ELF/LIBSGL.A(sglB090.o)
 .data          0x06031b40        0x0 jo_engine/Compiler/COMMON/SGL_302j/LIB_ELF/LIBSGL.A(sglB117.o)
 .data          0x06031b40        0x0 jo_engine/Compiler/COMMON/SGL_302j/LIB_ELF/LIBSGL.A(sglB118.o)
 .data          0x06031b40        0x0 jo_engine/Compiler/COMMON/SGL_302j/LIB_ELF/LIBSGL.A(sglB200.o)
 .data          0x06031b40        0x0 jo_engine/Compiler/COMMON/SGL_302j/LIB_ELF/LIBSGL.A(sglC05.o)
 .data          0x06031b40        0x0 jo_engine/Compiler/COMMON/SGL_302j/LIB_ELF/LIBSGL.A(sglC06.o)
 .data          0x06031b40        0x0 jo_engine/Compiler/COMMON/SGL_302j/LIB_ELF/LIBSGL.A(sglC07.o)
 .data          0x06031b40        0x0 jo_engine/Compiler/COMMON/SGL_302j/LIB_ELF/LIBSGL.A(sglC17.o)
 .data          0x06031b40        0x0 jo_engine/Compiler/COMMON/SGL_302j/LIB_ELF/LIBSGL.A(sglC19.o)
 .data          0x06031b40        0x0 jo_engine/Compiler/COMMON/SGL_302j/LIB_ELF/LIBSGL.A(sglC20.o)
 .data          0x06031b40        0x0 jo_engine/Compiler/COMMON/SGL_302j/LIB_ELF/LIBSGL.A(sglC21.o)