Archive member included to satisfy reference by file (symbol)

../../Compiler/COMMON/SGL_302j/LIB_ELF/SEGA_SYS.A(sys_exit.o)
                              ../../jo_engine/core.o (SYS_Exit)
../../Compiler/COMMON/SGL_302j/LIB_ELF/SEGA_SYS.A(sys_sub.o)
                              ../../Compiler/COMMON/SGL_302j/LIB_ELF/SEGA_SYS.A(sys_exit.o) (SYSUB_SetStackptr)
../../Compiler/COMMON/SGL_302j/LIB_ELF/LIBCD.A(CDC_CMN.O)
                              ../../Compiler/COMMON/SGL_302j/LIB_ELF/SEGA_SYS.A(sys_exit.o) (CDC_GetCurStat)
../../Compiler/COMMON/SGL_302j/LIB_ELF/LIBCD.A(CDC_CFS.O)
                              ../../Compiler/COMMON/SGL_302j/LIB_ELF/SEGA_SYS.A(sys_exit.o) (CDC_ChgDir)
../../Compiler/COMMON/SGL_302j/LIB_ELF/LIBCD.A(CDC_REG.O)
                              ../../Compiler/COMMON/SGL_302j/LIB_ELF/SEGA_SYS.A(sys_exit.o) (CDC_GetHirqReq)
../../Compiler/COMMON/SGL_302j/LIB_ELF/LIBCD.A(CDC_SUB.O)
                              ../../Compiler/COMMON/SGL_302j/LIB_ELF/LIBCD.A(CDC_CMN.O) (CDSUB_UpdStatus)
../../Compiler/COMMON/SGL_302j/LIB_ELF/LIBCD.A(GFS.O)
                              ../../jo_engine/fs.o (GFS_Init)
../../Compiler/COMMON/SGL_302j/LIB_ELF/LIBCD.A(GFS_BUF.O)
                              ../../Compiler/COMMON/SGL_302j/LIB_ELF/LIBCD.A(GFS.O) (GFBF_GetNumData)
../../Compiler/COMMON/SGL_302j/LIB_ELF/LIBCD.A(GFS_CDB.O)
                              ../../Compiler/COMMON/SGL_302j/LIB_ELF/LIBCD.A(GFS.O) (GFCB_Close)
../../Compiler/COMMON/SGL_302j/LIB_ELF/LIBCD.A(GFS_CDC.O)
                              ../../Compiler/COMMON/SGL_302j/LIB_ELF/LIBCD.A(GFS.O) (GFCD_SetCdbfs)
../../Compiler/COMMON/SGL_302j/LIB_ELF/LIBCD.A(GFS_CDF.O)
                              ../../Compiler/COMMON/SGL_302j/LIB_ELF/LIBCD.A(GFS.O) (GFCF_Init)
../../Compiler/COMMON/SGL_302j/LIB_ELF/LIBCD.A(GFS_DIR.O)
                              ../../Compiler/COMMON/SGL_302j/LIB_ELF/LIBCD.A(GFS.O) (GFDR_SetupDirTbl)
../../Compiler/COMMON/SGL_302j/LIB_ELF/LIBCD.A(GFS_TRN.O)
                              ../../Compiler/COMMON/SGL_302j/LIB_ELF/LIBCD.A(GFS.O) (GFTR_Setup)
../../Compiler/COMMON/SGL_302j/LIB_ELF/LIBCD.A(CDC_DRV.O)
                              ../../Compiler/COMMON/SGL_302j/LIB_ELF/LIBCD.A(GFS_CDC.O) (CDC_CdPlay)
../../Compiler/COMMON/SGL_302j/LIB_ELF/LIBCD.A(CDC_DEV.O)
                              ../../Compiler/COMMON/SGL_302j/LIB_ELF/LIBCD.A(GFS_CDC.O) (CDC_CdSetCon)
../../Compiler/COMMON/SGL_302j/LIB_ELF/LIBCD.A(CDC_SEL.O)
                              ../../Compiler/COMMON/SGL_302j/LIB_ELF/LIBCD.A(GFS_CDC.O) (CDC_SetFiltRange)
../../Compiler/COMMON/SGL_302j/LIB_ELF/LIBCD.A(CDC_BIF.O)
                              ../../Compiler/COMMON/SGL_302j/LIB_ELF/LIBCD.A(GFS_CDC.O) (CDC_GetBufSiz)
../../Compiler/COMMON/SGL_302j/LIB_ELF/LIBCD.A(CDC_BIO.O)
                              ../../Compiler/COMMON/SGL_302j/LIB_ELF/LIBCD.A(GFS_CDC.O) (CDC_SetSctLen)
../../Compiler/COMMON/SGL_302j/LIB_ELF/LIBSGL.A(sglB001.o)
                              ../../jo_engine/core.o (slTVOn)
../../Compiler/COMMON/SGL_302j/LIB_ELF/LIBSGL.A(sglB011.o)
                              ../../jo_engine/vdp2.o (slBitMapNbg1)
../../Compiler/COMMON/SGL_302j/LIB_ELF/LIBSGL.A(sglB014.o)
                              ../../jo_engine/vdp2.o (slScrTransparent)
../../Compiler/COMMON/SGL_302j/LIB_ELF/LIBSGL.A(sglB015.o)
                              ../../jo_engine/vdp2.o (slScrAutoDisp)
../../Compiler/COMMON/SGL_302j/LIB_ELF/LIBSGL.A(sglB016.o)
                              ../../jo_engine/vdp2.o (slBack1ColSet)
../../Compiler/COMMON/SGL_302j/LIB_ELF/LIBSGL.A(sglB020.o)
                              ../../jo_engine/vdp2.o (slColorCalc)
../../Compiler/COMMON/SGL_302j/LIB_ELF/LIBSGL.A(sglB021.o)
                              ../../jo_engine/vdp2.o (slColorCalcOn)
../../Compiler/COMMON/SGL_302j/LIB_ELF/LIBSGL.A(sglB023.o)
                              ../../jo_engine/vdp2.o (slColRate)
../../Compiler/COMMON/SGL_302j/LIB_ELF/LIBSGL.A(sglB031.o)
                              ../../jo_engine/vdp2.o (slMapNbg0)
../../Compiler/COMMON/SGL_302j/LIB_ELF/LIBSGL.A(sglB032.o)
                              ../../jo_engine/vdp2.o (slMapNbg1)
../../Compiler/COMMON/SGL_302j/LIB_ELF/LIBSGL.A(sglB033.o)
                              ../../jo_engine/vdp2.o (slMapNbg2)
../../Compiler/COMMON/SGL_302j/LIB_ELF/LIBSGL.A(sglB034.o)
                              ../../jo_engine/vdp2.o (slMapNbg3)
../../Compiler/COMMON/SGL_302j/LIB_ELF/LIBSGL.A(sglB035.o)
                              ../../jo_engine/vdp2.o (sl1MapRA)
../../Compiler/COMMON/SGL_302j/LIB_ELF/LIBSGL.A(sglB036.o)
                              ../../jo_engine/vdp2.o (sl1MapRB)
../../Compiler/COMMON/SGL_302j/LIB_ELF/LIBSGL.A(sglB038.o)
                              ../../jo_engine/vdp2.o (slRparaInitSet)
../../Compiler/COMMON/SGL_302j/LIB_ELF/LIBSGL.A(sglB039.o)
                              ../../jo_engine/vdp2.o (slMakeKtable)
../../Compiler/COMMON/SGL_302j/LIB_ELF/LIBSGL.A(sglB040.o)
[...]
Memory Configuration

Name             Origin             Length             Attributes
*default*        0x00000000         0xffffffff

Linker script and memory map

TARGET(elf32-sh)

SLSTART         0x06004000       0x30
                0x06004000                ___Start = .
 *(SLSTART)
 SLSTART        0x06004000       0x28 ../../Compiler/COMMON/SGL_302j/LIB_ELF/LIBSGL.A(sglI00.o)
                0x06004000                SGL_Start
                0x06004002                slStartSGL

.text           0x06004040    0x18d50
 *(.text)
 .text          0x06004040        0x0 ../../Compiler/COMMON/SGL_302j/LIB_ELF/SGLAREA.O
 .text          0x06004040      0x364 pad_controllers.o
                0x060040c0                initControllers
                0x060040ec                updateControllerButtonStatus
                0x06004104                updateController
                0x06004380                updateControllers
 .text          0x060043a4      0x118 debug.o
                0x0600440c                debug_print
 .text          0x060044bc      0x154 main.o
                0x060044bc                draw_objects
                0x060044f0                application_logic
                0x060045c0                jo_main
 .text          0x06004610       0xe8 font.o
                0x06004610                font_palette_handling
                0x06004694                load_nbg2_font
 .text          0x060046f8      0x338 sprite_manager.o
                0x06004760                init_sprites
                0x0600479c                get_free_sprite
                0x060047d0                create_sprite
                0x06004840                get_free_texture
                0x06004870                load_sprite_texture
                0x060048c4                draw_sprites
 .text          0x06004a30      0x4b0 satiator_functions.o
                0x06004bf4                satiatorWriteData
                0x06004c6c                satiatorWriteU8
                0x06004c88                satiatorWriteU16
                0x06004cc8                satiatorWriteU32
                0x06004ce4                satiatorEmulateDesc
                0x06004d7c                satiatorTryLaunchFile
                0x06004dd0                satiatorExecutableFilter
                0x06004e50                s_gets
 .text          0x06004ee0       0xd8 background.o
                0x06004f48                load_background
                0x06004f80                init_background
 .text          0x06004fb8      0x2fc states/splash.o
                0x06005020                logic_splash
 .text          0x060052b4      0x7a0 states/gamelist.o
                0x0600535c                sortDirEntries
                0x06005380                displayGameListItem
                0x06005464                displayGameList
                0x06005544                loadGameList
                0x0600570c                launchSelectedGame
                0x0600576c                logic_gamelist
 .text          0x06005a54      0x180 satiator/jhloader.o
                0x06005b80                boot_disc
 .text          0x06005bd4     0x1560 satiator/satiator.o
                0x06005d00                exec_cmd
                0x06005e70                s_open
                0x06005f88                s_close
                0x06006008                s_seek
                0x060060a0                s_read
                0x060061d4                s_write
                0x06006300                s_sync
                0x0600630c                s_truncate
                0x060063a0                s_stat
                0x06006568                s_rename
                0x060066a4                s_mkdir
                0x060067b4                s_unlink
                0x060068c4                s_opendir
                0x060069d4                s_chdir
                0x06006ae4                s_getcwd
                0x06006c48                s_mode
                0x06006cf0                s_emulate
                0x06006e00                s_get_fw_version
                0x06006f24                s_get_bootloader_version
                0x06007000                s_get_serial_number
                0x060070dc                s_find_cartridge
 .text          0x06007134      0xf70 satiator/disc_format/cue2desc.o
                0x06007234                my_strtok
                0x0600729c                my_strtok_r
                0x0600733c                my_strdup
                0x0600737c                cue2desc
 .text          0x060080a4      0x450 satiator/disc_format/cdparse.o
                0x06008268                cdparse_set_error
                0x060082dc                iso2desc
                0x06008420                image2desc
 .text          0x060084f4      0x7a0 satiator/iapetus/cd/cd.o
                0x0600855c                cd_write_command
                0x0600857c                cd_read_return_status
                0x060085a0                cd_wait_hirq
                0x060085c8                cd_exec_command
                0x060086ec                cd_end_transfer
                0x06008720                cd_play_fad
                0x06008768                cd_connect_cd_to_filter
                0x0600879c                cd_reset_selector_one
                0x060087a8                cd_reset_selector_all
                0x060087b8                cd_is_data_ready
                0x06008800                cd_set_sector_size
                0x0600883c                cd_get_then_delete_sector_data
                0x06008870                cd_abort_file
                0x0600889c                cd_transfer_data_bytes
                0x0600898c                cd_get_stat
                0x06008a08                is_cd_auth
                0x06008a70                cd_auth
                0x06008afc                cd_stop_drive
                0x06008b5c                is_cd_present
                0x06008ba0                cd_read_sector
 .text          0x06008c94      0x128 satiator/iapetus/cd/cdsect.o
                0x06008cfc                cd_put_sector_data
                0x06008d30                cd_move_sector_data
                0x06008d68                cd_get_buffer_size
 .text          0x06008dbc       0x20 satiator/iapetus/sh2/sh2int.o
                0x06008dbc                interrupt_set_level_mask
                0x06008dd0                interrupt_get_level_mask
 .text          0x06008ddc      0x154 satiator/iapetus/video/vdpinit.o
                0x06008f08                vdp_wait_vblankin
                0x06008f1c                vdp_wait_vblankout
 .text          0x06008f30     0x12fc ../../jo_engine/backup.o
                0x06008f98                jo_backup_get_free_block_count
                0x06008fe8                jo_backup_format_device
                0x060090c0                jo_backup_mount
                0x0600922c                jo_backup_read_device
                0x06009438                jo_backup_file_exists
                0x0600953c                jo_backup_get_file_partition
                0x0600963c                jo_backup_init_file
                0x060096a8                jo_backup_save
                0x060099ac                jo_backup_load_file_comment
                0x06009aa0                jo_backup_load_file_contents
                0x06009c94                jo_backup_delete_file
                0x06009e00                jo_backup_unmount
                0x06009eb0                jo_backup_get_file_last_modified_date
                0x0600a004                jo_backup_get_file_info
                0x0600a1a4                jo_backup_get_file_size
                0x0600a1c4                jo_backup_get_last_status
 .text          0x0600a22c      0x8a8 ../../jo_engine/tga.o
                0x0600a4a8                jo_set_tga_palette_handling
                0x0600a4b4                __jo_tga_load
                0x0600a5d4                __jo_tga_any_loader_from_stream
                0x0600a61c                jo_tga_8bits_loader_from_stream
                0x0600a634                jo_tga_loader_from_stream
                0x0600a64c                __jo_tga_any_loader
                0x0600a69c                jo_tga_8bits_loader
                0x0600a6b8                jo_tga_loader
                0x0600a6d4                jo_sprite_add_tga_tileset
                0x0600a92c                jo_sprite_add_tga_from_stream
                0x0600a9e4                jo_sprite_add_tga
 .text          0x0600aad4      0x94c ../../jo_engine/fs.o
                0x0600ab3c                jo_fs_init
                0x0600abec                jo_fs_do_background_jobs
                0x0600aca8                jo_fs_read_file_async_ptr
                0x0600ae4c                jo_fs_cd
                0x0600aebc                jo_fs_read_file_ptr
                0x0600b058                jo_fs_read_file_in_dir
                0x0600b0a4                jo_fs_open
                0x0600b1a0                jo_fs_seek_forward
                0x0600b2b0                jo_fs_read_next_bytes
                0x0600b394                jo_fs_close
                0x0600b3e0                jo_fs_set_read_sector_count
 .text          0x0600b420      0x574 ../../jo_engine/font.o
                0x0600b488                jo_font_load
                0x0600b718                jo_font_print
                0x0600b83c                jo_font_print_centered
 .text          0x0600b994      0x118 ../../jo_engine/input.o
                0x0600b9fc                jo_get_inputs_vblank
                0x0600ba44                jo_get_input_type
                0x0600ba88                jo_get_input_count
 .text          0x0600baac        0x0 ../../jo_engine/physics.o
 .text          0x0600baac      0x700 ../../jo_engine/core.o
                0x0600bb88                __jo_core_set_screens_order
                0x0600bcc0                jo_core_init
                0x0600be84                jo_core_add_vblank_callback
                0x0600bf00                jo_core_remove_vblank_callback
                0x0600bf58                jo_core_add_callback
                0x0600bfa0                jo_core_remove_callback
                0x0600bfd8                jo_goto_boot_menu
                0x0600bfe4                __jo_core_error
                0x0600c034                jo_core_suspend
                0x0600c074                jo_core_set_restart_game_callback
                0x0600c080                jo_core_run
                0x0600c104                jo_dump_vdp1_registers
                0x0600c158                jo_dump_vdp2_registers
 .text          0x0600c1ac      0xb50 ../../jo_engine/math.o
                0x0600c214                jo_fixed_mult
                0x0600c228                jo_fixed_dot
                0x0600c240                jo_fixed_pow
                0x0600c278                jo_fixed_div
                0x0600c2a0                jo_fixed_sin
                0x0600c3a4                jo_gcd
                0x0600c40c                jo_atan2f_rad
                0x0600c5d0                jo_planar_rotate
                0x0600c73c                jo_random
                0x0600c7ac                jo_vector_fixed_compute_bezier_point
                0x0600c93c                jo_vectorf_compute_bezier_point
                0x0600ca8c                jo_fixed_sqrt
                0x0600cb3c                jo_sqrt
                0x0600cb7c                jo_fixed_rsqrt
                0x0600cc8c                jo_rsqrt
 .text          0x0600ccfc      0x4b4 ../../jo_engine/malloc.o
                0x0600cd64                jo_add_memory_zone
                0x0600cdd4                jo_malloc_with_behaviour
                0x0600cf20                jo_reduce_memory_fragmentation
                0x0600cf94                jo_free
                0x0600d010                jo_memory_usage_percent
                0x0600d114                jo_memory_fragmentation
 .text          0x0600d1b0      0x3ec ../../jo_engine/tools.o
                0x0600d218                jo_getdate
                0x0600d2b4                jo_get_current_language
                0x0600d2d8                jo_tools_atoi
                0x0600d358                jo_strlen
                0x0600d3a8                jo_endwith
                0x0600d454                jo_strcmp
                0x0600d484                jo_memset
                0x0600d528                jo_map_to_vram
 .text          0x0600d59c      0x134 ../../jo_engine/palette.o
                0x0600d604                jo_create_palette
                0x0600d658                jo_set_palette_register
                0x0600d6bc                jo_get_palette_register
 .text          0x0600d6d0      0x9ec ../../jo_engine/sprites.o
                0x0600d86c                jo_sprite_usage_percent
                0x0600d8f8                jo_get_last_sprite_id
                0x0600d904                jo_sprite_init
                0x0600d988                jo_sprite_name2id
                0x0600da00                jo_sprite_replace
                0x0600db08                jo_sprite_add
                0x0600db54                jo_sprite_add_8bits_image
                0x0600dba0                jo_sprite_free_from
                0x0600dc18                jo_set_gouraud_shading_colors
                0x0600dc40                jo_set_gouraud_shading_brightness
                0x0600dc80                jo_sprite_draw_4p_fixed
                0x0600dd9c                jo_sprite_draw
                0x0600dee8                jo_sprite_draw_rotate
                0x0600e088                jo_sprite_set_clipping_area
 .text          0x0600e0bc      0x99c ../../jo_engine/map.o
                0x0600e1ec                jo_map_per_pixel_vertical_collision
                0x0600e320                jo_map_hitbox_detection_custom_boundaries
                0x0600e390                jo_map_create
                0x0600e40c                jo_map_add_tile
                0x0600e430                jo_map_add_animated_tile
                0x0600e454                jo_map_draw_background
                0x0600e4ec                jo_map_draw
                0x0600e5e8                jo_map_free
                0x0600e600                jo_map_load_from_file
                0x0600e9d8                jo_map_move_tiles_by_attribute
 .text          0x0600ea58      0x200 ../../jo_engine/list.o
                0x0600eac0                jo_list_init
                0x0600ead0                jo_list_add
                0x0600eb48                jo_list_insert_at
                0x0600ebf8                jo_list_remove
 .text          0x0600ec58      0x2bc ../../jo_engine/sprite_animator.o
                0x0600ed6c                jo_replace_sprite_anim
                0x0600ee20                jo_create_sprite_anim
                0x0600eeec                jo_clear_all_sprite_anim
 .text          0x0600ef14      0x7b0 ../../jo_engine/image.o
                0x0600ef7c                __jo_bin_load
                0x0600efcc                jo_free_img
                0x0600f014                jo_bin_loader_from_stream
                0x0600f0e4                jo_bin_loader
                0x0600f168                jo_replace_color
                0x0600f1d4                jo_sprite_add_bin_tileset
                0x0600f3cc                jo_sprite_add_bin
                0x0600f498                jo_sprite_add_bin_from_stream
                0x0600f530                jo_sprite_add_image_pack
 .text          0x0600f6c4     0x11ec ../../jo_engine/vdp2.o
                0x0600f7a8                jo_set_default_background_color
                0x0600f7e8                __jo_init_vdp2
                0x0600f844                jo_img_to_vdp2_cells
                0x0600f968                jo_vdp2_set_rbg0_plane_a_8bits_image
                0x0600fa58                jo_vdp2_set_rbg0_plane_b_8bits_image
                0x0600fb44                jo_vdp2_enable_rbg0
                0x0600fbec                jo_vdp2_disable_rbg0
                0x0600fc04                jo_vdp2_set_nbg0_8bits_image
                0x0600fd10                jo_vdp2_disable_nbg0_line_scroll
                0x0600fd34                jo_vdp2_compute_nbg0_line_scroll
                0x0600fd4c                jo_vdp2_enable_nbg0_line_scroll
                0x0600fdbc                jo_vdp2_draw_bitmap_nbg1_line
                0x0600fe7c                jo_vdp2_clear_bitmap_nbg1
                0x0600fed4                jo_vdp2_set_nbg1_8bits_image
                0x0600ffb0                jo_vdp2_set_nbg1_image
                0x0601010c                jo_vdp2_disable_nbg1_line_scroll
                0x06010130                jo_vdp2_compute_nbg1_line_scroll
                0x06010148                jo_vdp2_enable_nbg1_line_scroll
                0x060101b8                jo_nbg2_clear
                0x06010214                __jo_set_nbg2_8bits_image
                0x060102b8                jo_nbg2_print
                0x06010370                jo_vdp2_set_nbg2_8bits_font
                0x06010414                jo_vdp2_set_nbg2_8bits_image
                0x06010480                jo_nbg3_clear
                0x060104dc                __jo_set_nbg3_8bits_image
                0x06010580                jo_nbg3_print
                0x06010638                jo_vdp2_set_nbg3_8bits_font
                0x060106dc                jo_vdp2_set_nbg3_8bits_image
                0x06010748                jo_set_displayed_screens
                0x06010758                jo_disable_all_screens_transparency
                0x0601077c                jo_enable_screen_transparency
 .text          0x060108b0      0x280 ../../jo_engine/time.o
                0x06010918                jo_time_init
                0x06010944                jo_get_ticks
                0x06010a24                jo_fixed_point_time
 .text          0x06010b30       0x68 ../../jo_engine/vdp1_command_pipeline.o
 .text          0x06010b98      0x334 ../../jo_engine/vdp2_malloc.o
                0x06010c00                jo_vdp2_malloc_init
                0x06010c38                jo_vdp2_free
                0x06010cf8                jo_vdp2_malloc
 *fill*         0x06010ecc        0x4 
 .text          0x06010ed0      0x238 ../../Compiler/COMMON/SGL_302j/LIB_ELF/SEGA_SYS.A(sys_exit.o)
                0x06010ed0                sys_version
                0x06010ef0                SYS_Exit
 *fill*         0x06011108        0x8 
 .text          0x06011110        0x6 ../../Compiler/COMMON/SGL_302j/LIB_ELF/SEGA_SYS.A(sys_sub.o)
                0x06011110                SYSUB_SetStackptr
 *fill*         0x06011116        0xa 
 .text          0x06011120      0x3a0 ../../Compiler/COMMON/SGL_302j/LIB_ELF/LIBCD.A(CDC_CMN.O)
                0x06011120                CDC_GetCurStat
                0x06011170                CDC_GetLastStat
                0x06011188                CDC_GetPeriStat
                0x0601125c                CDC_GetHwInfo
                0x060112c4                CDC_TgetToc
                0x06011314                CDC_GetSes
                0x06011350                CDC_CdInit
                0x060113d4                CDC_CdOpen
                0x060113fc                CDC_DataReady
                0x06011468                CDC_DataEnd
 .text          0x060114c0      0x194 ../../Compiler/COMMON/SGL_302j/LIB_ELF/LIBCD.A(CDC_CFS.O)
                0x060114c0                CDC_ChgDir
                0x060114f4                CDC_ReadDir
                0x06011528                CDC_GetFileScope
                0x06011588                CDC_TgetFileInfo
                0x060115e4                CDC_ReadFile
                0x06011618                CDC_AbortFile
 *fill*         0x06011654        0xc 
 .text          0x06011660      0x2dc ../../Compiler/COMMON/SGL_302j/LIB_ELF/LIBCD.A(CDC_REG.O)
                0x06011660                CDC_GetDataPtr
                0x06011670                CDC_GetHirqReq
                0x06011684                CDC_ClrHirqReq
                0x060116b4                CDREG_ClrHirqReq
                0x060116c4                CDREG_InitHirqReq
                0x060116ec                CDREG_SetHirqFlag
                0x06011700                CDC_GetHirqMsk
                0x06011714                CDC_SetHirqMsk
                0x06011724                CDC_GetMpegPtr
                0x06011734                CDREG_TgetData
                0x06011790                CDREG_CmdRsp
                0x06011890                CDREG_WaitHirq
                0x06011900                CDREG_ReadRsp
 *fill*         0x0601193c        0x4 
 .text          0x06011940      0x152 ../../Compiler/COMMON/SGL_302j/LIB_ELF/LIBCD.A(CDC_SUB.O)
                0x06011940                CDSUB_UpdStatus
                0x06011958                CDSUB_UpdCdstat
                0x06011978                CDSUB_CdCmd
                0x060119e8                CDSUB_GetCdstat
                0x06011a28                CDSUB_RspToCdstat
                0x06011a70                CDSUB_SoftTimer
 *fill*         0x06011a92        0xe 
 .text          0x06011aa0     0x1adc ../../Compiler/COMMON/SGL_302j/LIB_ELF/LIBCD.A(GFS.O)
                0x06011aa0                gfs_version
                0x06011ac0                GFS_Init
                0x06011ba8                GFS_LoadDir
                0x06011c50                GFS_SetDir
                0x06011cb8                GFS_NameToId
                0x06011d1c                GFS_IdToName
                0x06011d88                GFS_GetDirInfo
                0x06011df8                GFS_Reset
                0x06011e7c                GFS_Open
                0x06011f30                GFS_Close
                0x06011f68                GFS_Seek
                0x0601201c                GFS_Tell
                0x0601206c                GFS_IsEof
                0x060120c0                GFS_ByteToSct
                0x0601211c                GFS_GetFileSize
                0x06012178                GFS_GetFileInfo
                0x060121ec                GFS_GetNumCdbuf
                0x06012214                GFS_Load
                0x060122d8                GFS_Fread
                0x06012374                gfs_waitRead
                0x0601241c                GFS_NwFread
                0x06012528                GFS_NwCdRead
                0x060125a0                GFS_NwIsComplete
                0x060125d8                GFS_NwStop
                0x06012644                GFS_NwGetStat
                0x060126c0                gfs_recovRdErr
                0x060126f0                GFS_NwExecOne
                0x060127b0                GFS_NwExecServer
                0x0601282c                GFS_SetGmode
                0x06012890                GFS_SetTmode
                0x060128fc                GFS_SetReadPara
                0x06012960                GFS_SetTransPara
                0x060129cc                GFS_SetTrFunc
                0x06012a30                GFS_StartTrans
                0x06012a7c                GFS_CdMovePickup
                0x06012ae8                GFS_SetErrFunc
                0x06012b14                GFS_GetErrStat
                0x06012b38                GFS_ConvTno
                0x06012b60                gfs_chgRoot
                0x06012c2c                gfs_aborttrans
                0x06012c38                gfs_mngSetupFuncTbl
                0x06012c6c                gfs_mngInitWork
                0x06012d10                gfs_mngGetNumFile
                0x06012d78                GFS_mngAllocGrp
                0x06012dc0                gfs_mngFreeGrp
                0x06012dcc                gfs_mngTermAccess
                0x06012e50                gfs_mngSetErrCode
                0x06012ed0                gfs_svrSearchHndl
                0x06012f10                gfs_svrAddHndl
                0x06012f4c                gfs_svrRemoveHndl
                0x06012fa8                GFS_OpenSub
                0x06013000                gfs_loadVol
                0x060130c4                gfs_getRootDir
                0x060131c0                gfs_loadRootDir
                0x06013248                gfs_flowIn
                0x060132f0                gfs_transData
                0x06013394                GFS_GetFad
                0x060133ec                gfs_SetSct
                0x0601342c                gfs_GetFinfo
                0x0601346c                gfs_closeSub
                0x060134a8                gfs_getGmode
                0x060134b4                gfs_isTaskDone
                0x06013508                gfs_convFinStat
 *fill*         0x0601357c        0x4 
 .text          0x06013580      0x106 ../../Compiler/COMMON/SGL_302j/LIB_ELF/LIBCD.A(GFS_BUF.O)
                0x060135b0                GFBF_GetTranData
                0x060135d8                GFBF_GetNumData
                0x06013608                GFBF_GetSrcPk
                0x06013630                GFBF_GetSctData
                0x06013654                GFBF_RtnPk
                0x0601367c                gfbf_getSctDt
 *fill*         0x06013686        0xa 
 .text          0x06013690      0x600 ../../Compiler/COMMON/SGL_302j/LIB_ELF/LIBCD.A(GFS_CDB.O)
                0x06013690                GFCB_Setup
                0x060137b0                GFCB_Close
                0x060137d8                GFCB_GetLenData
                0x06013884                GFCB_GetLenRoom
                0x06013890                GFCB_SetFilt
                0x060138f8                GFCB_DeleteAllData
                0x06013920                GFCB_Tell
                0x06013930                gfcb_getSctNum
                0x06013980                GFCB_Seek
                0x06013a7c                GFCB_GetSrcPack
                0x06013b5c                GFCB_GetSctData
                0x06013b94                GFCB_GetDstPack
                0x06013ba0                GFCB_RtnPk
                0x06013be8                GFCB_MovePickup
                0x06013c04                GFCB_SetCon
                0x06013c38                GFCB_GetPickup
                0x06013c60                GFCB_IsPuOwner
                0x06013c78                GFCB_UngetPickup
 .text          0x06013c90     0x1a10 ../../Compiler/COMMON/SGL_302j/LIB_ELF/LIBCD.A(GFS_CDC.O)
                0x06013c90                GFCD_SetCdbfs
                0x06013cbc                GFCD_Init
                0x06013ec0                GFCD_AllocFilt
                0x06013efc                GFCD_FreeFilt
                0x06013f2c                GFCD_AllocBuf
                0x06013f60                GFCD_FreeBuf
                0x06014004                GFCD_GetBaseFad
                0x06014038                GFCD_GetPickup
                0x0601406c                GFCD_UngetPickup
                0x06014098                GFCD_IsPuOwner
                0x060140bc                GFCD_SetFilt
                0x06014180                GFCD_GetFilt
                0x060141c8                GFCD_SetCon
                0x06014220                GFCD_Play
                0x06014280                GFCD_GetLenData
                0x060142e8                GFCD_ReqData
                0x06014344                GFCD_EndData
                0x0601438c                GFCD_DelSctData
                0x060143e4                GFCD_CheckDelSctData
                0x06014414                GFCD_GetStat
                0x060144c8                GFCD_MovePickup
                0x06014514                GFCD_MoveSctData
                0x06014588                GFCD_CheckMove
                0x060145ac                GFCD_GetSctInfo
                0x060145f4                GFCD_ChgDir
                0x06014668                GFCD_SetFiltCon
                0x06014750                GFCD_GetFileInfo
                0x0601482c                GFCD_GetBufSiz
                0x06014864                GFCD_ExecServer
                0x06014938                gfcd_isIdleTask
                0x060149c4                gfcd_doTask
                0x06014a70                GFCD_SetTimer
                0x06014a84                GFCD_WaitServer
                0x06014ac0                gfcd_doSetFiltTsk
                0x06014c84                gfcd_doSetConTsk
                0x06014d14                gfcd_doGetLenDataTsk
                0x06014e68                gfcd_doReqDataTsk
                0x06014f08                gfcd_doDelSctDataTsk
                0x0601503c                gfcd_doMoveSctTsk
                0x060151a0                gfcd_doChgDirTsk
                0x0601539c                gfcd_doSetFiltConTsk
                0x060154e0                gfcd_checkEflag
                0x06015504                gfcd_initCdbMng
                0x06015584                gfcd_setStat
                0x060155b0                GFCD_SetCsctFunc
                0x060155cc                GFCD_ChkScdqFlag
                0x060155f0                GFCD_ClrScdqFlag
                0x0601560c                GFCD_WaitScdqFlag
                0x06015650                GFCD_WaitPause
 .text          0x060156a0      0x8d8 ../../Compiler/COMMON/SGL_302j/LIB_ELF/LIBCD.A(GFS_CDF.O)
                0x060156a0                GFCF_Init
                0x06015740                GFCF_Setup
                0x06015888                GFCF_SetSct
                0x060158cc                GFCF_GetFileInfo
                0x06015940                GFCF_FlowInBuf
                0x06015a94                GFCF_StopInBuf
                0x06015b34                GFCF_Recover
                0x06015b7c                GFCF_Tell
                0x06015b94                GFCF_Seek
                0x06015bac                GFCF_MovePickup
                0x06015c48                GFCF_cnvIntlvOfs
                0x06015c9c                GFCF_GetStat
                0x06015d34                gfcf_getSctSize
                0x06015d70                gfcf_isCdOk
                0x06015e30                gfcf_getPlayRange
 *fill*         0x06015f78        0x8 
 .text          0x06015f80      0x92c ../../Compiler/COMMON/SGL_302j/LIB_ELF/LIBCD.A(GFS_DIR.O)
                0x06015f80                GFDR_SetupDirTbl
                0x06015ff4                GFDR_NameToId
                0x06016054                GFDR_GetInfoDirId
                0x06016068                GFDR_GetInfoDirName
                0x0601607c                GFDR_GetAtrDirId
                0x06016094                GFDR_GetAtrDirName
                0x060160ac                GFDR_ChgRoot
                0x060160c4                GFDR_ChgDir
                0x06016138                gfdr_setupDirIdTbl
                0x060161bc                gfdr_setupDirNameTbl
                0x06016268                gfdr_open
                0x06016290                gfdr_read
                0x06016350                gfdr_readByte
                0x0601637c                gfdr_readWord
                0x060163a8                gfdr_readWordNB
                0x060163fc                gfdr_readLongNB
                0x06016448                gfdr_readLongNM
                0x06016470                gfdr_setNextRec
                0x060164f4                gfdr_readDirEnt
                0x06016870                gfdr_setDirrecCd
 *fill*         0x060168ac        0x4 
 .text          0x060168b0      0x9c6 ../../Compiler/COMMON/SGL_302j/LIB_ELF/LIBCD.A(GFS_TRN.O)
                0x060168e0                GFTR_Setup
                0x06016924                GFTR_SetMode
                0x06016938                GFTR_SetUnit
                0x06016944                GFTR_SetTransPara
                0x06016978                GFTR_GetTransPara
                0x06016984                GFTR_GetNumTrans
                0x06016990                GFTR_SetTransMax
                0x0601699c                GFTR_Start
                0x060169a8                GFTR_Pause
                0x060169b4                GFTR_Stop
                0x06016a6c                GFTR_Exec
                0x06016af0                GFTR_Idle
                0x06016b68                GFTR_ExecSvr
                0x06016c70                gftr_getSrcPack
                0x06016cf8                gftr_getDstPack
                0x06016d54                gftr_reqScu
                0x06016d60                gftr_execScu
                0x06016dfc                gftr_remScu
                0x06016e30                gfdma_canUse
                0x06016e3c                gfdma_exec
                0x06016eac                gfdma_getBytecnt
                0x06016ee4                gftr_reqDma0
                0x06016efc                gftr_execSdma0
                0x06016f20                gftr_remDma0
                0x06016f38                gftr_reqDma1
                0x06016f50                gftr_execSdma1
                0x06016f74                gftr_remDma1
                0x06016f8c                gftr_reqCpu
                0x06016f98                gftr_execCpu
                0x06016fd8                gftr_remCpu
                0x06016fe4                gftr_reqTrn
                0x06017054                gftr_execTrn
                0x0601712c                gftr_remTrn
                0x060171a0                gftr_copyFrac
                0x060171c8                GFTR_GetLenData
                0x060171d4                GFTR_GetLenRoom
                0x060171ec                GFTR_GetDstPack
                0x06017220                GFTR_RtnDstPk
                0x0601723c                GFTR_GetData
                0x06017250                GFTR_SetData
                0x06017264                GFTR_SetTransFunc
 *fill*         0x06017276        0xa 
 .text          0x06017280      0x130 ../../Compiler/COMMON/SGL_302j/LIB_ELF/LIBCD.A(CDC_DRV.O)
                0x06017280                CDC_CdPlay
                0x0601734c                CDC_CdSeek
                0x06017380                CDC_CdScan
 .text          0x060173b0       0xa8 ../../Compiler/COMMON/SGL_302j/LIB_ELF/LIBCD.A(CDC_DEV.O)
                0x060173b0                CDC_CdSetCon
                0x060173e0                CDC_CdGetCon
                0x0601741c                CDC_CdGetLastBuf
 *fill*         0x06017458        0x8 
 .text          0x06017460      0x2b8 ../../Compiler/COMMON/SGL_302j/LIB_ELF/LIBCD.A(CDC_SEL.O)
                0x06017460                CDC_SetFiltRange
                0x06017494                CDC_GetFiltRange
                0x060174ec                CDC_SetFiltSubh
                0x0601755c                CDC_GetFiltSubh
                0x060175d8                CDC_SetFiltMode
                0x0601760c                CDC_GetFiltMode
                0x06017650                CDC_SetFiltCon
                0x06017690                CDC_GetFiltCon
                0x060176e4                CDC_ResetSelector
 *fill*         0x06017718        0x8 
 .text          0x06017720      0x270 ../../Compiler/COMMON/SGL_302j/LIB_ELF/LIBCD.A(CDC_BIF.O)
                0x06017720                CDC_GetBufSiz
                0x0601777c                CDC_GetSctNum
                0x060177c0                CDC_CalActSiz
                0x060177fc                CDC_GetActSiz
                0x0601787c                CDC_GetSctInfo
                0x060178fc                CDC_ExeFadSearch
                0x06017934                CDC_GetFadSearch
 .text          0x06017990      0x1e4 ../../Compiler/COMMON/SGL_302j/LIB_ELF/LIBCD.A(CDC_BIO.O)
                0x06017990                CDC_SetSctLen
                0x060179c4                CDC_GetSctData
                0x06017a00                CDC_DelSctData
                0x06017a3c                CDC_GetdelSctData
                0x06017a78                CDC_PutSctData
                0x06017ab0                CDC_CopySctData
                0x06017af4                CDC_MoveSctData
                0x06017b38                CDC_GetCopyErr
 *fill*         0x06017b74        0xc 
 .text          0x06017b80        0x0 ../../Compiler/COMMON/SGL_302j/LIB_ELF/LIBSGL.A(sglB001.o)
 .text          0x06017b80        0x0 ../../Compiler/COMMON/SGL_302j/LIB_ELF/LIBSGL.A(sglB011.o)
 .text          0x06017b80        0x0 ../../Compiler/COMMON/SGL_302j/LIB_ELF/LIBSGL.A(sglB014.o)
 .text          0x06017b80        0x0 ../../Compiler/COMMON/SGL_302j/LIB_ELF/LIBSGL.A(sglB015.o)
 .text          0x06017b80        0x0 ../../Compiler/COMMON/SGL_302j/LIB_ELF/LIBSGL.A(sglB016.o)
 .text          0x06017b80        0x0 ../../Compiler/COMMON/SGL_302j/LIB_ELF/LIBSGL.A(sglB020.o)
 .text          0x06017b80        0x0 ../../Compiler/COMMON/SGL_302j/LIB_ELF/LIBSGL.A(sglB021.o)
 .text          0x06017b80        0x0 ../../Compiler/COMMON/SGL_302j/LIB_ELF/LIBSGL.A(sglB023.o)
 .text          0x06017b80        0x0 ../../Compiler/COMMON/SGL_302j/LIB_ELF/LIBSGL.A(sglB031.o)
 .text          0x06017b80        0x0 ../../Compiler/COMMON/SGL_302j/LIB_ELF/LIBSGL.A(sglB032.o)
 .text          0x06017b80        0x0 ../../Compiler/COMMON/SGL_302j/LIB_ELF/LIBSGL.A(sglB033.o)
 .text          0x06017b80        0x0 ../../Compiler/COMMON/SGL_302j/LIB_ELF/LIBSGL.A(sglB034.o)
 .text          0x06017b80        0x0 ../../Compiler/COMMON/SGL_302j/LIB_ELF/LIBSGL.A(sglB035.o)
 .text          0x06017b80        0x0 ../../Compiler/COMMON/SGL_302j/LIB_ELF/LIBSGL.A(sglB036.o)
 .text          0x06017b80        0x0 ../../Compiler/COMMON/SGL_302j/LIB_ELF/LIBSGL.A(sglB038.o)
 .text          0x06017b80        0x0 ../../Compiler/COMMON/SGL_302j/LIB_ELF/LIBSGL.A(sglB039.o)
 .text          0x06017b80        0x0 ../../Compiler/COMMON/SGL_302j/LIB_ELF/LIBSGL.A(sglB040.o)
 .text          0x06017b80        0x0 ../../Compiler/COMMON/SGL_302j/LIB_ELF/LIBSGL.A(sglB041.o)
 .text          0x06017b80        0x0 ../../Compiler/COMMON/SGL_302j/LIB_ELF/LIBSGL.A(sglB043.o)
 .text          0x06017b80        0x0 ../../Compiler/COMMON/SGL_302j/LIB_ELF/LIBSGL.A(sglB047.o)
 .text          0x06017b80        0x0 ../../Compiler/COMMON/SGL_302j/LIB_ELF/LIBSGL.A(sglB048.o)
 .text          0x06017b80        0x0 ../../Compiler/COMMON/SGL_302j/LIB_ELF/LIBSGL.A(sglB055.o)
 .text          0x06017b80        0x0 ../../Compiler/COMMON/SGL_302j/LIB_ELF/LIBSGL.A(sglB056.o)
 .text          0x06017b80        0x0 ../../Compiler/COMMON/SGL_302j/LIB_ELF/LIBSGL.A(sglB057.o)
 .text          0x06017b80        0x0 ../../Compiler/COMMON/SGL_302j/LIB_ELF/LIBSGL.A(sglB058.o)
 .text          0x06017b80        0x0 ../../Compiler/COMMON/SGL_302j/LIB_ELF/LIBSGL.A(sglB059.o)
 .text          0x06017b80        0x0 ../../Compiler/COMMON/SGL_302j/LIB_ELF/LIBSGL.A(sglB060.o)
 .text          0x06017b80        0x0 ../../Compiler/COMMON/SGL_302j/LIB_ELF/LIBSGL.A(sglB063.o)
 .text          0x06017b80        0x0 ../../Compiler/COMMON/SGL_302j/LIB_ELF/LIBSGL.A(sglB087.o)
 .text          0x06017b80        0x0 ../../Compiler/COMMON/SGL_302j/LIB_ELF/LIBSGL.A(sglB088.o)
 .text          0x06017b80        0x0 ../../Compiler/COMMON/SGL_302j/LIB_ELF/LIBSGL.A(sglB090.o)
 .text          0x06017b80        0x0 ../../Compiler/COMMON/SGL_302j/LIB_ELF/LIBSGL.A(sglB200.o)
 .text          0x06017b80        0x0 ../../Compiler/COMMON/SGL_302j/LIB_ELF/LIBSGL.A(sglC05.o)
 .text          0x06017b80        0x0 ../../Compiler/COMMON/SGL_302j/LIB_ELF/LIBSGL.A(sglC06.o)
 .text          0x06017b80        0x0 ../../Compiler/COMMON/SGL_302j/LIB_ELF/LIBSGL.A(sglC07.o)
 .text          0x06017b80        0x0 ../../Compiler/COMMON/SGL_302j/LIB_ELF/LIBSGL.A(sglC17.o)
 .text          0x06017b80        0x0 ../../Compiler/COMMON/SGL_302j/LIB_ELF/LIBSGL.A(sglC19.o)
 .text          0x06017b80        0x0 ../../Compiler/COMMON/SGL_302j/LIB_ELF/LIBSGL.A(sglC20.o)
 .text          0x06017b80        0x0 ../../Compiler/COMMON/SGL_302j/LIB_ELF/LIBSGL.A(sglC21.o)
 .text          0x06017b80        0x0 ../../Compiler/COMMON/SGL_302j/LIB_ELF/LIBSGL.A(sglD00.o)
 .text          0x06017b80        0x0 ../../Compiler/COMMON/SGL_302j/LIB_ELF/LIBSGL.A(sglD01.o)
 .text          0x06017b80        0x0 ../../Compiler/COMMON/SGL_302j/LIB_ELF/LIBSGL.A(sglD03.o)
 .text          0x06017b80        0x0 ../../Compiler/COMMON/SGL_302j/LIB_ELF/LIBSGL.A(sglD15.o)
 .text          0x06017b80        0x0 ../../Compiler/COMMON/SGL_302j/LIB_ELF/LIBSGL.A(sglD16.o)
 .text          0x06017b80        0x0 ../../Compiler/COMMON/SGL_302j/LIB_ELF/LIBSGL.A(sglD17.o)
 .text          0x06017b80        0x0 ../../Compiler/COMMON/SGL_302j/LIB_ELF/LIBSGL.A(sglD18.o)
 .text          0x06017b80        0x0 ../../Compiler/COMMON/SGL_302j/LIB_ELF/LIBSGL.A(sglF08.o)
 .text          0x06017b80        0x0 ../../Compiler/COMMON/SGL_302j/LIB_ELF/LIBSGL.A(sglH00.o)
 .text          0x06017b80        0x0 ../../Compiler/COMMON/SGL_302j/LIB_ELF/LIBSGL.A(sglH01.o)
 .text          0x06017b80        0x0 ../../Compiler/COMMON/SGL_302j/LIB_ELF/LIBSGL.A(sglH02.o)
 .text          0x06017b80        0x0 ../../Compiler/COMMON/SGL_302j/LIB_ELF/LIBSGL.A(sglH04.o)
 .text          0x06017b80        0x0 ../../Compiler/COMMON/SGL_302j/LIB_ELF/LIBSGL.A(sglI01.o)
 .text          0x06017b80        0x0 ../../Compiler/COMMON/SGL_302j/LIB_ELF/LIBSGL.A(sglI04.o)
 .text          0x06017b80      0x128 ../../Compiler/COMMON/SGL_302j/LIB_ELF/LIBSGL.A(sglIc0.o)
                0x06017b80                slInitSystem
 *fill*         0x06017ca8        0x8 
 .text          0x06017cb0        0x0 ../../Compiler/COMMON/SGL_302j/LIB_ELF/LIBSGL.A(sglJ00.o)
 .text          0x06017cb0        0x0 ../../Compiler/COMMON/SGL_302j/LIB_ELF/LIBSGL.A(sglJ01.o)
 .text          0x06017cb0        0x0 ../../Compiler/COMMON/SGL_302j/LIB_ELF/LIBSGL.A(sglJ02.o)
 .text          0x06017cb0        0x0 ../../Compiler/COMMON/SGL_302j/LIB_ELF/LIBSGL.A(sglJ03.o)
 .text          0x06017cb0        0x0 ../../Compiler/COMMON/SGL_302j/LIB_ELF/LIBSGL.A(sglJ04.o)
 .text          0x06017cb0        0x0 ../../Compiler/COMMON/SGL_302j/LIB_ELF/LIBSGL.A(sglJ05.o)
 .text          0x06017cb0        0x0 ../../Compiler/COMMON/SGL_302j/LIB_ELF/LIBSGL.A(sglK01.o)
 .text          0x06017cb0        0x0 ../../Compiler/COMMON/SGL_302j/LIB_ELF/LIBSGL.A(sglM01.o)
 .text          0x06017cb0        0x0 ../../Compiler/COMMON/SGL_302j/LIB_ELF/LIBSGL.A(sglA00.o)
 .text          0x06017cb0        0x0 ../../Compiler/COMMON/SGL_302j/LIB_ELF/LIBSGL.A(sglA01.o)
 .text          0x06017cb0        0x0 ../../Compiler/COMMON/SGL_302j/LIB_ELF/LIBSGL.A(sglA20.o)
 .text          0x06017cb0        0x0 ../../Compiler/COMMON/SGL_302j/LIB_ELF/LIBSGL.A(sglB000.o)
 .text          0x06017cb0        0x0 ../../Compiler/COMMON/SGL_302j/LIB_ELF/LIBSGL.A(sglC00.o)
 .text          0x06017cb0        0x0 ../../Compiler/COMMON/SGL_302j/LIB_ELF/LIBSGL.A(sglI00.o)
 .text          0x06017cb0        0x0 ../../Compiler/COMMON/SGL_302j/LIB_ELF/LIBSGL.A(sglH03.o)
 .text          0x06017cb0       0x52 c:/development/saturn/joengine-master/joengine/compiler/windows/bin/../lib/gcc/sh-elf/9.3.0\libgcc.a(_ashiftrt.o)
                0x06017cb0                __ashiftrt_r4_31
                0x06017cb0                __ashiftrt_r4_32
                0x06017cb6                __ashiftrt_r4_30
                0x06017cb8                __ashiftrt_r4_29
                0x06017cba                __ashiftrt_r4_28
                0x06017cbc                __ashiftrt_r4_27
                0x06017cbe                __ashiftrt_r4_26
                0x06017cc0                __ashiftrt_r4_25
                0x06017cc2                __ashiftrt_r4_24
                0x06017cca                __ashiftrt_r4_23
                0x06017ccc                __ashiftrt_r4_22
                0x06017cce                __ashiftrt_r4_21
                0x06017cd0                __ashiftrt_r4_20
                0x06017cd2                __ashiftrt_r4_19
                0x06017cd4                __ashiftrt_r4_18
                0x06017cd6                __ashiftrt_r4_17
                0x06017cd8                __ashiftrt_r4_16
                0x06017cde                __ashiftrt_r4_15
                0x06017ce0                __ashiftrt_r4_14
                0x06017ce2                __ashiftrt_r4_13
                0x06017ce4                __ashiftrt_r4_12
                0x06017ce6                __ashiftrt_r4_11
                0x06017ce8                __ashiftrt_r4_10
                0x06017cea                __ashiftrt_r4_9
                0x06017cec                __ashiftrt_r4_8
                0x06017cee                __ashiftrt_r4_7
                0x06017cf0                __ashiftrt_r4_6
                0x06017cf2                __ashiftrt_r4_5
                0x06017cf4                __ashiftrt_r4_4
                0x06017cf6                __ashiftrt_r4_3
                0x06017cf8                __ashiftrt_r4_2
                0x06017cfa                __ashiftrt_r4_1
                0x06017cfe                __ashiftrt_r4_0
 *fill*         0x06017d02        0x2 
 .text          0x06017d04       0x80 c:/development/saturn/joengine-master/joengine/compiler/windows/bin/../lib/gcc/sh-elf/9.3.0\libgcc.a(_ashiftrt_n.o)
                0x06017d04                __ashrsi3
 .text          0x06017d84       0xbc c:/development/saturn/joengine-master/joengine/compiler/windows/bin/../lib/gcc/sh-elf/9.3.0\libgcc.a(_ashiftlt.o)
                0x06017d84                __ashlsi3
                0x06017d88                __ashlsi3_r0
 .text          0x06017e40       0xbc c:/development/saturn/joengine-master/joengine/compiler/windows/bin/../lib/gcc/sh-elf/9.3.0\libgcc.a(_lshiftrt.o)
                0x06017e40                __lshrsi3
                0x06017e44                __lshrsi3_r0
 .text          0x06017efc       0x78 c:/development/saturn/joengine-master/joengine/compiler/windows/bin/../lib/gcc/sh-elf/9.3.0\libgcc.a(_movmem.o)
                0x06017efc                __movmem
                0x06017efc                __movstr
                0x06017f30                __movstrSI64
                0x06017f30                __movmemSI64
                0x06017f34                __movstrSI60
                0x06017f34                __movmemSI60
                0x06017f38                __movstrSI56
                0x06017f38                __movmemSI56
                0x06017f3c                __movstrSI52
                0x06017f3c                __movmemSI52
                0x06017f40                __movstrSI48
                0x06017f40                __movmemSI48
                0x06017f44                __movmemSI44
                0x06017f44                __movstrSI44
                0x06017f48                __movstrSI40
                0x06017f48                __movmemSI40
                0x06017f4c                __movmemSI36
                0x06017f4c                __movstrSI36
                0x06017f50                __movmemSI32
                0x06017f50                __movstrSI32
                0x06017f54                __movstrSI28
                0x06017f54                __movmemSI28
                0x06017f58                __movmemSI24
                0x06017f58                __movstrSI24
                0x06017f5c                __movstrSI20
                0x06017f5c                __movmemSI20
                0x06017f60                __movstrSI16
                0x06017f60                __movmemSI16
                0x06017f64                __movstrSI12
                0x06017f64                __movmemSI12
                0x06017f68                __movmemSI8
                0x06017f68                __movstrSI8
                0x06017f6c                __movmemSI4
                0x06017f6c                __movstrSI4
 .text          0x06017f74       0xa0 c:/development/saturn/joengine-master/joengine/compiler/windows/bin/../lib/gcc/sh-elf/9.3.0\libgcc.a(_sdivsi3.o)
                0x06017f74                __sdivsi3
 .text          0x06018014       0x6c c:/development/saturn/joengine-master/joengine/compiler/windows/bin/../lib/gcc/sh-elf/9.3.0\libgcc.a(_udivsi3.o)
                0x06018036                __udivsi3
 .text          0x06018080      0x21c c:/development/saturn/joengine-master/joengine/compiler/windows/bin/../lib/gcc/sh-elf/9.3.0\libgcc.a(_addsub_sf.o)
                0x06018200                __addsf3
                0x0601824c                __subsf3
 .text          0x0601829c      0x134 c:/development/saturn/joengine-master/joengine/compiler/windows/bin/../lib/gcc/sh-elf/9.3.0\libgcc.a(_mul_sf.o)
                0x0601829c                __mulsf3
 .text          0x060183d0       0xdc c:/development/saturn/joengine-master/joengine/compiler/windows/bin/../lib/gcc/sh-elf/9.3.0\libgcc.a(_div_sf.o)
                0x060183d0                __divsf3
 .text          0x060184ac       0x54 c:/development/saturn/joengine-master/joengine/compiler/windows/bin/../lib/gcc/sh-elf/9.3.0\libgcc.a(_gt_sf.o)
                0x060184ac                __gtsf2
 .text          0x06018500       0x54 c:/development/saturn/joengine-master/joengine/compiler/windows/bin/../lib/gcc/sh-elf/9.3.0\libgcc.a(_ge_sf.o)
                0x06018500                __gesf2
 .text          0x06018554       0x54 c:/development/saturn/joengine-master/joengine/compiler/windows/bin/../lib/gcc/sh-elf/9.3.0\libgcc.a(_lt_sf.o)
                0x06018554                __ltsf2
 .text          0x060185a8       0x54 c:/development/saturn/joengine-master/joengine/compiler/windows/bin/../lib/gcc/sh-elf/9.3.0\libgcc.a(_le_sf.o)
                0x060185a8                __lesf2
 .text          0x060185fc       0x84 c:/development/saturn/joengine-master/joengine/compiler/windows/bin/../lib/gcc/sh-elf/9.3.0\libgcc.a(_si_to_sf.o)
                0x060185fc                __floatsisf
 .text          0x06018680       0x70 c:/development/saturn/joengine-master/joengine/compiler/windows/bin/../lib/gcc/sh-elf/9.3.0\libgcc.a(_sf_to_si.o)
                0x06018680                __fixsfsi
 .text          0x060186f0       0x3c c:/development/saturn/joengine-master/joengine/compiler/windows/bin/../lib/gcc/sh-elf/9.3.0\libgcc.a(_sf_to_df.o)
                0x060186f0                __extendsfdf2
 .text          0x0601872c        0x0 c:/development/saturn/joengine-master/joengine/compiler/windows/bin/../lib/gcc/sh-elf/9.3.0\libgcc.a(_thenan_sf.o)
 .text          0x0601872c       0x94 c:/development/saturn/joengine-master/joengine/compiler/windows/bin/../lib/gcc/sh-elf/9.3.0\libgcc.a(_usi_to_sf.o)
                0x0601872c                __floatunsisf
 .text          0x060187c0      0x3e0 c:/development/saturn/joengine-master/joengine/compiler/windows/bin/../lib/gcc/sh-elf/9.3.0\libgcc.a(_addsub_df.o)
                0x06018afc                __adddf3
                0x06018b4c                __subdf3
 .text          0x06018ba0      0x208 c:/development/saturn/joengine-master/joengine/compiler/windows/bin/../lib/gcc/sh-elf/9.3.0\libgcc.a(_mul_df.o)
                0x06018ba0                __muldf3
 .text          0x06018da8       0xa8 c:/development/saturn/joengine-master/joengine/compiler/windows/bin/../lib/gcc/sh-elf/9.3.0\libgcc.a(_si_to_df.o)
                0x06018da8                __floatsidf
 .text          0x06018e50       0xa0 c:/development/saturn/joengine-master/joengine/compiler/windows/bin/../lib/gcc/sh-elf/9.3.0\libgcc.a(_df_to_si.o)
                0x06018e50                __fixdfsi
 .text          0x06018ef0       0x28 c:/development/saturn/joengine-master/joengine/compiler/windows/bin/../lib/gcc/sh-elf/9.3.0\libgcc.a(_make_df.o)
                0x06018ef0                __make_dp
 .text          0x06018f18       0x4c c:/development/saturn/joengine-master/joengine/compiler/windows/bin/../lib/gcc/sh-elf/9.3.0\libgcc.a(_df_to_sf.o)
                0x06018f18                __truncdfsf2
 .text          0x06018f64        0x0 c:/development/saturn/joengine-master/joengine/compiler/windows/bin/../lib/gcc/sh-elf/9.3.0\libgcc.a(_thenan_df.o)
 .text          0x06018f64       0x54 c:/development/saturn/joengine-master/joengine/compiler/windows/bin/../lib/gcc/sh-elf/9.3.0\libgcc.a(_clzsi2.o)
                0x06018f64                __clzsi2
 .text          0x06018fb8      0x11c c:/development/saturn/joengine-master/joengine/compiler/windows/bin/../lib/gcc/sh-elf/9.3.0\libgcc.a(_pack_sf.o)
                0x06018fb8                __pack_f
 .text          0x060190d4       0xa0 c:/development/saturn/joengine-master/joengine/compiler/windows/bin/../lib/gcc/sh-elf/9.3.0\libgcc.a(_unpack_sf.o)
                0x060190d4                __unpack_f
 .text          0x06019174       0xac c:/development/saturn/joengine-master/joengine/compiler/windows/bin/../lib/gcc/sh-elf/9.3.0\libgcc.a(_fpcmp_parts_sf.o)
                0x06019174                __fpcmp_parts_f
 .text          0x06019220       0x20 c:/development/saturn/joengine-master/joengine/compiler/windows/bin/../lib/gcc/sh-elf/9.3.0\libgcc.a(_make_sf.o)
                0x06019220                __make_fp
 .text          0x06019240      0x274 c:/development/saturn/joengine-master/joengine/compiler/windows/bin/../lib/gcc/sh-elf/9.3.0\libgcc.a(_pack_df.o)
                0x06019240                __pack_d
 .text          0x060194b4       0xcc c:/development/saturn/joengine-master/joengine/compiler/windows/bin/../lib/gcc/sh-elf/9.3.0\libgcc.a(_unpack_df.o)
                0x060194b4                __unpack_d
 .text          0x06019580        0x0 c:/development/saturn/joengine-master/joengine/compiler/windows/bin/../lib/gcc/sh-elf/9.3.0\libgcc.a(_clz.o)
 .text          0x06019580       0x58 c:/development/saturn/joengine-master/joengine/compiler/windows/bin/../lib/gcc/sh-elf/9.3.0/../../../../sh-elf/lib\libc.a(lib_a-assert.o)
                0x06019580                __assert_func
                0x060195c8                __assert
 .text          0x060195d8       0x4c c:/development/saturn/joengine-master/joengine/compiler/windows/bin/../lib/gcc/sh-elf/9.3.0/../../../../sh-elf/lib\libc.a(lib_a-fprintf.o)
                0x060195d8                _fprintf_r
                0x060195d8                _fiprintf_r
                0x060195f8                fprintf
                0x060195f8                fiprintf
 .text          0x06019624        0x0 c:/development/saturn/joengine-master/joengine/compiler/windows/bin/../lib/gcc/sh-elf/9.3.0/../../../../sh-elf/lib\libc.a(lib_a-impure.o)
 .text          0x06019624       0x28 c:/development/saturn/joengine-master/joengine/compiler/windows/bin/../lib/gcc/sh-elf/9.3.0/../../../../sh-elf/lib\libc.a(lib_a-malloc.o)
                0x06019624                malloc
                0x06019638                free
 .text          0x0601964c       0x1e c:/development/saturn/joengine-master/joengine/compiler/windows/bin/../lib/gcc/sh-elf/9.3.0/../../../../sh-elf/lib\libc.a(lib_a-memcmp.o)
                0x0601964c                memcmp
 *fill*         0x0601966a        0x2 
 .text          0x0601966c       0x94 c:/development/saturn/joengine-master/joengine/compiler/windows/bin/../lib/gcc/sh-elf/9.3.0/../../../../sh-elf/lib\libc.a(lib_a-memcpy.o)
                0x0601966c                memcpy
 .text          0x06019700       0x40 c:/development/saturn/joengine-master/joengine/compiler/windows/bin/../lib/gcc/sh-elf/9.3.0/../../../../sh-elf/lib\libc.a(lib_a-memset.o)
                0x06019700                memset
 .text          0x06019740       0xd0 c:/development/saturn/joengine-master/joengine/compiler/windows/bin/../lib/gcc/sh-elf/9.3.0/../../../../sh-elf/lib\libc.a(lib_a-nano-freer.o)
                0x06019740                _free_r
 .text          0x06019810       0xf8 c:/development/saturn/joengine-master/joengine/compiler/windows/bin/../lib/gcc/sh-elf/9.3.0/../../../../sh-elf/lib\libc.a(lib_a-nano-mallocr.o)
                0x06019810                _malloc_r
 .text          0x06019908      0x37c c:/development/saturn/joengine-master/joengine/compiler/windows/bin/../lib/gcc/sh-elf/9.3.0/../../../../sh-elf/lib\libc.a(lib_a-nano-vfprintf.o)
                0x06019938                __sfputs_r
                0x060199ac                __sprint_r
                0x06019a48                _vfiprintf_r
                0x06019a48                _vfprintf_r
                0x06019c6c                vfprintf
                0x06019c6c                vfiprintf
 .text          0x06019c84      0x380 c:/development/saturn/joengine-master/joengine/compiler/windows/bin/../lib/gcc/sh-elf/9.3.0/../../../../sh-elf/lib\libc.a(lib_a-nano-vfprintf_i.o)
                0x06019c84                _printf_common
                0x06019d84                _printf_i
 .text          0x0601a004      0x3b8 c:/development/saturn/joengine-master/joengine/compiler/windows/bin/../lib/gcc/sh-elf/9.3.0/../../../../sh-elf/lib\libc.a(lib_a-qsort.o)
                0x0601a0b0                qsort
 .text          0x0601a3bc       0x60 c:/development/saturn/joengine-master/joengine/compiler/windows/bin/../lib/gcc/sh-elf/9.3.0/../../../../sh-elf/lib\libc.a(lib_a-rget.o)
                0x0601a3bc                __srget_r
                0x0601a408                __srget
 .text          0x0601a41c       0x30 c:/development/saturn/joengine-master/joengine/compiler/windows/bin/../lib/gcc/sh-elf/9.3.0/../../../../sh-elf/lib\libc.a(lib_a-sbrkr.o)
                0x0601a41c                _sbrk_r
 .text          0x0601a44c       0x8c c:/development/saturn/joengine-master/joengine/compiler/windows/bin/../lib/gcc/sh-elf/9.3.0/../../../../sh-elf/lib\libc.a(lib_a-sprintf.o)
                0x0601a44c                _siprintf_r
                0x0601a44c                _sprintf_r
                0x0601a48c                siprintf
                0x0601a48c                sprintf
 .text          0x0601a4d8       0xd0 c:/development/saturn/joengine-master/joengine/compiler/windows/bin/../lib/gcc/sh-elf/9.3.0/../../../../sh-elf/lib\libc.a(lib_a-sscanf.o)
                0x0601a4d8                sscanf
                0x0601a4d8                siscanf
                0x0601a540                _siscanf_r
                0x0601a540                _sscanf_r
 .text          0x0601a5a8       0xe0 c:/development/saturn/joengine-master/joengine/compiler/windows/bin/../lib/gcc/sh-elf/9.3.0/../../../../sh-elf/lib\libc.a(lib_a-stdio.o)
                0x0601a5a8                __sread
                0x0601a5e4                __seofread
                0x0601a5e8                __swrite
                0x0601a638                __sseek
                0x0601a678                __sclose
 .text          0x0601a688       0x20 c:/development/saturn/joengine-master/joengine/compiler/windows/bin/../lib/gcc/sh-elf/9.3.0/../../../../sh-elf/lib\libc.a(lib_a-strcat.o)
                0x0601a688                strcat
 .text          0x0601a6a8       0x1e c:/development/saturn/joengine-master/joengine/compiler/windows/bin/../lib/gcc/sh-elf/9.3.0/../../../../sh-elf/lib\libc.a(lib_a-strchr.o)
                0x0601a6a8                strchr
 *fill*         0x0601a6c6        0x2 
 .text          0x0601a6c8       0x38 c:/development/saturn/joengine-master/joengine/compiler/windows/bin/../lib/gcc/sh-elf/9.3.0/../../../../sh-elf/lib\libc.a(lib_a-strcmp.o)
                0x0601a6c8                strcmp
 .text          0x0601a700       0x3c c:/development/saturn/joengine-master/joengine/compiler/windows/bin/../lib/gcc/sh-elf/9.3.0/../../../../sh-elf/lib\libc.a(lib_a-strcpy.o)
                0x0601a700                strcpy
 .text          0x0601a73c       0x20 c:/development/saturn/joengine-master/joengine/compiler/windows/bin/../lib/gcc/sh-elf/9.3.0/../../../../sh-elf/lib\libc.a(lib_a-strlen.o)
                0x0601a73c                strlen
 .text          0x0601a75c       0x2a c:/development/saturn/joengine-master/joengine/compiler/windows/bin/../lib/gcc/sh-elf/9.3.0/../../../../sh-elf/lib\libc.a(lib_a-strncmp.o)
                0x0601a75c                strncmp
 .text          0x0601a786       0x36 c:/development/saturn/joengine-master/joengine/compiler/windows/bin/../lib/gcc/sh-elf/9.3.0/../../../../sh-elf/lib\libc.a(lib_a-strncpy.o)
                0x0601a786                strncpy
 .text          0x0601a7bc       0x40 c:/development/saturn/joengine-master/joengine/compiler/windows/bin/../lib/gcc/sh-elf/9.3.0/../../../../sh-elf/lib\libc.a(lib_a-strrchr.o)
                0x0601a7bc                strrchr
 .text          0x0601a7fc       0x36 c:/development/saturn/joengine-master/joengine/compiler/windows/bin/../lib/gcc/sh-elf/9.3.0/../../../../sh-elf/lib\libc.a(lib_a-strstr.o)
                0x0601a7fc                strstr
 *fill*         0x0601a832        0x2 
 .text          0x0601a834      0x25c c:/development/saturn/joengine-master/joengine/compiler/windows/bin/../lib/gcc/sh-elf/9.3.0/../../../../sh-elf/lib\libc.a(lib_a-syscalls.o)
                0x0601a8ac                _read
                0x0601a8bc                _lseek
                0x0601a8cc                _write
                0x0601a8dc                _close
                0x0601a8ec                _link
                0x0601a8f0                _sbrk
                0x0601a948                _fstat
                0x0601a952                _open
                0x0601a964                _creat
                0x0601a974                _unlink
                0x0601a978                isatty
                0x0601a97c                _isatty
                0x0601a980                _exit
                0x0601a990                _kill
                0x0601a9a4                _getpid
                0x0601a9a8                _raise
                0x0601a9ac                _stat
                0x0601a9bc                _chmod
                0x0601a9cc                _chown
                0x0601a9dc                _utime
                0x0601a9f0                _fork
                0x0601a9fc                _wait
                0x0601aa0c                _execve
                0x0601aa1c                _execv
                0x0601aa2c                _pipe
                0x0601aa38                _times
                0x0601aa3c                _gettimeofday
                0x0601aa64                __setup_argv_and_call_main
 .text          0x0601aa90       0x14 c:/development/saturn/joengine-master/joengine/compiler/windows/bin/../lib/gcc/sh-elf/9.3.0/../../../../sh-elf/lib\libc.a(lib_a-trap.o)
                0x0601aa90                __trap34
 .text          0x0601aaa4       0x94 c:/development/saturn/joengine-master/joengine/compiler/windows/bin/../lib/gcc/sh-elf/9.3.0/../../../../sh-elf/lib\libc.a(lib_a-vsnprintf.o)
                0x0601aaa4                _vsniprintf_r
                0x0601aaa4                _vsnprintf_r
                0x0601ab14                vsnprintf
                0x0601ab14                vsniprintf
 .text          0x0601ab38       0xdc c:/development/saturn/joengine-master/joengine/compiler/windows/bin/../lib/gcc/sh-elf/9.3.0/../../../../sh-elf/lib\libc.a(lib_a-wbuf.o)
                0x0601ab38                __swbuf_r
                0x0601ac00                __swbuf
 .text          0x0601ac14       0x34 c:/development/saturn/joengine-master/joengine/compiler/windows/bin/../lib/gcc/sh-elf/9.3.0/../../../../sh-elf/lib\libc.a(lib_a-writer.o)
                0x0601ac14                _write_r
 .text          0x0601ac48       0xcc c:/development/saturn/joengine-master/joengine/compiler/windows/bin/../lib/gcc/sh-elf/9.3.0/../../../../sh-elf/lib\libc.a(lib_a-wsetup.o)
                0x0601ac48                __swsetup_r
 .text          0x0601ad14       0x18 c:/development/saturn/joengine-master/joengine/compiler/windows/bin/../lib/gcc/sh-elf/9.3.0/../../../../sh-elf/lib\libc.a(lib_a-abort.o)
                0x0601ad14                abort
 .text          0x0601ad2c       0x30 c:/development/saturn/joengine-master/joengine/compiler/windows/bin/../lib/gcc/sh-elf/9.3.0/../../../../sh-elf/lib\libc.a(lib_a-closer.o)
                0x0601ad2c                _close_r
 .text          0x0601ad5c      0x1a4 c:/development/saturn/joengine-master/joengine/compiler/windows/bin/../lib/gcc/sh-elf/9.3.0/../../../../sh-elf/lib\libc.a(lib_a-fflush.o)
                0x0601ad5c                __sflush_r
                0x0601ae98                _fflush_r
                0x0601aed8                fflush
 .text          0x0601af00      0x1d0 c:/development/saturn/joengine-master/joengine/compiler/windows/bin/../lib/gcc/sh-elf/9.3.0/../../../../sh-elf/lib\libc.a(lib_a-findfp.o)
                0x0601af58                _cleanup_r
                0x0601af68                __sfmoreglue
                0x0601afb4                _cleanup
                0x0601afc8                __sinit
                0x0601b01c                __sfp
 .text          0x0601b0d0      0x118 c:/development/saturn/joengine-master/joengine/compiler/windows/bin/../lib/gcc/sh-elf/9.3.0/../../../../sh-elf/lib\libc.a(lib_a-fputwc.o)
                0x0601b0d0                __fputwc
                0x0601b184                _fputwc_r
                0x0601b1a8                fputwc
 .text          0x0601b1e8      0x304 c:/development/saturn/joengine-master/joengine/compiler/windows/bin/../lib/gcc/sh-elf/9.3.0/../../../../sh-elf/lib\libc.a(lib_a-fvwrite.o)
                0x0601b1e8                __sfvwrite_r
 .text          0x0601b4ec       0xb0 c:/development/saturn/joengine-master/joengine/compiler/windows/bin/../lib/gcc/sh-elf/9.3.0/../../../../sh-elf/lib\libc.a(lib_a-fwalk.o)
                0x0601b4ec                _fwalk
                0x0601b540                _fwalk_reent
 .text          0x0601b59c       0x6c c:/development/saturn/joengine-master/joengine/compiler/windows/bin/../lib/gcc/sh-elf/9.3.0/../../../../sh-elf/lib\libc.a(lib_a-locale.o)
                0x0601b59c                _setlocale_r
                0x0601b5e8                __locale_mb_cur_max
                0x0601b5f4                setlocale
 .text          0x0601b608       0x34 c:/development/saturn/joengine-master/joengine/compiler/windows/bin/../lib/gcc/sh-elf/9.3.0/../../../../sh-elf/lib\libc.a(lib_a-lseekr.o)
                0x0601b608                _lseek_r
 .text          0x0601b63c      0x108 c:/development/saturn/joengine-master/joengine/compiler/windows/bin/../lib/gcc/sh-elf/9.3.0/../../../../sh-elf/lib\libc.a(lib_a-makebuf.o)
                0x0601b63c                __swhatbuf_r
                0x0601b698                __smakebuf_r
 .text          0x0601b744       0x34 c:/development/saturn/joengine-master/joengine/compiler/windows/bin/../lib/gcc/sh-elf/9.3.0/../../../../sh-elf/lib\libc.a(lib_a-mbtowc_r.o)
                0x0601b744                _mbtowc_r
                0x0601b750                __ascii_mbtowc
 .text          0x0601b778       0x1c c:/development/saturn/joengine-master/joengine/compiler/windows/bin/../lib/gcc/sh-elf/9.3.0/../../../../sh-elf/lib\libc.a(lib_a-memchr.o)
                0x0601b778                memchr
 .text          0x0601b794       0x3c c:/development/saturn/joengine-master/joengine/compiler/windows/bin/../lib/gcc/sh-elf/9.3.0/../../../../sh-elf/lib\libc.a(lib_a-memmove.o)
                0x0601b794                memmove
 .text          0x0601b7d0        0x8 c:/development/saturn/joengine-master/joengine/compiler/windows/bin/../lib/gcc/sh-elf/9.3.0/../../../../sh-elf/lib\libc.a(lib_a-mlock.o)
                0x0601b7d0                __malloc_lock
                0x0601b7d4                __malloc_unlock
 .text          0x0601b7d8       0x7c c:/development/saturn/joengine-master/joengine/compiler/windows/bin/../lib/gcc/sh-elf/9.3.0/../../../../sh-elf/lib\libc.a(lib_a-nano-reallocr.o)
                0x0601b7d8                _realloc_r
 .text          0x0601b854      0x444 c:/development/saturn/joengine-master/joengine/compiler/windows/bin/../lib/gcc/sh-elf/9.3.0/../../../../sh-elf/lib\libc.a(lib_a-nano-svfprintf.o)
                0x0601b854                __ssputs_r
                0x0601b948                __ssprint_r
                0x0601ba7c                _svfprintf_r
                0x0601ba7c                _svfiprintf_r
 .text          0x0601bc98      0x3f8 c:/development/saturn/joengine-master/joengine/compiler/windows/bin/../lib/gcc/sh-elf/9.3.0/../../../../sh-elf/lib\libc.a(lib_a-nano-svfscanf.o)
                0x0601bc98                _sungetc_r
                0x0601bd34                __ssrefill_r
                0x0601bd80                __ssvfiscanf_r
                0x0601bd80                __ssvfscanf_r
 .text          0x0601c090      0x324 c:/development/saturn/joengine-master/joengine/compiler/windows/bin/../lib/gcc/sh-elf/9.3.0/../../../../sh-elf/lib\libc.a(lib_a-nano-vfscanf_i.o)
                0x0601c090                _scanf_chars
                0x0601c170                _scanf_i
 .text          0x0601c3b4       0x34 c:/development/saturn/joengine-master/joengine/compiler/windows/bin/../lib/gcc/sh-elf/9.3.0/../../../../sh-elf/lib\libc.a(lib_a-readr.o)
                0x0601c3b4                _read_r
 .text          0x0601c3e8      0x150 c:/development/saturn/joengine-master/joengine/compiler/windows/bin/../lib/gcc/sh-elf/9.3.0/../../../../sh-elf/lib\libc.a(lib_a-refill.o)
                0x0601c400                __srefill_r
 .text          0x0601c538       0xa0 c:/development/saturn/joengine-master/joengine/compiler/windows/bin/../lib/gcc/sh-elf/9.3.0/../../../../sh-elf/lib\libc.a(lib_a-sccl.o)
                0x0601c538                __sccl
 .text          0x0601c5d8      0x1b4 c:/development/saturn/joengine-master/joengine/compiler/windows/bin/../lib/gcc/sh-elf/9.3.0/../../../../sh-elf/lib\libc.a(lib_a-signal.o)
                0x0601c5d8                _init_signal_r
                0x0601c618                _signal_r
                0x0601c664                _raise_r
                0x0601c6dc                __sigtramp_r
                0x0601c740                raise
                0x0601c754                signal
                0x0601c768                _init_signal
                0x0601c778                __sigtramp
 .text          0x0601c78c       0x40 c:/development/saturn/joengine-master/joengine/compiler/windows/bin/../lib/gcc/sh-elf/9.3.0/../../../../sh-elf/lib\libc.a(lib_a-signalr.o)
                0x0601c78c                _kill_r
                0x0601c7c0                _getpid_r
 .text          0x0601c7cc      0x19c c:/development/saturn/joengine-master/joengine/compiler/windows/bin/../lib/gcc/sh-elf/9.3.0/../../../../sh-elf/lib\libc.a(lib_a-strtol.o)
                0x0601c92c                _strtol_r
                0x0601c938                strtol_l
                0x0601c950                strtol
 .text          0x0601c968      0x16c c:/development/saturn/joengine-master/joengine/compiler/windows/bin/../lib/gcc/sh-elf/9.3.0/../../../../sh-elf/lib\libc.a(lib_a-strtoul.o)
                0x0601ca98                _strtoul_r
                0x0601caa4                strtoul_l
                0x0601cabc                strtoul
 .text          0x0601cad4      0x1b0 c:/development/saturn/joengine-master/joengine/compiler/windows/bin/../lib/gcc/sh-elf/9.3.0/../../../../sh-elf/lib\libc.a(lib_a-ungetc.o)
                0x0601cad4                __submore
                0x0601cb64                _ungetc_r
                0x0601cc70                ungetc
 .text          0x0601cc84       0x50 c:/development/saturn/joengine-master/joengine/compiler/windows/bin/../lib/gcc/sh-elf/9.3.0/../../../../sh-elf/lib\libc.a(lib_a-wcrtomb.o)
                0x0601cc84                _wcrtomb_r
                0x0601ccbc                wcrtomb
 .text          0x0601ccd4       0x2c c:/development/saturn/joengine-master/joengine/compiler/windows/bin/../lib/gcc/sh-elf/9.3.0/../../../../sh-elf/lib\libc.a(lib_a-wctomb_r.o)
                0x0601ccd4                _wctomb_r
                0x0601cce0                __ascii_wctomb
 .text          0x0601cd00        0x0 c:/development/saturn/joengine-master/joengine/compiler/windows/bin/../lib/gcc/sh-elf/9.3.0/../../../../sh-elf/lib\libc.a(lib_a-ctype_.o)
 .text          0x0601cd00        0xc c:/development/saturn/joengine-master/joengine/compiler/windows/bin/../lib/gcc/sh-elf/9.3.0/../../../../sh-elf/lib\libc.a(lib_a-errno.o)
                0x0601cd00                __errno
 .text          0x0601cd0c       0x34 c:/development/saturn/joengine-master/joengine/compiler/windows/bin/../lib/gcc/sh-elf/9.3.0/../../../../sh-elf/lib\libc.a(lib_a-fstatr.o)
                0x0601cd0c                _fstat_r
 .text          0x0601cd40       0x30 c:/development/saturn/joengine-master/joengine/compiler/windows/bin/../lib/gcc/sh-elf/9.3.0/../../../../sh-elf/lib\libc.a(lib_a-isattyr.o)
                0x0601cd40                _isatty_r
 .text          0x0601cd70       0x16 c:/development/saturn/joengine-master/joengine/compiler/windows/bin/../lib/gcc/sh-elf/9.3.0/../../../../sh-elf/lib\libc.a(lib_a-nano-msizer.o)
                0x0601cd70                _malloc_usable_size_r
 *(.strings)
 *(SEGA_P)
 *(.eh_frame_hdr)
 *(.eh_frame)
                0x0601cd86                __etext = .

.text.startup   0x0601cd90       0x40
 .text.startup  0x0601cd90       0x40 ../../jo_engine/core.o
                0x0601cd90                main

SLPROG          0x0601cde0    0x10f60
                0x0601cde0                __slprog_start = .
 *(SLPROG)
 SLPROG         0x0601cde0     0x6540 ../../Compiler/COMMON/SGL_302j/LIB_ELF/SGLAREA.O
                0x0601cde0                MasterStack
                0x0601cde4                SlaveStack
                0x0601cde8                MaxVertices
                0x0601cdea                MaxPolygons
                0x0601cdec                SortList
                0x0601cdf0                SortListSize
                0x0601cdf4                TransList
                0x0601cdf8                Zbuffer
                0x0601cdfc                SpriteBuf
                0x0601ce00                SpriteBufSize
                0x0601ce04                Pbuffer
                0x0601ce08                CommandBuf
                0x0601ce0c                CLOfstBuf
                0x0601ce10                PCM_Work
                0x0601ce14                PCM_WkSize
                0x0601ce18                MaxEvents
                0x0601ce1a                EventSize
                0x0601ce1c                MaxWorks
                0x0601ce1e                WorkSize
                0x0601ce20                RemainEvent
                0x0601cf20                RemainWork
                0x0601d320                EventBuf
                0x0601f320                WorkBuf
 SLPROG         0x06023320       0x20 ../../Compiler/COMMON/SGL_302j/LIB_ELF/LIBSGL.A(sglB001.o)
                0x06023320                slTVOn
                0x0602332a                slTVOff
 SLPROG         0x06023340       0x24 ../../Compiler/COMMON/SGL_302j/LIB_ELF/LIBSGL.A(sglB011.o)
                0x06023340                slBitMapNbg1
 *fill*         0x06023364        0xc 
 SLPROG         0x06023370        0x8 ../../Compiler/COMMON/SGL_302j/LIB_ELF/LIBSGL.A(sglB014.o)
                0x06023370                slScrTransparent
 *fill*         0x06023378        0x8 
 SLPROG         0x06023380      0x40c ../../Compiler/COMMON/SGL_302j/LIB_ELF/LIBSGL.A(sglB015.o)
                0x06023380                slScrAutoDisp
 *fill*         0x0602378c        0x4 
 SLPROG         0x06023790        0xc ../../Compiler/COMMON/SGL_302j/LIB_ELF/LIBSGL.A(sglB016.o)
                0x06023790                slBack1ColSet
 *fill*         0x0602379c        0x4 
 SLPROG         0x060237a0       0x10 ../../Compiler/COMMON/SGL_302j/LIB_ELF/LIBSGL.A(sglB020.o)
                0x060237a0                slColorCalc
 SLPROG         0x060237b0        0xc ../../Compiler/COMMON/SGL_302j/LIB_ELF/LIBSGL.A(sglB021.o)
                0x060237b0                slColorCalcOn
 *fill*         0x060237bc        0x4 
 SLPROG         0x060237c0        0xc ../../Compiler/COMMON/SGL_302j/LIB_ELF/LIBSGL.A(sglB023.o)
                0x060237c0                slColRate
 *fill*         0x060237cc        0x4 
 SLPROG         0x060237d0       0xb0 ../../Compiler/COMMON/SGL_302j/LIB_ELF/LIBSGL.A(sglB031.o)
                0x060237d0                slMapNbg0
 SLPROG         0x06023880       0xb4 ../../Compiler/COMMON/SGL_302j/LIB_ELF/LIBSGL.A(sglB032.o)
                0x06023880                slMapNbg1
 *fill*         0x06023934        0xc 
 SLPROG         0x06023940       0xb0 ../../Compiler/COMMON/SGL_302j/LIB_ELF/LIBSGL.A(sglB033.o)
                0x06023940                slMapNbg2
 SLPROG         0x060239f0       0xb4 ../../Compiler/COMMON/SGL_302j/LIB_ELF/LIBSGL.A(sglB034.o)
                0x060239f0                slMapNbg3
 *fill*         0x06023aa4        0xc 
 SLPROG         0x06023ab0       0xd4 ../../Compiler/COMMON/SGL_302j/LIB_ELF/LIBSGL.A(sglB035.o)
                0x06023ab0                sl1MapRA
                0x06023b42                rbank_set
 *fill*         0x06023b84        0xc 
 SLPROG         0x06023b90       0xa0 ../../Compiler/COMMON/SGL_302j/LIB_ELF/LIBSGL.A(sglB036.o)
                0x06023b90                sl1MapRB
 SLPROG         0x06023c30       0x70 ../../Compiler/COMMON/SGL_302j/LIB_ELF/LIBSGL.A(sglB038.o)
                0x06023c30                slRparaInitSet
 SLPROG         0x06023ca0       0x7e ../../Compiler/COMMON/SGL_302j/LIB_ELF/LIBSGL.A(sglB039.o)
                0x06023ca0                slMakeKtable
 *fill*         0x06023d1e        0x2 
 SLPROG         0x06023d20       0x58 ../../Compiler/COMMON/SGL_302j/LIB_ELF/LIBSGL.A(sglB040.o)
                0x06023d20                slKtableRA
 *fill*         0x06023d78        0x8 
 SLPROG         0x06023d80       0x5c ../../Compiler/COMMON/SGL_302j/LIB_ELF/LIBSGL.A(sglB041.o)
                0x06023d80                slKtableRB
 *fill*         0x06023ddc        0x4 
 SLPROG         0x06023de0        0x8 ../../Compiler/COMMON/SGL_302j/LIB_ELF/LIBSGL.A(sglB043.o)
                0x06023de0                slRparaMode
 *fill*         0x06023de8        0x8 
 SLPROG         0x06023df0        0xc ../../Compiler/COMMON/SGL_302j/LIB_ELF/LIBSGL.A(sglB047.o)
                0x06023df0                slOverRA
 *fill*         0x06023dfc        0x4 
 SLPROG         0x06023e00       0x10 ../../Compiler/COMMON/SGL_302j/LIB_ELF/LIBSGL.A(sglB048.o)
                0x06023e00                slOverRB
 SLPROG         0x06023e10        0xc ../../Compiler/COMMON/SGL_302j/LIB_ELF/LIBSGL.A(sglB055.o)
                0x06023e10                slPlaneNbg0
 *fill*         0x06023e1c        0x4 
 SLPROG         0x06023e20        0xc ../../Compiler/COMMON/SGL_302j/LIB_ELF/LIBSGL.A(sglB056.o)
                0x06023e20                slPlaneNbg1
 *fill*         0x06023e2c        0x4 
 SLPROG         0x06023e30       0x10 ../../Compiler/COMMON/SGL_302j/LIB_ELF/LIBSGL.A(sglB057.o)
                0x06023e30                slPlaneNbg2
 SLPROG         0x06023e40       0x10 ../../Compiler/COMMON/SGL_302j/LIB_ELF/LIBSGL.A(sglB058.o)
                0x06023e40                slPlaneNbg3
 SLPROG         0x06023e50        0xc ../../Compiler/COMMON/SGL_302j/LIB_ELF/LIBSGL.A(sglB059.o)
                0x06023e50                slPlaneRA
 *fill*         0x06023e5c        0x4 
 SLPROG         0x06023e60       0x10 ../../Compiler/COMMON/SGL_302j/LIB_ELF/LIBSGL.A(sglB060.o)
                0x06023e60                slPlaneRB
 SLPROG         0x06023e70        0xc ../../Compiler/COMMON/SGL_302j/LIB_ELF/LIBSGL.A(sglB063.o)
                0x06023e70                slPriority
 *fill*         0x06023e7c        0x4 
 SLPROG         0x06023e80       0x18 ../../Compiler/COMMON/SGL_302j/LIB_ELF/LIBSGL.A(sglB087.o)
                0x06023e80                slLineScrollTable0
 *fill*         0x06023e98        0x8 
 SLPROG         0x06023ea0        0x8 ../../Compiler/COMMON/SGL_302j/LIB_ELF/LIBSGL.A(sglB088.o)
                0x06023ea0                slLineScrollTable1
 *fill*         0x06023ea8        0x8 
 SLPROG         0x06023eb0        0xc ../../Compiler/COMMON/SGL_302j/LIB_ELF/LIBSGL.A(sglB090.o)
                0x06023eb0                slLineScrollMode
 *fill*         0x06023ebc        0x4 
 SLPROG         0x06023ec0      0x114 ../../Compiler/COMMON/SGL_302j/LIB_ELF/LIBSGL.A(sglB200.o)
                0x06023ec0                slCharRbg0
                0x06023ecc                slCharNbg0
                0x06023ed8                slCharNbg1
                0x06023ee4                slCharNbg2
                0x06023efa                slCharNbg3
                0x06023f12                slPageRbg0
                0x06023f28                slPageNbg1
                0x06023f30                slPageNbg2
                0x06023f38                slPageNbg3
                0x06023f44                slPageNbg0
 *fill*         0x06023fd4        0xc 
 SLPROG         0x06023fe0       0x78 ../../Compiler/COMMON/SGL_302j/LIB_ELF/LIBSGL.A(sglC05.o)
                0x06023fe0                slSetSprite
 *fill*         0x06024058        0x8 
 SLPROG         0x06024060       0xfa ../../Compiler/COMMON/SGL_302j/LIB_ELF/LIBSGL.A(sglC06.o)
                0x06024060                slDispSprite
 *fill*         0x0602415a        0x6 
 SLPROG         0x06024160      0x162 ../../Compiler/COMMON/SGL_302j/LIB_ELF/LIBSGL.A(sglC07.o)
                0x06024166                slPutSprite
 *fill*         0x060242c2        0xe 
 SLPROG         0x060242d0       0x4c ../../Compiler/COMMON/SGL_302j/LIB_ELF/LIBSGL.A(sglC17.o)
                0x060242d0                slDispSpriteHV
 *fill*         0x0602431c        0x4 
 SLPROG         0x06024320       0xd4 ../../Compiler/COMMON/SGL_302j/LIB_ELF/LIBSGL.A(sglC19.o)
                0x06024320                slDispSprite4P
 *fill*         0x060243f4        0xc 
 SLPROG         0x06024400       0x40 ../../Compiler/COMMON/SGL_302j/LIB_ELF/LIBSGL.A(sglC20.o)
                0x06024400                SpriteEntry
 SLPROG         0x06024440      0x4ae ../../Compiler/COMMON/SGL_302j/LIB_ELF/LIBSGL.A(sglC21.o)
                0x060244c8                RotSprite
                0x06024556                SetSprPosition
 *fill*         0x060248ee        0x2 
 SLPROG         0x060248f0       0x84 ../../Compiler/COMMON/SGL_302j/LIB_ELF/LIBSGL.A(sglD00.o)
                0x060248f0                slCpuDMACopy
                0x060248f0                slDMACopy
                0x0602494a                CSH_AllClr
                0x0602494a                slCashPurge
 *fill*         0x06024974        0xc 
 SLPROG         0x06024980       0xa0 ../../Compiler/COMMON/SGL_302j/LIB_ELF/LIBSGL.A(sglD01.o)
                0x06024980                slDMAXCopy
 SLPROG         0x06024a20        0xc ../../Compiler/COMMON/SGL_302j/LIB_ELF/LIBSGL.A(sglD03.o)
                0x06024a20                slDMAStatus
 *fill*         0x06024a2c        0x4 
 SLPROG         0x06024a30       0x20 ../../Compiler/COMMON/SGL_302j/LIB_ELF/LIBSGL.A(sglD15.o)
                0x06024a30                CSH_Purge
 SLPROG         0x06024a50       0x84 ../../Compiler/COMMON/SGL_302j/LIB_ELF/LIBSGL.A(sglD16.o)
                0x06024a50                DMA_ScuSetPrm
                0x06024a98                DMA_SCU_PRM0
 *fill*         0x06024ad4        0xc 
 SLPROG         0x06024ae0       0x88 ../../Compiler/COMMON/SGL_302j/LIB_ELF/LIBSGL.A(sglD17.o)
                0x06024ae0                DMA_ScuStart
 *fill*         0x06024b68        0x8 
 SLPROG         0x06024b70       0x34 ../../Compiler/COMMON/SGL_302j/LIB_ELF/LIBSGL.A(sglD18.o)
                0x06024b70                DMA_ScuGetStatus
 *fill*         0x06024ba4        0xc 
 SLPROG         0x06024bb0       0x34 ../../Compiler/COMMON/SGL_302j/LIB_ELF/LIBSGL.A(sglF08.o)
                0x06024bb0                slDec2Hex
 *fill*         0x06024be4        0xc 
 SLPROG         0x06024bf0      0xfc8 ../../Compiler/COMMON/SGL_302j/LIB_ELF/LIBSGL.A(sglH00.o)
                0x06024c08                slGetPortDir1
                0x06024c10                slGetPortDir2
                0x06024c18                slSetPortDir1
                0x06024c42                slSetPortDir2
                0x06024c7c                slGetPortData1
                0x06024c84                slGetPortData2
                0x06024c8c                slSetPortData1
                0x06024c96                slSetPortData2
                0x06024ca8                slGetPortSelect1
                0x06024cb2                slGetPortSelect2
                0x06024cbc                slSetPortSelect1
                0x06024cf0                slSetPortSelect2
                0x06024d2c                slGetPortExt1
                0x06024d36                slGetPortExt2
                0x06024d40                slSetPortExt1
                0x06024d70                slSetPortExt2
                0x06024ee4                slSmpcDirectAccess
                0x06024f64                slInitPeripheral
                0x06024ff6                slSetResultBuffer
                0x06025082                slCheckIntBackSet
                0x0602508e                slIntBackCancel
                0x060250b8                slCheckReset
                0x060250c2                slClearReset
                0x06025288                slSmpcCashSend
                0x06025344                slSmpcCashBlow
                0x06025420                slGetOptimize
                0x0602542a                slSetOptimize
                0x06025450                slGetPortMode1
                0x0602545c                slGetPortMode2
                0x0602546a                slSetPortMode1
                0x060254a8                slSetPortMode2
                0x06025634                slRequestCommand
                0x060256a4                Smpc_Status
                0x060256a8                Smpc_Result
                0x060256ac                Smpc_Peripheral
                0x060256b2                Per_Connect1
                0x060256b3                Per_Connect2
                0x060256d4                SmpcStatusBuf
 *fill*         0x06025bb8        0x8 
 SLPROG         0x06025bc0       0xa8 ../../Compiler/COMMON/SGL_302j/LIB_ELF/LIBSGL.A(sglH01.o)
                0x06025bc0                slGetLanguage
                0x06025bca                slSetLanguage
                0x06025bec                slGetSoundEffect
                0x06025bf8                slSetSoundEffect
                0x06025c14                slGetSoundOutput
                0x06025c20                slSetSoundOutput
                0x06025c3c                slGetHelpWindow
                0x06025c48                slSetHelpWindow
 *fill*         0x06025c68        0x8 
 SLPROG         0x06025c70      0x470 ../../Compiler/COMMON/SGL_302j/LIB_ELF/LIBSGL.A(sglH02.o)
                0x06026060                smpc_pfr_tbl
                0x060260a0                smpc_ptf_tbl
 SLPROG         0x060260e0       0x60 ../../Compiler/COMMON/SGL_302j/LIB_ELF/LIBSGL.A(sglH04.o)
                0x060260e0                slComPrmIntBack
                0x060260f4                slComPrmSetMemory
                0x0602610a                slComPrmSetTime
 SLPROG         0x06026140      0x3a4 ../../Compiler/COMMON/SGL_302j/LIB_ELF/LIBSGL.A(sglI01.o)
                0x06026140                slInitSynch
                0x0602615a                slSynch
                0x06026250                slRandom
                0x0602626e                PCM_EndCheck
                0x0602632a                RetPCMBuf
                0x060263c4                PCM_Buf
                0x06026464                Sound_Buf
 *fill*         0x060264e4        0xc 
 SLPROG         0x060264f0       0x10 ../../Compiler/COMMON/SGL_302j/LIB_ELF/LIBSGL.A(sglI04.o)
                0x060264f0                slIntFunction
 SLPROG         0x06026500       0x74 ../../Compiler/COMMON/SGL_302j/LIB_ELF/LIBSGL.A(sglJ00.o)
                0x06026500                InitSlaveSH
                0x06026568                SlaveCommand
 *fill*         0x06026574        0xc 
 SLPROG         0x06026580      0x3d0 ../../Compiler/COMMON/SGL_302j/LIB_ELF/LIBSGL.A(sglJ01.o)
                0x06026580                SlaveControl
                0x0602693c                ErasePolygonData
 SLPROG         0x06026950     0x12b8 ../../Compiler/COMMON/SGL_302j/LIB_ELF/LIBSGL.A(sglJ02.o)
                0x06026950                sbMakePolygon
                0x06026b38                sbCalcPolygon
                0x06027870                SetTexture
                0x0602787c                SetPolygon
                0x06027884                SetPosition
                0x060278bc                stvtc_4
                0x06027974                stvtc_3
                0x06027b84                stvtc_1
                0x06027b98                stvtc_2
                0x06027bac                stvtc_0
 *fill*         0x06027c08        0x8 
 SLPROG         0x06027c10      0x140 ../../Compiler/COMMON/SGL_302j/LIB_ELF/LIBSGL.A(sglJ03.o)
                0x06027c10                sbMakeDMATable
 SLPROG         0x06027d50      0x470 ../../Compiler/COMMON/SGL_302j/LIB_ELF/LIBSGL.A(sglJ04.o)
                0x06027dae                sbMakeSprite
                0x06027e14                sbMakeRotSprite
 SLPROG         0x060281c0       0x3c ../../Compiler/COMMON/SGL_302j/LIB_ELF/LIBSGL.A(sglJ05.o)
                0x060281c0                sbSortEntry
 *fill*         0x060281fc        0x4 
 SLPROG         0x06028200       0x6a ../../Compiler/COMMON/SGL_302j/LIB_ELF/LIBSGL.A(sglM01.o)
                0x06028200                slSetDepthLimit
                0x0602822c                slSetDepthTbl
                0x0602825c                DepthWorkArea
 *fill*         0x0602826a        0x6 
 SLPROG         0x06028270       0x20 ../../Compiler/COMMON/SGL_302j/LIB_ELF/LIBSGL.A(sglA00.o)
                0x06028270                set_imask
                0x06028270                _builtin_set_imask
                0x06028284                _builtin_get_imask
                0x06028284                get_imask
 SLPROG         0x06028290     0x411e ../../Compiler/COMMON/SGL_302j/LIB_ELF/LIBSGL.A(sglA01.o)
                0x06028290                slSin
                0x060282b4                slCos
                0x060282d8                GetSinCos
                0x0602836c                sin_cos_index_tbl
                0x060283ac                sin_tbl
 *fill*         0x0602c3ae        0x2 
 SLPROG         0x0602c3b0      0x42c ../../Compiler/COMMON/SGL_302j/LIB_ELF/LIBSGL.A(sglA20.o)
                0x0602c3b0                slInitMatrix
                0x0602c3ba                slPushUnitMatrix
                0x0602c3ce                slUnitMatrix
 *fill*         0x0602c7dc        0x4 
 SLPROG         0x0602c7e0      0xbd0 ../../Compiler/COMMON/SGL_302j/LIB_ELF/LIBSGL.A(sglB000.o)
                0x0602c7e0                slInitScroll
                0x0602c900                setASC_1to8
                0x0602c930                setASC_4to8
                0x0602ca40                TVSizeTbl
                0x0602cac0                TVModeTbl
                0x0602cc98                SGL_ASCII_CG
 SLPROG         0x0602d3b0      0x134 ../../Compiler/COMMON/SGL_302j/LIB_ELF/LIBSGL.A(sglC00.o)
                0x0602d3b0                slInitSprite
 *fill*         0x0602d4e4        0xc 
 SLPROG         0x0602d4f0      0x75c ../../Compiler/COMMON/SGL_302j/LIB_ELF/LIBSGL.A(sglI00.o)
                0x0602d7e0                slInitInterrupt
 *fill*         0x0602dc4c        0x4 
 SLPROG         0x0602dc50       0xf0 ../../Compiler/COMMON/SGL_302j/LIB_ELF/LIBSGL.A(sglH03.o)
                0x0602dcb4                slSmpcIntBack
                0x0602dd40                __slprog_end = .

.tors           0x0602dd40        0x0
                0x0602dd40                ___ctors = .
 *(.ctors)
                0x0602dd40                ___ctors_end = .
                0x0602dd40                ___dtors = .
 *(.dtors)
                0x0602dd40                ___dtors_end = .

.data           0x0602dd40      0x670
 *(.data)
 .data          0x0602dd40        0x0 ../../Compiler/COMMON/SGL_302j/LIB_ELF/SGLAREA.O
 .data          0x0602dd40        0x0 pad_controllers.o
 .data          0x0602dd40        0x0 debug.o
 .data          0x0602dd40        0x0 main.o
 .data          0x0602dd40        0x0 font.o
 .data          0x0602dd40        0x0 sprite_manager.o
 .data          0x0602dd40        0x0 satiator_functions.o
 .data          0x0602dd40        0x0 background.o
 .data          0x0602dd40        0x0 states/splash.o
 .data          0x0602dd40        0x5 states/gamelist.o
                0x0602dd44                truncatedList
 .data          0x0602dd45        0x0 satiator/jhloader.o
 .data          0x0602dd45        0x0 satiator/satiator.o
 .data          0x0602dd45        0x0 satiator/disc_format/cue2desc.o
 .data          0x0602dd45        0x0 satiator/disc_format/cdparse.o
 *fill*         0x0602dd45        0x3 
 .data          0x0602dd48       0x10 satiator/iapetus/cd/cd.o
                0x0602dd48                sector_size_tbl
 .data          0x0602dd58        0x0 satiator/iapetus/cd/cdsect.o
 .data          0x0602dd58        0x0 satiator/iapetus/sh2/sh2int.o
 .data          0x0602dd58        0x0 satiator/iapetus/video/vdpinit.o
 .data          0x0602dd58        0x0 ../../jo_engine/backup.o
 .data          0x0602dd58        0x0 ../../jo_engine/tga.o
 .data          0x0602dd58        0x4 ../../jo_engine/fs.o
 .data          0x0602dd5c        0x0 ../../jo_engine/font.o
 .data          0x0602dd5c        0x0 ../../jo_engine/input.o
 .data          0x0602dd5c        0x0 ../../jo_engine/physics.o
 .data          0x0602dd5c        0x0 ../../jo_engine/core.o
 .data          0x0602dd5c        0x4 ../../jo_engine/math.o
                0x0602dd5c                jo_random_seed
 .data          0x0602dd60        0x0 ../../jo_engine/malloc.o
 .data          0x0602dd60        0x0 ../../jo_engine/tools.o
 .data          0x0602dd60        0x0 ../../jo_engine/palette.o
 .data          0x0602dd60       0x2c ../../jo_engine/sprites.o
                0x0602dd64                __jo_gouraud_shading_runtime_index