Archive member included to satisfy reference by file (symbol)

../../Compiler/COMMON/SGL_302j/LIB_ELF/SEGA_SYS.A(sys_exit.o)
                              ../../jo_engine/core.o (SYS_Exit)
../../Compiler/COMMON/SGL_302j/LIB_ELF/SEGA_SYS.A(sys_sub.o)
                              ../../Compiler/COMMON/SGL_302j/LIB_ELF/SEGA_SYS.A(sys_exit.o) (SYSUB_SetStackptr)
../../Compiler/COMMON/SGL_302j/LIB_ELF/LIBCD.A(CDC_CMN.O)
                              ../../Compiler/COMMON/SGL_302j/LIB_ELF/SEGA_SYS.A(sys_exit.o) (CDC_GetCurStat)
../../Compiler/COMMON/SGL_302j/LIB_ELF/LIBCD.A(CDC_CFS.O)
                              ../../Compiler/COMMON/SGL_302j/LIB_ELF/SEGA_SYS.A(sys_exit.o) (CDC_ChgDir)
../../Compiler/COMMON/SGL_302j/LIB_ELF/LIBCD.A(CDC_REG.O)
                              ../../Compiler/COMMON/SGL_302j/LIB_ELF/SEGA_SYS.A(sys_exit.o) (CDC_GetHirqReq)
../../Compiler/COMMON/SGL_302j/LIB_ELF/LIBCD.A(CDC_SUB.O)
                              ../../Compiler/COMMON/SGL_302j/LIB_ELF/LIBCD.A(CDC_CMN.O) (CDSUB_UpdStatus)
../../Compiler/COMMON/SGL_302j/LIB_ELF/LIBCD.A(GFS.O)
                              ../../jo_engine/fs.o (GFS_Init)
../../Compiler/COMMON/SGL_302j/LIB_ELF/LIBCD.A(GFS_BUF.O)
                              ../../Compiler/COMMON/SGL_302j/LIB_ELF/LIBCD.A(GFS.O) (GFBF_GetNumData)
../../Compiler/COMMON/SGL_302j/LIB_ELF/LIBCD.A(GFS_CDB.O)
                              ../../Compiler/COMMON/SGL_302j/LIB_ELF/LIBCD.A(GFS.O) (GFCB_Close)
../../Compiler/COMMON/SGL_302j/LIB_ELF/LIBCD.A(GFS_CDC.O)
                              ../../Compiler/COMMON/SGL_302j/LIB_ELF/LIBCD.A(GFS.O) (GFCD_SetCdbfs)
../../Compiler/COMMON/SGL_302j/LIB_ELF/LIBCD.A(GFS_CDF.O)
                              ../../Compiler/COMMON/SGL_302j/LIB_ELF/LIBCD.A(GFS.O) (GFCF_Init)
../../Compiler/COMMON/SGL_302j/LIB_ELF/LIBCD.A(GFS_DIR.O)
                              ../../Compiler/COMMON/SGL_302j/LIB_ELF/LIBCD.A(GFS.O) (GFDR_SetupDirTbl)
../../Compiler/COMMON/SGL_302j/LIB_ELF/LIBCD.A(GFS_TRN.O)
                              ../../Compiler/COMMON/SGL_302j/LIB_ELF/LIBCD.A(GFS.O) (GFTR_Setup)
../../Compiler/COMMON/SGL_302j/LIB_ELF/LIBCD.A(CDC_DRV.O)
                              ../../Compiler/COMMON/SGL_302j/LIB_ELF/LIBCD.A(GFS_CDC.O) (CDC_CdPlay)
../../Compiler/COMMON/SGL_302j/LIB_ELF/LIBCD.A(CDC_DEV.O)
                              ../../Compiler/COMMON/SGL_302j/LIB_ELF/LIBCD.A(GFS_CDC.O) (CDC_CdSetCon)
../../Compiler/COMMON/SGL_302j/LIB_ELF/LIBCD.A(CDC_SEL.O)
                              ../../Compiler/COMMON/SGL_302j/LIB_ELF/LIBCD.A(GFS_CDC.O) (CDC_SetFiltRange)
../../Compiler/COMMON/SGL_302j/LIB_ELF/LIBCD.A(CDC_BIF.O)
                              ../../Compiler/COMMON/SGL_302j/LIB_ELF/LIBCD.A(GFS_CDC.O) (CDC_GetBufSiz)
../../Compiler/COMMON/SGL_302j/LIB_ELF/LIBCD.A(CDC_BIO.O)
                              ../../Compiler/COMMON/SGL_302j/LIB_ELF/LIBCD.A(GFS_CDC.O) (CDC_SetSctLen)
../../Compiler/COMMON/SGL_302j/LIB_ELF/LIBSGL.A(sglB001.o)
                              ../../jo_engine/core.o (slTVOn)
../../Compiler/COMMON/SGL_302j/LIB_ELF/LIBSGL.A(sglB011.o)
                              ../../jo_engine/vdp2.o (slBitMapNbg1)
../../Compiler/COMMON/SGL_302j/LIB_ELF/LIBSGL.A(sglB014.o)
                              ../../jo_engine/vdp2.o (slScrTransparent)
../../Compiler/COMMON/SGL_302j/LIB_ELF/LIBSGL.A(sglB015.o)
                              ../../jo_engine/vdp2.o (slScrAutoDisp)
../../Compiler/COMMON/SGL_302j/LIB_ELF/LIBSGL.A(sglB016.o)
                              ../../jo_engine/vdp2.o (slBack1ColSet)
../../Compiler/COMMON/SGL_302j/LIB_ELF/LIBSGL.A(sglB020.o)
                              ../../jo_engine/vdp2.o (slColorCalc)
../../Compiler/COMMON/SGL_302j/LIB_ELF/LIBSGL.A(sglB021.o)
                              ../../jo_engine/vdp2.o (slColorCalcOn)
../../Compiler/COMMON/SGL_302j/LIB_ELF/LIBSGL.A(sglB023.o)
                              ../../jo_engine/vdp2.o (slColRate)
../../Compiler/COMMON/SGL_302j/LIB_ELF/LIBSGL.A(sglB031.o)
                              ../../jo_engine/vdp2.o (slMapNbg0)
../../Compiler/COMMON/SGL_302j/LIB_ELF/LIBSGL.A(sglB032.o)
                              ../../jo_engine/vdp2.o (slMapNbg1)
../../Compiler/COMMON/SGL_302j/LIB_ELF/LIBSGL.A(sglB033.o)
                              ../../jo_engine/vdp2.o (slMapNbg2)
../../Compiler/COMMON/SGL_302j/LIB_ELF/LIBSGL.A(sglB034.o)
                              ../../jo_engine/vdp2.o (slMapNbg3)
../../Compiler/COMMON/SGL_302j/LIB_ELF/LIBSGL.A(sglB035.o)
                              ../../jo_engine/vdp2.o (sl1MapRA)
../../Compiler/COMMON/SGL_302j/LIB_ELF/LIBSGL.A(sglB036.o)
                              ../../jo_engine/vdp2.o (sl1MapRB)
../../Compiler/COMMON/SGL_302j/LIB_ELF/LIBSGL.A(sglB038.o)
                              ../../jo_engine/vdp2.o (slRparaInitSet)
../../Compiler/COMMON/SGL_302j/LIB_ELF/LIBSGL.A(sglB039.o)
                              ../../jo_engine/vdp2.o (slMakeKtable)
../../Compiler/COMMON/SGL_302j/LIB_ELF/LIBSGL.A(sglB040.o)
[...]
Memory Configuration

Name             Origin             Length             Attributes
*default*        0x00000000         0xffffffff

Linker script and memory map

TARGET(elf32-sh)

SLSTART         0x06004000       0x30
                0x06004000                ___Start = .
 *(SLSTART)
 SLSTART        0x06004000       0x28 ../../Compiler/COMMON/SGL_302j/LIB_ELF/LIBSGL.A(sglI00.o)
                0x06004000                SGL_Start
                0x06004002                slStartSGL

.text           0x06004040    0x1a220
 *(.text)
 .text          0x06004040        0x0 ../../Compiler/COMMON/SGL_302j/LIB_ELF/SGLAREA.O
 .text          0x06004040      0x364 pad_controllers.o
                0x060040c0                initControllers
                0x060040ec                updateControllerButtonStatus
                0x06004104                updateController
                0x06004380                updateControllers
 .text          0x060043a4      0x118 debug.o
                0x0600440c                debug_print
 .text          0x060044bc      0x1a8 main.o
                0x060044bc                draw_objects
                0x060044f0                application_logic
                0x06004614                jo_main
 .text          0x06004664       0xe8 font.o
                0x06004664                font_palette_handling
                0x060046e8                load_nbg2_font
 .text          0x0600474c      0x350 sprite_manager.o
                0x060047b4                init_sprites
                0x060047f0                get_free_sprite
                0x06004824                create_sprite
                0x06004894                get_free_texture
                0x060048c4                load_sprite_texture
                0x06004930                draw_sprites
 .text          0x06004a9c       0xd0 bios.o
                0x06004b04                getRegionString
 .text          0x06004b6c        0x0 direntry.o
 .text          0x06004b6c      0x500 satiator_functions.o
                0x06004d30                initSatiator
                0x06004d7c                satiatorWriteData
                0x06004df4                satiatorWriteU8
                0x06004e10                satiatorWriteU16
                0x06004e50                satiatorWriteU32
                0x06004e6c                satiatorEmulateDesc
                0x06004f28                satiatorTryLaunchFile
                0x06004f7c                satiatorExecutableFilter
                0x06004fdc                s_gets
 .text          0x0600506c       0xc8 background.o
                0x060050d4                load_background
                0x0600510c                init_background
 .text          0x06005134      0x154 states/satiator_information.o
                0x0600519c                logic_satiator_info
 .text          0x06005288      0x210 states/menu_options.o
                0x060052f0                clearMenuOptions
                0x06005310                createMenuOption
                0x06005368                displayMenuOptions
                0x060053e0                controlMenuOptions
 .text          0x06005498      0x854 states/splash.o
                0x06005500                animateLogo
                0x0600591c                logic_splash
 .text          0x06005cec      0x18c states/menu.o
                0x06005d54                logic_menu
 .text          0x06005e78      0xc2c states/gamelist.o
                0x06005f20                sortDirEntries
                0x06005f44                displayGameListItem
                0x060060fc                displayGameBox
                0x06006238                displayGameList
                0x060063d0                loadFileList
                0x0600664c                launchSelectedGame
                0x060066b4                logic_gamelist
 .text          0x06006aa4      0x278 states/bootscreen.o
                0x06006b0c                logic_bootscreen
 .text          0x06006d1c      0x178 states/console_information.o
                0x06006d84                logic_console_info
 .text          0x06006e94      0x180 satiator/jhloader.o
                0x06006fc0                boot_disc
 .text          0x06007014     0x1548 satiator/satiator.o
                0x06007140                exec_cmd
                0x060072b0                s_open
                0x060073c8                s_close
                0x06007448                s_seek
                0x060074e0                s_read
                0x06007604                s_write
                0x06007724                s_sync
                0x06007730                s_truncate
                0x060077c4                s_stat
                0x06007990                s_rename
                0x06007acc                s_mkdir
                0x06007bdc                s_unlink
                0x06007cec                s_opendir
                0x06007dfc                s_chdir
                0x06007f0c                s_getcwd
                0x06008070                s_mode
                0x06008118                s_emulate
                0x06008228                s_get_fw_version
                0x0600834c                s_get_bootloader_version
                0x06008428                s_get_serial_number
                0x06008504                s_find_cartridge
 .text          0x0600855c      0xf4c satiator/disc_format/cue2desc.o
                0x0600865c                my_strtok
                0x060086c4                my_strtok_r
                0x06008764                my_strdup
                0x060087a8                cue2desc
 .text          0x060094a8      0x450 satiator/disc_format/cdparse.o
                0x0600966c                cdparse_set_error
                0x060096e0                iso2desc
                0x06009824                image2desc
 .text          0x060098f8      0x7a0 satiator/iapetus/cd/cd.o
                0x06009960                cd_write_command
                0x06009980                cd_read_return_status
                0x060099a4                cd_wait_hirq
                0x060099cc                cd_exec_command
                0x06009af0                cd_end_transfer
                0x06009b24                cd_play_fad
                0x06009b6c                cd_connect_cd_to_filter
                0x06009ba0                cd_reset_selector_one
                0x06009bac                cd_reset_selector_all
                0x06009bbc                cd_is_data_ready
                0x06009c04                cd_set_sector_size
                0x06009c40                cd_get_then_delete_sector_data
                0x06009c74                cd_abort_file
                0x06009ca0                cd_transfer_data_bytes
                0x06009d90                cd_get_stat
                0x06009e0c                is_cd_auth
                0x06009e74                cd_auth
                0x06009f00                cd_stop_drive
                0x06009f60                is_cd_present
                0x06009fa4                cd_read_sector
 .text          0x0600a098      0x128 satiator/iapetus/cd/cdsect.o
                0x0600a100                cd_put_sector_data
                0x0600a134                cd_move_sector_data
                0x0600a16c                cd_get_buffer_size
 .text          0x0600a1c0       0x20 satiator/iapetus/sh2/sh2int.o
                0x0600a1c0                interrupt_set_level_mask
                0x0600a1d4                interrupt_get_level_mask
 .text          0x0600a1e0      0x154 satiator/iapetus/video/vdpinit.o
                0x0600a30c                vdp_wait_vblankin
                0x0600a320                vdp_wait_vblankout
 .text          0x0600a334     0x12fc ../../jo_engine/backup.o
                0x0600a39c                jo_backup_get_free_block_count
                0x0600a3ec                jo_backup_format_device
                0x0600a4c4                jo_backup_mount
                0x0600a630                jo_backup_read_device
                0x0600a83c                jo_backup_file_exists
                0x0600a940                jo_backup_get_file_partition
                0x0600aa40                jo_backup_init_file
                0x0600aaac                jo_backup_save
                0x0600adb0                jo_backup_load_file_comment
                0x0600aea4                jo_backup_load_file_contents
                0x0600b098                jo_backup_delete_file
                0x0600b204                jo_backup_unmount
                0x0600b2b4                jo_backup_get_file_last_modified_date
                0x0600b408                jo_backup_get_file_info
                0x0600b5a8                jo_backup_get_file_size
                0x0600b5c8                jo_backup_get_last_status
 .text          0x0600b630      0x8a8 ../../jo_engine/tga.o
                0x0600b8ac                jo_set_tga_palette_handling
                0x0600b8b8                __jo_tga_load
                0x0600b9d8                __jo_tga_any_loader_from_stream
                0x0600ba20                jo_tga_8bits_loader_from_stream
                0x0600ba38                jo_tga_loader_from_stream
                0x0600ba50                __jo_tga_any_loader
                0x0600baa0                jo_tga_8bits_loader
                0x0600babc                jo_tga_loader
                0x0600bad8                jo_sprite_add_tga_tileset
                0x0600bd30                jo_sprite_add_tga_from_stream
                0x0600bde8                jo_sprite_add_tga
 .text          0x0600bed8      0x94c ../../jo_engine/fs.o
                0x0600bf40                jo_fs_init
                0x0600bff0                jo_fs_do_background_jobs
                0x0600c0ac                jo_fs_read_file_async_ptr
                0x0600c250                jo_fs_cd
                0x0600c2c0                jo_fs_read_file_ptr
                0x0600c45c                jo_fs_read_file_in_dir
                0x0600c4a8                jo_fs_open
                0x0600c5a4                jo_fs_seek_forward
                0x0600c6b4                jo_fs_read_next_bytes
                0x0600c798                jo_fs_close
                0x0600c7e4                jo_fs_set_read_sector_count
 .text          0x0600c824      0x574 ../../jo_engine/font.o
                0x0600c88c                jo_font_load
                0x0600cb1c                jo_font_print
                0x0600cc40                jo_font_print_centered
 .text          0x0600cd98      0x118 ../../jo_engine/input.o
                0x0600ce00                jo_get_inputs_vblank
                0x0600ce48                jo_get_input_type
                0x0600ce8c                jo_get_input_count
 .text          0x0600ceb0        0x0 ../../jo_engine/physics.o
 .text          0x0600ceb0      0x700 ../../jo_engine/core.o
                0x0600cf8c                __jo_core_set_screens_order
                0x0600d0c4                jo_core_init
                0x0600d288                jo_core_add_vblank_callback
                0x0600d304                jo_core_remove_vblank_callback
                0x0600d35c                jo_core_add_callback
                0x0600d3a4                jo_core_remove_callback
                0x0600d3dc                jo_goto_boot_menu
                0x0600d3e8                __jo_core_error
                0x0600d438                jo_core_suspend
                0x0600d478                jo_core_set_restart_game_callback
                0x0600d484                jo_core_run
                0x0600d508                jo_dump_vdp1_registers
                0x0600d55c                jo_dump_vdp2_registers
 .text          0x0600d5b0      0xb50 ../../jo_engine/math.o
                0x0600d618                jo_fixed_mult
                0x0600d62c                jo_fixed_dot
                0x0600d644                jo_fixed_pow
                0x0600d67c                jo_fixed_div
                0x0600d6a4                jo_fixed_sin
                0x0600d7a8                jo_gcd
                0x0600d810                jo_atan2f_rad
                0x0600d9d4                jo_planar_rotate
                0x0600db40                jo_random
                0x0600dbb0                jo_vector_fixed_compute_bezier_point
                0x0600dd40                jo_vectorf_compute_bezier_point
                0x0600de90                jo_fixed_sqrt
                0x0600df40                jo_sqrt
                0x0600df80                jo_fixed_rsqrt
                0x0600e090                jo_rsqrt
 .text          0x0600e100      0x4b4 ../../jo_engine/malloc.o
                0x0600e168                jo_add_memory_zone
                0x0600e1d8                jo_malloc_with_behaviour
                0x0600e324                jo_reduce_memory_fragmentation
                0x0600e398                jo_free
                0x0600e414                jo_memory_usage_percent
                0x0600e518                jo_memory_fragmentation
 .text          0x0600e5b4      0x3ec ../../jo_engine/tools.o
                0x0600e61c                jo_getdate
                0x0600e6b8                jo_get_current_language
                0x0600e6dc                jo_tools_atoi
                0x0600e75c                jo_strlen
                0x0600e7ac                jo_endwith
                0x0600e858                jo_strcmp
                0x0600e888                jo_memset
                0x0600e92c                jo_map_to_vram
 .text          0x0600e9a0      0x134 ../../jo_engine/palette.o
                0x0600ea08                jo_create_palette
                0x0600ea5c                jo_set_palette_register
                0x0600eac0                jo_get_palette_register
 .text          0x0600ead4      0x9ec ../../jo_engine/sprites.o
                0x0600ec70                jo_sprite_usage_percent
                0x0600ecfc                jo_get_last_sprite_id
                0x0600ed08                jo_sprite_init
                0x0600ed8c                jo_sprite_name2id
                0x0600ee04                jo_sprite_replace
                0x0600ef0c                jo_sprite_add
                0x0600ef58                jo_sprite_add_8bits_image
                0x0600efa4                jo_sprite_free_from
                0x0600f01c                jo_set_gouraud_shading_colors
                0x0600f044                jo_set_gouraud_shading_brightness
                0x0600f084                jo_sprite_draw_4p_fixed
                0x0600f1a0                jo_sprite_draw
                0x0600f2ec                jo_sprite_draw_rotate
                0x0600f48c                jo_sprite_set_clipping_area
 .text          0x0600f4c0      0x99c ../../jo_engine/map.o
                0x0600f5f0                jo_map_per_pixel_vertical_collision
                0x0600f724                jo_map_hitbox_detection_custom_boundaries
                0x0600f794                jo_map_create
                0x0600f810                jo_map_add_tile
                0x0600f834                jo_map_add_animated_tile
                0x0600f858                jo_map_draw_background
                0x0600f8f0                jo_map_draw
                0x0600f9ec                jo_map_free
                0x0600fa04                jo_map_load_from_file
                0x0600fddc                jo_map_move_tiles_by_attribute
 .text          0x0600fe5c      0x200 ../../jo_engine/list.o
                0x0600fec4                jo_list_init
                0x0600fed4                jo_list_add
                0x0600ff4c                jo_list_insert_at
                0x0600fffc                jo_list_remove
 .text          0x0601005c      0x2bc ../../jo_engine/sprite_animator.o
                0x06010170                jo_replace_sprite_anim
                0x06010224                jo_create_sprite_anim
                0x060102f0                jo_clear_all_sprite_anim
 .text          0x06010318      0x7b0 ../../jo_engine/image.o
                0x06010380                __jo_bin_load
                0x060103d0                jo_free_img
                0x06010418                jo_bin_loader_from_stream
                0x060104e8                jo_bin_loader
                0x0601056c                jo_replace_color
                0x060105d8                jo_sprite_add_bin_tileset
                0x060107d0                jo_sprite_add_bin
                0x0601089c                jo_sprite_add_bin_from_stream
                0x06010934                jo_sprite_add_image_pack
 .text          0x06010ac8     0x11ec ../../jo_engine/vdp2.o
                0x06010bac                jo_set_default_background_color
                0x06010bec                __jo_init_vdp2
                0x06010c48                jo_img_to_vdp2_cells
                0x06010d6c                jo_vdp2_set_rbg0_plane_a_8bits_image
                0x06010e5c                jo_vdp2_set_rbg0_plane_b_8bits_image
                0x06010f48                jo_vdp2_enable_rbg0
                0x06010ff0                jo_vdp2_disable_rbg0
                0x06011008                jo_vdp2_set_nbg0_8bits_image
                0x06011114                jo_vdp2_disable_nbg0_line_scroll
                0x06011138                jo_vdp2_compute_nbg0_line_scroll
                0x06011150                jo_vdp2_enable_nbg0_line_scroll
                0x060111c0                jo_vdp2_draw_bitmap_nbg1_line
                0x06011280                jo_vdp2_clear_bitmap_nbg1
                0x060112d8                jo_vdp2_set_nbg1_8bits_image
                0x060113b4                jo_vdp2_set_nbg1_image
                0x06011510                jo_vdp2_disable_nbg1_line_scroll
                0x06011534                jo_vdp2_compute_nbg1_line_scroll
                0x0601154c                jo_vdp2_enable_nbg1_line_scroll
                0x060115bc                jo_nbg2_clear
                0x06011618                __jo_set_nbg2_8bits_image
                0x060116bc                jo_nbg2_print
                0x06011774                jo_vdp2_set_nbg2_8bits_font
                0x06011818                jo_vdp2_set_nbg2_8bits_image
                0x06011884                jo_nbg3_clear
                0x060118e0                __jo_set_nbg3_8bits_image
                0x06011984                jo_nbg3_print
                0x06011a3c                jo_vdp2_set_nbg3_8bits_font
                0x06011ae0                jo_vdp2_set_nbg3_8bits_image
                0x06011b4c                jo_set_displayed_screens
                0x06011b5c                jo_disable_all_screens_transparency
                0x06011b80                jo_enable_screen_transparency
 .text          0x06011cb4      0x280 ../../jo_engine/time.o
                0x06011d1c                jo_time_init
                0x06011d48                jo_get_ticks
                0x06011e28                jo_fixed_point_time
 .text          0x06011f34       0x68 ../../jo_engine/vdp1_command_pipeline.o
 .text          0x06011f9c      0x334 ../../jo_engine/vdp2_malloc.o
                0x06012004                jo_vdp2_malloc_init
                0x0601203c                jo_vdp2_free
                0x060120fc                jo_vdp2_malloc
 .text          0x060122d0      0x238 ../../Compiler/COMMON/SGL_302j/LIB_ELF/SEGA_SYS.A(sys_exit.o)
                0x060122d0                sys_version
                0x060122f0                SYS_Exit
 *fill*         0x06012508        0x8 
 .text          0x06012510        0x6 ../../Compiler/COMMON/SGL_302j/LIB_ELF/SEGA_SYS.A(sys_sub.o)
                0x06012510                SYSUB_SetStackptr
 *fill*         0x06012516        0xa 
 .text          0x06012520      0x3a0 ../../Compiler/COMMON/SGL_302j/LIB_ELF/LIBCD.A(CDC_CMN.O)
                0x06012520                CDC_GetCurStat
                0x06012570                CDC_GetLastStat
                0x06012588                CDC_GetPeriStat
                0x0601265c                CDC_GetHwInfo
                0x060126c4                CDC_TgetToc
                0x06012714                CDC_GetSes
                0x06012750                CDC_CdInit
                0x060127d4                CDC_CdOpen
                0x060127fc                CDC_DataReady
                0x06012868                CDC_DataEnd
 .text          0x060128c0      0x194 ../../Compiler/COMMON/SGL_302j/LIB_ELF/LIBCD.A(CDC_CFS.O)
                0x060128c0                CDC_ChgDir
                0x060128f4                CDC_ReadDir
                0x06012928                CDC_GetFileScope
                0x06012988                CDC_TgetFileInfo
                0x060129e4                CDC_ReadFile
                0x06012a18                CDC_AbortFile
 *fill*         0x06012a54        0xc 
 .text          0x06012a60      0x2dc ../../Compiler/COMMON/SGL_302j/LIB_ELF/LIBCD.A(CDC_REG.O)
                0x06012a60                CDC_GetDataPtr
                0x06012a70                CDC_GetHirqReq
                0x06012a84                CDC_ClrHirqReq
                0x06012ab4                CDREG_ClrHirqReq
                0x06012ac4                CDREG_InitHirqReq
                0x06012aec                CDREG_SetHirqFlag
                0x06012b00                CDC_GetHirqMsk
                0x06012b14                CDC_SetHirqMsk
                0x06012b24                CDC_GetMpegPtr
                0x06012b34                CDREG_TgetData
                0x06012b90                CDREG_CmdRsp
                0x06012c90                CDREG_WaitHirq
                0x06012d00                CDREG_ReadRsp
 *fill*         0x06012d3c        0x4 
 .text          0x06012d40      0x152 ../../Compiler/COMMON/SGL_302j/LIB_ELF/LIBCD.A(CDC_SUB.O)
                0x06012d40                CDSUB_UpdStatus
                0x06012d58                CDSUB_UpdCdstat
                0x06012d78                CDSUB_CdCmd
                0x06012de8                CDSUB_GetCdstat
                0x06012e28                CDSUB_RspToCdstat
                0x06012e70                CDSUB_SoftTimer
 *fill*         0x06012e92        0xe 
 .text          0x06012ea0     0x1adc ../../Compiler/COMMON/SGL_302j/LIB_ELF/LIBCD.A(GFS.O)
                0x06012ea0                gfs_version
                0x06012ec0                GFS_Init
                0x06012fa8                GFS_LoadDir
                0x06013050                GFS_SetDir
                0x060130b8                GFS_NameToId
                0x0601311c                GFS_IdToName
                0x06013188                GFS_GetDirInfo
                0x060131f8                GFS_Reset
                0x0601327c                GFS_Open
                0x06013330                GFS_Close
                0x06013368                GFS_Seek
                0x0601341c                GFS_Tell
                0x0601346c                GFS_IsEof
                0x060134c0                GFS_ByteToSct
                0x0601351c                GFS_GetFileSize
                0x06013578                GFS_GetFileInfo
                0x060135ec                GFS_GetNumCdbuf
                0x06013614                GFS_Load
                0x060136d8                GFS_Fread
                0x06013774                gfs_waitRead
                0x0601381c                GFS_NwFread
                0x06013928                GFS_NwCdRead
                0x060139a0                GFS_NwIsComplete
                0x060139d8                GFS_NwStop
                0x06013a44                GFS_NwGetStat
                0x06013ac0                gfs_recovRdErr
                0x06013af0                GFS_NwExecOne
                0x06013bb0                GFS_NwExecServer
                0x06013c2c                GFS_SetGmode
                0x06013c90                GFS_SetTmode
                0x06013cfc                GFS_SetReadPara
                0x06013d60                GFS_SetTransPara
                0x06013dcc                GFS_SetTrFunc
                0x06013e30                GFS_StartTrans
                0x06013e7c                GFS_CdMovePickup
                0x06013ee8                GFS_SetErrFunc
                0x06013f14                GFS_GetErrStat
                0x06013f38                GFS_ConvTno
                0x06013f60                gfs_chgRoot
                0x0601402c                gfs_aborttrans
                0x06014038                gfs_mngSetupFuncTbl
                0x0601406c                gfs_mngInitWork
                0x06014110                gfs_mngGetNumFile
                0x06014178                GFS_mngAllocGrp
                0x060141c0                gfs_mngFreeGrp
                0x060141cc                gfs_mngTermAccess
                0x06014250                gfs_mngSetErrCode
                0x060142d0                gfs_svrSearchHndl
                0x06014310                gfs_svrAddHndl
                0x0601434c                gfs_svrRemoveHndl
                0x060143a8                GFS_OpenSub
                0x06014400                gfs_loadVol
                0x060144c4                gfs_getRootDir
                0x060145c0                gfs_loadRootDir
                0x06014648                gfs_flowIn
                0x060146f0                gfs_transData
                0x06014794                GFS_GetFad
                0x060147ec                gfs_SetSct
                0x0601482c                gfs_GetFinfo
                0x0601486c                gfs_closeSub
                0x060148a8                gfs_getGmode
                0x060148b4                gfs_isTaskDone
                0x06014908                gfs_convFinStat
 *fill*         0x0601497c        0x4 
 .text          0x06014980      0x106 ../../Compiler/COMMON/SGL_302j/LIB_ELF/LIBCD.A(GFS_BUF.O)
                0x060149b0                GFBF_GetTranData
                0x060149d8                GFBF_GetNumData
                0x06014a08                GFBF_GetSrcPk
                0x06014a30                GFBF_GetSctData
                0x06014a54                GFBF_RtnPk
                0x06014a7c                gfbf_getSctDt
 *fill*         0x06014a86        0xa 
 .text          0x06014a90      0x600 ../../Compiler/COMMON/SGL_302j/LIB_ELF/LIBCD.A(GFS_CDB.O)
                0x06014a90                GFCB_Setup
                0x06014bb0                GFCB_Close
                0x06014bd8                GFCB_GetLenData
                0x06014c84                GFCB_GetLenRoom
                0x06014c90                GFCB_SetFilt
                0x06014cf8                GFCB_DeleteAllData
                0x06014d20                GFCB_Tell
                0x06014d30                gfcb_getSctNum
                0x06014d80                GFCB_Seek
                0x06014e7c                GFCB_GetSrcPack
                0x06014f5c                GFCB_GetSctData
                0x06014f94                GFCB_GetDstPack
                0x06014fa0                GFCB_RtnPk
                0x06014fe8                GFCB_MovePickup
                0x06015004                GFCB_SetCon
                0x06015038                GFCB_GetPickup
                0x06015060                GFCB_IsPuOwner
                0x06015078                GFCB_UngetPickup
 .text          0x06015090     0x1a10 ../../Compiler/COMMON/SGL_302j/LIB_ELF/LIBCD.A(GFS_CDC.O)
                0x06015090                GFCD_SetCdbfs
                0x060150bc                GFCD_Init
                0x060152c0                GFCD_AllocFilt
                0x060152fc                GFCD_FreeFilt
                0x0601532c                GFCD_AllocBuf
                0x06015360                GFCD_FreeBuf
                0x06015404                GFCD_GetBaseFad
                0x06015438                GFCD_GetPickup
                0x0601546c                GFCD_UngetPickup
                0x06015498                GFCD_IsPuOwner
                0x060154bc                GFCD_SetFilt
                0x06015580                GFCD_GetFilt
                0x060155c8                GFCD_SetCon
                0x06015620                GFCD_Play
                0x06015680                GFCD_GetLenData
                0x060156e8                GFCD_ReqData
                0x06015744                GFCD_EndData
                0x0601578c                GFCD_DelSctData
                0x060157e4                GFCD_CheckDelSctData
                0x06015814                GFCD_GetStat
                0x060158c8                GFCD_MovePickup
                0x06015914                GFCD_MoveSctData
                0x06015988                GFCD_CheckMove
                0x060159ac                GFCD_GetSctInfo
                0x060159f4                GFCD_ChgDir
                0x06015a68                GFCD_SetFiltCon
                0x06015b50                GFCD_GetFileInfo
                0x06015c2c                GFCD_GetBufSiz
                0x06015c64                GFCD_ExecServer
                0x06015d38                gfcd_isIdleTask
                0x06015dc4                gfcd_doTask
                0x06015e70                GFCD_SetTimer
                0x06015e84                GFCD_WaitServer
                0x06015ec0                gfcd_doSetFiltTsk
                0x06016084                gfcd_doSetConTsk
                0x06016114                gfcd_doGetLenDataTsk
                0x06016268                gfcd_doReqDataTsk
                0x06016308                gfcd_doDelSctDataTsk
                0x0601643c                gfcd_doMoveSctTsk
                0x060165a0                gfcd_doChgDirTsk
                0x0601679c                gfcd_doSetFiltConTsk
                0x060168e0                gfcd_checkEflag
                0x06016904                gfcd_initCdbMng
                0x06016984                gfcd_setStat
                0x060169b0                GFCD_SetCsctFunc
                0x060169cc                GFCD_ChkScdqFlag
                0x060169f0                GFCD_ClrScdqFlag
                0x06016a0c                GFCD_WaitScdqFlag
                0x06016a50                GFCD_WaitPause
 .text          0x06016aa0      0x8d8 ../../Compiler/COMMON/SGL_302j/LIB_ELF/LIBCD.A(GFS_CDF.O)
                0x06016aa0                GFCF_Init
                0x06016b40                GFCF_Setup
                0x06016c88                GFCF_SetSct
                0x06016ccc                GFCF_GetFileInfo
                0x06016d40                GFCF_FlowInBuf
                0x06016e94                GFCF_StopInBuf
                0x06016f34                GFCF_Recover
                0x06016f7c                GFCF_Tell
                0x06016f94                GFCF_Seek
                0x06016fac                GFCF_MovePickup
                0x06017048                GFCF_cnvIntlvOfs
                0x0601709c                GFCF_GetStat
                0x06017134                gfcf_getSctSize
                0x06017170                gfcf_isCdOk
                0x06017230                gfcf_getPlayRange
 *fill*         0x06017378        0x8 
 .text          0x06017380      0x92c ../../Compiler/COMMON/SGL_302j/LIB_ELF/LIBCD.A(GFS_DIR.O)
                0x06017380                GFDR_SetupDirTbl
                0x060173f4                GFDR_NameToId
                0x06017454                GFDR_GetInfoDirId
                0x06017468                GFDR_GetInfoDirName
                0x0601747c                GFDR_GetAtrDirId
                0x06017494                GFDR_GetAtrDirName
                0x060174ac                GFDR_ChgRoot
                0x060174c4                GFDR_ChgDir
                0x06017538                gfdr_setupDirIdTbl
                0x060175bc                gfdr_setupDirNameTbl
                0x06017668                gfdr_open
                0x06017690                gfdr_read
                0x06017750                gfdr_readByte
                0x0601777c                gfdr_readWord
                0x060177a8                gfdr_readWordNB
                0x060177fc                gfdr_readLongNB
                0x06017848                gfdr_readLongNM
                0x06017870                gfdr_setNextRec
                0x060178f4                gfdr_readDirEnt
                0x06017c70                gfdr_setDirrecCd
 *fill*         0x06017cac        0x4 
 .text          0x06017cb0      0x9c6 ../../Compiler/COMMON/SGL_302j/LIB_ELF/LIBCD.A(GFS_TRN.O)
                0x06017ce0                GFTR_Setup
                0x06017d24                GFTR_SetMode
                0x06017d38                GFTR_SetUnit
                0x06017d44                GFTR_SetTransPara
                0x06017d78                GFTR_GetTransPara
                0x06017d84                GFTR_GetNumTrans
                0x06017d90                GFTR_SetTransMax
                0x06017d9c                GFTR_Start
                0x06017da8                GFTR_Pause
                0x06017db4                GFTR_Stop
                0x06017e6c                GFTR_Exec
                0x06017ef0                GFTR_Idle
                0x06017f68                GFTR_ExecSvr
                0x06018070                gftr_getSrcPack
                0x060180f8                gftr_getDstPack
                0x06018154                gftr_reqScu
                0x06018160                gftr_execScu
                0x060181fc                gftr_remScu
                0x06018230                gfdma_canUse
                0x0601823c                gfdma_exec
                0x060182ac                gfdma_getBytecnt
                0x060182e4                gftr_reqDma0
                0x060182fc                gftr_execSdma0
                0x06018320                gftr_remDma0
                0x06018338                gftr_reqDma1
                0x06018350                gftr_execSdma1
                0x06018374                gftr_remDma1
                0x0601838c                gftr_reqCpu
                0x06018398                gftr_execCpu
                0x060183d8                gftr_remCpu
                0x060183e4                gftr_reqTrn
                0x06018454                gftr_execTrn
                0x0601852c                gftr_remTrn
                0x060185a0                gftr_copyFrac
                0x060185c8                GFTR_GetLenData
                0x060185d4                GFTR_GetLenRoom
                0x060185ec                GFTR_GetDstPack
                0x06018620                GFTR_RtnDstPk
                0x0601863c                GFTR_GetData
                0x06018650                GFTR_SetData
                0x06018664                GFTR_SetTransFunc
 *fill*         0x06018676        0xa 
 .text          0x06018680      0x130 ../../Compiler/COMMON/SGL_302j/LIB_ELF/LIBCD.A(CDC_DRV.O)
                0x06018680                CDC_CdPlay
                0x0601874c                CDC_CdSeek
                0x06018780                CDC_CdScan
 .text          0x060187b0       0xa8 ../../Compiler/COMMON/SGL_302j/LIB_ELF/LIBCD.A(CDC_DEV.O)
                0x060187b0                CDC_CdSetCon
                0x060187e0                CDC_CdGetCon
                0x0601881c                CDC_CdGetLastBuf
 *fill*         0x06018858        0x8 
 .text          0x06018860      0x2b8 ../../Compiler/COMMON/SGL_302j/LIB_ELF/LIBCD.A(CDC_SEL.O)
                0x06018860                CDC_SetFiltRange
                0x06018894                CDC_GetFiltRange
                0x060188ec                CDC_SetFiltSubh
                0x0601895c                CDC_GetFiltSubh
                0x060189d8                CDC_SetFiltMode
                0x06018a0c                CDC_GetFiltMode
                0x06018a50                CDC_SetFiltCon
                0x06018a90                CDC_GetFiltCon
                0x06018ae4                CDC_ResetSelector
 *fill*         0x06018b18        0x8 
 .text          0x06018b20      0x270 ../../Compiler/COMMON/SGL_302j/LIB_ELF/LIBCD.A(CDC_BIF.O)
                0x06018b20                CDC_GetBufSiz
                0x06018b7c                CDC_GetSctNum
                0x06018bc0                CDC_CalActSiz
                0x06018bfc                CDC_GetActSiz
                0x06018c7c                CDC_GetSctInfo
                0x06018cfc                CDC_ExeFadSearch
                0x06018d34                CDC_GetFadSearch
 .text          0x06018d90      0x1e4 ../../Compiler/COMMON/SGL_302j/LIB_ELF/LIBCD.A(CDC_BIO.O)
                0x06018d90                CDC_SetSctLen
                0x06018dc4                CDC_GetSctData
                0x06018e00                CDC_DelSctData
                0x06018e3c                CDC_GetdelSctData
                0x06018e78                CDC_PutSctData
                0x06018eb0                CDC_CopySctData
                0x06018ef4                CDC_MoveSctData
                0x06018f38                CDC_GetCopyErr
 *fill*         0x06018f74        0xc 
 .text          0x06018f80        0x0 ../../Compiler/COMMON/SGL_302j/LIB_ELF/LIBSGL.A(sglB001.o)
 .text          0x06018f80        0x0 ../../Compiler/COMMON/SGL_302j/LIB_ELF/LIBSGL.A(sglB011.o)
 .text          0x06018f80        0x0 ../../Compiler/COMMON/SGL_302j/LIB_ELF/LIBSGL.A(sglB014.o)
 .text          0x06018f80        0x0 ../../Compiler/COMMON/SGL_302j/LIB_ELF/LIBSGL.A(sglB015.o)
 .text          0x06018f80        0x0 ../../Compiler/COMMON/SGL_302j/LIB_ELF/LIBSGL.A(sglB016.o)
 .text          0x06018f80        0x0 ../../Compiler/COMMON/SGL_302j/LIB_ELF/LIBSGL.A(sglB020.o)
 .text          0x06018f80        0x0 ../../Compiler/COMMON/SGL_302j/LIB_ELF/LIBSGL.A(sglB021.o)
 .text          0x06018f80        0x0 ../../Compiler/COMMON/SGL_302j/LIB_ELF/LIBSGL.A(sglB023.o)
 .text          0x06018f80        0x0 ../../Compiler/COMMON/SGL_302j/LIB_ELF/LIBSGL.A(sglB031.o)
 .text          0x06018f80        0x0 ../../Compiler/COMMON/SGL_302j/LIB_ELF/LIBSGL.A(sglB032.o)
 .text          0x06018f80        0x0 ../../Compiler/COMMON/SGL_302j/LIB_ELF/LIBSGL.A(sglB033.o)
 .text          0x06018f80        0x0 ../../Compiler/COMMON/SGL_302j/LIB_ELF/LIBSGL.A(sglB034.o)
 .text          0x06018f80        0x0 ../../Compiler/COMMON/SGL_302j/LIB_ELF/LIBSGL.A(sglB035.o)
 .text          0x06018f80        0x0 ../../Compiler/COMMON/SGL_302j/LIB_ELF/LIBSGL.A(sglB036.o)
 .text          0x06018f80        0x0 ../../Compiler/COMMON/SGL_302j/LIB_ELF/LIBSGL.A(sglB038.o)
 .text          0x06018f80        0x0 ../../Compiler/COMMON/SGL_302j/LIB_ELF/LIBSGL.A(sglB039.o)
 .text          0x06018f80        0x0 ../../Compiler/COMMON/SGL_302j/LIB_ELF/LIBSGL.A(sglB040.o)
 .text          0x06018f80        0x0 ../../Compiler/COMMON/SGL_302j/LIB_ELF/LIBSGL.A(sglB041.o)
 .text          0x06018f80        0x0 ../../Compiler/COMMON/SGL_302j/LIB_ELF/LIBSGL.A(sglB043.o)
 .text          0x06018f80        0x0 ../../Compiler/COMMON/SGL_302j/LIB_ELF/LIBSGL.A(sglB047.o)
 .text          0x06018f80        0x0 ../../Compiler/COMMON/SGL_302j/LIB_ELF/LIBSGL.A(sglB048.o)
 .text          0x06018f80        0x0 ../../Compiler/COMMON/SGL_302j/LIB_ELF/LIBSGL.A(sglB055.o)
 .text          0x06018f80        0x0 ../../Compiler/COMMON/SGL_302j/LIB_ELF/LIBSGL.A(sglB056.o)
 .text          0x06018f80        0x0 ../../Compiler/COMMON/SGL_302j/LIB_ELF/LIBSGL.A(sglB057.o)
 .text          0x06018f80        0x0 ../../Compiler/COMMON/SGL_302j/LIB_ELF/LIBSGL.A(sglB058.o)
 .text          0x06018f80        0x0 ../../Compiler/COMMON/SGL_302j/LIB_ELF/LIBSGL.A(sglB059.o)
 .text          0x06018f80        0x0 ../../Compiler/COMMON/SGL_302j/LIB_ELF/LIBSGL.A(sglB060.o)
 .text          0x06018f80        0x0 ../../Compiler/COMMON/SGL_302j/LIB_ELF/LIBSGL.A(sglB063.o)
 .text          0x06018f80        0x0 ../../Compiler/COMMON/SGL_302j/LIB_ELF/LIBSGL.A(sglB087.o)
 .text          0x06018f80        0x0 ../../Compiler/COMMON/SGL_302j/LIB_ELF/LIBSGL.A(sglB088.o)
 .text          0x06018f80        0x0 ../../Compiler/COMMON/SGL_302j/LIB_ELF/LIBSGL.A(sglB090.o)
 .text          0x06018f80        0x0 ../../Compiler/COMMON/SGL_302j/LIB_ELF/LIBSGL.A(sglB200.o)
 .text          0x06018f80        0x0 ../../Compiler/COMMON/SGL_302j/LIB_ELF/LIBSGL.A(sglC05.o)
 .text          0x06018f80        0x0 ../../Compiler/COMMON/SGL_302j/LIB_ELF/LIBSGL.A(sglC06.o)
 .text          0x06018f80        0x0 ../../Compiler/COMMON/SGL_302j/LIB_ELF/LIBSGL.A(sglC07.o)
 .text          0x06018f80        0x0 ../../Compiler/COMMON/SGL_302j/LIB_ELF/LIBSGL.A(sglC17.o)
 .text          0x06018f80        0x0 ../../Compiler/COMMON/SGL_302j/LIB_ELF/LIBSGL.A(sglC19.o)
 .text          0x06018f80        0x0 ../../Compiler/COMMON/SGL_302j/LIB_ELF/LIBSGL.A(sglC20.o)
 .text          0x06018f80        0x0 ../../Compiler/COMMON/SGL_302j/LIB_ELF/LIBSGL.A(sglC21.o)
 .text          0x06018f80        0x0 ../../Compiler/COMMON/SGL_302j/LIB_ELF/LIBSGL.A(sglD00.o)
 .text          0x06018f80        0x0 ../../Compiler/COMMON/SGL_302j/LIB_ELF/LIBSGL.A(sglD01.o)
 .text          0x06018f80        0x0 ../../Compiler/COMMON/SGL_302j/LIB_ELF/LIBSGL.A(sglD03.o)
 .text          0x06018f80        0x0 ../../Compiler/COMMON/SGL_302j/LIB_ELF/LIBSGL.A(sglD15.o)
 .text          0x06018f80        0x0 ../../Compiler/COMMON/SGL_302j/LIB_ELF/LIBSGL.A(sglD16.o)
 .text          0x06018f80        0x0 ../../Compiler/COMMON/SGL_302j/LIB_ELF/LIBSGL.A(sglD17.o)
 .text          0x06018f80        0x0 ../../Compiler/COMMON/SGL_302j/LIB_ELF/LIBSGL.A(sglD18.o)
 .text          0x06018f80        0x0 ../../Compiler/COMMON/SGL_302j/LIB_ELF/LIBSGL.A(sglF08.o)
 .text          0x06018f80        0x0 ../../Compiler/COMMON/SGL_302j/LIB_ELF/LIBSGL.A(sglH00.o)
 .text          0x06018f80        0x0 ../../Compiler/COMMON/SGL_302j/LIB_ELF/LIBSGL.A(sglH01.o)
 .text          0x06018f80        0x0 ../../Compiler/COMMON/SGL_302j/LIB_ELF/LIBSGL.A(sglH02.o)
 .text          0x06018f80        0x0 ../../Compiler/COMMON/SGL_302j/LIB_ELF/LIBSGL.A(sglH04.o)
 .text          0x06018f80        0x0 ../../Compiler/COMMON/SGL_302j/LIB_ELF/LIBSGL.A(sglI01.o)
 .text          0x06018f80        0x0 ../../Compiler/COMMON/SGL_302j/LIB_ELF/LIBSGL.A(sglI04.o)
 .text          0x06018f80      0x128 ../../Compiler/COMMON/SGL_302j/LIB_ELF/LIBSGL.A(sglIc0.o)
                0x06018f80                slInitSystem
 *fill*         0x060190a8        0x8 
 .text          0x060190b0        0x0 ../../Compiler/COMMON/SGL_302j/LIB_ELF/LIBSGL.A(sglJ00.o)
 .text          0x060190b0        0x0 ../../Compiler/COMMON/SGL_302j/LIB_ELF/LIBSGL.A(sglJ01.o)
 .text          0x060190b0        0x0 ../../Compiler/COMMON/SGL_302j/LIB_ELF/LIBSGL.A(sglJ02.o)
 .text          0x060190b0        0x0 ../../Compiler/COMMON/SGL_302j/LIB_ELF/LIBSGL.A(sglJ03.o)
 .text          0x060190b0        0x0 ../../Compiler/COMMON/SGL_302j/LIB_ELF/LIBSGL.A(sglJ04.o)
 .text          0x060190b0        0x0 ../../Compiler/COMMON/SGL_302j/LIB_ELF/LIBSGL.A(sglJ05.o)
 .text          0x060190b0        0x0 ../../Compiler/COMMON/SGL_302j/LIB_ELF/LIBSGL.A(sglK01.o)
 .text          0x060190b0        0x0 ../../Compiler/COMMON/SGL_302j/LIB_ELF/LIBSGL.A(sglM01.o)
 .text          0x060190b0        0x0 ../../Compiler/COMMON/SGL_302j/LIB_ELF/LIBSGL.A(sglA00.o)
 .text          0x060190b0        0x0 ../../Compiler/COMMON/SGL_302j/LIB_ELF/LIBSGL.A(sglA01.o)
 .text          0x060190b0        0x0 ../../Compiler/COMMON/SGL_302j/LIB_ELF/LIBSGL.A(sglA20.o)
 .text          0x060190b0        0x0 ../../Compiler/COMMON/SGL_302j/LIB_ELF/LIBSGL.A(sglB000.o)
 .text          0x060190b0        0x0 ../../Compiler/COMMON/SGL_302j/LIB_ELF/LIBSGL.A(sglC00.o)
 .text          0x060190b0        0x0 ../../Compiler/COMMON/SGL_302j/LIB_ELF/LIBSGL.A(sglI00.o)
 .text          0x060190b0        0x0 ../../Compiler/COMMON/SGL_302j/LIB_ELF/LIBSGL.A(sglH03.o)
 .text          0x060190b0       0x52 c:/development/saturn/joengine-master/joengine/compiler/windows/bin/../lib/gcc/sh-elf/9.3.0\libgcc.a(_ashiftrt.o)
                0x060190b0                __ashiftrt_r4_31
                0x060190b0                __ashiftrt_r4_32
                0x060190b6                __ashiftrt_r4_30
                0x060190b8                __ashiftrt_r4_29
                0x060190ba                __ashiftrt_r4_28
                0x060190bc                __ashiftrt_r4_27
                0x060190be                __ashiftrt_r4_26
                0x060190c0                __ashiftrt_r4_25
                0x060190c2                __ashiftrt_r4_24
                0x060190ca                __ashiftrt_r4_23
                0x060190cc                __ashiftrt_r4_22
                0x060190ce                __ashiftrt_r4_21
                0x060190d0                __ashiftrt_r4_20
                0x060190d2                __ashiftrt_r4_19
                0x060190d4                __ashiftrt_r4_18
                0x060190d6                __ashiftrt_r4_17
                0x060190d8                __ashiftrt_r4_16
                0x060190de                __ashiftrt_r4_15
                0x060190e0                __ashiftrt_r4_14
                0x060190e2                __ashiftrt_r4_13
                0x060190e4                __ashiftrt_r4_12
                0x060190e6                __ashiftrt_r4_11
                0x060190e8                __ashiftrt_r4_10
                0x060190ea                __ashiftrt_r4_9
                0x060190ec                __ashiftrt_r4_8
                0x060190ee                __ashiftrt_r4_7
                0x060190f0                __ashiftrt_r4_6
                0x060190f2                __ashiftrt_r4_5
                0x060190f4                __ashiftrt_r4_4
                0x060190f6                __ashiftrt_r4_3
                0x060190f8                __ashiftrt_r4_2
                0x060190fa                __ashiftrt_r4_1
                0x060190fe                __ashiftrt_r4_0
 *fill*         0x06019102        0x2 
 .text          0x06019104       0x80 c:/development/saturn/joengine-master/joengine/compiler/windows/bin/../lib/gcc/sh-elf/9.3.0\libgcc.a(_ashiftrt_n.o)
                0x06019104                __ashrsi3
 .text          0x06019184       0xbc c:/development/saturn/joengine-master/joengine/compiler/windows/bin/../lib/gcc/sh-elf/9.3.0\libgcc.a(_ashiftlt.o)
                0x06019184                __ashlsi3
                0x06019188                __ashlsi3_r0
 .text          0x06019240       0xbc c:/development/saturn/joengine-master/joengine/compiler/windows/bin/../lib/gcc/sh-elf/9.3.0\libgcc.a(_lshiftrt.o)
                0x06019240                __lshrsi3
                0x06019244                __lshrsi3_r0
 .text          0x060192fc       0x78 c:/development/saturn/joengine-master/joengine/compiler/windows/bin/../lib/gcc/sh-elf/9.3.0\libgcc.a(_movmem.o)
                0x060192fc                __movmem
                0x060192fc                __movstr
                0x06019330                __movstrSI64
                0x06019330                __movmemSI64
                0x06019334                __movstrSI60
                0x06019334                __movmemSI60
                0x06019338                __movstrSI56
                0x06019338                __movmemSI56
                0x0601933c                __movstrSI52
                0x0601933c                __movmemSI52
                0x06019340                __movstrSI48
                0x06019340                __movmemSI48
                0x06019344                __movmemSI44
                0x06019344                __movstrSI44
                0x06019348                __movstrSI40
                0x06019348                __movmemSI40
                0x0601934c                __movmemSI36
                0x0601934c                __movstrSI36
                0x06019350                __movmemSI32
                0x06019350                __movstrSI32
                0x06019354                __movstrSI28
                0x06019354                __movmemSI28
                0x06019358                __movmemSI24
                0x06019358                __movstrSI24
                0x0601935c                __movstrSI20
                0x0601935c                __movmemSI20
                0x06019360                __movstrSI16
                0x06019360                __movmemSI16
                0x06019364                __movstrSI12
                0x06019364                __movmemSI12
                0x06019368                __movmemSI8
                0x06019368                __movstrSI8
                0x0601936c                __movmemSI4
                0x0601936c                __movstrSI4
 .text          0x06019374       0xa0 c:/development/saturn/joengine-master/joengine/compiler/windows/bin/../lib/gcc/sh-elf/9.3.0\libgcc.a(_sdivsi3.o)
                0x06019374                __sdivsi3
 .text          0x06019414       0x6c c:/development/saturn/joengine-master/joengine/compiler/windows/bin/../lib/gcc/sh-elf/9.3.0\libgcc.a(_udivsi3.o)
                0x06019436                __udivsi3
 .text          0x06019480      0x21c c:/development/saturn/joengine-master/joengine/compiler/windows/bin/../lib/gcc/sh-elf/9.3.0\libgcc.a(_addsub_sf.o)
                0x06019600                __addsf3
                0x0601964c                __subsf3
 .text          0x0601969c      0x134 c:/development/saturn/joengine-master/joengine/compiler/windows/bin/../lib/gcc/sh-elf/9.3.0\libgcc.a(_mul_sf.o)
                0x0601969c                __mulsf3
 .text          0x060197d0       0xdc c:/development/saturn/joengine-master/joengine/compiler/windows/bin/../lib/gcc/sh-elf/9.3.0\libgcc.a(_div_sf.o)
                0x060197d0                __divsf3
 .text          0x060198ac       0x54 c:/development/saturn/joengine-master/joengine/compiler/windows/bin/../lib/gcc/sh-elf/9.3.0\libgcc.a(_gt_sf.o)
                0x060198ac                __gtsf2
 .text          0x06019900       0x54 c:/development/saturn/joengine-master/joengine/compiler/windows/bin/../lib/gcc/sh-elf/9.3.0\libgcc.a(_ge_sf.o)
                0x06019900                __gesf2
 .text          0x06019954       0x54 c:/development/saturn/joengine-master/joengine/compiler/windows/bin/../lib/gcc/sh-elf/9.3.0\libgcc.a(_lt_sf.o)
                0x06019954                __ltsf2
 .text          0x060199a8       0x54 c:/development/saturn/joengine-master/joengine/compiler/windows/bin/../lib/gcc/sh-elf/9.3.0\libgcc.a(_le_sf.o)
                0x060199a8                __lesf2
 .text          0x060199fc       0x84 c:/development/saturn/joengine-master/joengine/compiler/windows/bin/../lib/gcc/sh-elf/9.3.0\libgcc.a(_si_to_sf.o)
                0x060199fc                __floatsisf
 .text          0x06019a80       0x70 c:/development/saturn/joengine-master/joengine/compiler/windows/bin/../lib/gcc/sh-elf/9.3.0\libgcc.a(_sf_to_si.o)
                0x06019a80                __fixsfsi
 .text          0x06019af0       0x3c c:/development/saturn/joengine-master/joengine/compiler/windows/bin/../lib/gcc/sh-elf/9.3.0\libgcc.a(_sf_to_df.o)
                0x06019af0                __extendsfdf2
 .text          0x06019b2c        0x0 c:/development/saturn/joengine-master/joengine/compiler/windows/bin/../lib/gcc/sh-elf/9.3.0\libgcc.a(_thenan_sf.o)
 .text          0x06019b2c       0x94 c:/development/saturn/joengine-master/joengine/compiler/windows/bin/../lib/gcc/sh-elf/9.3.0\libgcc.a(_usi_to_sf.o)
                0x06019b2c                __floatunsisf
 .text          0x06019bc0      0x3e0 c:/development/saturn/joengine-master/joengine/compiler/windows/bin/../lib/gcc/sh-elf/9.3.0\libgcc.a(_addsub_df.o)
                0x06019efc                __adddf3
                0x06019f4c                __subdf3
 .text          0x06019fa0      0x208 c:/development/saturn/joengine-master/joengine/compiler/windows/bin/../lib/gcc/sh-elf/9.3.0\libgcc.a(_mul_df.o)
                0x06019fa0                __muldf3
 .text          0x0601a1a8       0xa8 c:/development/saturn/joengine-master/joengine/compiler/windows/bin/../lib/gcc/sh-elf/9.3.0\libgcc.a(_si_to_df.o)
                0x0601a1a8                __floatsidf
 .text          0x0601a250       0xa0 c:/development/saturn/joengine-master/joengine/compiler/windows/bin/../lib/gcc/sh-elf/9.3.0\libgcc.a(_df_to_si.o)
                0x0601a250                __fixdfsi
 .text          0x0601a2f0       0x28 c:/development/saturn/joengine-master/joengine/compiler/windows/bin/../lib/gcc/sh-elf/9.3.0\libgcc.a(_make_df.o)
                0x0601a2f0                __make_dp
 .text          0x0601a318       0x4c c:/development/saturn/joengine-master/joengine/compiler/windows/bin/../lib/gcc/sh-elf/9.3.0\libgcc.a(_df_to_sf.o)
                0x0601a318                __truncdfsf2
 .text          0x0601a364        0x0 c:/development/saturn/joengine-master/joengine/compiler/windows/bin/../lib/gcc/sh-elf/9.3.0\libgcc.a(_thenan_df.o)
 .text          0x0601a364       0x54 c:/development/saturn/joengine-master/joengine/compiler/windows/bin/../lib/gcc/sh-elf/9.3.0\libgcc.a(_clzsi2.o)
                0x0601a364                __clzsi2
 .text          0x0601a3b8      0x11c c:/development/saturn/joengine-master/joengine/compiler/windows/bin/../lib/gcc/sh-elf/9.3.0\libgcc.a(_pack_sf.o)
                0x0601a3b8                __pack_f
 .text          0x0601a4d4       0xa0 c:/development/saturn/joengine-master/joengine/compiler/windows/bin/../lib/gcc/sh-elf/9.3.0\libgcc.a(_unpack_sf.o)
                0x0601a4d4                __unpack_f
 .text          0x0601a574       0xac c:/development/saturn/joengine-master/joengine/compiler/windows/bin/../lib/gcc/sh-elf/9.3.0\libgcc.a(_fpcmp_parts_sf.o)
                0x0601a574                __fpcmp_parts_f
 .text          0x0601a620       0x20 c:/development/saturn/joengine-master/joengine/compiler/windows/bin/../lib/gcc/sh-elf/9.3.0\libgcc.a(_make_sf.o)
                0x0601a620                __make_fp
 .text          0x0601a640      0x274 c:/development/saturn/joengine-master/joengine/compiler/windows/bin/../lib/gcc/sh-elf/9.3.0\libgcc.a(_pack_df.o)
                0x0601a640                __pack_d
 .text          0x0601a8b4       0xcc c:/development/saturn/joengine-master/joengine/compiler/windows/bin/../lib/gcc/sh-elf/9.3.0\libgcc.a(_unpack_df.o)
                0x0601a8b4                __unpack_d
 .text          0x0601a980        0x0 c:/development/saturn/joengine-master/joengine/compiler/windows/bin/../lib/gcc/sh-elf/9.3.0\libgcc.a(_clz.o)
 .text          0x0601a980       0x58 c:/development/saturn/joengine-master/joengine/compiler/windows/bin/../lib/gcc/sh-elf/9.3.0/../../../../sh-elf/lib\libc.a(lib_a-assert.o)
                0x0601a980                __assert_func
                0x0601a9c8                __assert
 .text          0x0601a9d8       0x4c c:/development/saturn/joengine-master/joengine/compiler/windows/bin/../lib/gcc/sh-elf/9.3.0/../../../../sh-elf/lib\libc.a(lib_a-fprintf.o)
                0x0601a9d8                _fprintf_r
                0x0601a9d8                _fiprintf_r
                0x0601a9f8                fprintf
                0x0601a9f8                fiprintf
 .text          0x0601aa24        0x0 c:/development/saturn/joengine-master/joengine/compiler/windows/bin/../lib/gcc/sh-elf/9.3.0/../../../../sh-elf/lib\libc.a(lib_a-impure.o)
 .text          0x0601aa24       0x1e c:/development/saturn/joengine-master/joengine/compiler/windows/bin/../lib/gcc/sh-elf/9.3.0/../../../../sh-elf/lib\libc.a(lib_a-memcmp.o)
                0x0601aa24                memcmp
 *fill*         0x0601aa42        0x2 
 .text          0x0601aa44       0x94 c:/development/saturn/joengine-master/joengine/compiler/windows/bin/../lib/gcc/sh-elf/9.3.0/../../../../sh-elf/lib\libc.a(lib_a-memcpy.o)
                0x0601aa44                memcpy
 .text          0x0601aad8       0x40 c:/development/saturn/joengine-master/joengine/compiler/windows/bin/../lib/gcc/sh-elf/9.3.0/../../../../sh-elf/lib\libc.a(lib_a-memset.o)
                0x0601aad8                memset
 .text          0x0601ab18      0x37c c:/development/saturn/joengine-master/joengine/compiler/windows/bin/../lib/gcc/sh-elf/9.3.0/../../../../sh-elf/lib\libc.a(lib_a-nano-vfprintf.o)
                0x0601ab48                __sfputs_r
                0x0601abbc                __sprint_r
                0x0601ac58                _vfiprintf_r
                0x0601ac58                _vfprintf_r
                0x0601ae7c                vfprintf
                0x0601ae7c                vfiprintf
 .text          0x0601ae94      0x380 c:/development/saturn/joengine-master/joengine/compiler/windows/bin/../lib/gcc/sh-elf/9.3.0/../../../../sh-elf/lib\libc.a(lib_a-nano-vfprintf_i.o)
                0x0601ae94                _printf_common
                0x0601af94                _printf_i
 .text          0x0601b214      0x3b8 c:/development/saturn/joengine-master/joengine/compiler/windows/bin/../lib/gcc/sh-elf/9.3.0/../../../../sh-elf/lib\libc.a(lib_a-qsort.o)
                0x0601b2c0                qsort
 .text          0x0601b5cc       0x60 c:/development/saturn/joengine-master/joengine/compiler/windows/bin/../lib/gcc/sh-elf/9.3.0/../../../../sh-elf/lib\libc.a(lib_a-rget.o)
                0x0601b5cc                __srget_r
                0x0601b618                __srget
 .text          0x0601b62c       0x8c c:/development/saturn/joengine-master/joengine/compiler/windows/bin/../lib/gcc/sh-elf/9.3.0/../../../../sh-elf/lib\libc.a(lib_a-sprintf.o)
                0x0601b62c                _siprintf_r
                0x0601b62c                _sprintf_r
                0x0601b66c                siprintf
                0x0601b66c                sprintf
 .text          0x0601b6b8       0xd0 c:/development/saturn/joengine-master/joengine/compiler/windows/bin/../lib/gcc/sh-elf/9.3.0/../../../../sh-elf/lib\libc.a(lib_a-sscanf.o)
                0x0601b6b8                sscanf
                0x0601b6b8                siscanf
                0x0601b720                _siscanf_r
                0x0601b720                _sscanf_r
 .text          0x0601b788       0xe0 c:/development/saturn/joengine-master/joengine/compiler/windows/bin/../lib/gcc/sh-elf/9.3.0/../../../../sh-elf/lib\libc.a(lib_a-stdio.o)
                0x0601b788                __sread
                0x0601b7c4                __seofread
                0x0601b7c8                __swrite
                0x0601b818                __sseek
                0x0601b858                __sclose
 .text          0x0601b868       0x20 c:/development/saturn/joengine-master/joengine/compiler/windows/bin/../lib/gcc/sh-elf/9.3.0/../../../../sh-elf/lib\libc.a(lib_a-strcat.o)
                0x0601b868                strcat
 .text          0x0601b888       0x1e c:/development/saturn/joengine-master/joengine/compiler/windows/bin/../lib/gcc/sh-elf/9.3.0/../../../../sh-elf/lib\libc.a(lib_a-strchr.o)
                0x0601b888                strchr
 *fill*         0x0601b8a6        0x2 
 .text          0x0601b8a8       0x38 c:/development/saturn/joengine-master/joengine/compiler/windows/bin/../lib/gcc/sh-elf/9.3.0/../../../../sh-elf/lib\libc.a(lib_a-strcmp.o)
                0x0601b8a8                strcmp
 .text          0x0601b8e0       0x3c c:/development/saturn/joengine-master/joengine/compiler/windows/bin/../lib/gcc/sh-elf/9.3.0/../../../../sh-elf/lib\libc.a(lib_a-strcpy.o)
                0x0601b8e0                strcpy
 .text          0x0601b91c       0x20 c:/development/saturn/joengine-master/joengine/compiler/windows/bin/../lib/gcc/sh-elf/9.3.0/../../../../sh-elf/lib\libc.a(lib_a-strlen.o)
                0x0601b91c                strlen
 .text          0x0601b93c       0x2a c:/development/saturn/joengine-master/joengine/compiler/windows/bin/../lib/gcc/sh-elf/9.3.0/../../../../sh-elf/lib\libc.a(lib_a-strncmp.o)
                0x0601b93c                strncmp
 .text          0x0601b966       0x36 c:/development/saturn/joengine-master/joengine/compiler/windows/bin/../lib/gcc/sh-elf/9.3.0/../../../../sh-elf/lib\libc.a(lib_a-strncpy.o)
                0x0601b966                strncpy
 .text          0x0601b99c       0x40 c:/development/saturn/joengine-master/joengine/compiler/windows/bin/../lib/gcc/sh-elf/9.3.0/../../../../sh-elf/lib\libc.a(lib_a-strrchr.o)
                0x0601b99c                strrchr
 .text          0x0601b9dc       0x36 c:/development/saturn/joengine-master/joengine/compiler/windows/bin/../lib/gcc/sh-elf/9.3.0/../../../../sh-elf/lib\libc.a(lib_a-strstr.o)
                0x0601b9dc                strstr
 *fill*         0x0601ba12        0x2 
 .text          0x0601ba14       0x94 c:/development/saturn/joengine-master/joengine/compiler/windows/bin/../lib/gcc/sh-elf/9.3.0/../../../../sh-elf/lib\libc.a(lib_a-vsnprintf.o)
                0x0601ba14                _vsniprintf_r
                0x0601ba14                _vsnprintf_r
                0x0601ba84                vsnprintf
                0x0601ba84                vsniprintf
 .text          0x0601baa8       0xdc c:/development/saturn/joengine-master/joengine/compiler/windows/bin/../lib/gcc/sh-elf/9.3.0/../../../../sh-elf/lib\libc.a(lib_a-wbuf.o)
                0x0601baa8                __swbuf_r
                0x0601bb70                __swbuf
 .text          0x0601bb84       0x34 c:/development/saturn/joengine-master/joengine/compiler/windows/bin/../lib/gcc/sh-elf/9.3.0/../../../../sh-elf/lib\libc.a(lib_a-writer.o)
                0x0601bb84                _write_r
 .text          0x0601bbb8       0xcc c:/development/saturn/joengine-master/joengine/compiler/windows/bin/../lib/gcc/sh-elf/9.3.0/../../../../sh-elf/lib\libc.a(lib_a-wsetup.o)
                0x0601bbb8                __swsetup_r
 .text          0x0601bc84       0x18 c:/development/saturn/joengine-master/joengine/compiler/windows/bin/../lib/gcc/sh-elf/9.3.0/../../../../sh-elf/lib\libc.a(lib_a-abort.o)
                0x0601bc84                abort
 .text          0x0601bc9c       0x30 c:/development/saturn/joengine-master/joengine/compiler/windows/bin/../lib/gcc/sh-elf/9.3.0/../../../../sh-elf/lib\libc.a(lib_a-closer.o)
                0x0601bc9c                _close_r
 .text          0x0601bccc      0x1a4 c:/development/saturn/joengine-master/joengine/compiler/windows/bin/../lib/gcc/sh-elf/9.3.0/../../../../sh-elf/lib\libc.a(lib_a-fflush.o)
                0x0601bccc                __sflush_r
                0x0601be08                _fflush_r
                0x0601be48                fflush
 .text          0x0601be70      0x1d0 c:/development/saturn/joengine-master/joengine/compiler/windows/bin/../lib/gcc/sh-elf/9.3.0/../../../../sh-elf/lib\libc.a(lib_a-findfp.o)
                0x0601bec8                _cleanup_r
                0x0601bed8                __sfmoreglue
                0x0601bf24                _cleanup
                0x0601bf38                __sinit
                0x0601bf8c                __sfp
 .text          0x0601c040      0x118 c:/development/saturn/joengine-master/joengine/compiler/windows/bin/../lib/gcc/sh-elf/9.3.0/../../../../sh-elf/lib\libc.a(lib_a-fputwc.o)
                0x0601c040                __fputwc
                0x0601c0f4                _fputwc_r
                0x0601c118                fputwc
 .text          0x0601c158      0x304 c:/development/saturn/joengine-master/joengine/compiler/windows/bin/../lib/gcc/sh-elf/9.3.0/../../../../sh-elf/lib\libc.a(lib_a-fvwrite.o)
                0x0601c158                __sfvwrite_r
 .text          0x0601c45c       0xb0 c:/development/saturn/joengine-master/joengine/compiler/windows/bin/../lib/gcc/sh-elf/9.3.0/../../../../sh-elf/lib\libc.a(lib_a-fwalk.o)
                0x0601c45c                _fwalk
                0x0601c4b0                _fwalk_reent
 .text          0x0601c50c       0x6c c:/development/saturn/joengine-master/joengine/compiler/windows/bin/../lib/gcc/sh-elf/9.3.0/../../../../sh-elf/lib\libc.a(lib_a-locale.o)
                0x0601c50c                _setlocale_r
                0x0601c558                __locale_mb_cur_max
                0x0601c564                setlocale
 .text          0x0601c578       0x34 c:/development/saturn/joengine-master/joengine/compiler/windows/bin/../lib/gcc/sh-elf/9.3.0/../../../../sh-elf/lib\libc.a(lib_a-lseekr.o)
                0x0601c578                _lseek_r
 .text          0x0601c5ac      0x108 c:/development/saturn/joengine-master/joengine/compiler/windows/bin/../lib/gcc/sh-elf/9.3.0/../../../../sh-elf/lib\libc.a(lib_a-makebuf.o)
                0x0601c5ac                __swhatbuf_r
                0x0601c608                __smakebuf_r
 .text          0x0601c6b4       0x34 c:/development/saturn/joengine-master/joengine/compiler/windows/bin/../lib/gcc/sh-elf/9.3.0/../../../../sh-elf/lib\libc.a(lib_a-mbtowc_r.o)
                0x0601c6b4                _mbtowc_r
                0x0601c6c0                __ascii_mbtowc
 .text          0x0601c6e8       0x1c c:/development/saturn/joengine-master/joengine/compiler/windows/bin/../lib/gcc/sh-elf/9.3.0/../../../../sh-elf/lib\libc.a(lib_a-memchr.o)
                0x0601c6e8                memchr
 .text          0x0601c704       0x3c c:/development/saturn/joengine-master/joengine/compiler/windows/bin/../lib/gcc/sh-elf/9.3.0/../../../../sh-elf/lib\libc.a(lib_a-memmove.o)
                0x0601c704                memmove
 .text          0x0601c740       0xd0 c:/development/saturn/joengine-master/joengine/compiler/windows/bin/../lib/gcc/sh-elf/9.3.0/../../../../sh-elf/lib\libc.a(lib_a-nano-freer.o)
                0x0601c740                _free_r
 .text          0x0601c810       0xf8 c:/development/saturn/joengine-master/joengine/compiler/windows/bin/../lib/gcc/sh-elf/9.3.0/../../../../sh-elf/lib\libc.a(lib_a-nano-mallocr.o)
                0x0601c810                _malloc_r
 .text          0x0601c908       0x7c c:/development/saturn/joengine-master/joengine/compiler/windows/bin/../lib/gcc/sh-elf/9.3.0/../../../../sh-elf/lib\libc.a(lib_a-nano-reallocr.o)
                0x0601c908                _realloc_r
 .text          0x0601c984      0x444 c:/development/saturn/joengine-master/joengine/compiler/windows/bin/../lib/gcc/sh-elf/9.3.0/../../../../sh-elf/lib\libc.a(lib_a-nano-svfprintf.o)
                0x0601c984                __ssputs_r
                0x0601ca78                __ssprint_r
                0x0601cbac                _svfprintf_r
                0x0601cbac                _svfiprintf_r
 .text          0x0601cdc8      0x3f8 c:/development/saturn/joengine-master/joengine/compiler/windows/bin/../lib/gcc/sh-elf/9.3.0/../../../../sh-elf/lib\libc.a(lib_a-nano-svfscanf.o)
                0x0601cdc8                _sungetc_r
                0x0601ce64                __ssrefill_r
                0x0601ceb0                __ssvfiscanf_r
                0x0601ceb0                __ssvfscanf_r
 .text          0x0601d1c0      0x324 c:/development/saturn/joengine-master/joengine/compiler/windows/bin/../lib/gcc/sh-elf/9.3.0/../../../../sh-elf/lib\libc.a(lib_a-nano-vfscanf_i.o)
                0x0601d1c0                _scanf_chars
                0x0601d2a0                _scanf_i
 .text          0x0601d4e4       0x34 c:/development/saturn/joengine-master/joengine/compiler/windows/bin/../lib/gcc/sh-elf/9.3.0/../../../../sh-elf/lib\libc.a(lib_a-readr.o)
                0x0601d4e4                _read_r
 .text          0x0601d518      0x100 c:/development/saturn/joengine-master/joengine/compiler/windows/bin/../lib/gcc/sh-elf/9.3.0/../../../../sh-elf/lib\libc.a(lib_a-reent.o)
                0x0601d518                cleanup_glue
                0x0601d544                _reclaim_reent
 .text          0x0601d618      0x150 c:/development/saturn/joengine-master/joengine/compiler/windows/bin/../lib/gcc/sh-elf/9.3.0/../../../../sh-elf/lib\libc.a(lib_a-refill.o)
                0x0601d630                __srefill_r
 .text          0x0601d768       0x30 c:/development/saturn/joengine-master/joengine/compiler/windows/bin/../lib/gcc/sh-elf/9.3.0/../../../../sh-elf/lib\libc.a(lib_a-sbrkr.o)
                0x0601d768                _sbrk_r
 .text          0x0601d798       0xa0 c:/development/saturn/joengine-master/joengine/compiler/windows/bin/../lib/gcc/sh-elf/9.3.0/../../../../sh-elf/lib\libc.a(lib_a-sccl.o)
                0x0601d798                __sccl
 .text          0x0601d838      0x1b4 c:/development/saturn/joengine-master/joengine/compiler/windows/bin/../lib/gcc/sh-elf/9.3.0/../../../../sh-elf/lib\libc.a(lib_a-signal.o)
                0x0601d838                _init_signal_r
                0x0601d878                _signal_r
                0x0601d8c4                _raise_r
                0x0601d93c                __sigtramp_r
                0x0601d9a0                raise
                0x0601d9b4                signal
                0x0601d9c8                _init_signal
                0x0601d9d8                __sigtramp
 .text          0x0601d9ec       0x40 c:/development/saturn/joengine-master/joengine/compiler/windows/bin/../lib/gcc/sh-elf/9.3.0/../../../../sh-elf/lib\libc.a(lib_a-signalr.o)
                0x0601d9ec                _kill_r
                0x0601da20                _getpid_r
 .text          0x0601da2c      0x19c c:/development/saturn/joengine-master/joengine/compiler/windows/bin/../lib/gcc/sh-elf/9.3.0/../../../../sh-elf/lib\libc.a(lib_a-strtol.o)
                0x0601db8c                _strtol_r
                0x0601db98                strtol_l
                0x0601dbb0                strtol
 .text          0x0601dbc8      0x16c c:/development/saturn/joengine-master/joengine/compiler/windows/bin/../lib/gcc/sh-elf/9.3.0/../../../../sh-elf/lib\libc.a(lib_a-strtoul.o)
                0x0601dcf8                _strtoul_r
                0x0601dd04                strtoul_l
                0x0601dd1c                strtoul
 .text          0x0601dd34      0x25c c:/development/saturn/joengine-master/joengine/compiler/windows/bin/../lib/gcc/sh-elf/9.3.0/../../../../sh-elf/lib\libc.a(lib_a-syscalls.o)
                0x0601ddac                _read
                0x0601ddbc                _lseek
                0x0601ddcc                _write
                0x0601dddc                _close
                0x0601ddec                _link
                0x0601ddf0                _sbrk
                0x0601de48                _fstat
                0x0601de52                _open
                0x0601de64                _creat
                0x0601de74                _unlink
                0x0601de78                isatty
                0x0601de7c                _isatty
                0x0601de80                _exit
                0x0601de90                _kill
                0x0601dea4                _getpid
                0x0601dea8                _raise
                0x0601deac                _stat
                0x0601debc                _chmod
                0x0601decc                _chown
                0x0601dedc                _utime
                0x0601def0                _fork
                0x0601defc                _wait
                0x0601df0c                _execve
                0x0601df1c                _execv
                0x0601df2c                _pipe
                0x0601df38                _times
                0x0601df3c                _gettimeofday
                0x0601df64                __setup_argv_and_call_main
 .text          0x0601df90       0x14 c:/development/saturn/joengine-master/joengine/compiler/windows/bin/../lib/gcc/sh-elf/9.3.0/../../../../sh-elf/lib\libc.a(lib_a-trap.o)
                0x0601df90                __trap34
 .text          0x0601dfa4      0x1b0 c:/development/saturn/joengine-master/joengine/compiler/windows/bin/../lib/gcc/sh-elf/9.3.0/../../../../sh-elf/lib\libc.a(lib_a-ungetc.o)
                0x0601dfa4                __submore
                0x0601e034                _ungetc_r
                0x0601e140                ungetc
 .text          0x0601e154       0x50 c:/development/saturn/joengine-master/joengine/compiler/windows/bin/../lib/gcc/sh-elf/9.3.0/../../../../sh-elf/lib\libc.a(lib_a-wcrtomb.o)
                0x0601e154                _wcrtomb_r
                0x0601e18c                wcrtomb
 .text          0x0601e1a4       0x2c c:/development/saturn/joengine-master/joengine/compiler/windows/bin/../lib/gcc/sh-elf/9.3.0/../../../../sh-elf/lib\libc.a(lib_a-wctomb_r.o)
                0x0601e1a4                _wctomb_r
                0x0601e1b0                __ascii_wctomb
 .text          0x0601e1d0        0x0 c:/development/saturn/joengine-master/joengine/compiler/windows/bin/../lib/gcc/sh-elf/9.3.0/../../../../sh-elf/lib\libc.a(lib_a-ctype_.o)
 .text          0x0601e1d0        0xc c:/development/saturn/joengine-master/joengine/compiler/windows/bin/../lib/gcc/sh-elf/9.3.0/../../../../sh-elf/lib\libc.a(lib_a-errno.o)
                0x0601e1d0                __errno
 .text          0x0601e1dc       0x34 c:/development/saturn/joengine-master/joengine/compiler/windows/bin/../lib/gcc/sh-elf/9.3.0/../../../../sh-elf/lib\libc.a(lib_a-fstatr.o)
                0x0601e1dc                _fstat_r
 .text          0x0601e210       0x30 c:/development/saturn/joengine-master/joengine/compiler/windows/bin/../lib/gcc/sh-elf/9.3.0/../../../../sh-elf/lib\libc.a(lib_a-isattyr.o)
                0x0601e210                _isatty_r
 .text          0x0601e240        0x8 c:/development/saturn/joengine-master/joengine/compiler/windows/bin/../lib/gcc/sh-elf/9.3.0/../../../../sh-elf/lib\libc.a(lib_a-mlock.o)
                0x0601e240                __malloc_lock
                0x0601e244                __malloc_unlock
 .text          0x0601e248       0x16 c:/development/saturn/joengine-master/joengine/compiler/windows/bin/../lib/gcc/sh-elf/9.3.0/../../../../sh-elf/lib\libc.a(lib_a-nano-msizer.o)
                0x0601e248                _malloc_usable_size_r
 *(.strings)
 *(SEGA_P)
 *(.eh_frame_hdr)
 *(.eh_frame)
                0x0601e25e                __etext = .

.text.startup   0x0601e260       0x40
 .text.startup  0x0601e260       0x40 ../../jo_engine/core.o
                0x0601e260                main

SLPROG          0x0601e2a0    0x10f60
                0x0601e2a0                __slprog_start = .
 *(SLPROG)
 SLPROG         0x0601e2a0     0x6540 ../../Compiler/COMMON/SGL_302j/LIB_ELF/SGLAREA.O
                0x0601e2a0                MasterStack
                0x0601e2a4                SlaveStack
                0x0601e2a8                MaxVertices
                0x0601e2aa                MaxPolygons
                0x0601e2ac                SortList
                0x0601e2b0                SortListSize
                0x0601e2b4                TransList
                0x0601e2b8                Zbuffer
                0x0601e2bc                SpriteBuf
                0x0601e2c0                SpriteBufSize
                0x0601e2c4                Pbuffer
                0x0601e2c8                CommandBuf
                0x0601e2cc                CLOfstBuf
                0x0601e2d0                PCM_Work
                0x0601e2d4                PCM_WkSize
                0x0601e2d8                MaxEvents
                0x0601e2da                EventSize
                0x0601e2dc                MaxWorks
                0x0601e2de                WorkSize
                0x0601e2e0                RemainEvent
                0x0601e3e0                RemainWork
                0x0601e7e0                EventBuf
                0x060207e0                WorkBuf
 SLPROG         0x060247e0       0x20 ../../Compiler/COMMON/SGL_302j/LIB_ELF/LIBSGL.A(sglB001.o)
                0x060247e0                slTVOn
                0x060247ea                slTVOff
 SLPROG         0x06024800       0x24 ../../Compiler/COMMON/SGL_302j/LIB_ELF/LIBSGL.A(sglB011.o)
                0x06024800                slBitMapNbg1
 *fill*         0x06024824        0xc 
 SLPROG         0x06024830        0x8 ../../Compiler/COMMON/SGL_302j/LIB_ELF/LIBSGL.A(sglB014.o)
                0x06024830                slScrTransparent
 *fill*         0x06024838        0x8 
 SLPROG         0x06024840      0x40c ../../Compiler/COMMON/SGL_302j/LIB_ELF/LIBSGL.A(sglB015.o)
                0x06024840                slScrAutoDisp
 *fill*         0x06024c4c        0x4 
 SLPROG         0x06024c50        0xc ../../Compiler/COMMON/SGL_302j/LIB_ELF/LIBSGL.A(sglB016.o)
                0x06024c50                slBack1ColSet
 *fill*         0x06024c5c        0x4 
 SLPROG         0x06024c60       0x10 ../../Compiler/COMMON/SGL_302j/LIB_ELF/LIBSGL.A(sglB020.o)
                0x06024c60                slColorCalc
 SLPROG         0x06024c70        0xc ../../Compiler/COMMON/SGL_302j/LIB_ELF/LIBSGL.A(sglB021.o)
                0x06024c70                slColorCalcOn
 *fill*         0x06024c7c        0x4 
 SLPROG         0x06024c80        0xc ../../Compiler/COMMON/SGL_302j/LIB_ELF/LIBSGL.A(sglB023.o)
                0x06024c80                slColRate
 *fill*         0x06024c8c        0x4 
 SLPROG         0x06024c90       0xb0 ../../Compiler/COMMON/SGL_302j/LIB_ELF/LIBSGL.A(sglB031.o)
                0x06024c90                slMapNbg0
 SLPROG         0x06024d40       0xb4 ../../Compiler/COMMON/SGL_302j/LIB_ELF/LIBSGL.A(sglB032.o)
                0x06024d40                slMapNbg1
 *fill*         0x06024df4        0xc 
 SLPROG         0x06024e00       0xb0 ../../Compiler/COMMON/SGL_302j/LIB_ELF/LIBSGL.A(sglB033.o)
                0x06024e00                slMapNbg2
 SLPROG         0x06024eb0       0xb4 ../../Compiler/COMMON/SGL_302j/LIB_ELF/LIBSGL.A(sglB034.o)
                0x06024eb0                slMapNbg3
 *fill*         0x06024f64        0xc 
 SLPROG         0x06024f70       0xd4 ../../Compiler/COMMON/SGL_302j/LIB_ELF/LIBSGL.A(sglB035.o)
                0x06024f70                sl1MapRA
                0x06025002                rbank_set
 *fill*         0x06025044        0xc 
 SLPROG         0x06025050       0xa0 ../../Compiler/COMMON/SGL_302j/LIB_ELF/LIBSGL.A(sglB036.o)
                0x06025050                sl1MapRB
 SLPROG         0x060250f0       0x70 ../../Compiler/COMMON/SGL_302j/LIB_ELF/LIBSGL.A(sglB038.o)
                0x060250f0                slRparaInitSet
 SLPROG         0x06025160       0x7e ../../Compiler/COMMON/SGL_302j/LIB_ELF/LIBSGL.A(sglB039.o)
                0x06025160                slMakeKtable
 *fill*         0x060251de        0x2 
 SLPROG         0x060251e0       0x58 ../../Compiler/COMMON/SGL_302j/LIB_ELF/LIBSGL.A(sglB040.o)
                0x060251e0                slKtableRA
 *fill*         0x06025238        0x8 
 SLPROG         0x06025240       0x5c ../../Compiler/COMMON/SGL_302j/LIB_ELF/LIBSGL.A(sglB041.o)
                0x06025240                slKtableRB
 *fill*         0x0602529c        0x4 
 SLPROG         0x060252a0        0x8 ../../Compiler/COMMON/SGL_302j/LIB_ELF/LIBSGL.A(sglB043.o)
                0x060252a0                slRparaMode
 *fill*         0x060252a8        0x8 
 SLPROG         0x060252b0        0xc ../../Compiler/COMMON/SGL_302j/LIB_ELF/LIBSGL.A(sglB047.o)
                0x060252b0                slOverRA
 *fill*         0x060252bc        0x4 
 SLPROG         0x060252c0       0x10 ../../Compiler/COMMON/SGL_302j/LIB_ELF/LIBSGL.A(sglB048.o)
                0x060252c0                slOverRB
 SLPROG         0x060252d0        0xc ../../Compiler/COMMON/SGL_302j/LIB_ELF/LIBSGL.A(sglB055.o)
                0x060252d0                slPlaneNbg0
 *fill*         0x060252dc        0x4 
 SLPROG         0x060252e0        0xc ../../Compiler/COMMON/SGL_302j/LIB_ELF/LIBSGL.A(sglB056.o)
                0x060252e0                slPlaneNbg1
 *fill*         0x060252ec        0x4 
 SLPROG         0x060252f0       0x10 ../../Compiler/COMMON/SGL_302j/LIB_ELF/LIBSGL.A(sglB057.o)
                0x060252f0                slPlaneNbg2
 SLPROG         0x06025300       0x10 ../../Compiler/COMMON/SGL_302j/LIB_ELF/LIBSGL.A(sglB058.o)
                0x06025300                slPlaneNbg3
 SLPROG         0x06025310        0xc ../../Compiler/COMMON/SGL_302j/LIB_ELF/LIBSGL.A(sglB059.o)
                0x06025310                slPlaneRA
 *fill*         0x0602531c        0x4 
 SLPROG         0x06025320       0x10 ../../Compiler/COMMON/SGL_302j/LIB_ELF/LIBSGL.A(sglB060.o)
                0x06025320                slPlaneRB
 SLPROG         0x06025330        0xc ../../Compiler/COMMON/SGL_302j/LIB_ELF/LIBSGL.A(sglB063.o)
                0x06025330                slPriority
 *fill*         0x0602533c        0x4 
 SLPROG         0x06025340       0x18 ../../Compiler/COMMON/SGL_302j/LIB_ELF/LIBSGL.A(sglB087.o)
                0x06025340                slLineScrollTable0
 *fill*         0x06025358        0x8 
 SLPROG         0x06025360        0x8 ../../Compiler/COMMON/SGL_302j/LIB_ELF/LIBSGL.A(sglB088.o)
                0x06025360                slLineScrollTable1
 *fill*         0x06025368        0x8 
 SLPROG         0x06025370        0xc ../../Compiler/COMMON/SGL_302j/LIB_ELF/LIBSGL.A(sglB090.o)
                0x06025370                slLineScrollMode
 *fill*         0x0602537c        0x4 
 SLPROG         0x06025380      0x114 ../../Compiler/COMMON/SGL_302j/LIB_ELF/LIBSGL.A(sglB200.o)
                0x06025380                slCharRbg0
                0x0602538c                slCharNbg0
                0x06025398                slCharNbg1
                0x060253a4                slCharNbg2
                0x060253ba                slCharNbg3
                0x060253d2                slPageRbg0
                0x060253e8                slPageNbg1
                0x060253f0                slPageNbg2
                0x060253f8                slPageNbg3
                0x06025404                slPageNbg0
 *fill*         0x06025494        0xc 
 SLPROG         0x060254a0       0x78 ../../Compiler/COMMON/SGL_302j/LIB_ELF/LIBSGL.A(sglC05.o)
                0x060254a0                slSetSprite
 *fill*         0x06025518        0x8 
 SLPROG         0x06025520       0xfa ../../Compiler/COMMON/SGL_302j/LIB_ELF/LIBSGL.A(sglC06.o)
                0x06025520                slDispSprite
 *fill*         0x0602561a        0x6 
 SLPROG         0x06025620      0x162 ../../Compiler/COMMON/SGL_302j/LIB_ELF/LIBSGL.A(sglC07.o)
                0x06025626                slPutSprite
 *fill*         0x06025782        0xe 
 SLPROG         0x06025790       0x4c ../../Compiler/COMMON/SGL_302j/LIB_ELF/LIBSGL.A(sglC17.o)
                0x06025790                slDispSpriteHV
 *fill*         0x060257dc        0x4 
 SLPROG         0x060257e0       0xd4 ../../Compiler/COMMON/SGL_302j/LIB_ELF/LIBSGL.A(sglC19.o)
                0x060257e0                slDispSprite4P
 *fill*         0x060258b4        0xc 
 SLPROG         0x060258c0       0x40 ../../Compiler/COMMON/SGL_302j/LIB_ELF/LIBSGL.A(sglC20.o)
                0x060258c0                SpriteEntry
 SLPROG         0x06025900      0x4ae ../../Compiler/COMMON/SGL_302j/LIB_ELF/LIBSGL.A(sglC21.o)
                0x06025988                RotSprite
                0x06025a16                SetSprPosition
 *fill*         0x06025dae        0x2 
 SLPROG         0x06025db0       0x84 ../../Compiler/COMMON/SGL_302j/LIB_ELF/LIBSGL.A(sglD00.o)
                0x06025db0                slCpuDMACopy
                0x06025db0                slDMACopy
                0x06025e0a                CSH_AllClr
                0x06025e0a                slCashPurge
 *fill*         0x06025e34        0xc 
 SLPROG         0x06025e40       0xa0 ../../Compiler/COMMON/SGL_302j/LIB_ELF/LIBSGL.A(sglD01.o)
                0x06025e40                slDMAXCopy
 SLPROG         0x06025ee0        0xc ../../Compiler/COMMON/SGL_302j/LIB_ELF/LIBSGL.A(sglD03.o)
                0x06025ee0                slDMAStatus
 *fill*         0x06025eec        0x4 
 SLPROG         0x06025ef0       0x20 ../../Compiler/COMMON/SGL_302j/LIB_ELF/LIBSGL.A(sglD15.o)
                0x06025ef0                CSH_Purge
 SLPROG         0x06025f10       0x84 ../../Compiler/COMMON/SGL_302j/LIB_ELF/LIBSGL.A(sglD16.o)
                0x06025f10                DMA_ScuSetPrm
                0x06025f58                DMA_SCU_PRM0
 *fill*         0x06025f94        0xc 
 SLPROG         0x06025fa0       0x88 ../../Compiler/COMMON/SGL_302j/LIB_ELF/LIBSGL.A(sglD17.o)
                0x06025fa0                DMA_ScuStart
 *fill*         0x06026028        0x8 
 SLPROG         0x06026030       0x34 ../../Compiler/COMMON/SGL_302j/LIB_ELF/LIBSGL.A(sglD18.o)
                0x06026030                DMA_ScuGetStatus
 *fill*         0x06026064        0xc 
 SLPROG         0x06026070       0x34 ../../Compiler/COMMON/SGL_302j/LIB_ELF/LIBSGL.A(sglF08.o)
                0x06026070                slDec2Hex
 *fill*         0x060260a4        0xc 
 SLPROG         0x060260b0      0xfc8 ../../Compiler/COMMON/SGL_302j/LIB_ELF/LIBSGL.A(sglH00.o)
                0x060260c8                slGetPortDir1
                0x060260d0                slGetPortDir2
                0x060260d8                slSetPortDir1
                0x06026102                slSetPortDir2
                0x0602613c                slGetPortData1
                0x06026144                slGetPortData2
                0x0602614c                slSetPortData1
                0x06026156                slSetPortData2
                0x06026168                slGetPortSelect1
                0x06026172                slGetPortSelect2
                0x0602617c                slSetPortSelect1
                0x060261b0                slSetPortSelect2
                0x060261ec                slGetPortExt1
                0x060261f6                slGetPortExt2
                0x06026200                slSetPortExt1
                0x06026230                slSetPortExt2
                0x060263a4                slSmpcDirectAccess
                0x06026424                slInitPeripheral
                0x060264b6                slSetResultBuffer
                0x06026542                slCheckIntBackSet
                0x0602654e                slIntBackCancel
                0x06026578                slCheckReset
                0x06026582                slClearReset
                0x06026748                slSmpcCashSend
                0x06026804                slSmpcCashBlow
                0x060268e0                slGetOptimize
                0x060268ea                slSetOptimize
                0x06026910                slGetPortMode1
                0x0602691c                slGetPortMode2
                0x0602692a                slSetPortMode1
                0x06026968                slSetPortMode2
                0x06026af4                slRequestCommand
                0x06026b64                Smpc_Status
                0x06026b68                Smpc_Result
                0x06026b6c                Smpc_Peripheral
                0x06026b72                Per_Connect1
                0x06026b73                Per_Connect2
                0x06026b94                SmpcStatusBuf
 *fill*         0x06027078        0x8 
 SLPROG         0x06027080       0xa8 ../../Compiler/COMMON/SGL_302j/LIB_ELF/LIBSGL.A(sglH01.o)
                0x06027080                slGetLanguage
                0x0602708a                slSetLanguage
                0x060270ac                slGetSoundEffect
                0x060270b8                slSetSoundEffect
                0x060270d4                slGetSoundOutput
                0x060270e0                slSetSoundOutput
                0x060270fc                slGetHelpWindow
                0x06027108                slSetHelpWindow
 *fill*         0x06027128        0x8 
 SLPROG         0x06027130      0x470 ../../Compiler/COMMON/SGL_302j/LIB_ELF/LIBSGL.A(sglH02.o)
                0x06027520                smpc_pfr_tbl
                0x06027560                smpc_ptf_tbl
 SLPROG         0x060275a0       0x60 ../../Compiler/COMMON/SGL_302j/LIB_ELF/LIBSGL.A(sglH04.o)
                0x060275a0                slComPrmIntBack
                0x060275b4                slComPrmSetMemory
                0x060275ca                slComPrmSetTime
 SLPROG         0x06027600      0x3a4 ../../Compiler/COMMON/SGL_302j/LIB_ELF/LIBSGL.A(sglI01.o)
                0x06027600                slInitSynch
                0x0602761a                slSynch
                0x06027710                slRandom
                0x0602772e                PCM_EndCheck
                0x060277ea                RetPCMBuf
                0x06027884                PCM_Buf
                0x06027924                Sound_Buf
 *fill*         0x060279a4        0xc 
 SLPROG         0x060279b0       0x10 ../../Compiler/COMMON/SGL_302j/LIB_ELF/LIBSGL.A(sglI04.o)
                0x060279b0                slIntFunction
 SLPROG         0x060279c0       0x74 ../../Compiler/COMMON/SGL_302j/LIB_ELF/LIBSGL.A(sglJ00.o)
                0x060279c0                InitSlaveSH
                0x06027a28                SlaveCommand
 *fill*         0x06027a34        0xc 
 SLPROG         0x06027a40      0x3d0 ../../Compiler/COMMON/SGL_302j/LIB_ELF/LIBSGL.A(sglJ01.o)
                0x06027a40                SlaveControl
                0x06027dfc                ErasePolygonData
 SLPROG         0x06027e10     0x12b8 ../../Compiler/COMMON/SGL_302j/LIB_ELF/LIBSGL.A(sglJ02.o)
                0x06027e10                sbMakePolygon
                0x06027ff8                sbCalcPolygon
                0x06028d30                SetTexture
                0x06028d3c                SetPolygon
                0x06028d44                SetPosition
                0x06028d7c                stvtc_4
                0x06028e34                stvtc_3
                0x06029044                stvtc_1
                0x06029058                stvtc_2
                0x0602906c                stvtc_0
 *fill*         0x060290c8        0x8 
 SLPROG         0x060290d0      0x140 ../../Compiler/COMMON/SGL_302j/LIB_ELF/LIBSGL.A(sglJ03.o)
                0x060290d0                sbMakeDMATable
 SLPROG         0x06029210      0x470 ../../Compiler/COMMON/SGL_302j/LIB_ELF/LIBSGL.A(sglJ04.o)
                0x0602926e                sbMakeSprite
                0x060292d4                sbMakeRotSprite
 SLPROG         0x06029680       0x3c ../../Compiler/COMMON/SGL_302j/LIB_ELF/LIBSGL.A(sglJ05.o)
                0x06029680                sbSortEntry
 *fill*         0x060296bc        0x4 
 SLPROG         0x060296c0       0x6a ../../Compiler/COMMON/SGL_302j/LIB_ELF/LIBSGL.A(sglM01.o)
                0x060296c0                slSetDepthLimit
                0x060296ec                slSetDepthTbl
                0x0602971c                DepthWorkArea
 *fill*         0x0602972a        0x6 
 SLPROG         0x06029730       0x20 ../../Compiler/COMMON/SGL_302j/LIB_ELF/LIBSGL.A(sglA00.o)
                0x06029730                set_imask
                0x06029730                _builtin_set_imask
                0x06029744                _builtin_get_imask
                0x06029744                get_imask
 SLPROG         0x06029750     0x411e ../../Compiler/COMMON/SGL_302j/LIB_ELF/LIBSGL.A(sglA01.o)
                0x06029750                slSin
                0x06029774                slCos
                0x06029798                GetSinCos
                0x0602982c                sin_cos_index_tbl
                0x0602986c                sin_tbl
 *fill*         0x0602d86e        0x2 
 SLPROG         0x0602d870      0x42c ../../Compiler/COMMON/SGL_302j/LIB_ELF/LIBSGL.A(sglA20.o)
                0x0602d870                slInitMatrix
                0x0602d87a                slPushUnitMatrix
                0x0602d88e                slUnitMatrix
 *fill*         0x0602dc9c        0x4 
 SLPROG         0x0602dca0      0xbd0 ../../Compiler/COMMON/SGL_302j/LIB_ELF/LIBSGL.A(sglB000.o)
                0x0602dca0                slInitScroll
                0x0602ddc0                setASC_1to8
                0x0602ddf0                setASC_4to8
                0x0602df00                TVSizeTbl
                0x0602df80                TVModeTbl
                0x0602e158                SGL_ASCII_CG
 SLPROG         0x0602e870      0x134 ../../Compiler/COMMON/SGL_302j/LIB_ELF/LIBSGL.A(sglC00.o)
                0x0602e870                slInitSprite
 *fill*         0x0602e9a4        0xc 
 SLPROG         0x0602e9b0      0x75c ../../Compiler/COMMON/SGL_302j/LIB_ELF/LIBSGL.A(sglI00.o)
                0x0602eca0                slInitInterrupt
 *fill*         0x0602f10c        0x4 
 SLPROG         0x0602f110       0xf0 ../../Compiler/COMMON/SGL_302j/LIB_ELF/LIBSGL.A(sglH03.o)
                0x0602f174                slSmpcIntBack
                0x0602f200                __slprog_end = .

.tors           0x0602f200        0x0
                0x0602f200                ___ctors = .
 *(.ctors)
                0x0602f200                ___ctors_end = .
                0x0602f200                ___dtors = .
 *(.dtors)
                0x0602f200                ___dtors_end = .

.data           0x0602f200      0x6d0
 *(.data)
 .data          0x0602f200        0x0 ../../Compiler/COMMON/SGL_302j/LIB_ELF/SGLAREA.O
 .data          0x0602f200        0x0 pad_controllers.o
 .data          0x0602f200        0x0 debug.o
 .data          0x0602f200        0x0 main.o
 .data          0x0602f200        0x0 font.o
 .data          0x0602f200        0x0 sprite_manager.o
 .data          0x0602f200       0x48 bios.o
 .data          0x0602f248        0x0 direntry.o
 .data          0x0602f248        0x4 satiator_functions.o
                0x0602f248                satiatorState
 .data          0x0602f24c        0x0 background.o
 .data          0x0602f24c        0x4 states/satiator_information.o
 .data          0x0602f250        0x0 states/menu_options.o
 .data          0x0602f250        0x4 states/splash.o
 .data          0x0602f254        0x4 states/menu.o
 .data          0x0602f258        0x5 states/gamelist.o
                0x0602f25c                truncatedList
 .data          0x0602f25d        0x0 states/bootscreen.o
 *fill*         0x0602f25d        0x3 